11-30 20:50:45.413  1947  1998 D DisplayManagerService: Ignore redundant display event 0/4 to 10274/30311
11-30 20:50:45.413  1947  1998 D DisplayManagerService: Ignore redundant display event 0/4 to 10110/30398
11-30 20:50:45.413  1947  1998 D DisplayManagerService: Ignore redundant display event 0/4 to 10153/30908
11-30 20:50:45.413  1947  1998 D DisplayManagerService: Ignore redundant display event 0/4 to 10419/31762
11-30 20:50:45.413  1947  1998 D DisplayManagerService: Ignore redundant display event 0/4 to 10422/32598
11-30 20:50:45.427  1947  2036 D DpcExtImpl[0]: onchange selfChange=false state=ON uri=content://settings/system/screen_brightness
11-30 20:50:45.429  1947  1998 D DisplayManagerService: Ignore redundant display event 0/4 to 10342/3927
11-30 20:50:45.429  1947  1998 D DisplayManagerService: Ignore redundant display event 0/4 to 10247/7720
11-30 20:50:45.429  1947  1998 D DisplayManagerService: Ignore redundant display event 0/4 to 10378/10164
11-30 20:50:45.429  1947  1998 D DisplayManagerService: Ignore redundant display event 0/4 to 10109/10439
11-30 20:50:45.429  1947  1998 D DisplayManagerService: Ignore redundant display event 0/4 to 10314/10466
11-30 20:50:45.429  1947  1998 D DisplayManagerService: Ignore redundant display event 0/4 to 10148/21894
11-30 20:50:45.429  1947  1998 D DisplayManagerService: Ignore redundant display event 0/4 to 10318/22353
11-30 20:50:45.429  1947  1998 D DisplayManagerService: Ignore redundant display event 0/4 to 10350/29404
11-30 20:50:45.429  1947  1998 D DisplayManagerService: Ignore redundant display event 0/4 to 10274/30311
11-30 20:50:45.429  1947  1998 D DisplayManagerService: Ignore redundant display event 0/4 to 10110/30398
11-30 20:50:45.429  1947  1998 D DisplayManagerService: Ignore redundant display event 0/4 to 10153/30908
11-30 20:50:45.429  1947  1998 D DisplayManagerService: Ignore redundant display event 0/4 to 10419/31762
11-30 20:50:45.430  1947  1998 D DisplayManagerService: Ignore redundant display event 0/4 to 10422/32598
11-30 20:50:45.446  1947  2036 D DpcExtImpl[0]: onchange selfChange=false state=ON uri=content://settings/system/screen_brightness
11-30 20:50:45.448  1947  1998 D DisplayManagerService: Ignore redundant display event 0/4 to 10342/3927
11-30 20:50:45.448  1947  1998 D DisplayManagerService: Ignore redundant display event 0/4 to 10247/7720
11-30 20:50:45.448  1947  1998 D DisplayManagerService: Ignore redundant display event 0/4 to 10378/10164
11-30 20:50:45.449  1947  1998 D DisplayManagerService: Ignore redundant display event 0/4 to 10109/10439
11-30 20:50:45.449  1947  1998 D DisplayManagerService: Ignore redundant display event 0/4 to 10314/10466
11-30 20:50:45.449  1947  1998 D DisplayManagerService: Ignore redundant display event 0/4 to 10148/21894
11-30 20:50:45.449  1947  1998 D DisplayManagerService: Ignore redundant display event 0/4 to 10318/22353
11-30 20:50:45.449  1947  1998 D DisplayManagerService: Ignore redundant display event 0/4 to 10350/29404
11-30 20:50:45.449  1947  1998 D DisplayManagerService: Ignore redundant display event 0/4 to 10274/30311
11-30 20:50:45.449  1947  1998 D DisplayManagerService: Ignore redundant display event 0/4 to 10110/30398
11-30 20:50:45.449  1947  1998 D DisplayManagerService: Ignore redundant display event 0/4 to 10153/30908
11-30 20:50:45.449  1947  1998 D DisplayManagerService: Ignore redundant display event 0/4 to 10419/31762
11-30 20:50:45.449  1947  1998 D DisplayManagerService: Ignore redundant display event 0/4 to 10422/32598
11-30 20:50:45.487  1947  2038 I OplusSmartBrightnessController: handleMessage MSG_SET_SETTINGS_MIN_BRI_PREVIEW false
11-30 20:50:45.487  1947  2036 D OplusFeatureHDREnhanceBrightness: setAnimating : displayId[0]=false
11-30 20:50:45.488  1947  2036 D OplusFeatureReduceBrightness: setAnimating : animating = false
11-30 20:50:45.488  1947  2036 D OplusFeatureEdrEnhanceBrightness: setAnimating: false
11-30 20:50:45.488  1947  2036 D OplusFeaturePwEdrEnhanceBrightness: setAnimating: false
11-30 20:50:45.488  1947  2036 D RampAnimatorExtImpl: onAnimationEnd 2237.0->17.0:936
11-30 20:50:45.493  1947  2036 D DpcExtImpl[0]: onchange selfChange=false state=ON uri=content://settings/system/screen_brightness
11-30 20:50:45.498  1947  1998 D DisplayManagerService: Ignore redundant display event 0/4 to 10342/3927
11-30 20:50:45.498  1947  1998 D DisplayManagerService: Ignore redundant display event 0/4 to 10247/7720
11-30 20:50:45.498  1947  1998 D DisplayManagerService: Ignore redundant display event 0/4 to 10378/10164
11-30 20:50:45.498  1947  1998 D DisplayManagerService: Ignore redundant display event 0/4 to 10109/10439
11-30 20:50:45.498  1947  1998 D DisplayManagerService: Ignore redundant display event 0/4 to 10314/10466
11-30 20:50:45.498  1947  1998 D DisplayManagerService: Ignore redundant display event 0/4 to 10148/21894
11-30 20:50:45.498  1947  1998 D DisplayManagerService: Ignore redundant display event 0/4 to 10318/22353
11-30 20:50:45.498  1947  1998 D DisplayManagerService: Ignore redundant display event 0/4 to 10350/29404
11-30 20:50:45.499  1947  1998 D DisplayManagerService: Ignore redundant display event 0/4 to 10274/30311
11-30 20:50:45.499  1947  1998 D DisplayManagerService: Ignore redundant display event 0/4 to 10110/30398
11-30 20:50:45.499  1947  1998 D DisplayManagerService: Ignore redundant display event 0/4 to 10153/30908
11-30 20:50:45.499  1947  1998 D DisplayManagerService: Ignore redundant display event 0/4 to 10419/31762
11-30 20:50:45.499  1947  1998 D DisplayManagerService: Ignore redundant display event 0/4 to 10422/32598
11-30 20:50:45.500  1947  2036 D DpcExtImpl[0]: onchange selfChange=false state=ON uri=content://settings/system/screen_brightness
11-30 20:50:45.502  1947  2036 D DpcExtImpl[0]: onchange selfChange=false state=ON uri=content://settings/system/screen_brightness
11-30 20:50:46.660  1947  2171 D PowerManagerService: userActivityNoUpdateLocked: groupId=0, eventTime=232656139, event=touch, flags=0x0, uid=1000
11-30 20:50:46.662  1947  2171 D DisplayPowerController[0]: requestPowerState: policy=BRIGHT, useProximitySensor=false, screenBrightnessOverride=-1.0, useAutoBrightness=false, screenAutoBrightnessAdjustmentOverride=NaN, screenLowPowerBrightnessFactor=1.0, blockScreenOn=false, lowPowerMode=false, boostScreenBrightness=false, dozeScreenBrightness=NaN, dozeScreenState=UNKNOWN, waitForNegativeProximity=false displayReady=false pendingRequest=true
11-30 20:50:46.663  1947  2036 I OplusSmartBrightnessController: handleBrightnessTotalRateType displayId[0]=dim->automatic
11-30 20:50:46.663  1947  2171 D DisplayManagerServiceExtImpl: request size(1,1),dpc=com.android.server.display.DisplayPowerController@458dd8 size(0,1),flags=0X200F,id(0,0,local:4627039422300187648),enable=true,ready=false,waitForNegativeProximity=false policy=BRIGHT,useProximitySensor=false,dozeState=UNKNOWN,screenBrightnessOverride=-1.000000,useAuto=false,lowPower=false,lowPowerFactor=1.000000
11-30 20:50:46.663  1947  2036 D OplusFeatureHDREnhanceBrightness: setAnimating : displayId[0]=true
11-30 20:50:46.663  1947  2036 D OplusFeatureReduceBrightness: setAnimating : animating = true
11-30 20:50:46.663  1947  2036 D OplusFeatureEdrEnhanceBrightness: setAnimating: true
11-30 20:50:46.663  1947  2036 D OplusFeaturePwEdrEnhanceBrightness: setAnimating: true
11-30 20:50:46.665  1947  2036 D DpcExtImpl[0]: Animating brightness: target=17->2237,rate=120->2400,type=automatic,byUse=false local:4627039422300187648
11-30 20:50:46.665  1947  2036 D DpcExtImpl[0]: RECORD:onUpdatePowerState policy:3 state:2 brightness:2237
11-30 20:50:46.666  1947  2036 D DisplayPowerController[0]: updatePowerStateInternal policy:DIM->BRIGHT,state:ON->ON policy=BRIGHT, useProximitySensor=false, screenBrightnessOverride=-1.0, useAutoBrightness=false, screenAutoBrightnessAdjustmentOverride=NaN, screenLowPowerBrightnessFactor=1.0, blockScreenOn=false, lowPowerMode=false, boostScreenBrightness=false, dozeScreenBrightness=NaN, dozeScreenState=UNKNOWN
11-30 20:50:46.687  1947  2036 D DpcExtImpl[0]: onchange selfChange=false state=ON uri=content://settings/system/screen_brightness
11-30 20:50:46.688  1947  2036 D DpcExtImpl[0]: Animating brightness: target=2237->2237,rate=2400->120,type=automatic,byUse=false local:4627039422300187648
11-30 20:50:46.690  1947  1998 D DisplayManagerService: Ignore redundant display event 0/4 to 10342/3927
11-30 20:50:46.690  1947  1998 D DisplayManagerService: Ignore redundant display event 0/4 to 10247/7720
11-30 20:50:46.690  1947  1998 D DisplayManagerService: Ignore redundant display event 0/4 to 10378/10164
11-30 20:50:46.690  1947  1998 D DisplayManagerService: Ignore redundant display event 0/4 to 10109/10439
11-30 20:50:46.690  1947  1998 D DisplayManagerService: Ignore redundant display event 0/4 to 10314/10466
11-30 20:50:46.690  1947  1998 D DisplayManagerService: Ignore redundant display event 0/4 to 10148/21894
11-30 20:50:46.690  1947  1998 D DisplayManagerService: Ignore redundant display event 0/4 to 10318/22353
11-30 20:50:46.690  1947  1998 D DisplayManagerService: Ignore redundant display event 0/4 to 10350/29404
11-30 20:50:46.690  1947  1998 D DisplayManagerService: Ignore redundant display event 0/4 to 10274/30311
11-30 20:50:46.690  1947  1998 D DisplayManagerService: Ignore redundant display event 0/4 to 10110/30398
11-30 20:50:46.690  1947  1998 D DisplayManagerService: Ignore redundant display event 0/4 to 10153/30908
11-30 20:50:46.690  1947  1998 D DisplayManagerService: Ignore redundant display event 0/4 to 10419/31762
11-30 20:50:46.690  1947  1998 D DisplayManagerService: Ignore redundant display event 0/4 to 10422/32598
11-30 20:50:46.698  1947  2036 D DpcExtImpl[0]: onchange selfChange=false state=ON uri=content://settings/system/screen_brightness
11-30 20:50:46.699  1947  1998 D DisplayManagerService: Ignore redundant display event 0/4 to 10342/3927
11-30 20:50:46.700  1947  1998 D DisplayManagerService: Ignore redundant display event 0/4 to 10247/7720
11-30 20:50:46.700  1947  1998 D DisplayManagerService: Ignore redundant display event 0/4 to 10378/10164
11-30 20:50:46.700  1947  1998 D DisplayManagerService: Ignore redundant display event 0/4 to 10109/10439
11-30 20:50:46.700  1947  1998 D DisplayManagerService: Ignore redundant display event 0/4 to 10314/10466
11-30 20:50:46.700  1947  1998 D DisplayManagerService: Ignore redundant display event 0/4 to 10148/21894
11-30 20:50:46.700  1947  1998 D DisplayManagerService: Ignore redundant display event 0/4 to 10318/22353
11-30 20:50:46.700  1947  1998 D DisplayManagerService: Ignore redundant display event 0/4 to 10350/29404
11-30 20:50:46.700  1947  1998 D DisplayManagerService: Ignore redundant display event 0/4 to 10274/30311
11-30 20:50:46.700  1947  1998 D DisplayManagerService: Ignore redundant display event 0/4 to 10110/30398
11-30 20:50:46.700  1947  1998 D DisplayManagerService: Ignore redundant display event 0/4 to 10153/30908
11-30 20:50:46.700  1947  1998 D DisplayManagerService: Ignore redundant display event 0/4 to 10419/31762
11-30 20:50:46.700  1947  1998 D DisplayManagerService: Ignore redundant display event 0/4 to 10422/32598
11-30 20:50:46.709  1947  2036 D DpcExtImpl[0]: onchange selfChange=false state=ON uri=content://settings/system/screen_brightness
11-30 20:50:46.710  1947  1998 D DisplayManagerService: Ignore redundant display event 0/4 to 10342/3927
11-30 20:50:46.710  1947  1998 D DisplayManagerService: Ignore redundant display event 0/4 to 10247/7720
11-30 20:50:46.710  1947  1998 D DisplayManagerService: Ignore redundant display event 0/4 to 10378/10164
11-30 20:50:46.710  1947  1998 D DisplayManagerService: Ignore redundant display event 0/4 to 10109/10439
11-30 20:50:46.710  1947  1998 D DisplayManagerService: Ignore redundant display event 0/4 to 10314/10466
11-30 20:50:46.711  1947  1998 D DisplayManagerService: Ignore redundant display event 0/4 to 10148/21894
11-30 20:50:46.711  1947  1998 D DisplayManagerService: Ignore redundant display event 0/4 to 10318/22353
11-30 20:50:46.711  1947  1998 D DisplayManagerService: Ignore redundant display event 0/4 to 10350/29404
11-30 20:50:46.711  1947  1998 D DisplayManagerService: Ignore redundant display event 0/4 to 10274/30311
11-30 20:50:46.711  1947  1998 D DisplayManagerService: Ignore redundant display event 0/4 to 10110/30398
11-30 20:50:46.711  1947  1998 D DisplayManagerService: Ignore redundant display event 0/4 to 10153/30908
11-30 20:50:46.711  1947  1998 D DisplayManagerService: Ignore redundant display event 0/4 to 10419/31762
11-30 20:50:46.711  1947  1998 D DisplayManagerService: Ignore redundant display event 0/4 to 10422/32598
11-30 20:50:46.723  1947  2036 D DpcExtImpl[0]: onchange selfChange=false state=ON uri=content://settings/system/screen_brightness
11-30 20:50:46.724  1947  1998 D DisplayManagerService: Ignore redundant display event 0/4 to 10342/3927
11-30 20:50:46.724  1947  1998 D DisplayManagerService: Ignore redundant display event 0/4 to 10247/7720
11-30 20:50:46.724  1947  1998 D DisplayManagerService: Ignore redundant display event 0/4 to 10378/10164
11-30 20:50:46.724  1947  1998 D DisplayManagerService: Ignore redundant display event 0/4 to 10109/10439
11-30 20:50:46.724  1947  1998 D DisplayManagerService: Ignore redundant display event 0/4 to 10314/10466
11-30 20:50:46.725  1947  1998 D DisplayManagerService: Ignore redundant display event 0/4 to 10148/21894
11-30 20:50:46.725  1947  1998 D DisplayManagerService: Ignore redundant display event 0/4 to 10318/22353
11-30 20:50:46.725  1947  1998 D DisplayManagerService: Ignore redundant display event 0/4 to 10350/29404
11-30 20:50:46.725  1947  1998 D DisplayManagerService: Ignore redundant display event 0/4 to 10274/30311
11-30 20:50:46.725  1947  1998 D DisplayManagerService: Ignore redundant display event 0/4 to 10110/30398
11-30 20:50:46.725  1947  1998 D DisplayManagerService: Ignore redundant display event 0/4 to 10153/30908
11-30 20:50:46.725  1947  1998 D DisplayManagerService: Ignore redundant display event 0/4 to 10419/31762
11-30 20:50:46.725  1947  1998 D DisplayManagerService: Ignore redundant display event 0/4 to 10422/32598
11-30 20:50:46.756  1947  2036 D DpcExtImpl[0]: onchange selfChange=false state=ON uri=content://settings/system/screen_brightness
11-30 20:50:46.757  1947  1998 D DisplayManagerService: Ignore redundant display event 0/4 to 10342/3927
11-30 20:50:46.757  1947  1998 D DisplayManagerService: Ignore redundant display event 0/4 to 10247/7720
11-30 20:50:46.757  1947  1998 D DisplayManagerService: Ignore redundant display event 0/4 to 10378/10164
11-30 20:50:46.757  1947  1998 D DisplayManagerService: Ignore redundant display event 0/4 to 10109/10439
11-30 20:50:46.757  1947  1998 D DisplayManagerService: Ignore redundant display event 0/4 to 10314/10466
11-30 20:50:46.758  1947  1998 D DisplayManagerService: Ignore redundant display event 0/4 to 10148/21894
11-30 20:50:46.758  1947  1998 D DisplayManagerService: Ignore redundant display event 0/4 to 10318/22353
11-30 20:50:46.758  1947  1998 D DisplayManagerService: Ignore redundant display event 0/4 to 10350/29404
11-30 20:50:46.758  1947  1998 D DisplayManagerService: Ignore redundant display event 0/4 to 10274/30311
11-30 20:50:46.758  1947  1998 D DisplayManagerService: Ignore redundant display event 0/4 to 10110/30398
11-30 20:50:46.758  1947  1998 D DisplayManagerService: Ignore redundant display event 0/4 to 10153/30908
11-30 20:50:46.758  1947  1998 D DisplayManagerService: Ignore redundant display event 0/4 to 10419/31762
11-30 20:50:46.758  1947  1998 D DisplayManagerService: Ignore redundant display event 0/4 to 10422/32598
11-30 20:50:46.765  1947  2171 D PowerManagerService: userActivityNoUpdateLocked: groupId=0, eventTime=232656247, event=touch, flags=0x0, uid=1000
11-30 20:50:46.771  1947  2036 D DpcExtImpl[0]: onchange selfChange=false state=ON uri=content://settings/system/screen_brightness
11-30 20:50:46.774  1947  1998 D DisplayManagerService: Ignore redundant display event 0/4 to 10342/3927
11-30 20:50:46.775  1947  1998 D DisplayManagerService: Ignore redundant display event 0/4 to 10247/7720
11-30 20:50:46.775  1947  1998 D DisplayManagerService: Ignore redundant display event 0/4 to 10378/10164
11-30 20:50:46.775  1947  1998 D DisplayManagerService: Ignore redundant display event 0/4 to 10109/10439
11-30 20:50:46.775  1947  1998 D DisplayManagerService: Ignore redundant display event 0/4 to 10314/10466
11-30 20:50:46.775  1947  1998 D DisplayManagerService: Ignore redundant display event 0/4 to 10148/21894
11-30 20:50:46.775  1947  1998 D DisplayManagerService: Ignore redundant display event 0/4 to 10318/22353
11-30 20:50:46.775  1947  1998 D DisplayManagerService: Ignore redundant display event 0/4 to 10350/29404
11-30 20:50:46.775  1947  1998 D DisplayManagerService: Ignore redundant display event 0/4 to 10274/30311
11-30 20:50:46.775  1947  1998 D DisplayManagerService: Ignore redundant display event 0/4 to 10110/30398
11-30 20:50:46.775  1947  1998 D DisplayManagerService: Ignore redundant display event 0/4 to 10153/30908
11-30 20:50:46.775  1947  1998 D DisplayManagerService: Ignore redundant display event 0/4 to 10419/31762
11-30 20:50:46.775  1947  1998 D DisplayManagerService: Ignore redundant display event 0/4 to 10422/32598
11-30 20:50:46.788  1947  2036 D DpcExtImpl[0]: onchange selfChange=false state=ON uri=content://settings/system/screen_brightness
11-30 20:50:46.789  1947  1998 D DisplayManagerService: Ignore redundant display event 0/4 to 10342/3927
11-30 20:50:46.789  1947  1998 D DisplayManagerService: Ignore redundant display event 0/4 to 10247/7720
11-30 20:50:46.789  1947  1998 D DisplayManagerService: Ignore redundant display event 0/4 to 10378/10164
11-30 20:50:46.789  1947  1998 D DisplayManagerService: Ignore redundant display event 0/4 to 10109/10439
11-30 20:50:46.789  1947  1998 D DisplayManagerService: Ignore redundant display event 0/4 to 10314/10466
11-30 20:50:46.789  1947  1998 D DisplayManagerService: Ignore redundant display event 0/4 to 10148/21894
11-30 20:50:46.789  1947  1998 D DisplayManagerService: Ignore redundant display event 0/4 to 10318/22353
11-30 20:50:46.789  1947  1998 D DisplayManagerService: Ignore redundant display event 0/4 to 10350/29404
11-30 20:50:46.789  1947  1998 D DisplayManagerService: Ignore redundant display event 0/4 to 10274/30311
11-30 20:50:46.789  1947  1998 D DisplayManagerService: Ignore redundant display event 0/4 to 10110/30398
11-30 20:50:46.789  1947  1998 D DisplayManagerService: Ignore redundant display event 0/4 to 10153/30908
11-30 20:50:46.789  1947  1998 D DisplayManagerService: Ignore redundant display event 0/4 to 10419/31762
11-30 20:50:46.789  1947  1998 D DisplayManagerService: Ignore redundant display event 0/4 to 10422/32598
11-30 20:50:46.805  1947  2036 D DpcExtImpl[0]: onchange selfChange=false state=ON uri=content://settings/system/screen_brightness
11-30 20:50:46.806  1947  1998 D DisplayManagerService: Ignore redundant display event 0/4 to 10342/3927
11-30 20:50:46.807  1947  1998 D DisplayManagerService: Ignore redundant display event 0/4 to 10247/7720
11-30 20:50:46.807  1947  1998 D DisplayManagerService: Ignore redundant display event 0/4 to 10378/10164
11-30 20:50:46.807  1947  1998 D DisplayManagerService: Ignore redundant display event 0/4 to 10109/10439
11-30 20:50:46.807  1947  1998 D DisplayManagerService: Ignore redundant display event 0/4 to 10314/10466
11-30 20:50:46.807  1947  1998 D DisplayManagerService: Ignore redundant display event 0/4 to 10148/21894
11-30 20:50:46.807  1947  1998 D DisplayManagerService: Ignore redundant display event 0/4 to 10318/22353
11-30 20:50:46.807  1947  1998 D DisplayManagerService: Ignore redundant display event 0/4 to 10350/29404
11-30 20:50:46.807  1947  1998 D DisplayManagerService: Ignore redundant display event 0/4 to 10274/30311
11-30 20:50:46.807  1947  1998 D DisplayManagerService: Ignore redundant display event 0/4 to 10110/30398
11-30 20:50:46.807  1947  1998 D DisplayManagerService: Ignore redundant display event 0/4 to 10153/30908
11-30 20:50:46.807  1947  1998 D DisplayManagerService: Ignore redundant display event 0/4 to 10419/31762
11-30 20:50:46.807  1947  1998 D DisplayManagerService: Ignore redundant display event 0/4 to 10422/32598
11-30 20:50:46.819  1947  2036 D DpcExtImpl[0]: onchange selfChange=false state=ON uri=content://settings/system/screen_brightness
11-30 20:50:46.820  1947  1998 D DisplayManagerService: Ignore redundant display event 0/4 to 10342/3927
11-30 20:50:46.820  1947  1998 D DisplayManagerService: Ignore redundant display event 0/4 to 10247/7720
11-30 20:50:46.820  1947  1998 D DisplayManagerService: Ignore redundant display event 0/4 to 10378/10164
11-30 20:50:46.820  1947  1998 D DisplayManagerService: Ignore redundant display event 0/4 to 10109/10439
11-30 20:50:46.820  1947  1998 D DisplayManagerService: Ignore redundant display event 0/4 to 10314/10466
11-30 20:50:46.820  1947  1998 D DisplayManagerService: Ignore redundant display event 0/4 to 10148/21894
11-30 20:50:46.820  1947  1998 D DisplayManagerService: Ignore redundant display event 0/4 to 10318/22353
11-30 20:50:46.820  1947  1998 D DisplayManagerService: Ignore redundant display event 0/4 to 10350/29404
11-30 20:50:46.820  1947  1998 D DisplayManagerService: Ignore redundant display event 0/4 to 10274/30311
11-30 20:50:46.820  1947  1998 D DisplayManagerService: Ignore redundant display event 0/4 to 10110/30398
11-30 20:50:46.820  1947  1998 D DisplayManagerService: Ignore redundant display event 0/4 to 10153/30908
11-30 20:50:46.820  1947  1998 D DisplayManagerService: Ignore redundant display event 0/4 to 10419/31762
11-30 20:50:46.820  1947  1998 D DisplayManagerService: Ignore redundant display event 0/4 to 10422/32598
11-30 20:50:46.836  1947  2036 D DpcExtImpl[0]: onchange selfChange=false state=ON uri=content://settings/system/screen_brightness
11-30 20:50:46.838  1947  1998 D DisplayManagerService: Ignore redundant display event 0/4 to 10342/3927
11-30 20:50:46.838  1947  1998 D DisplayManagerService: Ignore redundant display event 0/4 to 10247/7720
11-30 20:50:46.838  1947  1998 D DisplayManagerService: Ignore redundant display event 0/4 to 10378/10164
11-30 20:50:46.838  1947  1998 D DisplayManagerService: Ignore redundant display event 0/4 to 10109/10439
11-30 20:50:46.838  1947  1998 D DisplayManagerService: Ignore redundant display event 0/4 to 10314/10466
11-30 20:50:46.838  1947  1998 D DisplayManagerService: Ignore redundant display event 0/4 to 10148/21894
11-30 20:50:46.838  1947  1998 D DisplayManagerService: Ignore redundant display event 0/4 to 10318/22353
11-30 20:50:46.838  1947  1998 D DisplayManagerService: Ignore redundant display event 0/4 to 10350/29404
11-30 20:50:46.838  1947  1998 D DisplayManagerService: Ignore redundant display event 0/4 to 10274/30311
11-30 20:50:46.838  1947  1998 D DisplayManagerService: Ignore redundant display event 0/4 to 10110/30398
11-30 20:50:46.838  1947  1998 D DisplayManagerService: Ignore redundant display event 0/4 to 10153/30908
11-30 20:50:46.838  1947  1998 D DisplayManagerService: Ignore redundant display event 0/4 to 10419/31762
11-30 20:50:46.839  1947  1998 D DisplayManagerService: Ignore redundant display event 0/4 to 10422/32598
11-30 20:50:46.855  1947  2036 D DpcExtImpl[0]: onchange selfChange=false state=ON uri=content://settings/system/screen_brightness
11-30 20:50:46.856  1947  1998 D DisplayManagerService: Ignore redundant display event 0/4 to 10342/3927
11-30 20:50:46.856  1947  1998 D DisplayManagerService: Ignore redundant display event 0/4 to 10247/7720
11-30 20:50:46.856  1947  1998 D DisplayManagerService: Ignore redundant display event 0/4 to 10378/10164
11-30 20:50:46.856  1947  1998 D DisplayManagerService: Ignore redundant display event 0/4 to 10109/10439
11-30 20:50:46.856  1947  1998 D DisplayManagerService: Ignore redundant display event 0/4 to 10314/10466
11-30 20:50:46.856  1947  1998 D DisplayManagerService: Ignore redundant display event 0/4 to 10148/21894
11-30 20:50:46.856  1947  1998 D DisplayManagerService: Ignore redundant display event 0/4 to 10318/22353
11-30 20:50:46.856  1947  1998 D DisplayManagerService: Ignore redundant display event 0/4 to 10350/29404
11-30 20:50:46.856  1947  1998 D DisplayManagerService: Ignore redundant display event 0/4 to 10274/30311
11-30 20:50:46.856  1947  1998 D DisplayManagerService: Ignore redundant display event 0/4 to 10110/30398
11-30 20:50:46.856  1947  1998 D DisplayManagerService: Ignore redundant display event 0/4 to 10153/30908
11-30 20:50:46.856  1947  1998 D DisplayManagerService: Ignore redundant display event 0/4 to 10419/31762
11-30 20:50:46.856  1947  1998 D DisplayManagerService: Ignore redundant display event 0/4 to 10422/32598
11-30 20:50:46.869  1947  2036 D DpcExtImpl[0]: onchange selfChange=false state=ON uri=content://settings/system/screen_brightness
11-30 20:50:46.870  1947  2171 D PowerManagerService: userActivityNoUpdateLocked: groupId=0, eventTime=232656354, event=touch, flags=0x0, uid=1000
11-30 20:50:46.871  1947  1998 D DisplayManagerService: Ignore redundant display event 0/4 to 10342/3927
11-30 20:50:46.871  1947  1998 D DisplayManagerService: Ignore redundant display event 0/4 to 10247/7720
11-30 20:50:46.871  1947  1998 D DisplayManagerService: Ignore redundant display event 0/4 to 10378/10164
11-30 20:50:46.871  1947  1998 D DisplayManagerService: Ignore redundant display event 0/4 to 10109/10439
11-30 20:50:46.871  1947  1998 D DisplayManagerService: Ignore redundant display event 0/4 to 10314/10466
11-30 20:50:46.871  1947  1998 D DisplayManagerService: Ignore redundant display event 0/4 to 10148/21894
11-30 20:50:46.871  1947  1998 D DisplayManagerService: Ignore redundant display event 0/4 to 10318/22353
11-30 20:50:46.871  1947  1998 D DisplayManagerService: Ignore redundant display event 0/4 to 10350/29404
11-30 20:50:46.871  1947  1998 D DisplayManagerService: Ignore redundant display event 0/4 to 10274/30311
11-30 20:50:46.871  1947  1998 D DisplayManagerService: Ignore redundant display event 0/4 to 10110/30398
11-30 20:50:46.871  1947  1998 D DisplayManagerService: Ignore redundant display event 0/4 to 10153/30908
11-30 20:50:46.871  1947  1998 D DisplayManagerService: Ignore redundant display event 0/4 to 10419/31762
11-30 20:50:46.871  1947  1998 D DisplayManagerService: Ignore redundant display event 0/4 to 10422/32598
11-30 20:50:46.887  1947  2036 D DpcExtImpl[0]: onchange selfChange=false state=ON uri=content://settings/system/screen_brightness
11-30 20:50:46.889  1947  1998 D DisplayManagerService: Ignore redundant display event 0/4 to 10342/3927
11-30 20:50:46.889  1947  1998 D DisplayManagerService: Ignore redundant display event 0/4 to 10247/7720
11-30 20:50:46.889  1947  1998 D DisplayManagerService: Ignore redundant display event 0/4 to 10378/10164
11-30 20:50:46.889  1947  1998 D DisplayManagerService: Ignore redundant display event 0/4 to 10109/10439
11-30 20:50:46.889  1947  1998 D DisplayManagerService: Ignore redundant display event 0/4 to 10314/10466
11-30 20:50:46.889  1947  1998 D DisplayManagerService: Ignore redundant display event 0/4 to 10148/21894
11-30 20:50:46.889  1947  1998 D DisplayManagerService: Ignore redundant display event 0/4 to 10318/22353
11-30 20:50:46.889  1947  1998 D DisplayManagerService: Ignore redundant display event 0/4 to 10350/29404
11-30 20:50:46.889  1947  1998 D DisplayManagerService: Ignore redundant display event 0/4 to 10274/30311
11-30 20:50:46.889  1947  1998 D DisplayManagerService: Ignore redundant display event 0/4 to 10110/30398
11-30 20:50:46.889  1947  1998 D DisplayManagerService: Ignore redundant display event 0/4 to 10153/30908
11-30 20:50:46.889  1947  1998 D DisplayManagerService: Ignore redundant display event 0/4 to 10419/31762
11-30 20:50:46.889  1947  1998 D DisplayManagerService: Ignore redundant display event 0/4 to 10422/32598
11-30 20:50:46.902  1947  2036 D DpcExtImpl[0]: onchange selfChange=false state=ON uri=content://settings/system/screen_brightness
11-30 20:50:46.904  1947  1998 D DisplayManagerService: Ignore redundant display event 0/4 to 10342/3927
11-30 20:50:46.904  1947  1998 D DisplayManagerService: Ignore redundant display event 0/4 to 10247/7720
11-30 20:50:46.904  1947  1998 D DisplayManagerService: Ignore redundant display event 0/4 to 10378/10164
11-30 20:50:46.905  1947  1998 D DisplayManagerService: Ignore redundant display event 0/4 to 10109/10439
11-30 20:50:46.905  1947  1998 D DisplayManagerService: Ignore redundant display event 0/4 to 10314/10466
11-30 20:50:46.905  1947  1998 D DisplayManagerService: Ignore redundant display event 0/4 to 10148/21894
11-30 20:50:46.905  1947  1998 D DisplayManagerService: Ignore redundant display event 0/4 to 10318/22353
11-30 20:50:46.905  1947  1998 D DisplayManagerService: Ignore redundant display event 0/4 to 10350/29404
11-30 20:50:46.905  1947  1998 D DisplayManagerService: Ignore redundant display event 0/4 to 10274/30311
11-30 20:50:46.905  1947  1998 D DisplayManagerService: Ignore redundant display event 0/4 to 10110/30398
11-30 20:50:46.905  1947  1998 D DisplayManagerService: Ignore redundant display event 0/4 to 10153/30908
11-30 20:50:46.905  1947  1998 D DisplayManagerService: Ignore redundant display event 0/4 to 10419/31762
11-30 20:50:46.905  1947  1998 D DisplayManagerService: Ignore redundant display event 0/4 to 10422/32598
11-30 20:50:46.919  1947  2036 D DpcExtImpl[0]: onchange selfChange=false state=ON uri=content://settings/system/screen_brightness
11-30 20:50:46.922  1947  1998 D DisplayManagerService: Ignore redundant display event 0/4 to 10342/3927
11-30 20:50:46.922  1947  1998 D DisplayManagerService: Ignore redundant display event 0/4 to 10247/7720
11-30 20:50:46.922  1947  1998 D DisplayManagerService: Ignore redundant display event 0/4 to 10378/10164
11-30 20:50:46.922  1947  1998 D DisplayManagerService: Ignore redundant display event 0/4 to 10109/10439
11-30 20:50:46.922  1947  1998 D DisplayManagerService: Ignore redundant display event 0/4 to 10314/10466
11-30 20:50:46.922  1947  1998 D DisplayManagerService: Ignore redundant display event 0/4 to 10148/21894
11-30 20:50:46.922  1947  1998 D DisplayManagerService: Ignore redundant display event 0/4 to 10318/22353
11-30 20:50:46.922  1947  1998 D DisplayManagerService: Ignore redundant display event 0/4 to 10350/29404
11-30 20:50:46.922  1947  1998 D DisplayManagerService: Ignore redundant display event 0/4 to 10274/30311
11-30 20:50:46.922  1947  1998 D DisplayManagerService: Ignore redundant display event 0/4 to 10110/30398
11-30 20:50:46.922  1947  1998 D DisplayManagerService: Ignore redundant display event 0/4 to 10153/30908
11-30 20:50:46.922  1947  1998 D DisplayManagerService: Ignore redundant display event 0/4 to 10419/31762
11-30 20:50:46.922  1947  1998 D DisplayManagerService: Ignore redundant display event 0/4 to 10422/32598
11-30 20:50:46.938  1947  2036 D DpcExtImpl[0]: onchange selfChange=false state=ON uri=content://settings/system/screen_brightness
11-30 20:50:46.940  1947  1998 D DisplayManagerService: Ignore redundant display event 0/4 to 10342/3927
11-30 20:50:46.940  1947  1998 D DisplayManagerService: Ignore redundant display event 0/4 to 10247/7720
11-30 20:50:46.940  1947  1998 D DisplayManagerService: Ignore redundant display event 0/4 to 10378/10164
11-30 20:50:46.940  1947  1998 D DisplayManagerService: Ignore redundant display event 0/4 to 10109/10439
11-30 20:50:46.940  1947  1998 D DisplayManagerService: Ignore redundant display event 0/4 to 10314/10466
11-30 20:50:46.941  1947  1998 D DisplayManagerService: Ignore redundant display event 0/4 to 10148/21894
11-30 20:50:46.941  1947  1998 D DisplayManagerService: Ignore redundant display event 0/4 to 10318/22353
11-30 20:50:46.941  1947  1998 D DisplayManagerService: Ignore redundant display event 0/4 to 10350/29404
11-30 20:50:46.941  1947  1998 D DisplayManagerService: Ignore redundant display event 0/4 to 10274/30311
11-30 20:50:46.941  1947  1998 D DisplayManagerService: Ignore redundant display event 0/4 to 10110/30398
11-30 20:50:46.941  1947  1998 D DisplayManagerService: Ignore redundant display event 0/4 to 10153/30908
11-30 20:50:46.941  1947  1998 D DisplayManagerService: Ignore redundant display event 0/4 to 10419/31762
11-30 20:50:46.941  1947  1998 D DisplayManagerService: Ignore redundant display event 0/4 to 10422/32598
11-30 20:50:46.950  1947  2036 D DpcExtImpl[0]: onchange selfChange=false state=ON uri=content://settings/system/screen_brightness
11-30 20:50:46.952  1947  1998 D DisplayManagerService: Ignore redundant display event 0/4 to 10342/3927
11-30 20:50:46.952  1947  1998 D DisplayManagerService: Ignore redundant display event 0/4 to 10247/7720
11-30 20:50:46.952  1947  1998 D DisplayManagerService: Ignore redundant display event 0/4 to 10378/10164
11-30 20:50:46.952  1947  1998 D DisplayManagerService: Ignore redundant display event 0/4 to 10109/10439
11-30 20:50:46.952  1947  1998 D DisplayManagerService: Ignore redundant display event 0/4 to 10314/10466
11-30 20:50:46.952  1947  1998 D DisplayManagerService: Ignore redundant display event 0/4 to 10148/21894
11-30 20:50:46.952  1947  1998 D DisplayManagerService: Ignore redundant display event 0/4 to 10318/22353
11-30 20:50:46.952  1947  1998 D DisplayManagerService: Ignore redundant display event 0/4 to 10350/29404
11-30 20:50:46.952  1947  1998 D DisplayManagerService: Ignore redundant display event 0/4 to 10274/30311
11-30 20:50:46.952  1947  1998 D DisplayManagerService: Ignore redundant display event 0/4 to 10110/30398
11-30 20:50:46.953  1947  1998 D DisplayManagerService: Ignore redundant display event 0/4 to 10153/30908
11-30 20:50:46.953  1947  1998 D DisplayManagerService: Ignore redundant display event 0/4 to 10419/31762
11-30 20:50:46.953  1947  1998 D DisplayManagerService: Ignore redundant display event 0/4 to 10422/32598
11-30 20:50:46.970  1947  2036 D DpcExtImpl[0]: onchange selfChange=false state=ON uri=content://settings/system/screen_brightness
11-30 20:50:46.972  1947  1998 D DisplayManagerService: Ignore redundant display event 0/4 to 10342/3927
11-30 20:50:46.972  1947  1998 D DisplayManagerService: Ignore redundant display event 0/4 to 10247/7720
11-30 20:50:46.972  1947  1998 D DisplayManagerService: Ignore redundant display event 0/4 to 10378/10164
11-30 20:50:46.972  1947  1998 D DisplayManagerService: Ignore redundant display event 0/4 to 10109/10439
11-30 20:50:46.972  1947  1998 D DisplayManagerService: Ignore redundant display event 0/4 to 10314/10466
11-30 20:50:46.972  1947  1998 D DisplayManagerService: Ignore redundant display event 0/4 to 10148/21894
11-30 20:50:46.972  1947  1998 D DisplayManagerService: Ignore redundant display event 0/4 to 10318/22353
11-30 20:50:46.972  1947  1998 D DisplayManagerService: Ignore redundant display event 0/4 to 10350/29404
11-30 20:50:46.972  1947  1998 D DisplayManagerService: Ignore redundant display event 0/4 to 10274/30311
11-30 20:50:46.972  1947  1998 D DisplayManagerService: Ignore redundant display event 0/4 to 10110/30398
11-30 20:50:46.973  1947  1998 D DisplayManagerService: Ignore redundant display event 0/4 to 10153/30908
11-30 20:50:46.973  1947  1998 D DisplayManagerService: Ignore redundant display event 0/4 to 10419/31762
11-30 20:50:46.973  1947  1998 D DisplayManagerService: Ignore redundant display event 0/4 to 10422/32598
11-30 20:50:46.979  1947  2171 D PowerManagerService: userActivityNoUpdateLocked: groupId=0, eventTime=232656461, event=touch, flags=0x0, uid=1000
11-30 20:50:46.985  1947  2036 D DpcExtImpl[0]: onchange selfChange=false state=ON uri=content://settings/system/screen_brightness
11-30 20:50:46.987  1947  1998 D DisplayManagerService: Ignore redundant display event 0/4 to 10342/3927
11-30 20:50:46.988  1947  1998 D DisplayManagerService: Ignore redundant display event 0/4 to 10247/7720
11-30 20:50:46.988  1947  1998 D DisplayManagerService: Ignore redundant display event 0/4 to 10378/10164
11-30 20:50:46.988  1947  1998 D DisplayManagerService: Ignore redundant display event 0/4 to 10109/10439
11-30 20:50:46.988  1947  1998 D DisplayManagerService: Ignore redundant display event 0/4 to 10314/10466
11-30 20:50:46.988  1947  1998 D DisplayManagerService: Ignore redundant display event 0/4 to 10148/21894
11-30 20:50:46.988  1947  1998 D DisplayManagerService: Ignore redundant display event 0/4 to 10318/22353
11-30 20:50:46.988  1947  1998 D DisplayManagerService: Ignore redundant display event 0/4 to 10350/29404
11-30 20:50:46.988  1947  1998 D DisplayManagerService: Ignore redundant display event 0/4 to 10274/30311
11-30 20:50:46.988  1947  1998 D DisplayManagerService: Ignore redundant display event 0/4 to 10110/30398
11-30 20:50:46.988  1947  1998 D DisplayManagerService: Ignore redundant display event 0/4 to 10153/30908
11-30 20:50:46.989  1947  1998 D DisplayManagerService: Ignore redundant display event 0/4 to 10419/31762
11-30 20:50:46.989  1947  1998 D DisplayManagerService: Ignore redundant display event 0/4 to 10422/32598
11-30 20:50:47.002  1947  2036 D DpcExtImpl[0]: onchange selfChange=false state=ON uri=content://settings/system/screen_brightness
11-30 20:50:47.004 10833 10833 D OplusInputMethodManagerInternal: get inputMethodManager extension: com.android.internal.view.IInputMethodManager$Stub$Proxy@4b54f45
11-30 20:50:47.007  1947  1998 D DisplayManagerService: Ignore redundant display event 0/4 to 10342/3927
11-30 20:50:47.007  1947  1998 D DisplayManagerService: Ignore redundant display event 0/4 to 10247/7720
11-30 20:50:47.007  1947  1998 D DisplayManagerService: Ignore redundant display event 0/4 to 10378/10164
11-30 20:50:47.007  1947  1998 D DisplayManagerService: Ignore redundant display event 0/4 to 10109/10439
11-30 20:50:47.007  1947  1998 D DisplayManagerService: Ignore redundant display event 0/4 to 10314/10466
11-30 20:50:47.007  1947  1998 D DisplayManagerService: Ignore redundant display event 0/4 to 10148/21894
11-30 20:50:47.007  1947  1998 D DisplayManagerService: Ignore redundant display event 0/4 to 10318/22353
11-30 20:50:47.007  1947  1998 D DisplayManagerService: Ignore redundant display event 0/4 to 10350/29404
11-30 20:50:47.007  1947  1998 D DisplayManagerService: Ignore redundant display event 0/4 to 10274/30311
11-30 20:50:47.007  1947  1998 D DisplayManagerService: Ignore redundant display event 0/4 to 10110/30398
11-30 20:50:47.007  1947  1998 D DisplayManagerService: Ignore redundant display event 0/4 to 10153/30908
11-30 20:50:47.007  1947  1998 D DisplayManagerService: Ignore redundant display event 0/4 to 10419/31762
11-30 20:50:47.007  1947  1998 D DisplayManagerService: Ignore redundant display event 0/4 to 10422/32598
11-30 20:50:47.018  1947  2036 D DpcExtImpl[0]: onchange selfChange=false state=ON uri=content://settings/system/screen_brightness
11-30 20:50:47.020  1947  1998 D DisplayManagerService: Ignore redundant display event 0/4 to 10342/3927
11-30 20:50:47.020  1947  1998 D DisplayManagerService: Ignore redundant display event 0/4 to 10247/7720
11-30 20:50:47.020  1947  1998 D DisplayManagerService: Ignore redundant display event 0/4 to 10378/10164
11-30 20:50:47.020  1947  1998 D DisplayManagerService: Ignore redundant display event 0/4 to 10109/10439
11-30 20:50:47.020  1947  1998 D DisplayManagerService: Ignore redundant display event 0/4 to 10314/10466
11-30 20:50:47.020  1947  1998 D DisplayManagerService: Ignore redundant display event 0/4 to 10148/21894
11-30 20:50:47.020  1947  1998 D DisplayManagerService: Ignore redundant display event 0/4 to 10318/22353
11-30 20:50:47.021  1947  1998 D DisplayManagerService: Ignore redundant display event 0/4 to 10350/29404
11-30 20:50:47.021  1947  1998 D DisplayManagerService: Ignore redundant display event 0/4 to 10274/30311
11-30 20:50:47.021  1947  1998 D DisplayManagerService: Ignore redundant display event 0/4 to 10110/30398
11-30 20:50:47.021  1947  1998 D DisplayManagerService: Ignore redundant display event 0/4 to 10153/30908
11-30 20:50:47.021  1947  1998 D DisplayManagerService: Ignore redundant display event 0/4 to 10419/31762
11-30 20:50:47.021  1947  1998 D DisplayManagerService: Ignore redundant display event 0/4 to 10422/32598
11-30 20:50:47.034  1947  2036 D DpcExtImpl[0]: onchange selfChange=false state=ON uri=content://settings/system/screen_brightness
11-30 20:50:47.036  1947  1998 D DisplayManagerService: Ignore redundant display event 0/4 to 10342/3927
11-30 20:50:47.036  1947  1998 D DisplayManagerService: Ignore redundant display event 0/4 to 10247/7720
11-30 20:50:47.036  1947  1998 D DisplayManagerService: Ignore redundant display event 0/4 to 10378/10164
11-30 20:50:47.036  1947  1998 D DisplayManagerService: Ignore redundant display event 0/4 to 10109/10439
11-30 20:50:47.036  1947  1998 D DisplayManagerService: Ignore redundant display event 0/4 to 10314/10466
11-30 20:50:47.036  1947  1998 D DisplayManagerService: Ignore redundant display event 0/4 to 10148/21894
11-30 20:50:47.036  1947  1998 D DisplayManagerService: Ignore redundant display event 0/4 to 10318/22353
11-30 20:50:47.036  1947  1998 D DisplayManagerService: Ignore redundant display event 0/4 to 10350/29404
11-30 20:50:47.036  1947  1998 D DisplayManagerService: Ignore redundant display event 0/4 to 10274/30311
11-30 20:50:47.036  1947  1998 D DisplayManagerService: Ignore redundant display event 0/4 to 10110/30398
11-30 20:50:47.036  1947  1998 D DisplayManagerService: Ignore redundant display event 0/4 to 10153/30908
11-30 20:50:47.036  1947  1998 D DisplayManagerService: Ignore redundant display event 0/4 to 10419/31762
11-30 20:50:47.036  1947  1998 D DisplayManagerService: Ignore redundant display event 0/4 to 10422/32598
11-30 20:50:47.052  1947  2036 D DpcExtImpl[0]: onchange selfChange=false state=ON uri=content://settings/system/screen_brightness
11-30 20:50:47.054  1947  1998 D DisplayManagerService: Ignore redundant display event 0/4 to 10342/3927
11-30 20:50:47.054  1947  1998 D DisplayManagerService: Ignore redundant display event 0/4 to 10247/7720
11-30 20:50:47.054  1947  1998 D DisplayManagerService: Ignore redundant display event 0/4 to 10378/10164
11-30 20:50:47.054  1947  1998 D DisplayManagerService: Ignore redundant display event 0/4 to 10109/10439
11-30 20:50:47.054  1947  1998 D DisplayManagerService: Ignore redundant display event 0/4 to 10314/10466
11-30 20:50:47.054  1947  1998 D DisplayManagerService: Ignore redundant display event 0/4 to 10148/21894
11-30 20:50:47.054  1947  1998 D DisplayManagerService: Ignore redundant display event 0/4 to 10318/22353
11-30 20:50:47.054  1947  1998 D DisplayManagerService: Ignore redundant display event 0/4 to 10350/29404
11-30 20:50:47.054  1947  1998 D DisplayManagerService: Ignore redundant display event 0/4 to 10274/30311
11-30 20:50:47.054  1947  1998 D DisplayManagerService: Ignore redundant display event 0/4 to 10110/30398
11-30 20:50:47.054  1947  1998 D DisplayManagerService: Ignore redundant display event 0/4 to 10153/30908
11-30 20:50:47.054  1947  1998 D DisplayManagerService: Ignore redundant display event 0/4 to 10419/31762
11-30 20:50:47.054  1947  1998 D DisplayManagerService: Ignore redundant display event 0/4 to 10422/32598
11-30 20:50:47.068  1947  2036 D DpcExtImpl[0]: onchange selfChange=false state=ON uri=content://settings/system/screen_brightness
11-30 20:50:47.070  1947  1998 D DisplayManagerService: Ignore redundant display event 0/4 to 10342/3927
11-30 20:50:47.070  1947  1998 D DisplayManagerService: Ignore redundant display event 0/4 to 10247/7720
11-30 20:50:47.070  1947  1998 D DisplayManagerService: Ignore redundant display event 0/4 to 10378/10164
11-30 20:50:47.070  1947  1998 D DisplayManagerService: Ignore redundant display event 0/4 to 10109/10439
11-30 20:50:47.070  1947  1998 D DisplayManagerService: Ignore redundant display event 0/4 to 10314/10466
11-30 20:50:47.070  1947  1998 D DisplayManagerService: Ignore redundant display event 0/4 to 10148/21894
11-30 20:50:47.070  1947  1998 D DisplayManagerService: Ignore redundant display event 0/4 to 10318/22353
11-30 20:50:47.070  1947  1998 D DisplayManagerService: Ignore redundant display event 0/4 to 10350/29404
11-30 20:50:47.070  1947  1998 D DisplayManagerService: Ignore redundant display event 0/4 to 10274/30311
11-30 20:50:47.071  1947  1998 D DisplayManagerService: Ignore redundant display event 0/4 to 10110/30398
11-30 20:50:47.071  1947  1998 D DisplayManagerService: Ignore redundant display event 0/4 to 10153/30908
11-30 20:50:47.071  1947  1998 D DisplayManagerService: Ignore redundant display event 0/4 to 10419/31762
11-30 20:50:47.071  1947  1998 D DisplayManagerService: Ignore redundant display event 0/4 to 10422/32598
11-30 20:50:47.087  1947  2036 D DpcExtImpl[0]: onchange selfChange=false state=ON uri=content://settings/system/screen_brightness
11-30 20:50:47.089  1947  1998 D DisplayManagerService: Ignore redundant display event 0/4 to 10342/3927
11-30 20:50:47.089  1947  1998 D DisplayManagerService: Ignore redundant display event 0/4 to 10247/7720
11-30 20:50:47.089  1947  1998 D DisplayManagerService: Ignore redundant display event 0/4 to 10378/10164
11-30 20:50:47.089  1947  1998 D DisplayManagerService: Ignore redundant display event 0/4 to 10109/10439
11-30 20:50:47.089  1947  1998 D DisplayManagerService: Ignore redundant display event 0/4 to 10314/10466
11-30 20:50:47.089  1947  1998 D DisplayManagerService: Ignore redundant display event 0/4 to 10148/21894
11-30 20:50:47.089  1947  1998 D DisplayManagerService: Ignore redundant display event 0/4 to 10318/22353
11-30 20:50:47.089  1947  1998 D DisplayManagerService: Ignore redundant display event 0/4 to 10350/29404
11-30 20:50:47.089  1947  1998 D DisplayManagerService: Ignore redundant display event 0/4 to 10274/30311
11-30 20:50:47.089  1947  1998 D DisplayManagerService: Ignore redundant display event 0/4 to 10110/30398
11-30 20:50:47.089  1947  1998 D DisplayManagerService: Ignore redundant display event 0/4 to 10153/30908
11-30 20:50:47.090  1947  1998 D DisplayManagerService: Ignore redundant display event 0/4 to 10419/31762
11-30 20:50:47.090  1947  1998 D DisplayManagerService: Ignore redundant display event 0/4 to 10422/32598
11-30 20:50:47.102  1947  2036 D DpcExtImpl[0]: onchange selfChange=false state=ON uri=content://settings/system/screen_brightness
11-30 20:50:47.105  1947  1998 D DisplayManagerService: Ignore redundant display event 0/4 to 10342/3927
11-30 20:50:47.105  1947  1998 D DisplayManagerService: Ignore redundant display event 0/4 to 10247/7720
11-30 20:50:47.105  1947  1998 D DisplayManagerService: Ignore redundant display event 0/4 to 10378/10164
11-30 20:50:47.105  1947  1998 D DisplayManagerService: Ignore redundant display event 0/4 to 10109/10439
11-30 20:50:47.105  1947  1998 D DisplayManagerService: Ignore redundant display event 0/4 to 10314/10466
11-30 20:50:47.105  1947  1998 D DisplayManagerService: Ignore redundant display event 0/4 to 10148/21894
11-30 20:50:47.105  1947  1998 D DisplayManagerService: Ignore redundant display event 0/4 to 10318/22353
11-30 20:50:47.105  1947  1998 D DisplayManagerService: Ignore redundant display event 0/4 to 10350/29404
11-30 20:50:47.105  1947  1998 D DisplayManagerService: Ignore redundant display event 0/4 to 10274/30311
11-30 20:50:47.105  1947  1998 D DisplayManagerService: Ignore redundant display event 0/4 to 10110/30398
11-30 20:50:47.105  1947  1998 D Di