11-30 20:44:02.232  2503  2868 V WindowManagerShell: onTransitionReady android.os.BinderProxy@b3b22c1: {id=5014 t=CLOSE f=0x0 trk=0 r=[0@Point(0, 0)] c=[{WCT{android.window.IWindowContainerToken$Stub$Proxy@ea3c0} m=TO_FRONT f=SHOW_WALLPAPER leash=Surface(name=Task=1)/@0xd967654 sb=Rect(0, 0 - 1080, 2400) eb=Rect(0, 0 - 1080, 2400) d=0},{WCT{android.window.IWindowContainerToken$Stub$Proxy@2a068f9} m=CLOSE f=NONE leash=Surface(name=Task=10529)/@0xa1629fd sb=Rect(0, 0 - 1080, 2400) eb=Rect(0, 0 - 1080, 2400) d=0},{null m=TO_FRONT f=IS_WALLPAPER leash=Surface(name=WallpaperWindowToken{a45aa2a token=android.os.Binder@1825715})/@0x2e926f2 sb=Rect(0, 0 - 1080, 2400) eb=Rect(0, 0 - 1080, 2400) d=0}] extendInfo=[OplusTransitionExtendedInfo{mTmpFinishT=null, mInOplusCompatMode=false, mIsProcessRunning=false, mHasMismatchBoundsTarget=false, mRecentsController=null, mIsTranslucentActivityToHome=false, mAvoidInterceptKeyEventToHome=false, mIsFromHome=false, mParentLeash=null, mIsOplusAnimRes=false, mIsBalAllow=false}]}
11-30 20:44:02.233  1947  1999 I TaskOrganizerController: onTaskInfoChanged taskid 1 config { mBounds=Rect(0, 0 - 1080, 2400) mAppBounds=Rect(0, 110 - 1080, 2400) mMaxBounds=Rect(0, 0 - 1080, 2400) mDisplayRotation=ROTATION_0 mWindowingMode=fullscreen mDisplayWindowingMode=fullscreen mActivityType=home mAlwaysOnTop=undefined mRotation=ROTATION_0}
11-30 20:44:02.233  1947  1999 D FlexibleWindowManager: onFlexibleWindowTaskInfoChanged: mTaskId = 1 oldIsTaskEmbedded = false   curIsTaskEmbedded = false  topActivity = ComponentInfo{com.android.launcher/com.android.launcher.Launcher}
11-30 20:44:02.233  1947  1999 D FlexibleWindowManager: onFlexibleWindowTaskInfoChanged, return for cur task not embedded
11-30 20:44:02.234  2503  2868 V WindowManagerShell: Playing animation for (#5014)android.os.BinderProxy@b3b22c1@0
11-30 20:44:02.234  2503  2868 V WindowManagerShell:  try handler com.android.wm.shell.taskview.TaskViewTransitions@c79f66b
11-30 20:44:02.234  2503  2868 V WindowManagerShell:  try handler com.oplus.zoom.transition.ZoomTransitionController@f4b1065
11-30 20:44:02.234  2503  2868 V WindowManagerShell:  try handler com.android.wm.shell.transition.DefaultMixedHandler@512f13a
11-30 20:44:02.234  2503  2868 V WindowManagerShell:  try handler com.android.wm.shell.keyguard.KeyguardTransitionHandler@c5a6eb3
11-30 20:44:02.234  2503  2868 V WindowManagerShell:  try handler com.android.wm.shell.activityembedding.ActivityEmbeddingController@1addc70
11-30 20:44:02.234  2503  2868 V WindowManagerShell:  try handler com.android.wm.shell.recents.RecentsTransitionHandler@ed12be9
11-30 20:44:02.234  2503  2868 V WindowManagerShell: RecentsTransitionHandler.startAnimation: no controller found
11-30 20:44:02.234  2503  2868 V WindowManagerShell:  try handler com.android.wm.shell.pip.PipTransition@9a6e06e
11-30 20:44:02.235  2503  2868 V WindowManagerShell:  try handler com.android.wm.shell.splitscreen.StageCoordinator@783430f
11-30 20:44:02.235  2503  2868 V WindowManagerShell:  try handler com.oplus.flexibleactivity.FlexibleActivityTransitionHandler@c879da5
11-30 20:44:02.235  2503  2868 V WindowManagerShell:  try handler OnePuttTransitionHandler
11-30 20:44:02.235  2503  2868 V WindowManagerShell:  try handler com.android.wm.shell.flexibletask.FlexibleTaskTransitionHandler@1668507
11-30 20:44:02.236  1947  1999 D ActivityTaskManager: Clearing startingData for activity=ActivityRecord{60860fe u0 com.android.launcher/.Launcher t5} mStartingData=null mStartingSurface=null
11-30 20:44:02.236  2503  2868 V WindowManagerShell:  try handler com.android.wm.shell.transition.RemoteTransitionHandler@f98f634
11-30 20:44:02.236  2503  2868 V WindowManagerShell: Transition doesn't have explicit remote, search filters for match for {id=5014 t=CLOSE f=0x0 trk=0 r=[0@Point(0, 0)] c=[{WCT{android.window.IWindowContainerToken$Stub$Proxy@ea3c0} m=TO_FRONT f=SHOW_WALLPAPER leash=Surface(name=Task=1)/@0xd967654 sb=Rect(0, 0 - 1080, 2400) eb=Rect(0, 0 - 1080, 2400) d=0},{WCT{android.window.IWindowContainerToken$Stub$Proxy@2a068f9} m=CLOSE f=NONE leash=Surface(name=Task=10529)/@0xa1629fd sb=Rect(0, 0 - 1080, 2400) eb=Rect(0, 0 - 1080, 2400) d=0},{null m=TO_FRONT f=IS_WALLPAPER leash=Surface(name=WallpaperWindowToken{a45aa2a token=android.os.Binder@1825715})/@0x2e926f2 sb=Rect(0, 0 - 1080, 2400) eb=Rect(0, 0 - 1080, 2400) d=0}] extendInfo=[OplusTransitionExtendedInfo{mTmpFinishT=null, mInOplusCompatMode=false, mIsProcessRunning=false, mHasMismatchBoundsTarget=false, mRecentsController=null, mIsTranslucentActivityToHome=false, mAvoidInterceptKeyEventToHome=false, mIsFromHome=false, mParentLeash=null, mIsOplusAnimRes=false, mIsBalAllow=false}]}
11-30 20:44:02.236  2503  2868 V WindowManagerShell:  Checking filter Pair{{types=[] flags=0x0] notFlags=0x100 checks=[{atype=home independent=true modes=[OPEN,TO_FRONT] flags=NONE mustBeTask=false order=TOP topActivity=ComponentInfo{com.android.launcher/com.android.launcher.Launcher}},{atype=standard independent=true modes=[CLOSE,TO_BACK] flags=NONE mustBeTask=false order=ANY topActivity=null}]} RemoteTransition { remoteTransition = android.window.IRemoteTransition$Stub$Proxy@f5cdc5d, recentAnimRunner = null, appThread = android.app.IApplicationThread$Stub$Proxy@29c59d2, debugName = QuickstepLaunchHome }}
11-30 20:44:02.236  2503  2868 D RemoteTransitionHandler: Found filterPair{{types=[] flags=0x0] notFlags=0x100 checks=[{atype=home independent=true modes=[OPEN,TO_FRONT] flags=NONE mustBeTask=false order=TOP topActivity=ComponentInfo{com.android.launcher/com.android.launcher.Launcher}},{atype=standard independent=true modes=[CLOSE,TO_BACK] flags=NONE mustBeTask=false order=ANY topActivity=null}]} RemoteTransition { remoteTransition = android.window.IRemoteTransition$Stub$Proxy@f5cdc5d, recentAnimRunner = null, appThread = android.app.IApplicationThread$Stub$Proxy@29c59d2, debugName = QuickstepLaunchHome }}
11-30 20:44:02.236  2503  2868 V WindowManagerShell:  Delegate animation for #5014 to RemoteTransition { remoteTransition = android.window.IRemoteTransition$Stub$Proxy@f5cdc5d, recentAnimRunner = null, appThread = android.app.IApplicationThread$Stub$Proxy@29c59d2, debugName = QuickstepLaunchHome }
11-30 20:44:02.244  2503  2868 V WindowManagerShell:  animated by com.android.wm.shell.transition.RemoteTransitionHandler@f98f634
11-30 20:44:02.254  7867  7867 I AppWidgetManager: updateAppWidgetIds, mPackageName: com.coloros.alarmclock, appWidgetIds: [27], views:android.widget.RemoteViews@461dbad
11-30 20:44:02.256  1947  2258 I AppWidgetServiceImpl: handleNotifyUpdateAppWidget,appWidgetId: 27,packageName:com.coloros.alarmclock
11-30 20:44:02.258  1947  4284 I BLASTSyncEngine: onCommitted syncId: 5014, timeout: falseran: false
11-30 20:44:02.274  1947  2786 D InputMethodManagerService: isSecurity: attribute.packageName = com.android.launcher mCurMethodId = com.google.android.inputmethod.latin/com.android.inputmethod.latin.LatinIME isSecurity = false ( enable = false needShow = false inBlackList = false isExist = true )
11-30 20:44:02.277  1947  4284 V AutofillInlineSuggestionsRequestSession: onInputMethodFinishInput() received
11-30 20:44:02.279  1947  2786 V AutofillInlineSuggestionsRequestSession: onInputMethodStartInput() received on 0
11-30 20:44:02.284  1947  4493 W PackageConfigPersister: App-specific configuration not found for packageName: com.android.launcher and userId: 0
11-30 20:44:02.290  1947  2000 D SurfaceAnimationRunner: onAnimationEnd:Surface(name=Surface(name=Dim Layer for - Task=10529)/@0x1355e9f - animation-leash of dimmer)/@0xaaa6d3c
11-30 20:44:02.327  3031  3031 I Quality : Skipped: true 1 cost 13.732053 refreshRate 11098509 bit true processName com.android.launcher
11-30 20:44:02.368  1947  2000 D SurfaceAnimationRunner: onAnimationEnd:Surface(name=Surface(name=2281bbc com.android.settings/com.android.settings.Settings$DeviceAdminSettingsActivity)/@0xf0153c0 - animation-leash of window_animation)/@0xf4f2128
11-30 20:44:02.370  1947  1999 I WindowManager: Window{2281bbc u0 com.android.settings/com.android.settings.Settings$DeviceAdminSettingsActivity EXITING} state from HAS_DRAWN to NO_SURFACE; reason: destroySurface
11-30 20:44:02.713  3031  3031 D AppWidgetHostView: inflateAsync(rvToApply), appWidgetId: 27
11-30 20:44:02.717  2503  2868 V WindowManagerShell: Transition animation finished (aborted=false), notifying core (#5014)android.os.BinderProxy@b3b22c1@0
11-30 20:44:02.721  1947  1995 V WindowManager: Finish Transition #5014: created at 11-30 20:44:02.077 collect-started=0.018ms request-sent=0.977ms started=14.941ms ready=54.245ms sent=152.201ms finished=643.474ms
11-30 20:44:02.723  1947  4284 D Transition: finishTransition ar ActivityRecord{4191593 u0 com.android.settings/.Settings$DeviceAdminSettingsActivity t10529 f}}, isVisibleRequested=false, state=STOPPING, visibleAtTransitionEndTokens={ActivityRecord{60860fe u0 com.android.launcher/.Launcher t5}, WallpaperWindowToken{a45aa2a token=android.os.Binder@1825715}}, this=TransitionRecord{5061ca3 id=5014 track=0 type=CLOSE flags=0x0}
11-30 20:44:02.723  1947  4284 D ActivityTaskManager: commitVisibility: ActivityRecord{4191593 u0 com.android.settings/.Settings$DeviceAdminSettingsActivity t10529 f}}: visible=false visibleRequested=false, isInTransition=false, runningAnimation=false 
11-30 20:44:02.723  1947  4284 D WindowManager: NFW_setClientVisible:ActivityRecord{4191593 u0 com.android.settings/.Settings$DeviceAdminSettingsActivity t10529 f}} clientVisible:false
11-30 20:44:02.724  1947  4284 D Transition: finishTransition ar ActivityRecord{60860fe u0 com.android.launcher/.Launcher t5}, isVisibleRequested=true, state=RESUMED, visibleAtTransitionEndTokens={ActivityRecord{60860fe u0 com.android.launcher/.Launcher t5}, WallpaperWindowToken{a45aa2a token=android.os.Binder@1825715}}, this=TransitionRecord{5061ca3 id=5014 track=0 type=CLOSE flags=0x0}
11-30 20:44:02.724  1947  4284 I OplusAppSwitchManagerService:  handleAppVisible , r = ActivityRecord{60860fe u0 com.android.launcher/.Launcher t5}
11-30 20:44:02.725  1947  4284 D OplusTransitionController: finishTransition, transition: TransitionRecord{5061ca3 id=5014 track=0 type=CLOSE flags=0x0}
11-30 20:44:02.726  1947  4284 D TransitionController: NFW_send RECOMPUTE_FOCUS in finishTransition
11-30 20:44:02.727  2503  2868 D ShellTaskOrganizer: onTransitionFinish, isRecent:false
11-30 20:44:02.727  2503  2868 V WindowManagerShell: Track 0 became idle
11-30 20:44:02.727  2503  2868 V WindowManagerShell: All active transition animations finished
11-30 20:44:02.731  1947  1998 D WindowManager: NFW_findFocusedWindowIfNeeded:Window{899f638 u0 com.android.launcher/com.android.launcher.Launcher} mCurrentFocus:Window{899f638 u0 com.android.launcher/com.android.launcher.Launcher}
11-30 20:44:02.735  1947  1999 D OplusSplitScreenManagerService: com.android.settings unSupportsSplitScreen by blockList or ForbidActivityList
11-30 20:44:02.735  1947  1999 I TaskOrganizerController: onTaskInfoChanged taskid 10529 config { mBounds=Rect(0, 0 - 1080, 2400) mAppBounds=Rect(0, 110 - 1080, 2400) mMaxBounds=Rect(0, 0 - 1080, 2400) mDisplayRotation=ROTATION_0 mWindowingMode=fullscreen mDisplayWindowingMode=fullscreen mActivityType=standard mAlwaysOnTop=undefined mRotation=ROTATION_0}
11-30 20:44:02.735  1947  1999 D FlexibleWindowManager: onFlexibleWindowTaskInfoChanged: mTaskId = 10529 oldIsTaskEmbedded = false   curIsTaskEmbedded = false  topActivity = null
11-30 20:44:02.735  1947  1999 D FlexibleWindowManager: onFlexibleWindowTaskInfoChanged, return for cur task not embedded
11-30 20:44:02.748  1947  2786 D WindowManagerServiceExtImpl: extractConfigInfoAndRealFlags rotation=0, screenDp=360, win=Window{98a8106 u0 com.android.settings/com.android.settings.Settings$DeviceAdminSettingsActivity}
11-30 20:44:02.752  1947  2786 V WindowManager: Relayout Window{98a8106 u0 com.android.settings/com.android.settings.Settings$DeviceAdminSettingsActivity}: viewVisibility=8, oldvis=0, req=1080x2400, vsysui=LAYOUT_STABLE LAYOUT_HIDE_NAVIGATION LAYOUT_FULLSCREEN IMMERSIVE_STICKY LIGHT_STATUS_BAR LIGHT_NAVIGATION_BAR
11-30 20:44:02.757  1947  2786 D WindowManager: NFW_findFocusedWindowIfNeeded:Window{899f638 u0 com.android.launcher/com.android.launcher.Launcher} mCurrentFocus:Window{899f638 u0 com.android.launcher/com.android.launcher.Launcher}
11-30 20:44:02.759 12253 12253 D VRI[Settings$DeviceAdminSettingsActivity]: relayoutWindow result, sizeChanged:false, surfaceControlChanged:true, transformHintChanged:false, mSurfaceSize:Point(1080, 2400), mLastSurfaceSize:Point(1080, 2400), mWidth:1080, mHeight:2400, requestedWidth:1080, requestedHeight:2400, transformHint:0, lastTransformHint:0, installOrientation:0, displayRotation:0, isSurfaceValid:false, attr.flag:-2122252032, useBlast:true, tmpFrames:ClientWindowFrames{frame=[0,0][1080,2400] display=[0,0][1080,2400] parentFrame=[0,0][0,0]}, relayoutAsync:false, mSyncSeqId:0
11-30 20:44:02.765  1947  2786 V AutofillManagerServiceImpl: updateSessionLocked(): session gone for 2147483647(1000)
11-30 20:44:02.773  1947  4284 D CoreBackPreview: Window{98a8106 u0 com.android.settings/com.android.settings.Settings$DeviceAdminSettingsActivity}: Setting back callback null
11-30 20:44:02.775  1947  4284 I WindowManager: Window{98a8106 u0 com.android.settings/com.android.settings.Settings$DeviceAdminSettingsActivity} state from HAS_DRAWN to NO_SURFACE; reason: destroySurface
11-30 20:44:02.781  1947  4284 D WindowManager: NFW_findFocusedWindowIfNeeded:Window{899f638 u0 com.android.launcher/com.android.launcher.Launcher} mCurrentFocus:Window{899f638 u0 com.android.launcher/com.android.launcher.Launcher}
11-30 20:44:02.783  1947  4284 D SnapshotCache: removeRunningEntry id: 10529, callers=com.android.server.wm.SnapshotCache.onAppRemoved:71 com.android.server.wm.AbsAppSnapshotController.onAppRemoved:616 com.android.server.wm.SnapshotController.onAppRemoved:205 
11-30 20:44:02.783  1947  4284 D ActivityTaskManager: removeAppToken: ActivityRecord{4191593 u0 com.android.settings/.Settings$DeviceAdminSettingsActivity t10529 f}} delayed=false parent=Task{6265dc9 #10529 type=standard A=1000:com.android.settings} animating=false Callers=com.android.server.wm.DisplayContent.removeAppToken:1683 com.android.server.wm.ActivityRecord.removeFromHistory:4783 com.android.server.wm.ActivityRecord.destroyed:4876 com.android.server.wm.ActivityClientController.activityDestroyed:333 
11-30 20:44:02.786  1947  4284 D OplusMirageWindowManagerService: onTaskRemoved displayid:0 taskId:10529 callers:com.android.server.wm.MirageWindowManagerExtImpl.onTaskRemoved:47 com.android.server.wm.TaskDisplayArea.removeChildTask:394 com.android.server.wm.TaskDisplayArea.removeChild:383 com.android.server.wm.WindowContainer.removeImmediately:908 com.android.server.wm.TaskFragment.removeImmediately:3381 
11-30 20:44:02.786  1947  4284 I OplusScreenSecurityMask: onStackRemoved task = Task{6265dc9 #10529 type=standard A=1000:com.android.settings} record = null displayId = 0
11-30 20:44:02.792  1947  1999 D OplusFlexibleWindowMinimizedManagerHelper: onTaskVanished taskInfo:10529 task:Task{6265dc9 #10529 type=standard A=1000:com.android.settings}
11-30 20:44:02.792  1947  1999 I FlexibleTaskController: releaseFlexibleTaskCaptionView task=Task{6265dc9 #10529 type=standard A=1000:com.android.settings} reason=onFlexibleTaskVanished
11-30 20:44:02.792  1947  1999 D OplusFlexibleWindowMinimizedManagerHelper: onTaskVanished taskInfo:10529 task:Task{6265dc9 #10529 type=standard A=1000:com.android.settings}
11-30 20:44:02.792  1947  1999 I FlexibleTaskController: releaseFlexibleTaskCaptionView task=Task{6265dc9 #10529 type=standard A=1000:com.android.settings} reason=onFlexibleTaskVanished
11-30 20:44:02.793  1947  4284 D ActivityTaskManager: Skipping, invisible task: Task{fdaf3e5 #5 type=home I=com.android.launcher/.Launcher}
11-30 20:44:02.794  1947  4284 D OplusAppListInterceptManager: shouldFilterTask
11-30 20:44:02.794  1947  4284 D OplusAppListInterceptManager: shouldFilterTask::packageName = com.android.settings
11-30 20:44:02.794  1947  4284 D OplusSplitScreenManagerService: com.android.settings unSupportsSplitScreen by blockList or ForbidActivityList
11-30 20:44:02.794  1947  4284 D OplusAppListInterceptManager: shouldFilterTask
11-30 20:44:02.794  1947  4284 D OplusAppListInterceptManager: shouldFilterTask::packageName = com.android.settings
11-30 20:44:02.794  1947  4284 D OplusSplitScreenManagerService: com.android.settings unSupportsSplitScreen by blockList or ForbidActivityList
11-30 20:44:02.794  1947  4284 D OplusAppListInterceptManager: shouldFilterTask
11-30 20:44:02.794  1947  4284 D OplusAppListInterceptManager: shouldFilterTask::packageName = com.oplus.ota
11-30 20:44:02.794  1947  4284 D OplusAppListInterceptManager: shouldFilterTask
11-30 20:44:02.794  1947  4284 D OplusAppListInterceptManager: shouldFilterTask::packageName = com.google.android.youtube
11-30 20:44:02.794  1947  4284 D OplusAppListInterceptManager: shouldFilterTask
11-30 20:44:02.794  1947  4284 D OplusAppListInterceptManager: shouldFilterTask::packageName = com.google.android.gm
11-30 20:44:02.794  1947  4284 D OplusAppListInterceptManager: shouldFilterTask
11-30 20:44:02.794  1947  4284 D OplusAppListInterceptManager: shouldFilterTask::packageName = me.zhanghai.android.files
11-30 20:44:02.794  1947  4284 D OplusAppListInterceptManager: shouldFilterTask
11-30 20:44:02.794  1947  4284 D OplusAppListInterceptManager: shouldFilterTask::packageName = com.android.settings
11-30 20:44:02.794  1947  4284 D OplusSplitScreenManagerService: com.android.settings unSupportsSplitScreen by blockList or ForbidActivityList
11-30 20:44:02.794  1947  4284 D OplusAppListInterceptManager: shouldFilterTask
11-30 20:44:02.794  1947  4284 D OplusAppListInterceptManager: shouldFilterTask::packageName = com.nextcloud.client
11-30 20:44:02.794  1947  4284 D OplusAppListInterceptManager: shouldFilterTask
11-30 20:44:02.794  1947  4284 D OplusAppListInterceptManager: shouldFilterTask::packageName = mega.privacy.android.app
11-30 20:44:02.795  1947  4284 D ActivityTaskManager: after skip size 9
11-30 20:44:02.797  1947  1996 I FlexibleTaskController: destroyFlexibleDragleash  currBounds=null
11-30 20:44:02.797  1947  1996 I FlexibleTaskController: destroyFlexibleDragleash  currBounds=null
11-30 20:44:02.801  1947  4284 D ActivityTaskManager: Skipping, invisible task: Task{fdaf3e5 #5 type=home I=com.android.launcher/.Launcher}
11-30 20:44:02.801  1947  4284 D OplusAppListInterceptManager: shouldFilterTask
11-30 20:44:02.801  1947  4284 D OplusAppListInterceptManager: shouldFilterTask::packageName = com.android.settings
11-30 20:44:02.801  1947  4284 D OplusSplitScreenManagerService: com.android.settings unSupportsSplitScreen by blockList or ForbidActivityList
11-30 20:44:02.802  1947  4284 D OplusAppListInterceptManager: shouldFilterTask
11-30 20:44:02.802  1947  4284 D OplusAppListInterceptManager: shouldFilterTask::packageName = com.android.settings
11-30 20:44:02.802  1947  4284 D OplusSplitScreenManagerService: com.android.settings unSupportsSplitScreen by blockList or ForbidActivityList
11-30 20:44:02.803  1947  4284 D OplusAppListInterceptManager: shouldFilterTask
11-30 20:44:02.803  1947  4284 D OplusAppListInterceptManager: shouldFilterTask::packageName = com.oplus.ota
11-30 20:44:02.803  1947  4284 D OplusAppListInterceptManager: shouldFilterTask
11-30 20:44:02.803  1947  4284 D OplusAppListInterceptManager: shouldFilterTask::packageName = com.google.android.youtube
11-30 20:44:02.803  1947  4284 D OplusAppListInterceptManager: shouldFilterTask
11-30 20:44:02.803  1947  4284 D OplusAppListInterceptManager: shouldFilterTask::packageName = com.google.android.gm
11-30 20:44:02.803  1947  4284 D OplusAppListInterceptManager: shouldFilterTask
11-30 20:44:02.803  1947  4284 D OplusAppListInterceptManager: shouldFilterTask::packageName = me.zhanghai.android.files
11-30 20:44:02.803  1947  4284 D OplusAppListInterceptManager: shouldFilterTask
11-30 20:44:02.803  1947  4284 D OplusAppListInterceptManager: shouldFilterTask::packageName = com.android.settings
11-30 20:44:02.803  1947  4284 D OplusSplitScreenManagerService: com.android.settings unSupportsSplitScreen by blockList or ForbidActivityList
11-30 20:44:02.803  1947  4284 D OplusAppListInterceptManager: shouldFilterTask
11-30 20:44:02.803  1947  4284 D OplusAppListInterceptManager: shouldFilterTask::packageName = com.nextcloud.client
11-30 20:44:02.803  1947  4284 D OplusAppListInterceptManager: shouldFilterTask
11-30 20:44:02.803  1947  4284 D OplusAppListInterceptManager: shouldFilterTask::packageName = mega.privacy.android.app
11-30 20:44:02.803  1947  4284 D ActivityTaskManager: after skip size 9
11-30 20:44:02.823  1947  4284 D WindowManagerServiceExtImpl: extractConfigInfoAndRealFlags rotation=0, screenDp=720, win=Window{57e9837 u0 InputMethod}
11-30 20:44:02.824  1947  4284 V WindowManager: Relayout Window{57e9837 u0 InputMethod}: viewVisibility=8, oldvis=0, req=1080x2290, vsysui=LIGHT_NAVIGATION_BAR
11-30 20:44:02.825  1947  4284 I WindowManager: Window{57e9837 u0 InputMethod} state from HAS_DRAWN to NO_SURFACE; reason: destroySurface
11-30 20:44:02.830  3031  3031 W VRI[Launcher]: handleResized abandoned!
11-30 20:44:02.831  1947  4284 D WindowManager: NFW_findFocusedWindowIfNeeded:Window{899f638 u0 com.android.launcher/com.android.launcher.Launcher} mCurrentFocus:Window{899f638 u0 com.android.launcher/com.android.launcher.Launcher}
11-30 20:44:02.831  2503  2503 W VRI[StatusBar]: handleResized abandoned!
11-30 20:44:02.831  2503  2503 W VRI[NavigationBar_displayId_0]: handleResized abandoned!
11-30 20:44:02.842  3031  3031 W VRI[Launcher]: handleResized abandoned!
11-30 20:44:02.842  2503  2503 W VRI[StatusBar]: handleResized abandoned!
11-30 20:44:02.843  2503  2503 W VRI[NavigationBar_displayId_0]: handleResized abandoned!
11-30 20:44:03.768  1947  1998 I DisplayDeviceRepository: Display device changed: DisplayDeviceInfo{"Built-in Screen": uniqueId="local:4627039422300187648", 1080 x 2400, modeId 5, renderFrameRate 45.0, defaultModeId 1, supportedModes [{id=1, width=1080, height=2400, fps=90.0, alternativeRefreshRates=[45.0, 48.000004, 50.0, 60.0], supportedHdrTypes=[]}, {id=2, width=1080, height=2400, fps=60.0, alternativeRefreshRates=[45.0, 48.000004, 50.0, 90.0], supportedHdrTypes=[]}, {id=3, width=1080, height=2400, fps=50.0, alternativeRefreshRates=[45.0, 48.000004, 60.0, 90.0], supportedHdrTypes=[]}, {id=4, width=1080, height=2400, fps=48.000004, alternativeRefreshRates=[45.0, 50.0, 60.0, 90.0], supportedHdrTypes=[]}, {id=5, width=1080, height=2400, fps=45.0, alternativeRefreshRates=[48.000004, 50.0, 60.0, 90.0], supportedHdrTypes=[]}], colorMode 0, supportedColorModes [0], hdrCapabilities HdrCapabilities{mSupportedHdrTypes=[], mMaxLuminance=500.0, mMaxAverageLuminance=500.0, mMinLuminance=0.0}, allmSupported false, gameContentTypeSupported false, density 480, 391.885 x 390.769 dpi, appVsyncOff 19066666, presDeadline 28600000, cutout DisplayCutout{insets=Rect(0, 110 - 0, 0) waterfall=Insets{left=0, top=0, right=0, bottom=0} boundingRect={Bounds=[Rect(0, 0 - 0, 0), Rect(498, 0 - 582, 110), Rect(0, 0 - 0, 0), Rect(0, 0 - 0, 0)]} cutoutPathParserInfo={CutoutPathParserInfo{displayWidth=1080 displayHeight=2400 physicalDisplayWidth=1080 physicalDisplayHeight=2400 density={3.0} cutoutSpec={M -42,0 L -42,110 L 42,110 L 42,0 Z} rotation={0} scale={1.0} physicalPixelDisplaySizeRatio={1.0}}}}, touch INTERNAL, rotation 0, type INTERNAL, address {port=0, model=0x40368bd6e7ee6c}, deviceProductInfo DeviceProductInfo{name=MTKDEV, manufacturerPnpId=MTK, productId=35638, modelYear=null, manufactureDate=ManufactureDate{week=42, year=2021}, connectionToSinkType=0}, state ON, committedState ON, frameRateOverride , brightnessMinimum 0.0, brightnessMaximum 1.0, brightnessDefault 1630.4689, hdrSdrRatio 1.0, backlightType 0, FLAG_ALLOWED_TO_BE_DEFAULT_DISPLAY, FLAG_ROTATES_WITH_CONTENT, FLAG_SECURE, FLAG_SUPPORTS_PROTECTED_BUFFERS, FLAG_TRUSTED, installOrientation 0, displayShape DisplayShape{ spec=1406003047 displayWidth=1080 displayHeight=2400 physicalPixelDisplaySizeRatio=1.0 rotation=0 offsetX=0 offsetY=0 scale=1.0}}
11-30 20:44:03.768  1947  1998 D LogicalDisplayExt: set displayInfo flag FLAG_ROTATES_WITH_CONTENT
11-30 20:44:03.770  1947  1998 D DisplayManagerServiceExtImpl: scheduleTraversalLocked intraversal=false
11-30 20:44:03.770  1947  1998 I DisplayManagerServiceExtImpl: handle logical display changed logicalDisplay=id=0,stack=0,content=true,displayInfo{stack=0,type=1,id=0,uId=local:4627039422300187648,state=ON,pkg=null}
11-30 20:44:03.770  1947  1998 D DisplayManagerService: Delivering display event: displayId=0, event=2
11-30 20:44:03.771  1947  1947 I WallpaperManagerServiceExt: removeDisplayData. displayId = 0
11-30 20:44:03.772  2386  2386 D CastManagerService: onDisplayChanged.
11-30 20:44:03.773  1947  1998 D DisplayManagerService: Ignore redundant display event 0/2 to 10342/3927
11-30 20:44:03.774  1947  1998 D DisplayManagerService: Ignore redundant display event 0/2 to 10295/6091
11-30 20:44:03.774  1947  1998 D DisplayManagerService: Ignore redundant display event 0/2 to 10320/6305
11-30 20:44:03.774  1947  1998 D DisplayManagerService: Ignore redundant display event 0/2 to 10247/7720
11-30 20:44:03.774  1947  1996 D OplusVFXScreenEffectFeature: notifySFCompatWindowStateChange entered false
11-30 20:44:03.775  1947  1996 D FlexibleWindowManager: physicalDisplayChangedForFlexibleWindow displayId 0, current display info 1080 x 2400, new display info 1080 x 2400
11-30 20:44:03.775  1947  1996 D FlexibleWindowManager: physicalDisplayChangedForFlexibleWindow return for unsupported devices
11-30 20:44:03.775  1947  1996 D FSS_FoldScreenBlackCoverController: displayChangeToOn, dc:Display{#0 state=ON size=1080x2400 ROTATION_0}
11-30 20:44:03.775  1947  1998 D DisplayManagerService: Ignore redundant display event 0/2 to 10148/21894
11-30 20:44:03.775  1947  1998 D DisplayManagerService: Ignore redundant display event 0/2 to 10318/22353
11-30 20:44:03.775  1947  1998 D DisplayManagerService: Ignore redundant display event 0/2 to 10350/29404
11-30 20:44:03.776  1947  1998 D DisplayManagerService: Ignore redundant display event 0/2 to 10274/30311
11-30 20:44:03.776  1947  1998 D DisplayManagerService: Ignore redundant display event 0/2 to 10153/30908
11-30 20:44:03.777  1947  1998 D DisplayManagerService: Ignore redundant display event 0/2 to 10419/31762
11-30 20:44:03.777  1947  1998 D DisplayManagerService: Ignore redundant display event 0/2 to 10422/32598
11-30 20:44:03.777  1947  1998 D DisplayManagerService: MSG_REQUEST_TRAVERSAL pendingCompleted=false
11-30 20:44:03.778  1947  1999 D DisplayManagerService: performTraversalInternal pendingTraversal
11-30 20:44:03.779  1947  1999 D DisplayDevice: setLayerStackLocked id=local:4627039422300187648 token=android.os.BinderProxy@8a9ed20 stack=0->0
11-30 20:44:03.817  1947  2041 D VRR [OPlusRefreshRateService]: handleConfigIdChange physicalDisplayId: 4627039422300187648 configId: 4 renderPeriod: 22222222
11-30 20:44:04.637  1947  2171 D PowerManagerService: userActivityNoUpdateLocked: groupId=0, eventTime=232254118, event=touch, flags=0x0, uid=1000
11-30 20:44:04.700  1947  1998 I DisplayDeviceRepository: Display device changed: DisplayDeviceInfo{"Built-in Screen": uniqueId="local:4627039422300187648", 1080 x 2400, modeId 1, renderFrameRate 90.0, defaultModeId 1, supportedModes [{id=1, width=1080, height=2400, fps=90.0, alternativeRefreshRates=[45.0, 48.000004, 50.0, 60.0], supportedHdrTypes=[]}, {id=2, width=1080, height=2400, fps=60.0, alternativeRefreshRates=[45.0, 48.000004, 50.0, 90.0], supportedHdrTypes=[]}, {id=3, width=1080, height=2400, fps=50.0, alternativeRefreshRates=[45.0, 48.000004, 60.0, 90.0], supportedHdrTypes=[]}, {id=4, width=1080, height=2400, fps=48.000004, alternativeRefreshRates=[45.0, 50.0, 60.0, 90.0], supportedHdrTypes=[]}, {id=5, width=1080, height=2400, fps=45.0, alternativeRefreshRates=[48.000004, 50.0, 60.0, 90.0], supportedHdrTypes=[]}], colorMode 0, supportedColorModes [0], hdrCapabilities HdrCapabilities{mSupportedHdrTypes=[], mMaxLuminance=500.0, mMaxAverageLuminance=500.0, mMinLuminance=0.0}, allmSupported false, gameContentTypeSupported false, density 480, 391.885 x 390.769 dpi, appVsyncOff 7955555, presDeadline 17488889, cutout DisplayCutout{insets=Rect(0, 110 - 0, 0) waterfall=Insets{left=0, top=0, right=0, bottom=0} boundingRect={Bounds=[Rect(0, 0 - 0, 0), Rect(498, 0 - 582, 110), Rect(0, 0 - 0, 0), Rect(0, 0 - 0, 0)]} cutoutPathParserInfo={CutoutPathParserInfo{displayWidth=1080 displayHeight=2400 physicalDisplayWidth=1080 physicalDisplayHeight=2400 density={3.0} cutoutSpec={M -42,0 L -42,110 L 42,110 L 42,0 Z} rotation={0} scale={1.0} physicalPixelDisplaySizeRatio={1.0}}}}, touch INTERNAL, rotation 0, type INTERNAL, address {port=0, model=0x40368bd6e7ee6c}, deviceProductInfo DeviceProductInfo{name=MTKDEV, manufacturerPnpId=MTK, productId=35638, modelYear=null, manufactureDate=ManufactureDate{week=42, year=2021}, connectionToSinkType=0}, state ON, committedState ON, frameRateOverride , brightnessMinimum 0.0, brightnessMaximum 1.0, brightnessDefault 1630.4689, hdrSdrRatio 1.0, backlightType 0, FLAG_ALLOWED_TO_BE_DEFAULT_DISPLAY, FLAG_ROTATES_WITH_CONTENT, FLAG_SECURE, FLAG_SUPPORTS_PROTECTED_BUFFERS, FLAG_TRUSTED, installOrientation 0, displayShape DisplayShape{ spec=1406003047 displayWidth=1080 displayHeight=2400 physicalPixelDisplaySizeRatio=1.0 rotation=0 offsetX=0 offsetY=0 scale=1.0}}
11-30 20:44:04.700  1947  1998 D LogicalDisplayExt: set displayInfo flag FLAG_ROTATES_WITH_CONTENT
11-30 20:44:04.702  1947  1998 D DisplayManagerServiceExtImpl: scheduleTraversalLocked intraversal=false
11-30 20:44:04.702  1947  1998 I DisplayManagerServiceExtImpl: handle logical display changed logicalDisplay=id=0,stack=0,content=true,displayInfo{stack=0,type=1,id=0,uId=local:4627039422300187648,state=ON,pkg=null}
11-30 20:44:04.702  1947  1998 D DisplayManagerService: Delivering display event: displayId=0, event=2
11-30 20:44:04.703  1947  1947 I WallpaperManagerServiceExt: removeDisplayData. displayId = 0
11-30 20:44:04.704  1947  1998 D DisplayManagerService: Ignore redundant display event 0/2 to 10342/3927
11-30 20:44:04.704  1947  1998 D DisplayManagerService: Ignore redundant display event 0/2 to 10295/6091
11-30 20:44:04.705  1947  1998 D DisplayManagerService: Ignore redundant display event 0/2 to 10320/6305
11-30 20:44:04.705  1947  1998 D DisplayManagerService: Ignore redundant display event 0/2 to 10247/7720
11-30 20:44:04.705  1947  1998 D DisplayManagerService: Ignore redundant display event 0/2 to 10314/8061
11-30 20:44:04.706  1947  1998 D DisplayManagerService: Ignore redundant display event 0/2 to 10148/21894
11-30 20:44:04.707  1947  1998 D DisplayManagerService: Ignore redundant display event 0/2 to 10318/22353
11-30 20:44:04.707  1947  1998 D DisplayManagerService: Ignore redundant display event 0/2 to 10350/29404
11-30 20:44:04.707  1947  1996 D OplusVFXScreenEffectFeature: notifySFCompatWindowStateChange entered false
11-30 20:44:04.708  1947  1996 D FlexibleWindowManager: physicalDisplayChangedForFlexibleWindow displayId 0, current display info 1080 x 2400, new display info 1080 x 2400
11-30 20:44:04.708  1947  1996 D FlexibleWindowManager: physicalDisplayChangedForFlexibleWindow return for unsupported devices
11-30 20:44:04.709  1947  1996 D FSS_FoldScreenBlackCoverController: displayChangeToOn, dc:Display{#0 state=ON size=1080x2400 ROTATION_0}
11-30 20:44:04.709  1947  1998 D DisplayManagerService: Ignore redundant display event 0/2 to 10274/30311
11-30 20:44:04.709  1947  1998 D DisplayManagerService: Ignore redundant display event 0/2 to 10153/30908
11-30 20:44:04.709  1947  1998 D DisplayManagerService: Ignore redundant display event 0/2 to 10419/31762
11-30 20:44:04.709  1947  1998 D DisplayManagerService: Ignore redundant display event 0/2 to 10422/32598
11-30 20:44:04.710  1947  1998 D DisplayManagerService: MSG_REQUEST_TRAVERSAL pendingCompleted=false
11-30 20:44:04.711  2386  2386 D CastManagerService: onDisplayChanged.
11-30 20:44:04.711  1947  1999 D DisplayManagerService: performTraversalInternal pendingTraversal
11-30 20:44:04.712  1947  1999 D DisplayDevice: setLayerStackLocked id=local:4627039422300187648 token=android.os.BinderProxy@8a9ed20 stack=0->0
11-30 20:44:04.728  2503  3657 V OplusCustomizeCacheManager: queryCache name: sys.cache.common_customize_cache18014 param: null
11-30 20:44:04.728  2503  3657 V OplusCustomizeCacheManager: queryCache name: sys.cache.common_customize_cache18017 param: Bundle[{SETTING=BLOCK, BUSINESS=NCT-DATA}]
11-30 20:44:04.728  2503  3657 V OplusCustomizeCacheManager: start recompute
11-30 20:44:04.729  2503  3657 V OplusCustomizeCacheManager: queryCache name: sys.cache.common_customize_cache18013 param: null
11-30 20:44:04.749  1947  2041 D VRR [OPlusRefreshRateService]: handleConfigIdChange physicalDisplayId: 4627039422300187648 configId: 0 renderPeriod: 11111111
11-30 20:44:04.772  1947  4493 I VibratorManagerServiceExtImpl: cancelVibrate uid=1000, pid=1947, usageFilter=-15, token=86409605
11-30 20:44:04.784  1947  4493 D WindowManagerServiceExtImpl: extractConfigInfoAndRealFlags rotation=0, screenDp=720, win=Window{8d4ae3d u0 NotificationShade}
11-30 20:44:04.784  1947  4493 V WindowManager: Relayout Window{8d4ae3d u0 NotificationShade}: viewVisibility=0, oldvis=4, req=1080x2400, vsysui=, x=0, y=0
11-30 20:44:04.784  1947  4493 I WindowManager: Window{8d4ae3d u0 NotificationShade} state from NO_SURFACE to DRAW_PENDING; reason: resetDrawState
11-30 20:44:04.793  1947  4493 D WindowManager: NFW_findFocusedWindowIfNeeded:Window{8d4ae3d u0 NotificationShade} mCurrentFocus:Window{899f638 u0 com.android.launcher/com.android.launcher.Launcher}
11-30 20:44:04.794  1947  4493 V WindowManager: Changing focus from Window{899f638 u0 com.android.launcher/com.android.launcher.Launcher} to Window{8d4ae3d u0 NotificationShade},diplayid=0
11-30 20:44:04.800  2503  2503 W VRI[NotificationShade]: updateBlastSurfaceIfNeeded, surfaceSize:Point(1080, 2400), lastSurfaceSize:Point(1080, 2400), format:-3, blastBufferQueue:null
11-30 20:44:04.833  1947  4500 I WindowManager: Window{8d4ae3d u0 NotificationShade} state from DRAW_PENDING to COMMIT_DRAW_PENDING; reason: finishDrawingLocked
11-30 20:44:04.837  1947  1999 I WindowManager: Window{8d4ae3d u0 NotificationShade} state from COMMIT_DRAW_PENDING to READY_TO_SHOW; reason: commitFinishDrawingLocked
11-30 20:44:04.837  1947  1999 I WindowManager: Window{8d4ae3d u0 NotificationShade} state from READY_TO_SHOW to HAS_DRAWN; reason: performShowLocked
11-30 20:44:04.847  2503  3657 V OplusCustomizeCacheManager: queryCache name: sys.cache.common_customize_cache18014 param: null
11-30 20:44:04.848  2503  3657 V OplusCustomizeCacheManager: queryCache name: sys.cache.common_customize_cache18017 param: Bundle[{SETTING=BLOCK, BUSINESS=NCT-DATA}]
11-30 20:44:04.848  2503  3657 V OplusCustomizeCacheManager: start recompute
11-30 20:44:04.849  2503  3657 V OplusCustomizeCacheManager: queryCache name: sys.cache.common_customize_cache18013 param: null
11-30 20:44:04.859  2503  3657 V OplusCustomizeCacheManager: queryCache name: sys.cache.common_customize_cache18014 param: null
11-30 20:44:04.859  2503  3657 V OplusCustomizeCacheManager: queryCache name: sys.cache.common_customize_cache18017 param: Bundle[{SETTING=BLOCK, BUSINESS=NCT-DATA}]
11-30 20:44:04.859  2503  3657 V OplusCustomizeCacheManager: start recompute
11-30 20:44:04.860  2503  3657 V OplusCustomizeCacheManager: queryCache name: sys.cache.common_customize_cache18013 param: null
11-30 20:44:04.863  2503  3657 V OplusCustomizeCacheManager: queryCache name: sys.cache.common_customize_cache18014 param: null
11-30 20:44:04.863  2503  3657 V OplusCustomizeCacheManager: queryCache name: sys.cache.common_customize_cache18017 param: Bundle[{SETTING=BLOCK, BUSINESS=NCT-DATA}]
11-30 20:44:04.863  2503  3657 V OplusCustomizeCacheManager: start recompute
11-30 20:44:04.864  2503  3657 V OplusCustomizeCacheManager: queryCache name: sys.cache.common_customize_cache18013 param: null
11-30 20:44:04.866  2503  3657 V OplusCustomizeCacheManager: queryCache name: sys.cache.common_customize_cache18014 param: null
11-30 20:44:04.867  2503  3657 V OplusCustomizeCacheManager: queryCache name: sys.cache.common_customize_cache18017 param: Bundle[{SETTING=BLOCK, BUSINESS=NCT-DATA}]
11-30 20:44:04.867  2503  3657 V OplusCustomizeCacheManager: start recompute
11-30 20:44:04.869  2503  3657 V OplusCustomizeCacheManager: queryCache name: sys.cache.common_customize_cache18013 param: null
11-30 20:44:05.144  1947  1947 E ServiceConnector.Impl: Failed to unbind: java.lang.IllegalArgumentException: Service not registered: ServiceConnector@847(Intent { act=android.service.autofill.AutofillService cmp=com.x8bit.bitwarden/.Autofill.AutofillService mCallingUid=1000 }, user: 0)[Unbinding...]
11-30 20:44:05.238 12253 12253 D ActivityThread: do gfx trim 40 success
11-30 20:44:05.396  1947  2008 I ActivityManager: Killing 6412:com.microsoft.emmx/u0a310 (adj 975): empty #25
11-30 20:44:05.442  1947  4502 I ActivityManager: Death received, pid = 6412, processName = com.microsoft.emmx for thread android.os.BinderProxy@6a5c71a
11-30 20:44:05.448  1947  2764 W FlexibleWindowManager: handleAppDiedLocked return, current context is not support PocketStudio
11-30 20:44:05.451  1947  1996 D DisplayManagerService: Drop pending events for gone uid 10310
11-30 20:44:05.453  1947  1996 D MBrainLocalService: isVendorFreezeConditionPass is false
11-30 20:44:05.453  1947  1996 E MBrainLocalService: notifyAppSwitch failed
11-30 20:44:06.383  1947  2171 D PowerManagerService: userActivityNoUpdateLocked: groupId=0, eventTime=232255866, event=touch, flags=0x0, uid=1000
11-30 20:44:07.144  1947  2171 D PowerManagerService: userActivityNoUpdateLocked: groupId=0, eventTime=232256626, event=touch, flags=0x0, uid=1000
11-30 20:44:07.207  1947  4502 W PackageManager: package com.google.android.apps.messaging uid 10238 pid 7908 call SetEnabledSetting(com.google.android.apps.messaging component = com.google.android.apps.messaging.shared.receiver.SmsReceiver, 2, 0)
11-30 20:44:07.207  1947  4502 W OplusCustomizeService: try to disable com.google.android.apps.messaging
11-30 20:44:07.208  1947  4502 W PackageManager: package com.google.android.apps.messaging uid 10238 pid 7908 call SetEnabledSetting(com.google.android.apps.messaging component = com.google.android.apps.messaging.shared.receiver.TelephonyChangeReceiver, 1, 0)
11-30 20:44:07.209  1947  4502 W PackageManager: package com.google.android.apps.messaging uid 10238 pid 7908 call SetEnabledSetting(com.google.android.apps.messaging component = com.google.android.apps.messaging.shared.receiver.DefaultSmsPackageChangedReceiver, 1, 0)
11-30 20:44:07.211  1947  4502 W PackageManager: package com.google.android.apps.messaging uid 10238 pid 7908 call SetEnabledSetting(com.google.android.apps.messaging component = com.google.android.apps.messaging.shared.receiver.RestoreReceiver, 1, 0)
11-30 20:44:07.215  1947  4502 W PackageManager: package com.google.android.apps.messaging uid 10238 pid 7908 call SetEnabledSetting(com.google.android.apps.messaging component = com.google.android.apps.messaging.shared.receiver.SmsRejectedReceiver, 2, 0)
11-30 20:44:07.215  1947  4502 W OplusCustomizeService: try to disable com.google.android.apps.messaging
11-30 20:44:07.216  1947  4502 W PackageManager: package com.google.android.apps.messaging uid 10238 pid 7908 call SetEnabledSetting(com.google.android.apps.messaging component = com.google.android.apps.messaging.ui.conversationlist.VideoShareIntentActivity, 1, 0)
11-30 20:44:07.598  1947  4502 W PackageManager: package com.google.android.apps.messaging uid 10238 pid 7908 call SetEnabledSetting(com.google.android.apps.messaging component = com.google.android.ims.binding.SystemBindingService, 1, 0)
11-30 20:44:07.636  1947  4502 W PackageManager: package com.google.android.apps.messaging uid 10238 pid 7908 call SetEnabledSetting(com.google.android.apps.messaging component = com.google.android.ims.binding.SystemBindingService, 1, 0)
11-30 20:44:07.672  1947  4502 W PackageManager: package com.google.android.apps.messaging uid 10238 pid 7908 call SetEnabledSetting(com.google.android.apps.messaging component = com.google.android.apps.messaging.auto.MessagingTemplateScreenServiceModule, 1, 0)
11-30 20:44:07.699  1947  2038 D OplusFeatureHDREnhanceBrightness: checkIsPlayingHDR isPlayingHDR=0 rotation=0 whiteApp=false battery=30
11-30 20:44:07.731  1947  4502 W PackageManager: package com.google.android.apps.messaging uid 10238 pid 7908 call SetEnabledSetting(com.google.android.apps.messaging component = com.google.android.apps.messaging.shared.fcm.impl.BugleFirebaseMessagingService, 1, 0)
11-30 20:44:07.778  1947  4502 W ProcessStats: Tracking association SourceState{4a41ff5 com.google.android.apps.messaging/10238 ImpBg #1154461} whose proc state 6 is better than process ProcessState{556a3b0 com.google.android.gms/10108 pkg=com.google.android.gms} proc state 14 (125 skipped)
11-30 20:44:08.070  1947  2171 D PowerManagerService: userActivityNoUpdateLocked: groupId=0, eventTime=232257553, event=touch, flags=0x0, uid=1000
11-30 20:44:08.135  2503  3657 V OplusCustomizeCacheManager: queryCache name: sys.cache.common_customize_cache18014 param: null
11-30 20:44:08.135  2503  3657 V OplusCustomizeCacheManager: queryCache name: sys.cache.common_customize_cache18017 param: Bundle[{SETTING=BLOCK, BUSINESS=NCT-DATA}]
11-30 20:44:08.135  2503  3657 V OplusCustomizeCacheManager: start recompute
11-30 20:44:08.136  2503  3657 V OplusCustomizeCacheManager: queryCache name: sys.cache.common_customize_cache18013 param: null
11-30 20:44:08.164  2386  5052 I OplusEngineerConfig: [isEngineerItemInBlackList] mActivitySwitch=false
11-30 20:44:08.164  2386 32355 I OplusEngineerService: [isEngineerItemInBlackList]type=1,item=com.android.settings/com.android.settings.Settings$DeviceAdminSettingsActivity,dealtime=1,result=false
11-30 20:44:08.166  1947  4502 D WindowManager: NFW_setClientVisible:ActivityRecord{4118fee u0 com.android.settings/.Settings$DeviceAdminSettingsActivity clientVisible:true
11-30 20:44:08.168  1947  4502 D OplusZoomWindowRUSConfigManager: isSupportZoomModeWithPolicyLocked: target = com.android.settings/.Settings$DeviceAdminSettingsActivity
11-30 20:44:08.168  1947  4502 D OplusZoomWindowRUSConfigManager: targetPkg = com.android.settings
11-30 20:44:08.168  1947  4502 I OplusZoomWindowRUSConfigManager: target pkg is unsupport zoom window mode
11-30 20:44:08.168  1947  4502 D FlexibleWindowManager: isIgnoreAppearedAcrossTask:false
11-30 20:44:08.168  1947  4502 D FlexibleTaskController: adjustOptionsForFlexibleTask skip adjust options reason:2
11-30 20:44:08.169  1947  4502 D FlexibleWindowManager: no reused task found for ActivityRecord{4118fee u0 com.android.settings/.Settings$DeviceAdminSettingsActivity t-1}
11-30 20:44:08.173  1947  4502 I OplusScreenSecurityMask: onStackAdded task = Task{414b1c #10530 type=standard} record = null displayId = 0
11-30 20:44:08.173  1947  4502 I OplusScreenSecurityMask: onStackAdded task = Task{414b1c #10530 type=standard A=1000:com.android.settings} record = null displayId = 0
11-30 20:44:08.176  1947  4502 D OplusSplitScreenManagerService: com.android.settings unSupportsSplitScreen by blockList or ForbidActivityList
11-30 20:44:08.176  1947  4502 D OplusSplitScreenManagerService: com.android.settings unSupportsSplitScreen by blockList or ForbidActivityList
11-30 20:44:08.177  1947  4502 D OplusSplitScreenManagerService: com.android.settings unSupportsSplitScreen by blockList or ForbidActivityList
11-30 20:44:08.177  1947  4502 D OplusSplitScreenManagerService: com.android.settings unSupportsSplitScreen by blockList or ForbidActivityList
11-30 20:44:08.178  1947  4502 D OplusStartingWindowManager: reviseWindowFlagsForStarting ar =:ActivityRecord{4118fee u0 com.android.settings/.Settings$DeviceAdminSettingsActivity t10530}, activityCreated =:false, RUS version:20250313
11-30 20:44:08.178  1947  4502 D OplusStartingWindowManager: reviseWindowFlagsForStarting: newTask=true, taskSwitch=true, processRunning=true, preloadAppInfo=PreloadAppInfo{,token =: com.android.settings/.Settings$DeviceAdminSettingsActivity,splashKey =: 0-com.android.settings/.Settings$DeviceAdminSettingsActivity,forceWindowPreviewForCallApp =: true,startFrom =: 0,supportWindowPreviewForApp =: true,processRunningState =: 0,splashDrawableSource =: 2,isSplitScreenWindowMode =: false,mIsTransferred =: false}
11-30 20:44:08.178  1947  4502 D ActivityTaskManager: validateStartingWindowTheme: Pkg=com.android.settings, Translucent=false, Floating=false, ShowWallpaper=false, Disable=false, LaunchSource=3
11-30 20:44:08.178  1947  4502 D ActivityRecordExtImpl: handleStartingWindowForCompactWindow origin type:2, adjustType : 2
11-30 20:44:08.179  1947  4502 E OplusAppQuickStart_AppQuickStartController: attachExStartingSurface not support issue ar:ActivityRecord{4118fee u0 com.android.settings/.Settings$DeviceAdminSettingsActivity t10530} type:2
11-30 20:44:08.179  1947  4502 D OplusSplitScreenManagerService: com.android.settings unSupportsSplitScreen by blockList or ForbidActivityList
11-30 20:44:08.179  1947  4502 D OplusSplitScreenManagerService: com.android.settings unSupportsSplitScreen by blockList or ForbidActivityList
11-30 20:44:08.212  1947  4502 D OplusZoomStarter: findSourceZoomTask: the caller is not a zoom window application and does not have a zoom windowMode startup parameter
11-30 20:44:08.212  1947  4502 D OplusZoomWindowRUSConfigManager: isSupportZoomModeWithPolicyLocked: target = com.android.settings/.Settings$DeviceAdminSettingsActivity
11-30 20:44:08.212  1947  4502 D OplusZoomWindowRUSConfigManager: targetPkg = com.android.settings
11-30 20:44:08.212  1947  4502 I OplusZoomWindowRUSConfigManager: target pkg is unsupport zoom window mode
11-30 20:44:08.213  2503  2935 D PhoneStartingWindowTypeAlgorithm: preferredStartingWindowType newTask=true, taskSwitch=true, processRunning=true, allowTaskSnapshot=true, activityCreated=false, isSolidColorSplashScreen=true, legacySplashScreen=false, activityDrawn=false, windowless=false, topIsHome=false
11-30 20:44:08.213  2503  2935 D OplusShellStartingWindowManager: getReviseStartingWindowType not support, windowInfo is null
11-30 20:44:08.215  1947  4502 D ActivityTaskManager: notifyTaskRemoved, task: Task{6265dc9 #10529 type=standard A=1000:com.android.settings} trace:com.android.server.wm.RecentTasks.removeForAddTask:1701 com.android.server.wm.RecentTasks.add:1263 com.android.server.wm.ActivityStarter.startActivityInner:2440 com.android.server.wm.ActivityStarter.startActivityUnchecked:1798 com.android.server.wm.ActivityStarter.executeRequest:1555 
11-30 20:44:08.215  1947  4502 D ActivityTaskManager: notifyTaskAdded, task: Task{414b1c #10530 type=standard A=1000:com.android.settings} trace:com.android.server.wm.RecentTasks.add:1278 com.android.server.wm.ActivityStarter.startActivityInner:2440 com.android.server.wm.ActivityStarter.startActivityUnchecked:1798 com.android.server.wm.ActivityStarter.executeRequest:1555 com.android.server.wm.ActivityStarter.execute:845 
11-30 20:44:08.216  2503  2935 D ShellStartingWindow: getWindowAttrs window attributes color: 0, replace icon: false
11-30 20:44:08.216  1947  4502 D OplusSplitScreenManagerService: com.android.settings unSupportsSplitScreen by blockList or ForbidActivityList
11-30 20:44:08.216  1947  4502 D OplusSplitScreenManagerService: com.android.settings unSupportsSplitScreen by blockList or ForbidActivityList
11-30 20:44:08.217  2503  2936 D OplusShellStartingWindowManager: isSupportSplashScreenPreview support, windowInfo=StartingWindowInfo{taskId=10530 targetActivityInfo=null displayId=0 topActivityType=1 preferredStartingWindowType=af insetsState=null topWindowLayoutParams=null mainWindowLayoutParams=null splashScreenThemeResId 7f14004f
11-30 20:44:08.217  1947  4502 D OplusSplitScreenManagerService: com.android.settings unSupportsSplitScreen by blockList or ForbidActivityList
11-30 20:44:08.217  1947  4502 D OplusSplitScreenManagerService: com.android.settings unSupportsSplitScreen by blockList or ForbidActivityList
11-30 20:44:08.217  2503  2936 D OplusShellStartingWindowManager: isSystemApp support, windowInfo=StartingWindowInfo{taskId=10530 targetActivityInfo=null displayId=0 topActivityType=1 preferredStartingWindowType=af insetsState=null topWindowLayoutParams=null mainWindowLayoutParams=null splashScreenThemeResId 7f14004f
11-30 20:44:08.217  2503  2936 D OplusShellStartingWindowManager: isSupportSplashScreenPreview support, windowInfo=StartingWindowInfo{taskId=10530 targetActivityInfo=null displayId=0 topActivityType=1 preferredStartingWindowType=af insetsState=null topWindowLayoutParams=null mainWindowLayoutParams=null splashScreenThemeResId 7f14004f
11-30 20:44:08.217  2503  2936 D ShellStartingWindow: inconsize = 0
11-30 20:44:08.217  1947  4502 I ActivityTaskManager: START u0 {flg=0x50000000 cmp=com.android.settings/.Settings$DeviceAdminSettingsActivity mCallingUid=1000} with LAUNCH_MULTIPLE from uid 10223 (realCallingUid=10198) (BAL_ALLOW_PENDING_INTENT) result code=0
