11-30 20:44:08.845  1947  2789 I WindowManager: Window{899f638 u0 com.android.launcher/com.android.launcher.Launcher} state from HAS_DRAWN to NO_SURFACE; reason: destroySurface
11-30 20:44:08.846  1947  2789 D ActivityTaskManager: Clearing startingData for activity=ActivityRecord{60860fe u0 com.android.launcher/.Launcher t5} mStartingData=null mStartingSurface=null
11-30 20:44:08.852  1947  4054 D OplusTransitionAnimationManager: skipFinishDrawingIfNeed clientRotation=0, currentRotation=0, hasFixedRotationApp=false, requestedOrientation=-1, win=Window{d213c67 u0 com.android.settings/com.android.settings.Settings$DeviceAdminSettingsActivity}, activity=ActivityRecord{4118fee u0 com.android.settings/.Settings$DeviceAdminSettingsActivity t10530}, currentConfig={1.0 ??mcc??mnc [en_DZ] ldltr sw360dp w360dp h763dp 480dpi nrml long port finger -keyb/v/h -nav/h winConfig={ mBounds=Rect(0, 0 - 1080, 2400) mAppBounds=Rect(0, 110 - 1080, 2400) mMaxBounds=Rect(0, 0 - 1080, 2400) mDisplayRotation=ROTATION_0 mWindowingMode=fullscreen mDisplayWindowingMode=fullscreen mActivityType=standard mAlwaysOnTop=undefined mRotation=ROTATION_0} s.1 fontWeightAdjustment=0mThemeChanged= 0, mThemeChangedFlags= 0, mFlipFont= 0, mScenario= 0, mAccessibleChanged= -1, mUxIconConfig= 3468921665126662433, mMaterialColor= 0, mUserId= 0, mFontUserId= 0, mFontVariationSettings= 226, mFoldingAngle = -1.0, mIconPackName= , mDarkModeBackgroundMaxL= 0.0, mDarkModeDialogBgMaxL= 27.0, mDarkModeForegroundMinL= 100.0, mOplusConfigType= 1, mOplusChangedConfigs= 0, OpSans= -1, mBurmeseFontFlag= 2, mFlag= 0, mFlexibleActivitySuitable= -1, mPuttDisplayFlag= -1}
11-30 20:44:08.855  1947  2344 D OplusSplitScreenManagerService: com.android.settings unSupportsSplitScreen by blockList or ForbidActivityList
11-30 20:44:08.855  1947  2344 D OplusSplitScreenManagerService: com.android.settings unSupportsSplitScreen by blockList or ForbidActivityList
11-30 20:44:08.858  1947  4054 D CoreBackPreview: Window{913cb0 u0 com.android.settings/com.android.settings.Settings$DeviceAdminSettingsActivity}: Setting back callback OnBackInvokedCallbackInfo{mCallback=android.window.IOnBackInvokedCallback$Stub$Proxy@224fa47, mPriority=0, mIsAnimationCallback=false}
11-30 20:44:08.860  1947  2789 V WindowManager: Relayout Window{913cb0 u0 com.android.settings/com.android.settings.Settings$DeviceAdminSettingsActivity}: viewVisibility=0, oldvis=0, req=1080x1010, vsysui=LIGHT_STATUS_BAR, x=0, y=0
11-30 20:44:08.860  1947  2789 I WindowManager: Window{913cb0 u0 com.android.settings/com.android.settings.Settings$DeviceAdminSettingsActivity} state from NO_SURFACE to DRAW_PENDING; reason: resetDrawState
11-30 20:44:08.867  1947  2789 D WindowManager: NFW_findFocusedWindowIfNeeded:Window{913cb0 u0 com.android.settings/com.android.settings.Settings$DeviceAdminSettingsActivity} mCurrentFocus:Window{913cb0 u0 com.android.settings/com.android.settings.Settings$DeviceAdminSettingsActivity}
11-30 20:44:08.878  1947  4054 V AutofillManagerServiceImpl: startSession(): token=Token{457b325 ActivityRecord{4118fee u0 com.android.settings/.Settings$DeviceAdminSettingsActivity t10530}}, flags=0, forAugmentedAutofillOnly=false
11-30 20:44:08.879  1947  4054 V AutofillSession: updateLocked(734383401): id=1073741829@734383401, action=START_SESSION, flags=0
11-30 20:44:08.880  1947  4054 V AutofillSession: updateLocked(734383401): mCurrentViewId=null, mExpiredResponse=false, viewState=null
11-30 20:44:08.880  1947  4054 V AutofillSession: Creating viewState for 1073741829@734383401
11-30 20:44:08.880  1947  4054 V AutofillManagerServiceImpl: pccEnabled: false
11-30 20:44:08.880  1947  4054 V AutofillSession: Requesting structure for request #1 ,requestId=138, flags=0
11-30 20:44:08.881  1947  4054 V AutofillManagerServiceImpl: pccEnabled: false
11-30 20:44:08.881  1947  1947 V RemoteInlineSuggestionRenderService: handlePendingRequest(): com.android.internal.infra.AbstractRemoteService$MyAsyncPendingRequest@283739d
11-30 20:44:08.881  1947  1947 V RemoteInlineSuggestionRenderService: not scheduling unbind when value is 0
11-30 20:44:08.882  1947  1947 D AutofillInlineSuggestionsRequestSession: onCreateInlineSuggestionsRequestLocked called: 1073741829@734383401
11-30 20:44:08.883  1947  2789 D AutofillInlineSuggestionsRequestSession: onInlineSuggestionsSessionInvalidated() called.
11-30 20:44:08.894  1947  2789 I WindowManager: Window{913cb0 u0 com.android.settings/com.android.settings.Settings$DeviceAdminSettingsActivity} state from DRAW_PENDING to COMMIT_DRAW_PENDING; reason: finishDrawingLocked
11-30 20:44:08.896 12253 12253 I Quality : Skipped: false 4 cost 46.833767 refreshRate 11097804 bit true processName com.android.settings
11-30 20:44:08.896  1947  1999 I WindowManager: Window{913cb0 u0 com.android.settings/com.android.settings.Settings$DeviceAdminSettingsActivity} state from COMMIT_DRAW_PENDING to READY_TO_SHOW; reason: commitFinishDrawingLocked
11-30 20:44:08.896  1947  1999 D ActivityTaskManager: Clearing startingData for activity=ActivityRecord{4118fee u0 com.android.settings/.Settings$DeviceAdminSettingsActivity t10530} mStartingData=null mStartingSurface=null
11-30 20:44:08.900  1947  1999 I SurfaceAnimationRunner: startAnimation requiresEdgeExtension=false, animationLeash=Surface(name=Surface(name=913cb0 com.android.settings/com.android.settings.Settings$DeviceAdminSettingsActivity)/@0x7a04012 - animation-leash of window_animation)/@0x2acf3e3, runningAnim=com.android.server.wm.SurfaceAnimationRunner$RunningAnimation@a8531e0, mPreProcessingAnimations={}
11-30 20:44:08.901  1947  1999 I WindowManager: Window{913cb0 u0 com.android.settings/com.android.settings.Settings$DeviceAdminSettingsActivity} state from READY_TO_SHOW to HAS_DRAWN; reason: performShowLocked
11-30 20:44:08.904  1947  2000 D SurfaceAnimationRunner: onAnimationStart:Surface(name=Surface(name=913cb0 com.android.settings/com.android.settings.Settings$DeviceAdminSettingsActivity)/@0x7a04012 - animation-leash of window_animation)/@0x2acf3e3
11-30 20:44:08.909  1947  1999 I SurfaceAnimationRunner: startAnimation requiresEdgeExtension=false, animationLeash=Surface(name=Surface(name=Dim Layer for - Task=10530)/@0x43e4b5e - animation-leash of dimmer)/@0x230eb3f, runningAnim=com.android.server.wm.SurfaceAnimationRunner$RunningAnimation@83b8c0c, mPreProcessingAnimations={}
11-30 20:44:08.915  1947  2000 D SurfaceAnimationRunner: onAnimationStart:Surface(name=Surface(name=Dim Layer for - Task=10530)/@0x43e4b5e - animation-leash of dimmer)/@0x230eb3f
11-30 20:44:08.916  1947  1999 D ActivityTaskManager: Clearing startingData for activity=ActivityRecord{4118fee u0 com.android.settings/.Settings$DeviceAdminSettingsActivity t10530} mStartingData=null mStartingSurface=null
11-30 20:44:08.917  1947  1999 D ActivityTaskManager: Clearing startingData for activity=ActivityRecord{4118fee u0 com.android.settings/.Settings$DeviceAdminSettingsActivity t10530} mStartingData=null mStartingSurface=null
11-30 20:44:08.921  1947  4054 V AutofillSession: New structure for requestId 138: android.app.assist.AssistStructure@e1fbf6a
11-30 20:44:08.923  1947  4054 V SessionExtImpl: isOplusAutofillService(): remoteServiceComponentName = ComponentInfo{com.x8bit.bitwarden/com.x8bit.bitwarden.Autofill.AutofillService}
11-30 20:44:08.924  1947  4054 V AutofillManagerServiceImpl: pccEnabled: false
11-30 20:44:08.924  1947  4054 D AutofillSession: createPendingIntent for request 138
11-30 20:44:08.924  1947  4054 V SessionExtImpl: isOplusAutofillService(): remoteServiceComponentName = ComponentInfo{com.x8bit.bitwarden/com.x8bit.bitwarden.Autofill.AutofillService}
11-30 20:44:08.924  1947  4054 D ContentCapturePerUserService: Notified activity assist data for activity: Token{457b325 ActivityRecord{4118fee u0 com.android.settings/.Settings$DeviceAdminSettingsActivity t10530}} without a session Id
11-30 20:44:08.925 12253 12253 I Quality : Skipped: false 1 cost 20.438322 refreshRate 11096459 bit true processName com.android.settings
11-30 20:44:08.937  1947  4054 D InputMethodManagerService: isSecurity: attribute.packageName = com.android.settings mCurMethodId = com.google.android.inputmethod.latin/com.android.inputmethod.latin.LatinIME isSecurity = false ( enable = false needShow = false inBlackList = false isExist = true )
11-30 20:44:08.945 12253 12253 I Quality : Skipped: true 1 cost 17.991566 refreshRate 11095682 bit true processName com.android.settings
11-30 20:44:08.952  1947  2796 D AutofillInlineSuggestionsRequestSession: onInlineSuggestionsRequest() received: InlineSuggestionsRequest { maxSuggestionCount = 9, inlinePresentationSpecs = [InlinePresentationSpec { minSize = 102x132, maxSize = 720x132, style = Bundle[mParcelledData.dataSize=2900] }, InlinePresentationSpec { minSize = 102x132, maxSize = 720x132, style = Bundle[mParcelledData.dataSize=2900] }, InlinePresentationSpec { minSize = 102x132, maxSize = 720x132, style = Bundle[mParcelledData.dataSize=2900] }, InlinePresentationSpec { minSize = 102x132, maxSize = 720x132, style = Bundle[mParcelledData.dataSize=2900] }, InlinePresentationSpec { minSize = 102x132, maxSize = 720x132, style = Bundle[mParcelledData.dataSize=2900] }, InlinePresentationSpec { minSize = 102x132, maxSize = 720x132, style = Bundle[mParcelledData.dataSize=2900] }, InlinePresentationSpec { minSize = 102x132, maxSize = 720x132, style = Bundle[mParcelledData.dataSize=2900] }, InlinePresentationSpec { minSize = 102x132, maxSize = 720x132, style = Bundle[mParcelledData.dataSize=2900] }, InlinePresentationSpec { minSize = 102x132, maxSize = 720x132, style = Bundle[mParcelledData.dataSize=2900] }], hostPackageName = com.google.android.inputmethod.latin, supportedLocales = [fr_FR,en_US], extras = Bundle[EMPTY_PARCEL], hostInputToken = android.os.BinderProxy@ad1c1a4, hostDisplayId = 0, inlineTooltipPresentationSpec = null }
11-30 20:44:08.953  1947  2796 V AutofillInlineSuggestionsRequestSession: onInputMethodShowInputRequested() received: true
11-30 20:44:08.954  1947  1947 V AutofillInlineSuggestionsRequestSession: maybeUpdateResponseToImeLocked called
11-30 20:44:08.954  1947  1947 V SessionExtImpl: isOplusAutofillService(): remoteServiceComponentName = ComponentInfo{com.x8bit.bitwarden/com.x8bit.bitwarden.Autofill.AutofillService}
11-30 20:44:08.955  1947  2352 V AutofillInlineSuggestionsRequestSession: onInputMethodStartInputView() received
11-30 20:44:08.957  1947  1947 V RemoteFillService: onFillRequest:FillRequest { id = 138, fillContexts = [FillContext [reqId=138, focusedId=1073741829@734383401]], hints = [], clientState = null, flags = [], inlineSuggestionsRequest = InlineSuggestionsRequest { maxSuggestionCount = 9, inlinePresentationSpecs = [InlinePresentationSpec { minSize = 102x132, maxSize = 720x132, style = Bundle[mParcelledData.dataSize=2900] }, InlinePresentationSpec { minSize = 102x132, maxSize = 720x132, style = Bundle[mParcelledData.dataSize=2900] }, InlinePresentationSpec { minSize = 102x132, maxSize = 720x132, style = Bundle[mParcelledData.dataSize=2900] }, InlinePresentationSpec { minSize = 102x132, maxSize = 720x132, style = Bundle[mParcelledData.dataSize=2900] }, InlinePresentationSpec { minSize = 102x132, maxSize = 720x132, style = Bundle[mParcelledData.dataSize=2900] }, InlinePresentationSpec { minSize = 102x132, maxSize = 720x132, style = Bundle[mParcelledData.dataSize=2900] }, InlinePresentationSpec { minSize = 102x132, maxSize = 720x132, style = Bundle[mParcelledData.dataSize=2900] }, InlinePresentationSpec { minSize = 102x132, maxSize = 720x132, style = Bundle[mParcelledData.dataSize=2900] }, InlinePresentationSpec { minSize = 102x132, maxSize = 720x132, style = Bundle[mParcelledData.dataSize=2900] }], hostPackageName = com.google.android.inputmethod.latin, supportedLocales = [fr_FR,en_US], extras = Bundle[EMPTY_PARCEL], hostInputToken = android.os.BinderProxy@ad1c1a4, hostDisplayId = 0, inlineTooltipPresentationSpec = null }, delayedFillIntentSender = IntentSender{6b29bd3: PendingIntentRecord{db8d310 android broadcastIntent}} }
11-30 20:44:08.958  1947  1947 V FillRequestEventLogger: Log AutofillFillRequestReported: requestId=138 sessionId=734383401 mAutofillServiceUid=10314 mInlineSuggestionHostUid=10248 mIsAugmented=false mIsClientSuggestionFallback=false mIsFillDialogEligible=false mRequestTriggerReason=4 mFlags=0 mLatencyFillRequestSentMillis=79 mAppPackageUid=1000
11-30 20:44:08.958  1947  1947 V AutofillInlineSuggestionsRequestSession: maybeUpdateResponseToImeLocked called
11-30 20:44:08.968  1947  2786 W PackageConfigPersister: App-specific configuration not found for packageName: com.android.settings and userId: 0
11-30 20:44:08.980  1947  1947 V RemoteFillService: calling onFillRequest() for id=138
11-30 20:44:08.981  1947  2124 D CompatibilityChangeReporter: Compat change id reported: 265195908; UID 10314; state: ENABLED
11-30 20:44:09.004  1947  2786 D CoreBackPreview: Window{913cb0 u0 com.android.settings/com.android.settings.Settings$DeviceAdminSettingsActivity}: Setting back callback OnBackInvokedCallbackInfo{mCallback=android.window.IOnBackInvokedCallback$Stub$Proxy@c5ed71a, mPriority=0, mIsAnimationCallback=false}
11-30 20:44:09.010  1947  1947 V AutofillManagerServiceImpl: pccEnabled: false
11-30 20:44:09.011  1947  2786 D WindowManagerServiceExtImpl: extractConfigInfoAndRealFlags rotation=0, screenDp=720, win=Window{57e9837 u0 InputMethod}
11-30 20:44:09.011  1947  1947 V FillResponseEventLogger: Log AutofillFillResponseReported: requestId=138 sessionId=734383401 mAppPackageUid=1000 mDisplayPresentationType=0 mAvailableCount=0 mSaveUiTriggerIds=-1 mLatencyFillResponseReceivedMillis=132 mAuthenticationType=0 mAuthenticationResult=0 mAuthenticationFailureReason=-1 mLatencyAuthenticationUiDisplayMillis=-1 mLatencyDatasetDisplayMillis=-1 mResponseStatus=2 mLatencyResponseProcessingMillis=-1 mAvailablePccCount=-1 mAvailablePccOnlyCount=-1 mTotalDatasetsProvided=0 mDetectionPref=0
11-30 20:44:09.011  1947  1947 V AutofillSession: triggerAugmentedAutofillLocked(): com.android.settings/.Settings$DeviceAdminSettingsActivity not whitelisted 
11-30 20:44:09.011  1947  1947 V AutofillSession: canceling session 734383401 when service returned null and it cannot be augmented. AutofillableIds: [1073741825@734383401, 1073741826@734383401, 1073741827@734383401, 1073741828@734383401, 1073741829@734383401]
11-30 20:44:09.011  1947  1947 V AutofillSession: removeFromServiceLocked(734383401): null
11-30 20:44:09.011  1947  1947 W FillRequestEventLogger: Shouldn't be logging AutofillFillRequestReported again for same event
11-30 20:44:09.011  1947  1947 W FillResponseEventLogger: Shouldn't be logging AutofillFillRequestReported again for same event
11-30 20:44:09.011  1947  1947 V PresentationStatsEventLogger: Log AutofillPresentationEventReported: requestId=138 sessionId=734383401 mNoPresentationEventReason=0 mAvailableCount=0 mCountShown=0 mCountFilteredUserTyping=0 mCountNotShownImePresentationNotDrawn=0 mCountNotShownImeUserNotSeen=0 mDisplayPresentationType=0 mAutofillServiceUid=10314 mInlineSuggestionHostUid=-1 mIsRequestTriggered=true mFillRequestSentTimestampMs=79 mFillResponseReceivedTimestampMs=132 mSuggestionSentTimestampMs=0 mSuggestionPresentedTimestampMs=0 mSelectedDatasetId=-1 mDialogDismissed=false mNegativeCtaButtonClicked=false mPositiveCtaButtonClicked=false mAuthenticationType=0 mAuthenticationResult=0 mLatencyAuthenticationUiDisplayMillis=-1 mLatencyDatasetDisplayMillis=-1 mAvailablePccCount=-1 mAvailablePccOnlyCount=-1 mSelectedDatasetPickedReason=0 mDetectionPreference=0
11-30 20:44:09.011  1947  1947 V SaveEventLogger: Log AutofillSaveEventReported: requestId=0 sessionId=734383401 mAppPackageUid=-1 mSaveUiTriggerIds=-1 mFlag=-1 mIsNewField=false mSaveUiShownReason=0 mSaveUiNotShownReason=0 mSaveButtonClicked=false mCancelButtonClicked=false mDialogDismissed=false mIsSaved=false mLatencySaveUiDisplayMillis=0 mLatencySaveRequestMillis=0 mLatencySaveFinishMillis=0 mIsFrameworkCreatedSaveInfo=false
11-30 20:44:09.011  1947  2786 V WindowManager: Relayout Window{57e9837 u0 InputMethod}: viewVisibility=0, oldvis=8, req=1080x2290, vsysui=LIGHT_NAVIGATION_BAR, x=0, y=0
11-30 20:44:09.011  1947  1947 V SessionCommittedEventLogger: Log AutofillSessionCommitted: sessionId=734383401 mComponentPackageUid=1000 mRequestCount=1 mCommitReason=5 mSessionDurationMillis=132
11-30 20:44:09.011  1947  1947 D AutofillSession: clearPendingIntentLocked
11-30 20:44:09.011  1947  2786 I WindowManager: Window{57e9837 u0 InputMethod} state from NO_SURFACE to DRAW_PENDING; reason: resetDrawState
11-30 20:44:09.011  1947  1947 D AutofillInlineSuggestionsRequestSession: onInlineSuggestionsResponseLocked called for:1073741829@734383401
11-30 20:44:09.012  1947  1947 V AutofillInlineSuggestionsRequestSession: maybeUpdateResponseToImeLocked called
11-30 20:44:09.012  1947  1947 D AutofillInlineSuggestionsRequestSession: maybeNotifyFillUiEventLoked(): hasSuggestionToShow=false, mPreviousHasNonPinSuggestionShow=false
11-30 20:44:09.012  1947  1947 D AutofillInlineSuggestionsRequestSession: Send inline response: 0
11-30 20:44:09.012  1947  1996 D AutofillUI: destroySaveUiUiThread(): already destroyed
11-30 20:44:09.012  1947  1947 V AutofillSession: destroyLocked(): logging 1 requests
11-30 20:44:09.012  1947  1947 V RemoteInlineSuggestionRenderService: handlePendingRequest(): com.android.internal.infra.AbstractRemoteService$MyAsyncPendingRequest@207b24b
11-30 20:44:09.018  1947  1947 V RemoteInlineSuggestionRenderService: not scheduling unbind when value is 0
11-30 20:44:09.022  1947  2786 D WindowManager: NFW_findFocusedWindowIfNeeded:Window{913cb0 u0 com.android.settings/com.android.settings.Settings$DeviceAdminSettingsActivity} mCurrentFocus:Window{913cb0 u0 com.android.settings/com.android.settings.Settings$DeviceAdminSettingsActivity}
11-30 20:44:09.022  2503  2503 W VRI[StatusBar]: handleResized abandoned!
11-30 20:44:09.022 12253 12253 W VRI[Settings$DeviceAdminSettingsActivity]: handleResized abandoned!
11-30 20:44:09.023 12253 12253 W VRI[Settings$DeviceAdminSettingsActivity]: handleResized abandoned!
11-30 20:44:09.023  2503  2503 W VRI[NavigationBar_displayId_0]: handleResized abandoned!
11-30 20:44:09.024 30463 30463 W VRI[InputMethod]: updateBlastSurfaceIfNeeded, surfaceSize:Point(1080, 2290), lastSurfaceSize:Point(1080, 2290), format:-2, blastBufferQueue:null
11-30 20:44:09.037 12253 12253 W VRI[Settings$DeviceAdminSettingsActivity]: handleResized abandoned!
11-30 20:44:09.037  2503  2503 W VRI[StatusBar]: handleResized abandoned!
11-30 20:44:09.037  2503  2503 W VRI[NavigationBar_displayId_0]: handleResized abandoned!
11-30 20:44:09.037 12253 12253 W VRI[Settings$DeviceAdminSettingsActivity]: handleResized abandoned!
11-30 20:44:09.063  1947  4500 I WindowManager: Window{57e9837 u0 InputMethod} state from DRAW_PENDING to COMMIT_DRAW_PENDING; reason: finishDrawingLocked
11-30 20:44:09.067  1947  1999 I WindowManager: Window{57e9837 u0 InputMethod} state from COMMIT_DRAW_PENDING to READY_TO_SHOW; reason: commitFinishDrawingLocked
11-30 20:44:09.087  1947  1999 V WindowStateExtImpl: notifyWindowStateChange input show
11-30 20:44:09.087  1947  1999 I WindowManager: Window{57e9837 u0 InputMethod} state from READY_TO_SHOW to HAS_DRAWN; reason: performShowLocked
11-30 20:44:09.087  1947  1999 D SurfaceAnimationRunner: onAnimationCancelled:Surface(name=Surface(name=913cb0 com.android.settings/com.android.settings.Settings$DeviceAdminSettingsActivity)/@0x7a04012 - animation-leash of window_animation)/@0x2acf3e3 com.android.server.wm.LocalAnimationAdapter.onAnimationCancelled:72 com.android.server.wm.SurfaceAnimator.cancelAnimation:455 com.android.server.wm.SurfaceAnimator.startAnimation:214 com.android.server.wm.WindowContainer.startAnimation:3100 com.android.server.wm.WindowContainer.startAnimation:3107 
11-30 20:44:09.088  1947  2000 D SurfaceAnimationRunner: onAnimationEnd:Surface(name=Surface(name=913cb0 com.android.settings/com.android.settings.Settings$DeviceAdminSettingsActivity)/@0x7a04012 - animation-leash of window_animation)/@0x2acf3e3
11-30 20:44:09.091  1947  1999 I SurfaceAnimationRunner: startAnimation requiresEdgeExtension=false, animationLeash=Surface(name=Surface(name=913cb0 com.android.settings/com.android.settings.Settings$DeviceAdminSettingsActivity)/@0x7a04012 - animation-leash of window_animation)/@0x21d2827, runningAnim=com.android.server.wm.SurfaceAnimationRunner$RunningAnimation@dd02ad4, mPreProcessingAnimations={}
11-30 20:44:09.093  1947  2000 D SurfaceAnimationRunner: onAnimationStart:Surface(name=Surface(name=913cb0 com.android.settings/com.android.settings.Settings$DeviceAdminSettingsActivity)/@0x7a04012 - animation-leash of window_animation)/@0x21d2827
11-30 20:44:09.095 30463 30463 W VRI[InputMethod]: handleResized abandoned!
11-30 20:44:09.096  2503  2503 W VRI[StatusBar]: handleResized abandoned!
11-30 20:44:09.096  2503  2503 W VRI[NavigationBar_displayId_0]: handleResized abandoned!
11-30 20:44:09.097 12253 12253 W VRI[Settings$DeviceAdminSettingsActivity]: handleResized abandoned!
11-30 20:44:09.100 12253 12253 W VRI[Settings$DeviceAdminSettingsActivity]: handleResized abandoned!
11-30 20:44:09.135  1947  3817 D OplusSplitScreenManagerService: com.android.settings unSupportsSplitScreen by blockList or ForbidActivityList
11-30 20:44:09.135  1947  3817 D OplusSplitScreenManagerService: com.android.settings unSupportsSplitScreen by blockList or ForbidActivityList
11-30 20:44:09.170  1947  2000 D SurfaceAnimationRunner: onAnimationEnd:Surface(name=Surface(name=Dim Layer for - Task=10530)/@0x43e4b5e - animation-leash of dimmer)/@0x230eb3f
11-30 20:44:09.318  1947  2314 D OplusSplitScreenManagerService: com.android.settings unSupportsSplitScreen by blockList or ForbidActivityList
11-30 20:44:09.318  1947  2314 D OplusSplitScreenManagerService: com.android.settings unSupportsSplitScreen by blockList or ForbidActivityList
11-30 20:44:09.503  1947  2000 D SurfaceAnimationRunner: onAnimationEnd:Surface(name=Surface(name=913cb0 com.android.settings/com.android.settings.Settings$DeviceAdminSettingsActivity)/@0x7a04012 - animation-leash of window_animation)/@0x21d2827
11-30 20:44:10.045   660  7760 I keystore2: system/security/keystore2/src/watchdog.rs:319 - Watchdog thread idle -> terminating. Have a great day.
11-30 20:44:11.274  1947  2171 D PowerManagerService: userActivityNoUpdateLocked: groupId=0, eventTime=232260756, event=touch, flags=0x0, uid=1000
11-30 20:44:11.280  1947  3817 I VibratorManagerServiceExtImpl: vibrate is uid=10248, pid=1947, opPkg=com.google.android.inputmethod.latin, effect=Mono{mEffect=Composed{segments=[Prebaked{effect=CLICK, strength=MEDIUM, fallback=true}], repeat=-1}}, attributes=VibrationAttributes: Usage=TOUCH Audio Usage= USAGE_UNKNOWN Flags=0, reason=null, token=86409605
11-30 20:44:11.372  1947  2171 D PowerManagerService: userActivityNoUpdateLocked: groupId=0, eventTime=232260856, event=touch, flags=0x0, uid=1000
11-30 20:44:11.611  1947  2171 D PowerManagerService: userActivityNoUpdateLocked: groupId=0, eventTime=232261093, event=touch, flags=0x0, uid=1000
11-30 20:44:11.615  1947  3817 I VibratorManagerServiceExtImpl: vibrate is uid=10248, pid=1947, opPkg=com.google.android.inputmethod.latin, effect=Mono{mEffect=Composed{segments=[Prebaked{effect=CLICK, strength=MEDIUM, fallback=true}], repeat=-1}}, attributes=VibrationAttributes: Usage=TOUCH Audio Usage= USAGE_UNKNOWN Flags=0, reason=null, token=86409605
11-30 20:44:12.339  1947  2314 D OplusSplitScreenManagerService: com.android.settings unSupportsSplitScreen by blockList or ForbidActivityList
11-30 20:44:12.339  1947  2314 D OplusSplitScreenManagerService: com.android.settings unSupportsSplitScreen by blockList or ForbidActivityList
11-30 20:44:12.817  1947  2171 D PowerManagerService: userActivityNoUpdateLocked: groupId=0, eventTime=232262298, event=touch, flags=0x0, uid=1000
11-30 20:44:12.828  1947  4500 I VibratorManagerServiceExtImpl: vibrate is uid=10248, pid=1947, opPkg=com.google.android.inputmethod.latin, effect=Mono{mEffect=Composed{segments=[Prebaked{effect=CLICK, strength=MEDIUM, fallback=true}], repeat=-1}}, attributes=VibrationAttributes: Usage=TOUCH Audio Usage= USAGE_UNKNOWN Flags=0, reason=null, token=86409605
11-30 20:44:12.889  1947  4500 D OplusSplitScreenManagerService: com.android.settings unSupportsSplitScreen by blockList or ForbidActivityList
11-30 20:44:12.890  1947  4500 D OplusSplitScreenManagerService: com.android.settings unSupportsSplitScreen by blockList or ForbidActivityList
11-30 20:44:12.890  1947  4500 D OplusSplitScreenManagerService: com.android.settings unSupportsSplitScreen by blockList or ForbidActivityList
11-30 20:44:12.890  1947  4500 D OplusSplitScreenManagerService: com.android.settings unSupportsSplitScreen by blockList or ForbidActivityList
11-30 20:44:13.514  1947  2171 D PowerManagerService: userActivityNoUpdateLocked: groupId=0, eventTime=232262997, event=touch, flags=0x0, uid=1000
11-30 20:44:13.526  1947  4502 I VibratorManagerServiceExtImpl: vibrate is uid=10248, pid=1947, opPkg=com.google.android.inputmethod.latin, effect=Mono{mEffect=Composed{segments=[Prebaked{effect=CLICK, strength=MEDIUM, fallback=true}], repeat=-1}}, attributes=VibrationAttributes: Usage=TOUCH Audio Usage= USAGE_UNKNOWN Flags=0, reason=null, token=86409605
11-30 20:44:13.883  1947  2171 D PowerManagerService: userActivityNoUpdateLocked: groupId=0, eventTime=232263364, event=touch, flags=0x0, uid=1000
11-30 20:44:13.967  1947  2786 V AutofillInlineSuggestionsRequestSession: onInputMethodFinishInputView() received
11-30 20:44:13.971  1947  4502 D CoreBackPreview: Window{913cb0 u0 com.android.settings/com.android.settings.Settings$DeviceAdminSettingsActivity}: Setting back callback OnBackInvokedCallbackInfo{mCallback=android.window.IOnBackInvokedCallback$Stub$Proxy@f367fcd, mPriority=0, mIsAnimationCallback=false}
11-30 20:44:13.972  1947  4502 D CoreBackPreview: Window{913cb0 u0 com.android.settings/com.android.settings.Settings$DeviceAdminSettingsActivity}: Setting back callback null
11-30 20:44:13.982  1947  2789 I SurfaceAnimationRunner: startAnimation requiresEdgeExtension=false, animationLeash=Surface(name=Surface(name=913cb0 com.android.settings/com.android.settings.Settings$DeviceAdminSettingsActivity)/@0x7a04012 - animation-leash of window_animation)/@0xab31082, runningAnim=com.android.server.wm.SurfaceAnimationRunner$RunningAnimation@3d1d393, mPreProcessingAnimations={}
11-30 20:44:13.983  1947  2789 D WindowManager: NFW_findFocusedWindowIfNeeded:Window{d213c67 u0 com.android.settings/com.android.settings.Settings$DeviceAdminSettingsActivity} mCurrentFocus:Window{913cb0 u0 com.android.settings/com.android.settings.Settings$DeviceAdminSettingsActivity EXITING}
11-30 20:44:13.988  1947  2000 D SurfaceAnimationRunner: onAnimationStart:Surface(name=Surface(name=913cb0 com.android.settings/com.android.settings.Settings$DeviceAdminSettingsActivity)/@0x7a04012 - animation-leash of window_animation)/@0xab31082
11-30 20:44:13.992 30463 30463 W VRI[InputMethod]: updateBlastSurfaceIfNeeded, surfaceSize:Point(1080, 2290), lastSurfaceSize:Point(1080, 2290), format:-2, blastBufferQueue:android.graphics.BLASTBufferQueue@937d17a
11-30 20:44:14.001  1947  2789 V WindowManager: Changing focus from Window{913cb0 u0 com.android.settings/com.android.settings.Settings$DeviceAdminSettingsActivity EXITING} to Window{d213c67 u0 com.android.settings/com.android.settings.Settings$DeviceAdminSettingsActivity},diplayid=0
11-30 20:44:14.012  1947  2789 I SurfaceAnimationRunner: startAnimation requiresEdgeExtension=false, animationLeash=Surface(name=Surface(name=Dim Layer for - Task=10530)/@0x43e4b5e - animation-leash of dimmer)/@0xa9e58fc, runningAnim=com.android.server.wm.SurfaceAnimationRunner$RunningAnimation@370db85, mPreProcessingAnimations={}
11-30 20:44:14.018 12253 12253 I Quality : Skipped: false 4 cost 51.762474 refreshRate 11099713 bit true processName com.android.settings
11-30 20:44:14.021  1947  2000 D SurfaceAnimationRunner: onAnimationStart:Surface(name=Surface(name=Dim Layer for - Task=10530)/@0x43e4b5e - animation-leash of dimmer)/@0xa9e58fc
11-30 20:44:14.039  1947  4502 D WindowManagerServiceExtImpl: extractConfigInfoAndRealFlags rotation=0, screenDp=720, win=Window{57e9837 u0 InputMethod}
11-30 20:44:14.040  1947  4502 V WindowManager: Relayout Window{57e9837 u0 InputMethod}: viewVisibility=0, oldvis=0, req=1080x2290, vsysui=LIGHT_NAVIGATION_BAR, x=0, y=0
11-30 20:44:14.043  2503  2503 W VRI[StatusBar]: handleResized abandoned!
11-30 20:44:14.043  2503  2503 W VRI[NavigationBar_displayId_0]: handleResized abandoned!
11-30 20:44:14.047  1947  4502 V WindowStateExtImpl: notifyWindowStateChange input show
11-30 20:44:14.047  1947  4502 D WindowManager: NFW_findFocusedWindowIfNeeded:Window{d213c67 u0 com.android.settings/com.android.settings.Settings$DeviceAdminSettingsActivity} mCurrentFocus:Window{d213c67 u0 com.android.settings/com.android.settings.Settings$DeviceAdminSettingsActivity}
11-30 20:44:14.046 12253 12253 W VRI[Settings$DeviceAdminSettingsActivity]: handleResized abandoned!
11-30 20:44:14.055  1947  1998 V WindowManager: Unknown focus tokens, dropping reportFocusChanged
11-30 20:44:14.056  1947  4500 D InputMethodManagerService: isSecurity: attribute.packageName = com.android.settings mCurMethodId = com.google.android.inputmethod.latin/com.android.inputmethod.latin.LatinIME isSecurity = false ( enable = false needShow = false inBlackList = false isExist = true )
11-30 20:44:14.060  1947  4502 V AutofillInlineSuggestionsRequestSession: onInputMethodFinishInput() received
11-30 20:44:14.063  1947  4502 V AutofillInlineSuggestionsRequestSession: onInputMethodStartInput() received on 0
11-30 20:44:14.069  1947  4502 W PackageConfigPersister: App-specific configuration not found for packageName: com.android.settings and userId: 0
11-30 20:44:14.244  1947  2000 D SurfaceAnimationRunner: onAnimationEnd:Surface(name=Surface(name=913cb0 com.android.settings/com.android.settings.Settings$DeviceAdminSettingsActivity)/@0x7a04012 - animation-leash of window_animation)/@0xab31082
11-30 20:44:14.244  1947  1999 I WindowManager: Window{913cb0 u0 com.android.settings/com.android.settings.Settings$DeviceAdminSettingsActivity EXITING} state from HAS_DRAWN to NO_SURFACE; reason: destroySurface
11-30 20:44:14.277  1947  2000 D SurfaceAnimationRunner: onAnimationEnd:Surface(name=Surface(name=Dim Layer for - Task=10530)/@0x43e4b5e - animation-leash of dimmer)/@0xa9e58fc
11-30 20:44:14.349  1947  1996 D MBrainLocalService: isVendorFreezeConditionPass is false
11-30 20:44:14.350  1947  1996 E MBrainLocalService: notifyAppSwitch failed
11-30 20:44:14.599  1947  2789 D WindowManagerServiceExtImpl: extractConfigInfoAndRealFlags rotation=0, screenDp=720, win=Window{57e9837 u0 InputMethod}
11-30 20:44:14.600  1947  2789 V WindowManager: Relayout Window{57e9837 u0 InputMethod}: viewVisibility=8, oldvis=0, req=1080x2290, vsysui=LIGHT_NAVIGATION_BAR
11-30 20:44:14.601  1947  2789 I WindowManager: Window{57e9837 u0 InputMethod} state from HAS_DRAWN to NO_SURFACE; reason: destroySurface
11-30 20:44:14.608 12253 12253 W VRI[Settings$DeviceAdminSettingsActivity]: handleResized abandoned!
11-30 20:44:14.608  2503  2503 W VRI[StatusBar]: handleResized abandoned!
11-30 20:44:14.609  2503  2503 W VRI[NavigationBar_displayId_0]: handleResized abandoned!
11-30 20:44:14.609  1947  2789 D WindowManager: NFW_findFocusedWindowIfNeeded:Window{d213c67 u0 com.android.settings/com.android.settings.Settings$DeviceAdminSettingsActivity} mCurrentFocus:Window{d213c67 u0 com.android.settings/com.android.settings.Settings$DeviceAdminSettingsActivity}
11-30 20:44:14.621  2503  2503 W VRI[StatusBar]: handleResized abandoned!
11-30 20:44:14.621 12253 12253 W VRI[Settings$DeviceAdminSettingsActivity]: handleResized abandoned!
11-30 20:44:14.621  2503  2503 W VRI[NavigationBar_displayId_0]: handleResized abandoned!
11-30 20:44:15.362  1947  2314 D OplusSplitScreenManagerService: com.android.settings unSupportsSplitScreen by blockList or ForbidActivityList
11-30 20:44:15.363  1947  2314 D OplusSplitScreenManagerService: com.android.settings unSupportsSplitScreen by blockList or ForbidActivityList
11-30 20:44:15.861  1947  2789 W BatteryExternalStatsWorker: error reading Bluetooth stats: 11
11-30 20:44:17.737  1947  2148 V AlarmManager: sending alarm Alarm{778aff5 type 3 origWhen 577482111 whenElapsed 577482111 com.google.android.gms} uid 10108 whenElapsed 577482111 windowLength 11249 maxWhenElapsed 577493360 repeatInterval 0 action com.google.android.gms.auth.authzen.cryptauth.DEVICE_STATE_CHECK_DELAY_COMPLETE component ComponentInfo{com.google.android.gms/com.google.android.gms.chimera.GmsIntentOperationService} flags 0x0 procName com.google.android.gms
11-30 20:44:18.383  1947  2314 D OplusSplitScreenManagerService: com.android.settings unSupportsSplitScreen by blockList or ForbidActivityList
11-30 20:44:18.384  1947  2314 D OplusSplitScreenManagerService: com.android.settings unSupportsSplitScreen by blockList or ForbidActivityList
11-30 20:44:18.824  1947  2171 D PowerManagerService: userActivityNoUpdateLocked: groupId=0, eventTime=232268303, event=touch, flags=0x0, uid=1000
11-30 20:44:18.904  2386  5052 I OplusEngineerConfig: [isEngineerItemInBlackList] mActivitySwitch=false
11-30 20:44:18.904  2386 32355 I OplusEngineerService: [isEngineerItemInBlackList]type=1,item=com.android.settings/com.oplus.settings.feature.security.OplusDeviceAdminAdd,dealtime=1,result=false
11-30 20:44:18.907  1947  2786 D WindowManager: NFW_setClientVisible:ActivityRecord{30cf7e2 u0 com.android.settings/com.oplus.settings.feature.security.OplusDeviceAdminAdd clientVisible:true
11-30 20:44:18.908  1947  2786 D OplusZoomWindowRUSConfigManager: isSupportZoomModeWithPolicyLocked: target = com.android.settings/com.oplus.settings.feature.security.OplusDeviceAdminAdd
11-30 20:44:18.908  1947  2786 D OplusZoomWindowRUSConfigManager: targetPkg = com.android.settings
11-30 20:44:18.908  1947  2786 I OplusZoomWindowRUSConfigManager: target pkg is unsupport zoom window mode
11-30 20:44:18.909  1947  2786 D FlexibleWindowManager: isIgnoreAppearedAcrossTask:false
11-30 20:44:18.909  1947  2786 D ActivityStarterExtImpl: setForceUpdateWindow, targetTask = Task{414b1c #10530 type=standard A=1000:com.android.settings} r = ActivityRecord{30cf7e2 u0 com.android.settings/com.oplus.settings.feature.security.OplusDeviceAdminAdd t-1} notFinish =false
11-30 20:44:18.909  1947  2786 D FlexibleTaskController: adjustOptionsForFlexibleTask skip adjust options reason:2
11-30 20:44:18.909  1947  2786 D FlexibleWindowManager: no reused task found for ActivityRecord{30cf7e2 u0 com.android.settings/com.oplus.settings.feature.security.OplusDeviceAdminAdd t-1}
11-30 20:44:18.910  1947  2786 D ActivityStarterExtImpl: isLaunchingRootActivity = false
11-30 20:44:18.910  1947  2786 D ActivityStarterExtImpl: resume targetTask isVisibleRequested is true or in SkipCheckedList, need resume:targetTask=Task{414b1c #10530 type=standard A=1000:com.android.settings}
11-30 20:44:18.910  1947  2786 D OplusZoomWindowRUSConfigManager: isSupportZoomModeWithPolicyLocked: target = com.android.settings/com.oplus.settings.feature.security.OplusDeviceAdminAdd
11-30 20:44:18.910  1947  2786 D OplusZoomWindowRUSConfigManager: targetPkg = com.android.settings
11-30 20:44:18.910  1947  2786 I OplusZoomWindowRUSConfigManager: target pkg is unsupport zoom window mode
11-30 20:44:18.914  1947  2786 D OplusSplitScreenManagerService: com.android.settings unSupportsSplitScreen by blockList or ForbidActivityList
11-30 20:44:18.914  1947  2786 D FlexibleWindowManager: current task:Task{414b1c #10530 type=standard A=1000:com.android.settings} is visible and not in pocketstudio,no need setAlwaysOnTop for flexible task.
11-30 20:44:18.914  1947  2786 D FlexibleWindowManager: current task:Task{414b1c #10530 type=standard A=1000:com.android.settings} is visible and not in pocketstudio,no need setAlwaysOnTop for flexible task.
11-30 20:44:18.915  1947  2786 D OplusStartingWindowManager: reviseWindowFlagsForStarting ar =:ActivityRecord{30cf7e2 u0 com.android.settings/com.oplus.settings.feature.security.OplusDeviceAdminAdd t10530}, activityCreated =:false, RUS version:20250313
11-30 20:44:18.915  1947  2786 D OplusStartingWindowManager: reviseWindowFlagsForStarting: newTask=false, taskSwitch=false, processRunning=true, preloadAppInfo=PreloadAppInfo{,token =: com.android.settings/com.oplus.settings.feature.security.OplusDeviceAdminAdd,splashKey =: 0-com.android.settings/com.oplus.settings.feature.security.OplusDeviceAdminAdd,forceWindowPreviewForCallApp =: false,startFrom =: 0,supportWindowPreviewForApp =: true,processRunningState =: 0,splashDrawableSource =: 2,isSplitScreenWindowMode =: false,mIsTransferred =: false}
11-30 20:44:18.915  1947  2786 D ActivityTaskManager: validateStartingWindowTheme: Pkg=com.android.settings, Translucent=false, Floating=false, ShowWallpaper=false, Disable=false, LaunchSource=1
11-30 20:44:18.915  1947  2786 D ActivityRecordExtImpl: handleStartingWindowForCompactWindow origin type:2, adjustType : 2
11-30 20:44:18.915  1947  2786 E OplusAppQuickStart_AppQuickStartController: attachExStartingSurface not support issue ar:ActivityRecord{30cf7e2 u0 com.android.settings/com.oplus.settings.feature.security.OplusDeviceAdminAdd t10530} type:2
11-30 20:44:18.916  1947  2786 D OplusSplitScreenManagerService: com.android.settings unSupportsSplitScreen by blockList or ForbidActivityList
11-30 20:44:18.917  1947  2786 D OplusZoomWindowRUSConfigManager: isSupportZoomModeWithPolicyLocked: target = com.android.settings/com.oplus.settings.feature.security.OplusDeviceAdminAdd
11-30 20:44:18.917  1947  2786 D OplusZoomWindowRUSConfigManager: targetPkg = com.android.settings
11-30 20:44:18.917  1947  2786 I OplusZoomWindowRUSConfigManager: target pkg is unsupport zoom window mode
11-30 20:44:18.917  1947  2786 D OplusWindowAnimationManager: applyNoAnimationForResumed resumed: ActivityRecord{4118fee u0 com.android.settings/.Settings$DeviceAdminSettingsActivity t10530}
11-30 20:44:18.917  2503  2935 D PhoneStartingWindowTypeAlgorithm: preferredStartingWindowType newTask=false, taskSwitch=false, processRunning=true, allowTaskSnapshot=true, activityCreated=false, isSolidColorSplashScreen=true, legacySplashScreen=false, activityDrawn=false, windowless=false, topIsHome=false
11-30 20:44:18.918  2503  2935 D OplusShellStartingWindowManager: getReviseStartingWindowType not support, windowInfo is null
11-30 20:44:18.918  1947  1998 D OplusInterceptLockScreenWindow: starting IOplusLockScreenCallbacks service...
11-30 20:44:18.922  1947  2786 D TaskFragmentExtImpl: shouldSetReadyFalse and resumedActivity is: ActivityRecord{4118fee u0 com.android.settings/.Settings$DeviceAdminSettingsActivity t10530} launchFromLauncher is: false
11-30 20:44:18.922  1947  2786 E Transition: Trying to add a ready-group twice: Display{#0 state=ON size=1080x2400 ROTATION_0}
11-30 20:44:18.923  1947  2786 D OplusSplitScreenManagerService: com.android.settings unSupportsSplitScreen by blockList or ForbidActivityList
11-30 20:44:18.924  1947  2786 D OplusSplitScreenManagerService: com.android.settings unSupportsSplitScreen by blockList or ForbidActivityList
11-30 20:44:18.924  1947  2786 I ActivityTaskManager: START u0 {cmp=com.android.settings/com.oplus.settings.feature.security.OplusDeviceAdminAdd (has extras) mCallingUid=1000} with LAUNCH_MULTIPLE from uid 1000 (BAL_ALLOW_ALLOWLISTED_UID) result code=0
11-30 20:44:18.924  2503  2868 V WindowManagerShell: Transition requested: android.os.BinderProxy@ea8b044 TransitionRequestInfo { type = OPEN, triggerTask = TaskInfo{userId=0 taskId=10530 displayId=0 isRunning=true baseIntent=Intent { flg=0x50000000 cmp=com.android.settings/.Settings$DeviceAdminSettingsActivity mCallingUid=1000 } baseActivity=ComponentInfo{com.android.settings/com.android.settings.Settings$DeviceAdminSettingsActivity} topActivity=ComponentInfo{com.android.settings/com.oplus.settings.feature.security.OplusDeviceAdminAdd} origActivity=null realActivity=ComponentInfo{com.android.settings/com.android.settings.Settings$DeviceAdminSettingsActivity} numActivities=2 lastActiveTime=577494542 supportsSplitScreenMultiWindow=false supportsMultiWindow=true supportsPocketStudioMultiWindow=true isInFlexibleEmbedded = false uid = 1000 pid = 0 resizeMode=1 isResizeable=true minWidth=-1 minHeight=-1 defaultMinSize=220 token=WCT{android.window.IWindowContainerToken$Stub$Proxy@c1ff52d} topActivityType=1 pictureInPictureParams=null shouldDockBigOverlays=false launchIntoPipHostTaskId=-1 lastParentTaskIdBeforePip=-1 displayCutoutSafeInsets=Rect(0, 110 - 0, 0) topActivityInfo=ActivityInfo{41d4a62 com.oplus.settings.feature.security.OplusDeviceAdminAdd} launchCookies=[] positionInParent=Point(0, 0) parentTaskId=-1 isFocused=true isVisible=true isVisibleRequested=true isSleeping=false topActivityInSizeCompat=false topActivityInOplusCompatMode=false topActivityEligibleForLetterboxEducation= false topActivityLetterboxed= false isFromDoubleTap= false topActivityLetterboxVerticalPosition= -1 topActivityLetterboxHorizontalPosition= -1 topActivityLetterboxWidth=-1 topActivityLetterboxHeight=-1 locusId=null displayAreaFeatureId=1 cameraCompatControlState=hidden locusId= null topActivityLetterboxInsets=Rect(0, 0 - 0, 0) mOplusExtraBundle = Bundle[mParcelledData.dataSize=288]}, remoteTransition = null, displayChange = null }
11-30 20:44:18.925  1947  1999 D OplusSplitScreenManagerService: com.android.settings unSupportsSplitScreen by blockList or ForbidActivityList
11-30 20:44:18.925  1947  1999 I TaskOrganizerController: onTaskInfoChanged taskid 10530 config { mBounds=Rect(0, 0 - 1080, 2400) mAppBounds=Rect(0, 110 - 1080, 2400) mMaxBounds=Rect(0, 0 - 1080, 2400) mDisplayRotation=ROTATION_0 mWindowingMode=fullscreen mDisplayWindowingMode=fullscreen mActivityType=standard mAlwaysOnTop=undefined mRotation=ROTATION_0}
11-30 20:44:18.926  1947  1999 D FlexibleWindowManager: onFlexibleWindowTaskInfoChanged: mTaskId = 10530 oldIsTaskEmbedded = false   curIsTaskEmbedded = false  topActivity = ComponentInfo{com.android.settings/com.oplus.settings.feature.security.OplusDeviceAdminAdd}
11-30 20:44:18.926  1947  1999 D FlexibleWindowManager: onFlexibleWindowTaskInfoChanged, return for cur task not embedded
11-30 20:44:18.930  1947  4502 D ActivityTaskManager: setAppVisibility(Token{24fb630 ActivityRecord{30cf7e2 u0 com.android.settings/com.oplus.settings.feature.security.OplusDeviceAdminAdd t10530}}, visible=true): mNextAppTransitionRequests=[], mNextAppTransitionFlags=,mAppTransitionState=APP_STATE_IDLE visible=false mVisibleRequested=false
11-30 20:44:18.931  1947  4502 D ActivityTaskManager: setVisibility(Token{24fb630 ActivityRecord{30cf7e2 u0 com.android.settings/com.oplus.settings.feature.security.OplusDeviceAdminAdd t10530}}, visible=true) defer commitVisibility for transition collecting
11-30 20:44:18.931  1947  4502 D ActivityTaskManager: setAppVisibility(Token{457b325 ActivityRecord{4118fee u0 com.android.settings/.Settings$DeviceAdminSettingsActivity t10530}}, visible=false): mNextAppTransitionRequests=[], mNextAppTransitionFlags=,mAppTransitionState=APP_STATE_IDLE visible=true mVisibleRequested=true
11-30 20:44:18.931  1947  4502 D ActivityTaskManager: setVisibility(Token{457b325 ActivityRecord{4118fee u0 com.android.settings/.Settings$DeviceAdminSettingsActivity t10530}}, visible=false) defer commitVisibility for transition collecting
11-30 20:44:18.932  1947  4502 D WindowManager: updateOrientation: mLastOrientation = SCREEN_ORIENTATION_UNSPECIFIED(-1) newOrientation = SCREEN_ORIENTATION_PORTRAIT(1) forceUpdate = true LastOrientationSource = ActivityRecord{30cf7e2 u0 com.android.settings/com.oplus.settings.feature.security.OplusDeviceAdminAdd t10530}
11-30 20:44:18.932  1947  4502 D WindowManager: rotation(ROTATION_0) no changed.
11-30 20:44:18.932  1947  4502 D OplusSplitScreenManagerService: com.android.settings unSupportsSplitScreen by blockList or ForbidActivityList
11-30 20:44:18.932  1947  4502 I TaskOrganizerController: onTaskInfoChanged taskid 10530 config { mBounds=Rect(0, 0 - 1080, 2400) mAppBounds=Rect(0, 110 - 1080, 2400) mMaxBounds=Rect(0, 0 - 1080, 2400) mDisplayRotation=ROTATION_0 mWindowingMode=fullscreen mDisplayWindowingMode=fullscreen mActivityType=standard mAlwaysOnTop=undefined mRotation=ROTATION_0}
11-30 20:44:18.933  1947  4502 D FlexibleWindowManager: onFlexibleWindowTaskInfoChanged: mTaskId = 10530 oldIsTaskEmbedded = false   curIsTaskEmbedded = false  topActivity = ComponentInfo{com.android.settings/com.oplus.settings.feature.security.OplusDeviceAdminAdd}
11-30 20:44:18.933  1947  4502 D FlexibleWindowManager: onFlexibleWindowTaskInfoChanged, return for cur task not embedded
11-30 20:44:18.934  1947  4502 D ActivityTaskManager: setAppVisibility(Token{24fb630 ActivityRecord{30cf7e2 u0 com.android.settings/com.oplus.settings.feature.security.OplusDeviceAdminAdd t10530}}, visible=true): mNextAppTransitionRequests=[], mNextAppTransitionFlags=,mAppTransitionState=APP_STATE_IDLE visible=false mVisibleRequested=true
11-30 20:44:18.934  1947  4502 D ActivityTaskManager: setVisibility(Token{24fb630 ActivityRecord{30cf7e2 u0 com.android.settings/com.oplus.settings.feature.security.OplusDeviceAdminAdd t10530}}, visible=true) defer commitVisibility for transition collecting
11-30 20:44:18.934  1947  4502 D OplusDexOptimizeManager: Do not in AppLaunchOptList, and is systemApp, don't need start-app or repair-dex com.android.settings
11-30 20:44:18.934  1947  4502 D OplusCameraStartupOptimization: cameraPreopenIfNeed, r = ActivityRecord{30cf7e2 u0 com.android.settings/com.oplus.settings.feature.security.OplusDeviceAdminAdd t10530}
11-30 20:44:18.934  1947  4502 D OplusCameraStartupOptimization: needOptimizeForCamera bNeedOptimize:false clsName: com.android.settings/com.oplus.settings.feature.security.OplusDeviceAdminAdd
11-30 20:44:18.935  1947  4502 D ActivityTaskManager: NFW_setLastResumedActivityUncheckLocked:true r:ActivityRecord{30cf7e2 u0 com.android.settings/com.oplus.settings.feature.security.OplusDeviceAdminAdd t10530} currentFocus:Window{d213c67 u0 com.android.settings/com.android.settings.Settings$DeviceAdminSettingsActivity}
11-30 20:44:18.935  1947  4502 D WindowManager: NFW_findFocusedWindowIfNeeded:null mCurrentFocus:Window{d213c67 u0 com.android.settings/com.android.settings.Settings$DeviceAdminSettingsActivity}
11-30 20:44:18.935  1947  4502 V WindowManager: Changing focus from Window{d213c67 u0 com.android.settings/com.android.settings.Settings$DeviceAdminSettingsActivity} to null,diplayid=0
11-30 20:44:18.937  1947  4502 D ActivityTaskManager: setAppVisibility(Token{24fb630 ActivityRecord{30cf7e2 u0 com.android.settings/com.oplus.settings.feature.security.OplusDeviceAdminAdd t10530}}, visible=true): mNextAppTransitionRequests=[], mNextAppTransitionFlags=,mAppTransitionState=APP_STATE_IDLE visible=false mVisibleRequested=true
11-30 20:44:18.937  1947  4502 D ActivityTaskManager: setVisibility(Token{24fb630 ActivityRecord{30cf7e2 u0 com.android.settings/com.oplus.settings.feature.security.OplusDeviceAdminAdd t10530}}, visible=true) defer commitVisibility for transition collecting
11-30 20:44:18.947  1947  2789 W ProcessStats: Tracking association SourceState{45e6d0e com.google.android.inputmethod.latin/10248 ImpBg #1154531} whose proc state 6 is better than process ProcessState{556a3b0 com.google.android.gms/10108 pkg=com.google.android.gms} proc state 14 (40 skipped)
11-30 20:44:18.949  1947  2789 D OplusSplitScreenManagerService: com.android.settings unSupportsSplitScreen by blockList or ForbidActivityList
11-30 20:44:18.951  1947  1998 I ActivityManager: Killing 4655:com.google.android.apps.wellbeing/u0a100 (adj 985): empty #25
11-30 20:44:18.953  1947  2789 D OplusSplitScreenManagerService: com.android.settings unSupportsSplitScreen by blockList or ForbidActivityList
11-30 20:44:18.955  1947  1996 D MBrainLocalService: isVendorFreezeConditionPass is false
11-30 20:44:18.955  1947  1996 E MBrainLocalService: notifyAppSwitch failed
11-30 20:44:18.955  1947  1996 D MBrainLocalService: isVendorFreezeConditionPass is false
11-30 20:44:18.955  1947  1996 E MBrainLocalService: notifyAppSwitch failed
11-30 20:44:18.963  1947  2786 D OplusSplitScreenManagerService: com.android.settings unSupportsSplitScreen by blockList or ForbidActivityList
11-30 20:44:18.970  1947  2786 D VRR [OPlusExternalRefreshRateManager]: isPkgTfcEnable: pkgName = com.google.android.apps.messaging, enable = false
11-30 20:44:18.970  1947  2786 D VRR [OPlusExternalRefreshRateManager]: getTfcMinFramerate: pkgName = com.google.android.apps.messaging, min framerate = 0
11-30 20:44:18.990  1947  2786 D OplusSplitScreenManagerService: com.android.settings unSupportsSplitScreen by blockList or ForbidActivityList
11-30 20:44:18.991  1947  2796 I ActivityManager: Death received, pid = 4655, processName = com.google.android.apps.wellbeing for thread android.os.BinderProxy@a3d81eb
11-30 20:44:18.994  1947  5309 W FlexibleWindowManager: handleAppDiedLocked return, current context is not support PocketStudio
11-30 20:44:18.996  1947  2344 D OplusSplitScreenManagerService: com.android.settings unSupportsSplitScreen by blockList or ForbidActivityList
11-30 20:44:18.998  1947  1996 D DisplayManagerService: Drop pending events for gone uid 10100
11-30 20:44:19.005 12253 12253 D ActivityThread: ComponentInfo{com.android.settings/com.oplus.settings.feature.security.OplusDeviceAdminAdd} checkFinished=false 2
11-30 20:44:19.028  1947  2796 I WindowManager: addWindow: New client android.os.BinderProxy@3f3bde1 : window=Window{fa89706 u0 com.android.settings/com.oplus.settings.feature.security.OplusDeviceAdminAdd}
