11-30 20:44:19.035  1947  4500 D CoreBackPreview: Window{fa89706 u0 com.android.settings/com.oplus.settings.feature.security.OplusDeviceAdminAdd}: Setting back callback OnBackInvokedCallbackInfo{mCallback=android.window.IOnBackInvokedCallback$Stub$Proxy@8a7a3f4, mPriority=0, mIsAnimationCallback=false}
11-30 20:44:19.037  1947  1999 D OplusSplitScreenManagerService: com.android.settings unSupportsSplitScreen by blockList or ForbidActivityList
11-30 20:44:19.037  1947  4500 D WindowManagerServiceExtImpl: extractConfigInfoAndRealFlags rotation=0, screenDp=360, win=Window{fa89706 u0 com.android.settings/com.oplus.settings.feature.security.OplusDeviceAdminAdd}
11-30 20:44:19.038  1947  4500 V WindowManager: Relayout Window{fa89706 u0 com.android.settings/com.oplus.settings.feature.security.OplusDeviceAdminAdd}: viewVisibility=0, oldvis=4, req=1080x2400, vsysui=LAYOUT_STABLE LAYOUT_FULLSCREEN LIGHT_STATUS_BAR, x=0, y=0
11-30 20:44:19.038  1947  4500 I WindowManager: Window{fa89706 u0 com.android.settings/com.oplus.settings.feature.security.OplusDeviceAdminAdd} state from NO_SURFACE to DRAW_PENDING; reason: resetDrawState
11-30 20:44:19.043  1947  4500 D WindowManager: NFW_findFocusedWindowIfNeeded:Window{fa89706 u0 com.android.settings/com.oplus.settings.feature.security.OplusDeviceAdminAdd} mCurrentFocus:null
11-30 20:44:19.043  1947  4500 V WindowManager: Changing focus from null to Window{fa89706 u0 com.android.settings/com.oplus.settings.feature.security.OplusDeviceAdminAdd},diplayid=0
11-30 20:44:19.050  1947  4503 D OplusSplitScreenManagerService: com.android.settings unSupportsSplitScreen by blockList or ForbidActivityList
11-30 20:44:19.051 12253 12253 D VRI[OplusDeviceAdminAdd]: relayoutWindow result, sizeChanged:true, surfaceControlChanged:true, transformHintChanged:true, mSurfaceSize:Point(1080, 2400), mLastSurfaceSize:Point(0, 0), mWidth:-1, mHeight:-1, requestedWidth:1080, requestedHeight:2400, transformHint:0, lastTransformHint:-2147483648, installOrientation:0, displayRotation:0, isSurfaceValid:true, attr.flag:-2122252032, useBlast:true, tmpFrames:ClientWindowFrames{frame=[0,0][1080,2400] display=[0,0][1080,2400] parentFrame=[0,0][0,0]}, relayoutAsync:false, mSyncSeqId:0
11-30 20:44:19.051 12253 12253 W VRI[OplusDeviceAdminAdd]: updateBlastSurfaceIfNeeded, surfaceSize:Point(1080, 2400), lastSurfaceSize:Point(0, 0), format:-1, blastBufferQueue:null
11-30 20:44:19.081  1947  2796 D OplusTransitionController: onSyncFinishedDrawing, Window{fa89706 u0 com.android.settings/com.oplus.settings.feature.security.OplusDeviceAdminAdd}
11-30 20:44:19.082  1947  2796 I WindowManager: finishDrawing skipLayout:false,syncSeqId=0,mPrepareSyncSeqId=0 Window{fa89706 u0 com.android.settings/com.oplus.settings.feature.security.OplusDeviceAdminAdd} com.android.server.wm.WindowManagerService.finishDrawingWindow:2991 com.android.server.wm.Session.finishDrawing:311 android.view.IWindowSession$Stub.onTransact:779 
11-30 20:44:19.082  1947  2796 I WindowManager: Window{fa89706 u0 com.android.settings/com.oplus.settings.feature.security.OplusDeviceAdminAdd} state from DRAW_PENDING to COMMIT_DRAW_PENDING; reason: finishDrawingLocked
11-30 20:44:19.082 12253 12253 I Quality : Skipped: false 3 cost 44.09018 refreshRate 11097885 bit true processName com.android.settings
11-30 20:44:19.082  1947  2796 D OplusTransitionAnimationManager: skipFinishDrawingIfNeed clientRotation=0, currentRotation=0, hasFixedRotationApp=false, requestedOrientation=1, win=Window{fa89706 u0 com.android.settings/com.oplus.settings.feature.security.OplusDeviceAdminAdd}, activity=ActivityRecord{30cf7e2 u0 com.android.settings/com.oplus.settings.feature.security.OplusDeviceAdminAdd t10530}, currentConfig={1.0 ??mcc??mnc [en_DZ] ldltr sw360dp w360dp h763dp 480dpi nrml long port finger -keyb/v/h -nav/h winConfig={ mBounds=Rect(0, 0 - 1080, 2400) mAppBounds=Rect(0, 110 - 1080, 2400) mMaxBounds=Rect(0, 0 - 1080, 2400) mDisplayRotation=ROTATION_0 mWindowingMode=fullscreen mDisplayWindowingMode=fullscreen mActivityType=standard mAlwaysOnTop=undefined mRotation=ROTATION_0} s.1 fontWeightAdjustment=0mThemeChanged= 0, mThemeChangedFlags= 0, mFlipFont= 0, mScenario= 0, mAccessibleChanged= -1, mUxIconConfig= 3468921665126662433, mMaterialColor= 0, mUserId= 0, mFontUserId= 0, mFontVariationSettings= 226, mFoldingAngle = -1.0, mIconPackName= , mDarkModeBackgroundMaxL= 0.0, mDarkModeDialogBgMaxL= 27.0, mDarkModeForegroundMinL= 100.0, mOplusConfigType= 1, mOplusChangedConfigs= 0, OpSans= -1, mBurmeseFontFlag= 2, mFlag= 0, mFlexibleActivitySuitable= -1, mPuttDisplayFlag= -1}
11-30 20:44:19.085  1947  1999 I WindowManager: Window{fa89706 u0 com.android.settings/com.oplus.settings.feature.security.OplusDeviceAdminAdd} state from COMMIT_DRAW_PENDING to READY_TO_SHOW; reason: commitFinishDrawingLocked
11-30 20:44:19.085  1947  1999 D ActivityTaskManager: Clearing startingData for activity=ActivityRecord{30cf7e2 u0 com.android.settings/com.oplus.settings.feature.security.OplusDeviceAdminAdd t10530} mStartingData=com.android.server.wm.SplashScreenStartingData@c2d4819 mStartingSurface=com.android.server.wm.StartingSurfaceController$StartingSurface@79580de
11-30 20:44:19.087  1947  1999 D ActivityTaskManager: commitVisibility: ActivityRecord{30cf7e2 u0 com.android.settings/com.oplus.settings.feature.security.OplusDeviceAdminAdd t10530}: visible=true visibleRequested=true, isInTransition=true, runningAnimation=true 
11-30 20:44:19.087  1947  1999 D ActivityTaskManager: Clearing startingData for activity=ActivityRecord{30cf7e2 u0 com.android.settings/com.oplus.settings.feature.security.OplusDeviceAdminAdd t10530} mStartingData=null mStartingSurface=null
11-30 20:44:19.090 12253 12253 W VRI[OplusDeviceAdminAdd]: handleResized, msg:5, frameChanged:false, configChanged:false, displayChanged:false, attachedFrameChanged:false, compatScaleChanged:false, pendingDragResizing=false
11-30 20:44:19.091  1947  1999 I WindowManager: Window{fa89706 u0 com.android.settings/com.oplus.settings.feature.security.OplusDeviceAdminAdd} state from READY_TO_SHOW to HAS_DRAWN; reason: performShowLocked
11-30 20:44:19.091  1947  1999 D Transition: collectOrderChanges onTopTasksEnd: [Task{414b1c #10530 type=standard A=1000:com.android.settings}], reportedOnTop:null, mOnTopTasksStart: [Task{414b1c #10530 type=standard A=1000:com.android.settings}], TDA child: [Task{2007ffa #10515 type=standard A=10148:com.google.android.gm}, Task{abf8ad3 #10497 type=standard A=10342:me.zhanghai.android.files}, Task{53f3930 #10496 type=standard A=10419:com.nextcloud.client}, Task{b478e8c #2 type=undefined}, Task{a094657 #1 type=home}, Task{414b1c #10530 type=standard A=1000:com.android.settings}]
11-30 20:44:19.092  1947  1999 D OplusTransitionAnimationManager: Transition replace type from OPEN to OPEN, mNextAppTransitionRequests : [1, 1]
11-30 20:44:19.092  1947  1999 D OplusFlexibleActivityTransitionManager: fixTransitType type result:1, targets: [ActivityRecord{30cf7e2 u0 com.android.settings/com.oplus.settings.feature.security.OplusDeviceAdminAdd t10530}, ActivityRecord{4118fee u0 com.android.settings/.Settings$DeviceAdminSettingsActivity t10530}]
11-30 20:44:19.096  1947  1999 D OplusZoomWindowManagerService: saveSupportFreeFormToTaskInfo target = ComponentInfo{com.android.settings/com.oplus.settings.feature.security.OplusDeviceAdminAdd} isSupportZoomMode = false
11-30 20:44:19.096  1947  1999 D OplusZoomWindowManagerService: saveSupportFreeFormToTaskInfo target = ComponentInfo{com.android.settings/com.android.settings.Settings$DeviceAdminSettingsActivity} isSupportZoomMode = false
11-30 20:44:19.097  1947  1999 D OplusTransitionController: onTransactionReady, transition: 5016, 
11-30 20:44:19.097  1947  1999 D OplusTransitionController:  info: {id=5016 t=OPEN f=0x0 trk=0 r=[0@Point(0, 0)] c=[{null m=OPEN f=FILLS_TASK leash=Surface(name=ActivityRecord{30cf7e2 u0 com.android.settings/com.oplus.settings.feature.security.OplusDeviceAdminAdd t10530})/@0x19fb2bf sb=Rect(0, 0 - 0, 0) eb=Rect(0, 0 - 1080, 2400) d=-1->0 r=-1->0:-1},{null m=TO_BACK f=FILLS_TASK leash=Surface(name=ActivityRecord{4118fee u0 com.android.settings/.Settings$DeviceAdminSettingsActivity t10530})/@0x56e4164 sb=Rect(0, 0 - 1080, 2400) eb=Rect(0, 0 - 1080, 2400) d=0}] extendInfo=[OplusTransitionExtendedInfo{mTmpFinishT=null, mInOplusCompatMode=false, mIsProcessRunning=false, mHasMismatchBoundsTarget=false, mRecentsController=null, mIsTranslucentActivityToHome=false, mAvoidInterceptKeyEventToHome=false, mIsFromHome=false, mParentLeash=null, mIsOplusAnimRes=false, mIsBalAllow=false}]}, 
11-30 20:44:19.097  1947  1999 D OplusTransitionController:  targets : [ActivityRecord{30cf7e2 u0 com.android.settings/com.oplus.settings.feature.security.OplusDeviceAdminAdd t10530}, ActivityRecord{4118fee u0 com.android.settings/.Settings$DeviceAdminSettingsActivity t10530}], 
11-30 20:44:19.097  1947  1999 D OplusTransitionController:  participants: {ActivityRecord{30cf7e2 u0 com.android.settings/com.oplus.settings.feature.security.OplusDeviceAdminAdd t10530}, ActivityRecord{4118fee u0 com.android.settings/.Settings$DeviceAdminSettingsActivity t10530}}, 
11-30 20:44:19.097  1947  1999 D OplusTransitionController:  playings:[TransitionRecord{82f7d8c id=5016 track=0 type=OPEN flags=0x0}]
11-30 20:44:19.100  1947  1995 V WindowManager: Sent Transition #5016 createdAt=11-30 20:44:18.908 via request=TransitionRequestInfo { type = OPEN, triggerTask = TaskInfo{userId=0 taskId=10530 displayId=0 isRunning=true baseIntent=Intent { flg=0x50000000 cmp=com.android.settings/.Settings$DeviceAdminSettingsActivity mCallingUid=1000 } baseActivity=ComponentInfo{com.android.settings/com.android.settings.Settings$DeviceAdminSettingsActivity} topActivity=ComponentInfo{com.android.settings/com.oplus.settings.feature.security.OplusDeviceAdminAdd} origActivity=null realActivity=ComponentInfo{com.android.settings/com.android.settings.Settings$DeviceAdminSettingsActivity} numActivities=2 lastActiveTime=577494542 supportsSplitScreenMultiWindow=false supportsMultiWindow=true supportsPocketStudioMultiWindow=true isInFlexibleEmbedded = false uid = 1000 pid = 0 resizeMode=1 isResizeable=true minWidth=-1 minHeight=-1 defaultMinSize=220 token=WCT{RemoteToken{13d5049 Task{414b1c #10530 type=standard A=1000:com.android.settings}}} topActivityType=1 pictureInPictureParams=null shouldDockBigOverlays=false launchIntoPipHostTaskId=-1 lastParentTaskIdBeforePip=-1 displayCutoutSafeInsets=Rect(0, 110 - 0, 0) topActivityInfo=ActivityInfo{673e8ad com.oplus.settings.feature.security.OplusDeviceAdminAdd} launchCookies=[] positionInParent=Point(0, 0) parentTaskId=-1 isFocused=true isVisible=true isVisibleRequested=true isSleeping=false topActivityInSizeCompat=false topActivityInOplusCompatMode=false topActivityEligibleForLetterboxEducation= false topActivityLetterboxed= false isFromDoubleTap= false topActivityLetterboxVerticalPosition= -1 topActivityLetterboxHorizontalPosition= -1 topActivityLetterboxWidth=-1 topActivityLetterboxHeight=-1 locusId=null displayAreaFeatureId=1 cameraCompatControlState=hidden locusId= null topActivityLetterboxInsets=Rect(0, 0 - 0, 0) mOplusExtraBundle = Bundle[{androidx.flexible.taskFrame=Rect(0, 0 - 0, 0), androidx.activity.LaunchScenario=0, androidx.activity.LaunchScale=1.0}]}, remoteTransition = null, displayChange = null }
11-30 20:44:19.100  1947  1995 V WindowManager:     startWCT=WindowContainerTransaction { changes = {} hops = [] errorCallbackToken=null taskFragmentOrganizer=null }
11-30 20:44:19.101  1947  1995 V WindowManager:     info={id=5016 t=OPEN f=0x0 trk=0 r=[0@Point(0, 0)] c=[{null m=OPEN f=FILLS_TASK leash=Surface(name=ActivityRecord{30cf7e2 u0 com.android.settings/com.oplus.settings.feature.security.OplusDeviceAdminAdd t10530})/@0x19fb2bf sb=Rect(0, 0 - 0, 0) eb=Rect(0, 0 - 1080, 2400) d=-1->0 r=-1->0:-1},{null m=TO_BACK f=FILLS_TASK leash=Surface(name=ActivityRecord{4118fee u0 com.android.settings/.Settings$DeviceAdminSettingsActivity t10530})/@0x56e4164 sb=Rect(0, 0 - 1080, 2400) eb=Rect(0, 0 - 1080, 2400) d=0}] extendInfo=[OplusTransitionExtendedInfo{mTmpFinishT=null, mInOplusCompatMode=false, mIsProcessRunning=false, mHasMismatchBoundsTarget=false, mRecentsController=null, mIsTranslucentActivityToHome=false, mAvoidInterceptKeyEventToHome=false, mIsFromHome=false, mParentLeash=null, mIsOplusAnimRes=false, mIsBalAllow=false}]}
11-30 20:44:19.101  2503  2868 V WindowManagerShell: onTransitionReady android.os.BinderProxy@ea8b044: {id=5016 t=OPEN f=0x0 trk=0 r=[0@Point(0, 0)] c=[{null m=OPEN f=FILLS_TASK leash=Surface(name=ActivityRecord{30cf7e2 u0 com.android.settings/com.oplus.settings.feature.security.OplusDeviceAdminAdd t10530})/@0x8a28cb0 sb=Rect(0, 0 - 0, 0) eb=Rect(0, 0 - 1080, 2400) d=-1->0 r=-1->0:-1},{null m=TO_BACK f=FILLS_TASK leash=Surface(name=ActivityRecord{4118fee u0 com.android.settings/.Settings$DeviceAdminSettingsActivity t10530})/@0x433b729 sb=Rect(0, 0 - 1080, 2400) eb=Rect(0, 0 - 1080, 2400) d=0}] extendInfo=[OplusTransitionExtendedInfo{mTmpFinishT=null, mInOplusCompatMode=false, mIsProcessRunning=false, mHasMismatchBoundsTarget=false, mRecentsController=null, mIsTranslucentActivityToHome=false, mAvoidInterceptKeyEventToHome=false, mIsFromHome=false, mParentLeash=null, mIsOplusAnimRes=false, mIsBalAllow=false}]}
11-30 20:44:19.103  2503  2868 V WindowManagerShell: Playing animation for (#5016)android.os.BinderProxy@ea8b044@0
11-30 20:44:19.103  2503  2868 V WindowManagerShell:  try handler com.android.wm.shell.taskview.TaskViewTransitions@c79f66b
11-30 20:44:19.103  2503  2868 V WindowManagerShell:  try handler com.oplus.zoom.transition.ZoomTransitionController@f4b1065
11-30 20:44:19.103  2503  2868 V WindowManagerShell:  try handler com.android.wm.shell.transition.DefaultMixedHandler@512f13a
11-30 20:44:19.103  2503  2868 V WindowManagerShell:  try handler com.android.wm.shell.keyguard.KeyguardTransitionHandler@c5a6eb3
11-30 20:44:19.103  2503  2868 V WindowManagerShell:  try handler com.android.wm.shell.activityembedding.ActivityEmbeddingController@1addc70
11-30 20:44:19.103  2503  2868 V WindowManagerShell:  try handler com.android.wm.shell.recents.RecentsTransitionHandler@ed12be9
11-30 20:44:19.103  2503  2868 V WindowManagerShell: RecentsTransitionHandler.startAnimation: no controller found
11-30 20:44:19.103  2503  2868 V WindowManagerShell:  try handler com.android.wm.shell.pip.PipTransition@9a6e06e
11-30 20:44:19.103  2503  2868 V WindowManagerShell:  try handler com.android.wm.shell.splitscreen.StageCoordinator@783430f
11-30 20:44:19.103  2503  2868 V WindowManagerShell:  try handler com.oplus.flexibleactivity.FlexibleActivityTransitionHandler@c879da5
11-30 20:44:19.104  2503  2868 V WindowManagerShell:  try handler OnePuttTransitionHandler
11-30 20:44:19.104  2503  2868 V WindowManagerShell:  try handler com.android.wm.shell.flexibletask.FlexibleTaskTransitionHandler@1668507
11-30 20:44:19.104  2503  2868 V WindowManagerShell:  try handler com.android.wm.shell.transition.RemoteTransitionHandler@f98f634
11-30 20:44:19.104  2503  2868 V WindowManagerShell: Transition doesn't have explicit remote, search filters for match for {id=5016 t=OPEN f=0x0 trk=0 r=[0@Point(0, 0)] c=[{null m=OPEN f=FILLS_TASK leash=Surface(name=ActivityRecord{30cf7e2 u0 com.android.settings/com.oplus.settings.feature.security.OplusDeviceAdminAdd t10530})/@0x8a28cb0 sb=Rect(0, 0 - 0, 0) eb=Rect(0, 0 - 1080, 2400) d=-1->0 r=-1->0:-1},{null m=TO_BACK f=FILLS_TASK leash=Surface(name=ActivityRecord{4118fee u0 com.android.settings/.Settings$DeviceAdminSettingsActivity t10530})/@0x433b729 sb=Rect(0, 0 - 1080, 2400) eb=Rect(0, 0 - 1080, 2400) d=0}] extendInfo=[OplusTransitionExtendedInfo{mTmpFinishT=null, mInOplusCompatMode=false, mIsProcessRunning=false, mHasMismatchBoundsTarget=false, mRecentsController=null, mIsTranslucentActivityToHome=false, mAvoidInterceptKeyEventToHome=false, mIsFromHome=false, mParentLeash=null, mIsOplusAnimRes=false, mIsBalAllow=false}]}
11-30 20:44:19.105  2503  2868 V WindowManagerShell:  Checking filter Pair{{types=[] flags=0x0] notFlags=0x100 checks=[{atype=home independent=true modes=[OPEN,TO_FRONT] flags=NONE mustBeTask=false order=TOP topActivity=ComponentInfo{com.android.launcher/com.android.launcher.Launcher}},{atype=standard independent=true modes=[CLOSE,TO_BACK] flags=NONE mustBeTask=false order=ANY topActivity=null}]} RemoteTransition { remoteTransition = android.window.IRemoteTransition$Stub$Proxy@f5cdc5d, recentAnimRunner = null, appThread = android.app.IApplicationThread$Stub$Proxy@29c59d2, debugName = QuickstepLaunchHome }}
11-30 20:44:19.105  2503  2868 V WindowManagerShell:  Delegate animation for #5016 to null
11-30 20:44:19.105  2503  2868 V WindowManagerShell:  try handler com.android.wm.shell.transition.DefaultTransitionHandler@a5c6aa3
11-30 20:44:19.105  2503  2868 V WindowManagerShell: start default transition animation, info = {id=5016 t=OPEN f=0x0 trk=0 r=[0@Point(0, 0)] c=[{null m=OPEN f=FILLS_TASK leash=Surface(name=ActivityRecord{30cf7e2 u0 com.android.settings/com.oplus.settings.feature.security.OplusDeviceAdminAdd t10530})/@0x8a28cb0 sb=Rect(0, 0 - 0, 0) eb=Rect(0, 0 - 1080, 2400) d=-1->0 r=-1->0:-1},{null m=TO_BACK f=FILLS_TASK leash=Surface(name=ActivityRecord{4118fee u0 com.android.settings/.Settings$DeviceAdminSettingsActivity t10530})/@0x433b729 sb=Rect(0, 0 - 1080, 2400) eb=Rect(0, 0 - 1080, 2400) d=0}] extendInfo=[OplusTransitionExtendedInfo{mTmpFinishT=null, mInOplusCompatMode=false, mIsProcessRunning=false, mHasMismatchBoundsTarget=false, mRecentsController=null, mIsTranslucentActivityToHome=false, mAvoidInterceptKeyEventToHome=false, mIsFromHome=false, mParentLeash=null, mIsOplusAnimRes=false, mIsBalAllow=false}]}
11-30 20:44:19.107  1947  1999 D OplusSplitScreenManagerService: com.android.settings unSupportsSplitScreen by blockList or ForbidActivityList
11-30 20:44:19.109  1947  2796 D OplusTransitionAnimationManager: skipFinishDrawingIfNeed clientRotation=0, currentRotation=0, hasFixedRotationApp=false, requestedOrientation=1, win=Window{fa89706 u0 com.android.settings/com.oplus.settings.feature.security.OplusDeviceAdminAdd}, activity=ActivityRecord{30cf7e2 u0 com.android.settings/com.oplus.settings.feature.security.OplusDeviceAdminAdd t10530}, currentConfig={1.0 ??mcc??mnc [en_DZ] ldltr sw360dp w360dp h763dp 480dpi nrml long port finger -keyb/v/h -nav/h winConfig={ mBounds=Rect(0, 0 - 1080, 2400) mAppBounds=Rect(0, 110 - 1080, 2400) mMaxBounds=Rect(0, 0 - 1080, 2400) mDisplayRotation=ROTATION_0 mWindowingMode=fullscreen mDisplayWindowingMode=fullscreen mActivityType=standard mAlwaysOnTop=undefined mRotation=ROTATION_0} s.1 fontWeightAdjustment=0mThemeChanged= 0, mThemeChangedFlags= 0, mFlipFont= 0, mScenario= 0, mAccessibleChanged= -1, mUxIconConfig= 3468921665126662433, mMaterialColor= 0, mUserId= 0, mFontUserId= 0, mFontVariationSettings= 226, mFoldingAngle = -1.0, mIconPackName= , mDarkModeBackgroundMaxL= 0.0, mDarkModeDialogBgMaxL= 27.0, mDarkModeForegroundMinL= 100.0, mOplusConfigType= 1, mOplusChangedConfigs= 0, OpSans= -1, mBurmeseFontFlag= 2, mFlag= 0, mFlexibleActivitySuitable= -1, mPuttDisplayFlag= -1}
11-30 20:44:19.112  1947  4500 D OplusSplitScreenManagerService: com.android.settings unSupportsSplitScreen by blockList or ForbidActivityList
11-30 20:44:19.113  1947  1999 D ActivityTaskManager: Clearing startingData for activity=ActivityRecord{30cf7e2 u0 com.android.settings/com.oplus.settings.feature.security.OplusDeviceAdminAdd t10530} mStartingData=null mStartingSurface=null
11-30 20:44:19.113  2503  2868 V WindowManagerShell:  animated by com.android.wm.shell.transition.DefaultTransitionHandler@a5c6aa3
11-30 20:44:19.119  1947  4500 I BLASTSyncEngine: onCommitted syncId: 5016, timeout: falseran: false
11-30 20:44:19.157  1947  4503 D InputMethodManagerService: isSecurity: attribute.packageName = com.android.settings mCurMethodId = com.google.android.inputmethod.latin/com.android.inputmethod.latin.LatinIME isSecurity = false ( enable = false needShow = false inBlackList = false isExist = true )
11-30 20:44:19.159  1947  4500 V AutofillInlineSuggestionsRequestSession: onInputMethodFinishInput() received
11-30 20:44:19.161  1947  4493 V AutofillInlineSuggestionsRequestSession: onInputMethodStartInput() received on 0
11-30 20:44:19.165  1947  4493 W PackageConfigPersister: App-specific configuration not found for packageName: com.android.settings and userId: 0
11-30 20:44:19.407  2503  2868 V WindowManagerShell: Transition animation finished (aborted=false), notifying core (#5016)android.os.BinderProxy@ea8b044@0
11-30 20:44:19.410  1947  1995 V WindowManager: Finish Transition #5016: created at 11-30 20:44:18.908 collect-started=0.093ms request-sent=14.522ms started=17.545ms ready=29.405ms sent=189.713ms finished=501.246ms
11-30 20:44:19.410  1947  4493 D Transition: finishTransition ar ActivityRecord{30cf7e2 u0 com.android.settings/com.oplus.settings.feature.security.OplusDeviceAdminAdd t10530}, isVisibleRequested=true, state=RESUMED, visibleAtTransitionEndTokens={ActivityRecord{30cf7e2 u0 com.android.settings/com.oplus.settings.feature.security.OplusDeviceAdminAdd t10530}}, this=TransitionRecord{82f7d8c id=5016 track=0 type=OPEN flags=0x0}
11-30 20:44:19.411  1947  4493 D Transition: finishTransition ar ActivityRecord{4118fee u0 com.android.settings/.Settings$DeviceAdminSettingsActivity t10530}, isVisibleRequested=false, state=PAUSED, visibleAtTransitionEndTokens={ActivityRecord{30cf7e2 u0 com.android.settings/com.oplus.settings.feature.security.OplusDeviceAdminAdd t10530}}, this=TransitionRecord{82f7d8c id=5016 track=0 type=OPEN flags=0x0}
11-30 20:44:19.411  1947  4493 D ActivityTaskManager: commitVisibility: ActivityRecord{4118fee u0 com.android.settings/.Settings$DeviceAdminSettingsActivity t10530}: visible=false visibleRequested=false, isInTransition=false, runningAnimation=false 
11-30 20:44:19.411  1947  4493 D WindowManager: NFW_setClientVisible:ActivityRecord{4118fee u0 com.android.settings/.Settings$DeviceAdminSettingsActivity t10530} clientVisible:false
11-30 20:44:19.411  1947  4493 I OplusAppSwitchManagerService:  handleAppVisible , r = ActivityRecord{30cf7e2 u0 com.android.settings/com.oplus.settings.feature.security.OplusDeviceAdminAdd t10530}
11-30 20:44:19.412  1947  4493 D OplusTransitionController: finishTransition, transition: TransitionRecord{82f7d8c id=5016 track=0 type=OPEN flags=0x0}
11-30 20:44:19.413  1947  4493 D TransitionController: NFW_send RECOMPUTE_FOCUS in finishTransition
11-30 20:44:19.413  2503  2868 D ShellTaskOrganizer: onTransitionFinish, isRecent:false
11-30 20:44:19.413  2503  2868 V WindowManagerShell: Track 0 became idle
11-30 20:44:19.413  2503  2868 V WindowManagerShell: All active transition animations finished
11-30 20:44:19.425  1947  1999 D OplusSplitScreenManagerService: com.android.settings unSupportsSplitScreen by blockList or ForbidActivityList
11-30 20:44:19.426  1947  4493 D WindowManagerServiceExtImpl: extractConfigInfoAndRealFlags rotation=0, screenDp=360, win=Window{d213c67 u0 com.android.settings/com.android.settings.Settings$DeviceAdminSettingsActivity}
11-30 20:44:19.427  1947  4493 V WindowManager: Relayout Window{d213c67 u0 com.android.settings/com.android.settings.Settings$DeviceAdminSettingsActivity}: viewVisibility=8, oldvis=0, req=1080x2400, vsysui=LAYOUT_STABLE LAYOUT_HIDE_NAVIGATION LAYOUT_FULLSCREEN IMMERSIVE_STICKY LIGHT_STATUS_BAR LIGHT_NAVIGATION_BAR
11-30 20:44:19.431  1947  4493 D WindowManager: NFW_findFocusedWindowIfNeeded:Window{fa89706 u0 com.android.settings/com.oplus.settings.feature.security.OplusDeviceAdminAdd} mCurrentFocus:Window{fa89706 u0 com.android.settings/com.oplus.settings.feature.security.OplusDeviceAdminAdd}
11-30 20:44:19.432  1947  1998 D WindowManager: NFW_findFocusedWindowIfNeeded:Window{fa89706 u0 com.android.settings/com.oplus.settings.feature.security.OplusDeviceAdminAdd} mCurrentFocus:Window{fa89706 u0 com.android.settings/com.oplus.settings.feature.security.OplusDeviceAdminAdd}
11-30 20:44:19.432 12253 12253 D VRI[Settings$DeviceAdminSettingsActivity]: relayoutWindow result, sizeChanged:false, surfaceControlChanged:true, transformHintChanged:false, mSurfaceSize:Point(1080, 2400), mLastSurfaceSize:Point(1080, 2400), mWidth:1080, mHeight:2400, requestedWidth:1080, requestedHeight:2400, transformHint:0, lastTransformHint:0, installOrientation:0, displayRotation:0, isSurfaceValid:false, attr.flag:-2122252032, useBlast:true, tmpFrames:ClientWindowFrames{frame=[0,0][1080,2400] display=[0,0][1080,2400] parentFrame=[0,0][0,0]}, relayoutAsync:false, mSyncSeqId:0
11-30 20:44:19.435  1947  4493 V AutofillManagerServiceImpl: updateSessionLocked(): session gone for 2147483647(1000)
11-30 20:44:19.441  1947  4493 D CoreBackPreview: Window{d213c67 u0 com.android.settings/com.android.settings.Settings$DeviceAdminSettingsActivity}: Setting back callback null
11-30 20:44:19.442  1947  4493 I WindowManager: Window{d213c67 u0 com.android.settings/com.android.settings.Settings$DeviceAdminSettingsActivity} state from HAS_DRAWN to NO_SURFACE; reason: destroySurface
11-30 20:44:19.446  1947  4493 D WindowManager: NFW_findFocusedWindowIfNeeded:Window{fa89706 u0 com.android.settings/com.oplus.settings.feature.security.OplusDeviceAdminAdd} mCurrentFocus:Window{fa89706 u0 com.android.settings/com.oplus.settings.feature.security.OplusDeviceAdminAdd}
11-30 20:44:19.448  1947  4493 D ActivityTaskManager: removeAppToken: ActivityRecord{4118fee u0 com.android.settings/.Settings$DeviceAdminSettingsActivity t10530 f}} delayed=false parent=Task{414b1c #10530 type=standard A=1000:com.android.settings} animating=false Callers=com.android.server.wm.DisplayContent.removeAppToken:1683 com.android.server.wm.ActivityRecord.removeFromHistory:4783 com.android.server.wm.ActivityRecord.destroyed:4876 com.android.server.wm.ActivityClientController.activityDestroyed:333 
11-30 20:44:19.448  1947  4493 D OplusSplitScreenManagerService: com.android.settings unSupportsSplitScreen by blockList or ForbidActivityList
11-30 20:44:19.459  1947  1999 D OplusSplitScreenManagerService: com.android.settings unSupportsSplitScreen by blockList or ForbidActivityList
11-30 20:44:19.460  1947  1999 I TaskOrganizerController: onTaskInfoChanged taskid 10530 config { mBounds=Rect(0, 0 - 1080, 2400) mAppBounds=Rect(0, 110 - 1080, 2400) mMaxBounds=Rect(0, 0 - 1080, 2400) mDisplayRotation=ROTATION_0 mWindowingMode=fullscreen mDisplayWindowingMode=fullscreen mActivityType=standard mAlwaysOnTop=undefined mRotation=ROTATION_0}
11-30 20:44:19.460  1947  1999 D FlexibleWindowManager: onFlexibleWindowTaskInfoChanged: mTaskId = 10530 oldIsTaskEmbedded = false   curIsTaskEmbedded = false  topActivity = ComponentInfo{com.android.settings/com.oplus.settings.feature.security.OplusDeviceAdminAdd}
11-30 20:44:19.460  1947  1999 D FlexibleWindowManager: onFlexibleWindowTaskInfoChanged, return for cur task not embedded
11-30 20:44:19.842  1947  4493 D OplusSplitScreenManagerService: com.android.settings unSupportsSplitScreen by blockList or ForbidActivityList
11-30 20:44:19.892  1947  4493 D OplusSplitScreenManagerService: com.android.settings unSupportsSplitScreen by blockList or ForbidActivityList
11-30 20:44:19.936  1947  2171 D PowerManagerService: userActivityNoUpdateLocked: groupId=0, eventTime=232269418, event=touch, flags=0x0, uid=1000
11-30 20:44:19.947  2503  3052 D ShellBackPreview: initAnimation mMotionStarted=false
11-30 20:44:19.950  1947  4493 D CoreBackPreview: Focused window found using getFocusedWindowToken
11-30 20:44:19.951  1947  4493 D CoreBackPreview: startBackNavigation currentTask=Task{414b1c #10530 type=standard A=1000:com.android.settings}, topRunningActivity=ActivityRecord{30cf7e2 u0 com.android.settings/com.oplus.settings.feature.security.OplusDeviceAdminAdd t10530}, callbackInfo=OnBackInvokedCallbackInfo{mCallback=android.window.IOnBackInvokedCallback$Stub$Proxy@8a7a3f4, mPriority=0, mIsAnimationCallback=false}, currentFocus=Window{fa89706 u0 com.android.settings/com.oplus.settings.feature.security.OplusDeviceAdminAdd}
11-30 20:44:19.953  2503  3052 D ShellBackPreview: Received backNavigationInfo:BackNavigationInfo{mType=TYPE_CALLBACK (4), mOnBackNavigationDone=android.os.RemoteCallback@e128955, mOnBackInvokedCallback=android.window.IOnBackInvokedCallback$Stub$Proxy@7a8f6a, mPrepareRemoteAnimation=false, mAnimationCallback=false, mCustomizeAnimationInfo=null}
11-30 20:44:19.959  1947  1996 D WindowManager: request show transient bar, navigationBar already visible
11-30 20:44:19.976  1947  4493 V WindowManager: Relayout Window{873d9b8 u0 ColorSideGestureRight_displayId_0}: viewVisibility=0, oldvis=8, req=115x2713, vsysui=
11-30 20:44:19.976  1947  4493 I WindowManager: Window{873d9b8 u0 ColorSideGestureRight_displayId_0} state from NO_SURFACE to DRAW_PENDING; reason: resetDrawState
11-30 20:44:19.988  1947  4493 D WindowManager: NFW_findFocusedWindowIfNeeded:Window{fa89706 u0 com.android.settings/com.oplus.settings.feature.security.OplusDeviceAdminAdd} mCurrentFocus:Window{fa89706 u0 com.android.settings/com.oplus.settings.feature.security.OplusDeviceAdminAdd}
11-30 20:44:20.009  1947  4500 I WindowManager: Window{873d9b8 u0 ColorSideGestureRight_displayId_0} state from DRAW_PENDING to COMMIT_DRAW_PENDING; reason: finishDrawingLocked
11-30 20:44:20.011  1947  1999 I WindowManager: Window{873d9b8 u0 ColorSideGestureRight_displayId_0} state from COMMIT_DRAW_PENDING to READY_TO_SHOW; reason: commitFinishDrawingLocked
11-30 20:44:20.012  1947  1999 I WindowManager: Window{873d9b8 u0 ColorSideGestureRight_displayId_0} state from READY_TO_SHOW to HAS_DRAWN; reason: performShowLocked
11-30 20:44:20.031  2503  3052 D ShellBackPreview: Finishing gesture with event action: 1
11-30 20:44:20.031  2503  3052 D ShellBackPreview: onGestureFinished() mTriggerBack == true
11-30 20:44:20.032  2503  3052 D ShellBackPreview: BackAnimationController: finishBackNavigation()
11-30 20:44:20.033  1947  4500 D CoreBackPreview: onBackNavigationDone backType=4, triggerBack=true
11-30 20:44:20.042  1947  4493 D ActivityTaskManager: onWindowFocusChanged Task{fdaf3e5 #5 type=home I=com.android.launcher/.Launcher} would transfer to compact
11-30 20:44:20.043  1947  4493 D ActivityTaskManager: NFW_setLastResumedActivityUncheckLocked:true r:ActivityRecord{60860fe u0 com.android.launcher/.Launcher t5} currentFocus:Window{fa89706 u0 com.android.settings/com.oplus.settings.feature.security.OplusDeviceAdminAdd}
11-30 20:44:20.043  1947  4493 D WindowManager: NFW_findFocusedWindowIfNeeded:null mCurrentFocus:Window{fa89706 u0 com.android.settings/com.oplus.settings.feature.security.OplusDeviceAdminAdd}
11-30 20:44:20.043  1947  4493 V WindowManager: Changing focus from Window{fa89706 u0 com.android.settings/com.oplus.settings.feature.security.OplusDeviceAdminAdd} to null,diplayid=0
11-30 20:44:20.044  1947  4493 D FlexibleTaskController: onTaskFocusChanged prevTask:Task{414b1c #10530 type=standard A=1000:com.android.settings} ,currentTask:Task{fdaf3e5 #5 type=home I=com.android.launcher/.Launcher}, reason: finish-top adjustFocusToNextFocusableTask
11-30 20:44:20.046  1947  4493 D OplusSplitScreenManagerService: com.android.settings unSupportsSplitScreen by blockList or ForbidActivityList
11-30 20:44:20.047  1947  4493 D OplusSplitScreenManagerService: com.android.settings unSupportsSplitScreen by blockList or ForbidActivityList
11-30 20:44:20.047  1947  4493 D ActivityRecordExtImpl: skipPrepareAppTransitionForZoom false
11-30 20:44:20.047  1947  4493 D ActivityTaskManager: setAppVisibility(Token{24fb630 ActivityRecord{30cf7e2 u0 com.android.settings/com.oplus.settings.feature.security.OplusDeviceAdminAdd t10530 f}}}, visible=false): mNextAppTransitionRequests=[], mNextAppTransitionFlags=,mAppTransitionState=APP_STATE_IDLE visible=true mVisibleRequested=true
11-30 20:44:20.047  2503  2868 V WindowManagerShell: Transition requested: android.os.BinderProxy@a0f7b79 TransitionRequestInfo { type = CLOSE, triggerTask = TaskInfo{userId=0 taskId=10530 displayId=0 isRunning=false baseIntent=Intent { flg=0x50000000 cmp=com.android.settings/.Settings$DeviceAdminSettingsActivity mCallingUid=1000 } baseActivity=null topActivity=null origActivity=null realActivity=ComponentInfo{com.android.settings/com.android.settings.Settings$DeviceAdminSettingsActivity} numActivities=0 lastActiveTime=577494559 supportsSplitScreenMultiWindow=false supportsMultiWindow=true supportsPocketStudioMultiWindow=true isInFlexibleEmbedded = false uid = -1 pid = -1 resizeMode=1 isResizeable=true minWidth=-1 minHeight=-1 defaultMinSize=220 token=WCT{android.window.IWindowContainerToken$Stub$Proxy@8cca0be} topActivityType=1 pictureInPictureParams=null shouldDockBigOverlays=false launchIntoPipHostTaskId=-1 lastParentTaskIdBeforePip=-1 displayCutoutSafeInsets=Rect(0, 110 - 0, 0) topActivityInfo=null launchCookies=[] positionInParent=Point(0, 0) parentTaskId=-1 isFocused=false isVisible=true isVisibleRequested=true isSleeping=false topActivityInSizeCompat=false topActivityInOplusCompatMode=false topActivityEligibleForLetterboxEducation= false topActivityLetterboxed= false isFromDoubleTap= false topActivityLetterboxVerticalPosition= -1 topActivityLetterboxHorizontalPosition= -1 topActivityLetterboxWidth=-1 topActivityLetterboxHeight=-1 locusId=null displayAreaFeatureId=1 cameraCompatControlState=hidden locusId= null topActivityLetterboxInsets=Rect(0, 0 - 0, 0) mOplusExtraBundle = Bundle[mParcelledData.dataSize=288]}, remoteTransition = null, displayChange = null }
11-30 20:44:20.048  1947  4493 D ActivityTaskManager: setVisibility(Token{24fb630 ActivityRecord{30cf7e2 u0 com.android.settings/com.oplus.settings.feature.security.OplusDeviceAdminAdd t10530 f}}}, visible=false) defer commitVisibility for transition collecting
11-30 20:44:20.054  1947  4493 D OplusSplitScreenManagerService: com.android.settings unSupportsSplitScreen by blockList or ForbidActivityList
11-30 20:44:20.054  1947  4493 I TaskOrganizerController: onTaskInfoChanged taskid 10530 config { mBounds=Rect(0, 0 - 1080, 2400) mAppBounds=Rect(0, 110 - 1080, 2400) mMaxBounds=Rect(0, 0 - 1080, 2400) mDisplayRotation=ROTATION_0 mWindowingMode=fullscreen mDisplayWindowingMode=fullscreen mActivityType=standard mAlwaysOnTop=undefined mRotation=ROTATION_0}
11-30 20:44:20.054  1947  4493 D FlexibleWindowManager: onFlexibleWindowTaskInfoChanged: mTaskId = 10530 oldIsTaskEmbedded = false   curIsTaskEmbedded = false  topActivity = null
11-30 20:44:20.054  1947  4493 D FlexibleWindowManager: onFlexibleWindowTaskInfoChanged, return for cur task not embedded
11-30 20:44:20.054  1947  4493 I TaskOrganizerController: onTaskInfoChanged taskid 1 config { mBounds=Rect(0, 0 - 1080, 2400) mAppBounds=Rect(0, 110 - 1080, 2400) mMaxBounds=Rect(0, 0 - 1080, 2400) mDisplayRotation=ROTATION_0 mWindowingMode=fullscreen mDisplayWindowingMode=fullscreen mActivityType=home mAlwaysOnTop=undefined mRotation=ROTATION_0}
11-30 20:44:20.054  1947  4493 D FlexibleWindowManager: onFlexibleWindowTaskInfoChanged: mTaskId = 1 oldIsTaskEmbedded = false   curIsTaskEmbedded = false  topActivity = ComponentInfo{com.android.launcher/com.android.launcher.Launcher}
11-30 20:44:20.054  1947  4493 D FlexibleWindowManager: onFlexibleWindowTaskInfoChanged, return for cur task not embedded
11-30 20:44:20.061  1947  4493 D ActivityTaskManager: setAppVisibility(Token{ea7ceba ActivityRecord{60860fe u0 com.android.launcher/.Launcher t5}}, visible=true): mNextAppTransitionRequests=[], mNextAppTransitionFlags=,mAppTransitionState=APP_STATE_IDLE visible=false mVisibleRequested=false
11-30 20:44:20.061  1947  4493 D WindowManager: NFW_setClientVisible:ActivityRecord{60860fe u0 com.android.launcher/.Launcher t5} clientVisible:true
11-30 20:44:20.061  1947  4493 D ActivityTaskManager: setVisibility(Token{ea7ceba ActivityRecord{60860fe u0 com.android.launcher/.Launcher t5}}, visible=true) defer commitVisibility for transition collecting
11-30 20:44:20.061  1947  4493 D ActivityTaskManager: NFW_setLastResumedActivityUncheckLocked:false r:ActivityRecord{60860fe u0 com.android.launcher/.Launcher t5} currentFocus:null
11-30 20:44:20.061  1947  4493 D WindowManager: NFW_findFocusedWindowIfNeeded:null mCurrentFocus:null
11-30 20:44:20.062  1947  4493 I OplusJoystickManager: handleApplicationSwitch deprecated!
11-30 20:44:20.063  1947  3292 D OplusAppSwitchListener: Detect com.android.settings switch to background
11-30 20:44:20.064  1947  3292 D OplusFeatureReduceBrightness: onAppExit , info = com.android.settings
11-30 20:44:20.064  1947  3292 D OplusEapManager: mTargetExitName :com.android.settings
11-30 20:44:20.065  1947  2041 D VRR [OPlusRefreshRateService]: handleFrontAppChange pkgName: null
11-30 20:44:20.065  1947  4493 D WindowManager: updateOrientation: mLastOrientation = SCREEN_ORIENTATION_PORTRAIT(1) newOrientation = SCREEN_ORIENTATION_NOSENSOR(5) forceUpdate = true LastOrientationSource = ActivityRecord{60860fe u0 com.android.launcher/.Launcher t5}
11-30 20:44:20.065  1947  4493 D WindowManager: rotation(ROTATION_0) no changed.
11-30 20:44:20.065  1947  2041 D VRR [OPlusSurfaceFlingerController]:  setTouchIdleShouldPause : false
11-30 20:44:20.066  1947  4493 D TaskFragmentExtImpl: addColorModeOnResume resume=true pkg = com.android.launcher
11-30 20:44:20.066  1947  4493 D ActivityTaskManager: setAppVisibility(Token{ea7ceba ActivityRecord{60860fe u0 com.android.launcher/.Launcher t5}}, visible=true): mNextAppTransitionRequests=[], mNextAppTransitionFlags=,mAppTransitionState=APP_STATE_IDLE visible=false mVisibleRequested=true
11-30 20:44:20.066  1947  3292 D OplusAppSwitchListener: Detect com.android.launcher switch to foreground
11-30 20:44:20.066  1947  4493 D ActivityTaskManager: setVisibility(Token{ea7ceba ActivityRecord{60860fe u0 com.android.launcher/.Launcher t5}}, visible=true) defer commitVisibility for transition collecting
11-30 20:44:20.068  1947  4500 D VRR [OPlusRefreshRateService]:  setFrameRateTargetControl [ 0.0 , com.android.settings , false , com.oplus.battery ]
11-30 20:44:20.068  1947  4500 D VRR [OPlusExternalRefreshRateManager]:  [FRTC] FrameRate : 0 com.android.settings false com.oplus.battery 0 1000
11-30 20:44:20.068  1947  3292 D OplusEapManager: mTargetEnterName :com.android.launcher
11-30 20:44:20.069  1947  2316 D ORBrightnessMarvelsDataCollector: Runnable-MarvelsAppEnterInfo[2025-11-30 20:44:20,com.android.launcher,20.0]
11-30 20:44:20.069  1947  3292 D VRR [OPlusFrontAppManager]: OnAppSwitchObserver: onAppEnter , info.targetName = com.android.launcher
11-30 20:44:20.069  3031  3031 D ActivityThread: ComponentInfo{com.android.launcher/com.android.launcher.Launcher} checkFinished=false 2
11-30 20:44:20.070  1947  4500 W ActivityManager: Unable to start service Intent { act=heytap.intent.action.assistantscreen.window.server pkg=com.coloros.assistantscreen mCallingUid=10195 } U=0: not found
11-30 20:44:20.070  3031  3031 D ResourcesManagerExtImpl: applyConfigurationToAppResourcesLocked app.getDisplayId() return callback.displayId:0
11-30 20:44:20.072  1947  2041 D VRR [OPlusRefreshRateService]: handleFrontAppChange pkgName: com.android.launcher
11-30 20:44:20.072  1947  2041 D VRR [OPlusExternalRefreshRateManager]:  [OTI] handleTouchIdleState: reading rate 30
11-30 20:44:20.073  1947  1998 D OplusKeepAliveManager: TOP_APP is ProcessRecord{9c9bcb0 3031:com.android.launcher/u0a195} uid is 10195
11-30 20:44:20.080  1947  2788 D WindowManagerServiceExtImpl: extractConfigInfoAndRealFlags rotation=0, screenDp=360, win=Window{899f638 u0 com.android.launcher/com.android.launcher.Launcher}
11-30 20:44:20.081  1947  2788 V WindowManager: Relayout Window{899f638 u0 com.android.launcher/com.android.launcher.Launcher}: viewVisibility=0, oldvis=8, req=1080x2400, vsysui=LAYOUT_STABLE LAYOUT_HIDE_NAVIGATION LAYOUT_FULLSCREEN
11-30 20:44:20.081  1947  2788 I WindowManager: Window{899f638 u0 com.android.launcher/com.android.launcher.Launcher} state from NO_SURFACE to DRAW_PENDING; reason: resetDrawState
11-30 20:44:20.087  1947  2788 D WindowManager: NFW_findFocusedWindowIfNeeded:Window{899f638 u0 com.android.launcher/com.android.launcher.Launcher} mCurrentFocus:null
11-30 20:44:20.088  1947  2788 V WindowManager: Changing focus from null to Window{899f638 u0 com.android.launcher/com.android.launcher.Launcher},diplayid=0
11-30 20:44:20.089  1947  2021 E OplusThermalStats: Error getting package info: com.android.launcher
11-30 20:44:20.089  1947  1996 E MBrainLocalService: MBrainJava launch failed: SecurityException
11-30 20:44:20.089  1947  1996 D MBrainLocalService: isVendorFreezeConditionPass is false
11-30 20:44:20.089  1947  1996 E MBrainLocalService: notifyAppSwitch failed
11-30 20:44:20.089  1947  1996 D MBrainLocalService: isVendorFreezeConditionPass is false
11-30 20:44:20.089  1947  1996 E MBrainLocalService: notifyAppSwitch failed
11-30 20:44:20.094  1947  1996 D MBrainLocalService: isVendorFreezeConditionPass is false
11-30 20:44:20.094  1947  1996 E MBrainLocalService: notifyAppSwitch failed
11-30 20:44:20.096  3031  3031 D VRI[Launcher]: relayoutWindow result, sizeChanged:false, surfaceControlChanged:true, transformHintChanged:false, mSurfaceSize:Point(1080, 2400), mLastSurfaceSize:Point(1080, 2400), mWidth:1080, mHeight:2400, requestedWidth:1080, requestedHeight:2400, transformHint:0, lastTransformHint:0, installOrientation:0, displayRotation:0, isSurfaceValid:true, attr.flag:-2121203456, useBlast:true, tmpFrames:ClientWindowFrames{frame=[0,0][1080,2400] display=[0,0][1080,2400] parentFrame=[0,0][0,0]}, relayoutAsync:false, mSyncSeqId:0
11-30 20:44:20.096  3031  3031 W VRI[Launcher]: updateBlastSurfaceIfNeeded, surfaceSize:Point(1080, 2400), lastSurfaceSize:Point(1080, 2400), format:-2, blastBufferQueue:null
11-30 20:44:20.112  1947  2788 D OplusStartingWindowManager: updateRecordSurfaceViewState windowToken=android.os.BinderProxy@4b3329b, hasSurfaceView=true, win=Window{899f638 u0 com.android.launcher/com.android.launcher.Launcher}
11-30 20:44:20.117  1947  1996 D MBrainLocalService: isVendorFreezeConditionPass is false
11-30 20:44:20.117  1947  1996 E MBrainLocalService: notifyAppSwitch failed
11-30 20:44:20.118  1947  1996 D MBrainLocalService: isVendorFreezeConditionPass is false
11-30 20:44:20.119  1947  1996 E MBrainLocalService: notifyAppSwitch failed
11-30 20:44:20.120  1947  2788 D OplusDisplayManagerServiceEnhance: OplusDisplayManagerServiceEnhance setSpecBrightness gear = 0 reason = com.android.launcher@temperature@34@normal rate = -1
11-30 20:44:20.121  1947  4493 D VRR [OPlusRefreshRateService]:  setFrameRateTargetControl [ 0.0 , com.android.launcher , false , com.oplus.battery ]
11-30 20:44:20.121  1947  4493 D VRR [OPlusExternalRefreshRateManager]:  [FRTC] FrameRate : 0 com.android.launcher false com.oplus.battery 0 1000
11-30 20:44:20.122  1947  2038 I OplusSmartBrightnessController: handleMessage MSG_TEMPERATURE_LIMIT_BRIGHTNESS_CHANGED.
11-30 20:44:20.122  1947  4500 D OplusBatteryServiceFeature: setSmartCoolDown: coolDown = 0, normalCoolDown = 0, pkgName = com.android.launcher
11-30 20:44:20.122  1947  2038 D OplusFeatureTemperatureLimitBrightness: new parameter!ControlInfo:[ gear = 0 reason = com.android.launcher@temperature@34@normal brightness = 4095 package = com.android.launcher type = temperature temperature = 34 priority = normal rate = -1] HadDragPoint = false mode = 1
11-30 20:44:20.122  1947  2038 D OplusFeatureTemperatureLimitBrightness: isResetUpdate = false isNormalUpdate = true isSafetyRegulationsForceUpdate = false mLastBrightnessLimit = 4095
11-30 20:44:20.122  1947  2038 D OplusFeatureTemperatureLimitBrightness: mBrightnessLimit = 4095
11-30 20:44:20.122  1947  2036 D ColorAutomaticBrightnessController: MSG_UPDATE_BRIGHTNESS
11-30 20:44:20.131  1947  4493 D OplusTransitionController: onSyncFinishedDrawing, Window{899f638 u0 com.android.launcher/com.android.launcher.Launcher}
11-30 20:44:20.131  1947  4493 I WindowManager: finishDrawing skipLayout:false,syncSeqId=0,mPrepareSyncSeqId=0 Window{899f638 u0 com.android.launcher/com.android.launcher.Launcher} com.android.server.wm.WindowManagerService.finishDrawingWindow:2991 com.android.server.wm.Session.finishDrawing:311 android.view.IWindowSession$Stub.onTransact:779 
11-30 20:44:20.131  1947  4493 I WindowManager: Window{899f638 u0 com.android.launcher/com.android.launcher.Launcher} state from DRAW_PENDING to COMMIT_DRAW_PENDING; reason: finishDrawingLocked
11-30 20:44:20.132  1947  4493 D OplusTransitionAnimationManager: skipFinishDrawingIfNeed clientRotation=0, currentRotation=0, hasFixedRotationApp=false, requestedOrientation=5, win=Window{899f638 u0 com.android.launcher/com.android.launcher.Launcher}, activity=ActivityRecord{60860fe u0 com.android.launcher/.Launcher t5}, currentConfig={1.0 ??mcc??mnc [en_DZ] ldltr sw360dp w360dp h763dp 480dpi nrml long port finger -keyb/v/h -nav/h winConfig={ mBounds=Rect(0, 0 - 1080, 2400) mAppBounds=Rect(0, 110 - 1080, 2400) mMaxBounds=Rect(0, 0 - 1080, 2400) mDisplayRotation=ROTATION_0 mWindowingMode=fullscreen mDisplayWindowingMode=fullscreen mActivityType=home mAlwaysOnTop=undefined mRotation=ROTATION_0} s.481 fontWeightAdjustment=0mThemeChanged= 0, mThemeChangedFlags= 0, mFlipFont= 0, mScenario= 0, mAccessibleChanged= -1, mUxIconConfig= 3468921665126662433, mMaterialColor= 0, mUserId= 0, mFontUserId= 0, mFontVariationSettings= 226, mFoldingAngle = -1.0, mIconPackName= , mDarkModeBackgroundMaxL= 0.0, mDarkModeDialogBgMaxL= 27.0, mDarkModeForegroundMinL= 100.0, mOplusConfigType= 1, mOplusChangedConfigs= 0, OpSans= -1, mBurmeseFontFlag= 2, mFlag= 0, mFlexibleActivitySuitable= -1, mPuttDisplayFlag= -1}
11-30 20:44:20.132  3031  3031 I Quality : Skipped: false 4 cost 50.636536 refreshRate 11099824 bit true processName com.android.launcher
11-30 20:44:20.132  1947  1999 D WindowManager: NFW_setClientVisible:WallpaperWindowToken{a45aa2a token=android.os.Binder@1825715} clientVisible:true
11-30 20:44:20.135  1947  1999 I WindowManager: Window{899f638 u0 com.android.launcher/com.android.launcher.Launcher} state from COMMIT_DRAW_PENDING to READY_TO_SHOW; reason: commitFinishDrawingLocked
11-30 20:44:20.135  1947  1999 D ActivityTaskManager: Clearing startingData for activity=ActivityRecord{60860fe u0 com.android.launcher/.Launcher t5} mStartingData=null mStartingSurface=null
11-30 20:44:20.138  1947  1999 D ActivityTaskManager: commitVisibility: ActivityRecord{60860fe u0 com.android.launcher/.Launcher t5}: visible=true visibleRequested=true, isInTransition=true, runningAnimation=true 
11-30 20:44:20.138  1947  1999 D ActivityTaskManager: Clearing startingData for activity=ActivityRecord{60860fe u0 com.android.launcher/.Launcher t5} mStartingData=null mStartingSurface=null
11-30 20:44:20.138  1947  1999 I WindowManager: Window{899f638 u0 com.android.launcher/com.android.launcher.Launcher} state from READY_TO_SHOW to HAS_DRAWN; reason: performShowLocked
11-30 20:44:20.139  1947  1999 D Transition: collectOrderChanges onTopTasksEnd: [Task{a094657 #1 type=home}, Task{fdaf3e5 #5 type=home I=com.android.launcher/.Launcher}], reportedOnTop:null, mOnTopTasksStart: [Task{a094657 #1 type=home}, Task{fdaf3e5 #5 type=home I=com.android.launcher/.Launcher}], TDA child: [Task{2007ffa #10515 type=standard A=10148:com.google.android.gm}, Task{abf8ad3 #10497 type=standard A=10342:me.zhanghai.android.files}, Task{53f3930 #10496 type=standard A=10419:com.nextcloud.client}, Task{b478e8c #2 type=undefined}, Task{414b1c #10530 type=standard A=1000:com.android.settings}, Task{a094657 #1 type=home}]
11-30 20:44:20.139  1947  1999 D OplusFlexibleActivityTransitionManager: fixTransitType type result:2, targets: [Task{a094657 #1 type=home}, Task{414b1c #10530 type=standard A=1000:com.android.settings}, WallpaperWindowToken{a45aa2a token=android.os.Binder@1825715}]
11-30 20:44:20.142  1947  1999 D OplusSplitScreenManagerService: com.android.settings unSupportsSplitScreen by blockList or ForbidActivityList
11-30 20:44:20.142  1947  1999 D OplusZoomWindowManagerService: saveSupportFreeFormToTaskInfo target = ComponentInfo{com.android.settings/com.oplus.settings.feature.security.OplusDeviceAdminAdd} isSupportZoomMode = false
11-30 20:44:20.142  1947  1999 D OplusTransitionAnimationManager: mOpeningTasks add Task{a094657 #1 type=home}
11-30 20:44:20.142  1947  1999 D OplusTransitionAnimationManager: mOpeningTasks add Task{414b1c #10530 type=standard A=1000:com.android.settings}
11-30 20:44:20.142  1947  1999 D OplusTransitionController: onTransactionReady, transition: 5017, 
11-30 20:44:20.142  1947  1999 D OplusTransitionController:  info: {id=5017 t=CLOSE f=0x0 trk=0 r=[0@Point(0, 0)] c=[{WCT{RemoteToken{34e7afe Task{a094657 #1 type=home}}} m=TO_FRONT f=SHOW_WALLPAPER leash=Surface(name=Task=1)/@0x57f25f sb=Rect(0, 0 - 1080, 2400) eb=Rect(0, 0 - 1080, 2400) d=0},{WCT{RemoteToken{13d5049 Task{414b1c #10530 type=standard A=1000:com.android.settings}}} m=CLOSE f=NONE leash=Surface(name=Task=10530)/@0x7079d4e sb=Rect(0, 0 - 1080, 2400) eb=Rect(0, 0 - 1080, 2400) d=0},{null m=TO_FRONT f=IS_WALLPAPER leash=Surface(name=WallpaperWindowToken{a45aa2a token=android.os.Binder@1825715})/@0xaae4c6e sb=Rect(0, 0 - 1080, 2400) eb=Rect(0, 0 - 1080, 2400) d=0}] extendInfo=[OplusTransitionExtendedInfo{mTmpFinishT=null, mInOplusCompatMode=false, mIsProcessRunning=false, mHasMismatchBoundsTarget=false, mRecentsController=null, mIsTranslucentActivityToHome=false, mAvoidInterceptKeyEventToHome=false, mIsFromHome=false, mParentLeash=null, mIsOplusAnimRes=false, mIsBalAllow=false}]}, 
11-30 20:44:20.142  1947  1999 D OplusTransitionController:  targets : [Task{a094657 #1 type=home}, Task{414b1c #10530 type=standard A=1000:com.android.settings}, WallpaperWindowToken{a45aa2a token=android.os.Binder@1825715}], 
