--------- beginning of system
11-30 20:38:33.507  2386  2641 D PowerMonitorNotifier: handleMessage: 20/0
11-30 20:38:34.532 27001 27024 D MiscManager: error ! ReadBreathLightTime not support.
11-30 20:38:34.572 27001 27024 W ContextImpl: Calling a method in the system process without a qualified user: android.app.ContextImpl.bindService:2032 android.content.ContextWrapper.bindService:871 com.oplus.powermonitor.standbymonitor.powerstats.modem.MpssActivityMonitor.connectService:36 com.oplus.powermonitor.standbymonitor.powerstats.modem.MpssActivityMonitor.access$200:0 com.oplus.powermonitor.standbymonitor.powerstats.modem.MpssActivityMonitor$WorkHandler.handleMessage:52 
11-30 20:38:34.575  1947  4493 D CompatibilityChangeReporter: Compat change id reported: 261072174; UID 1000; state: ENABLED
11-30 20:38:42.513  1947  2265 D Biometrics/FingerprintProvider/FingerprintServiceProviderExtImpl: dispatchTouchDown
11-30 20:38:42.514  1947  2265 D Biometrics/FingerprintProvider/FingerprintServiceProviderExtImpl: [handleOnPointerDown] dispatch to Auth
11-30 20:38:42.515  1947  2264 D OplusPowerManagerHelper: wakeUpAndBlockScreenOn reason= android.service.fingerprint:WAKEUP
11-30 20:38:42.516  1947  2264 E Orms_ManagerInner: cannot connect to orms core service!
11-30 20:38:42.518  1947  2264 E DpcExtImpl[0]: execuce mBlockReasonList.add reason: android.service.fingerprint:WAKEUP
11-30 20:38:42.519  1947  2264 I DisplayManagerService: blockScreenOnByBiometrics displayId = 0
11-30 20:38:42.519  1947  2264 D OplusPowerManagerHelper: [onWakeUp]
11-30 20:38:42.519  1947  2264 E OplusCustomizeRestrictionManagerService: isBiometricDisabled start
11-30 20:38:42.520  1947  2264 D OplusPowerManagerHelper: [requestKeyguard]
11-30 20:38:42.520  1947  2264 I PowerGroup: Waking up power group from Asleep (groupId=0, uid=1000, reason=android.service.fingerprint:WAKEUP, details=android.service.fingerprint:WAKEUP)...
11-30 20:38:42.520  1947  2264 D PowerManagerService: userActivityNoUpdateLocked: groupId=0, eventTime=231932001, event=other, flags=0x0, uid=1000
11-30 20:38:42.521  1947  2264 I PowerManagerService: Waking up from Asleep (uid=1000, reason=android.service.fingerprint:WAKEUP, details=android.service.fingerprint:WAKEUP)...
11-30 20:38:42.524  1947  2264 D OplusScreenOffTorchHelper: onWakeUp
11-30 20:38:42.524  1947  2037 E ActivityManager: Cancel pending or running compactions as system is awake
11-30 20:38:42.525  1947  2264 D DisplayPowerController[0]: requestPowerState: policy=BRIGHT, useProximitySensor=false, screenBrightnessOverride=-1.0, useAutoBrightness=false, screenAutoBrightnessAdjustmentOverride=NaN, screenLowPowerBrightnessFactor=1.0, blockScreenOn=false, lowPowerMode=false, boostScreenBrightness=false, dozeScreenBrightness=NaN, dozeScreenState=UNKNOWN, waitForNegativeProximity=false displayReady=false pendingRequest=true
11-30 20:38:42.525  1947  2264 D DisplayManagerServiceExtImpl: request size(1,1),dpc=com.android.server.display.DisplayPowerController@458dd8 size(0,1),flags=0X200F,id(0,0,local:4627039422300187648),enable=true,ready=false,waitForNegativeProximity=false policy=BRIGHT,useProximitySensor=false,dozeState=UNKNOWN,screenBrightnessOverride=-1.000000,useAuto=false,lowPower=false,lowPowerFactor=1.000000
11-30 20:38:42.525  1947  2036 D OplusSmartBrightnessController: onScreenEvent isScreenOn displayId[0]=true isFolding=false policy=BRIGHT
11-30 20:38:42.526  1947  2036 D Arc[OplusBrightnessAmbientAdapter]: onScreenEvent displayId:0 isScreenOn:true isFolding:false
11-30 20:38:42.526  1947  2036 D Arc[OplusBrightnessPhoneStateManager]: screen on first lux event:null
11-30 20:38:42.526  1947  2036 I OplusSmartBrightnessController: Boost enter
11-30 20:38:42.526  1947  2036 D OplusSmartBrightnessController: updateBoostMode displayId[0]=1
11-30 20:38:42.526  1947  2036 D OplusFeatureBrightnessBarController: screen state:true
11-30 20:38:42.526  1947  2038 I OplusSmartBrightnessController: handleMessage MSG_UPDATE_BRIGHTNESS_NO_ANIMATION changed:true
11-30 20:38:42.526  1947  2038 D Arc[LuxEvent]: main light sensor enable:true
11-30 20:38:42.527  1947  2038 D Arc[LuxEvent]: register MAIN_LIGHT result:true
11-30 20:38:42.527  1947  2041 D VRR [OPlusRefreshRateService]: handleScreenStateChange state: 2
11-30 20:38:42.527  1947  2038 D Arc[LuxEvent]: aux light sensor enable:true
11-30 20:38:42.527  1947  2038 D Arc[LuxEvent]: register AUX_LIGHT result:true
11-30 20:38:42.527  1947  2038 D Arc[ProximityEvent]: proximity sensor enable:true
11-30 20:38:42.527  1947  2038 D Arc[ProximityEvent]: register PROXIMITY result:true
11-30 20:38:42.527  1947  2038 I OplusSmartBrightnessController: handleMessage MSG_FORCE_UPDATE_BRIGHTNESS.
11-30 20:38:42.527  1947  2038 I OplusSmartBrightnessController: onTargetBrightnessChange brightness change to (11.0, 246.72821, 2156.4536)
11-30 20:38:42.530  1947  2036 D DisplayPowerState[0]: setScreenState changed:OFF->ON
11-30 20:38:42.530  1947  2036 D BackLightStat: setScreenState: state changed:OFF->ON
11-30 20:38:42.530  1947  2036 I DisplayPowerController[0]: Blocking screen on until initial contents have been drawn.
11-30 20:38:42.531  1947  2036 D WindowManager: screenTurnedOn  Display{#0 state=OFF size=1080x2400 ROTATION_0}
11-30 20:38:42.531  1947  2037 W ProcessStats: Tracking association SourceState{59fdf2f com.oplus.exsystemservice/1000 ImpFg #1151645} whose proc state 5 is better than process ProcessState{979320a com.oplus.powermonitor/1000 pkg=com.oplus.powermonitor} proc state 8 (7 skipped)
11-30 20:38:42.533  1947  2036 D DisplayPowerController[0]: animateScreenStateChange screen on blocked blocker=com.android.server.display.DisplayPowerController$ScreenOnUnblocker@78429db
11-30 20:38:42.533  1947  2036 D ColorAutomaticBrightnessController: setLightSensorEnabled: enable=true, mLightSensorEnabled=false
11-30 20:38:42.533  1947  2036 I ColorAutomaticBrightnessController: updateAutoBrightness: Auto, sendUpdate = false adjustment=6396.078613,changed:2156->2156,modified:2156->2156->2156,changed=false,cameraMode=0,ProximityNear=false
11-30 20:38:42.534  1947  2036 D OplusSmartBrightnessController: force rate to be fast displayId[0]=2400 -> 2400 boostMode=1
11-30 20:38:42.534  1947  2036 D OplusSmartBrightnessController: wakeup displayId[0]=2400 -> 0
11-30 20:38:42.534  1947  2036 I OplusSmartBrightnessController: setPowerOnRealTimeBrightness 2156.0
11-30 20:38:42.534  1947  2036 D OplusFeatureHDREnhanceBrightness: setAnimating : displayId[0]=false
11-30 20:38:42.534  1947  2036 D OplusFeatureReduceBrightness: setAnimating : animating = false
11-30 20:38:42.534  1947  2036 D OplusFeatureEdrEnhanceBrightness: setAnimating: false
11-30 20:38:42.534  1947  2036 D OplusFeaturePwEdrEnhanceBrightness: setAnimating: false
11-30 20:38:42.535  1947  2036 D DpcExtImpl[0]: Animating brightness: target=17->2156,rate=120->0,type=automatic,byUse=false local:4627039422300187648
11-30 20:38:42.535  1947  2036 D DisplayPowerController[0]: updatePowerStateInternal policy:OFF->BRIGHT,state:OFF->ON policy=BRIGHT, useProximitySensor=false, screenBrightnessOverride=-1.0, useAutoBrightness=false, screenAutoBrightnessAdjustmentOverride=NaN, screenLowPowerBrightnessFactor=1.0, blockScreenOn=false, lowPowerMode=false, boostScreenBrightness=false, dozeScreenBrightness=NaN, dozeScreenState=UNKNOWN
11-30 20:38:42.536  1947  2036 I ColorAutomaticBrightnessController: updateAutoBrightness: Auto, sendUpdate = true adjustment=6396.078613,changed:2156->2156,modified:2156->2156->2156,changed=false,cameraMode=0,ProximityNear=false
11-30 20:38:42.536  1947  2036 D DisplayPowerState[0]: updateRunnable run fadeLevle=0.0 state=ON brightness changed:2156.0->-1.0
11-30 20:38:42.537  1947  2320 D DisplayPowerState[0]: Updating screen state: id=0, state=ON, backlight=-1.0, sdrBacklight=-1.0
11-30 20:38:42.537  1947  2036 D DisplayPowerController[0]: animateScreenStateChange screen on blocked blocker=com.android.server.display.DisplayPowerController$ScreenOnUnblocker@78429db
11-30 20:38:42.537  1947  2036 D OplusSmartBrightnessController: force rate to be fast displayId[0]=120 -> 2400 boostMode=1
11-30 20:38:42.538  1947  2036 D DpcExtImpl[0]: Animating brightness: target=2156->2156,rate=2400->2400,type=automatic,byUse=false local:4627039422300187648
11-30 20:38:42.540  1947  2320 D OplusSmartBrightnessController: requestDisplayState isFirstDisplay=true state=2 globalDisplayState=0x2
11-30 20:38:42.541  1947  1998 I DisplayDeviceRepository: Display device changed state: "Built-in Screen", ON
11-30 20:38:42.541  1947  2320 D DisplayDeviceExt: setDisplayState([4627039422300187648,true],OFF->ON),t-Name=PhotonicModulator
11-30 20:38:42.541  1947  1998 D LogicalDisplayExt: set displayInfo flag FLAG_ROTATES_WITH_CONTENT
11-30 20:38:42.542  1947  1998 D DisplayManagerServiceExtImpl: scheduleTraversalLocked intraversal=false
11-30 20:38:42.542  1947  1998 I DisplayManagerServiceExtImpl: handle logical display changed logicalDisplay=id=0,stack=0,content=true,displayInfo{stack=0,type=1,id=0,uId=local:4627039422300187648,state=ON,pkg=null}
11-30 20:38:42.544  1947  1998 D DisplayManagerService: Delivering display event: displayId=0, event=2
11-30 20:38:42.545  1947  2265 V BiometricLogger: Acquired! Modality: 1, User: 0, IsCrypto: false, Action: 2, Client: 1, AcquiredInfo: 0, VendorCode: 0
11-30 20:38:42.545  1947  1947 I WallpaperManagerServiceExt: removeDisplayData. displayId = 0
11-30 20:38:42.545  1947  2265 V Biometrics/AcquisitionClient: Acquired: 0 0, shouldSend: true
11-30 20:38:42.545  1947  2265 D PowerManagerService: userActivityNoUpdateLocked: groupId=0, eventTime=231932030, event=touch, flags=0x0, uid=1000
11-30 20:38:42.546  1947  1998 D DisplayManagerService: Ignore redundant display event 0/2 to 10342/3927
11-30 20:38:42.546  1947  1998 D DisplayManagerService: Ignore redundant display event 0/2 to 10148/21894
11-30 20:38:42.547  1947  1998 D DisplayManagerService: Ignore redundant display event 0/2 to 10318/22353
11-30 20:38:42.547  1947  1998 D DisplayManagerService: Ignore redundant display event 0/2 to 10350/29404
11-30 20:38:42.548  1947  1998 D DisplayManagerService: Ignore redundant display event 0/2 to 10419/31762
11-30 20:38:42.548  1947  1998 D DisplayManagerService: MSG_REQUEST_TRAVERSAL pendingCompleted=false
11-30 20:38:42.554  1947  1996 D OplusVFXScreenEffectFeature: notifySFCompatWindowStateChange entered false
11-30 20:38:42.557  1947  1996 D FlexibleWindowManager: physicalDisplayChangedForFlexibleWindow displayId 0, current display info 1080 x 2400, new display info 1080 x 2400
11-30 20:38:42.557  1947  1996 D FlexibleWindowManager: physicalDisplayChangedForFlexibleWindow return for unsupported devices
11-30 20:38:42.557  1947  1996 D FSS_FoldScreenBlackCoverController: displayChangeToOn, dc:Display{#0 state=ON size=1080x2400 ROTATION_0}
11-30 20:38:42.561  2386  2386 D CastManagerService: onDisplayChanged.
11-30 20:38:42.558  1947   703 W ContextImpl: Calling a method in the system process without a qualified user: android.app.ContextImpl.sendBroadcast:1247 com.android.server.policy.PhoneWindowManagerExtImpl$5.run:1655 java.lang.Thread.run:1119 <bottom of call stack> <bottom of call stack> 
11-30 20:38:42.562  1947  1999 D DisplayManagerService: performTraversalInternal pendingTraversal
11-30 20:38:42.563  1947  1999 D DisplayDevice: setLayerStackLocked id=local:4627039422300187648 token=android.os.BinderProxy@8a9ed20 stack=-1->0
11-30 20:38:42.563  1947  1999 I DisplayDevice: [0] Layerstack set to 0 for local:4627039422300187648
11-30 20:38:42.566  1947  2788 W NotificationHistory: Attempted to add notif for locked/gone/disabled user 0
11-30 20:38:42.566  1947  4501 W RefreshRate: requestRefreshRate:repeat request priorityï¼š121 rate: 45.0 status: 0
11-30 20:38:42.568  1947  2006 D AppProfilerExtImpl: Skipped pss collection for CPU busy
11-30 20:38:42.568  1947  2038 D Arc[SensorDelegate]: MAIN_LIGHT registerListener success
11-30 20:38:42.569  1947  2037 W ContextImpl: Calling a method in the system process without a qualified user: android.app.ContextImpl.sendBroadcast:1232 com.android.server.am.OplusAppStartupConfig.handleCountRestrictedList:1465 com.android.server.am.OplusAppStartupManager.updateScreenStatus:5191 com.android.server.OplusSysStateManager$LocalService.onWakefulnessChanged:417 com.android.server.power.NotifierExtImpl.onWakefulnessChanged:134 
11-30 20:38:42.587  1947  2038 D Arc[SensorDelegate]: AUX_LIGHT registerListener success
11-30 20:38:42.589  1947  2777 D WindowManager: mKeyguardDelegate.ShowListener.onDrawn.
11-30 20:38:42.589  1947  1996 W WindowManager: Setting mKeyguardDrawComplete
11-30 20:38:42.589  1947  1996 I WindowManager: Window{8d4ae3d u0 NotificationShade} state from HAS_DRAWN to DRAW_PENDING; reason: requestDrawIfNeeded
11-30 20:38:42.589  1947  1996 I WindowManager: Waiting for drawn Window{8d4ae3d u0 NotificationShade}: removed=false visible=true mHasSurface=true drawState=1
11-30 20:38:42.590  1947  1996 D OplusWindowAnimationManager: Is NotificationShade draw check disabled: false, win: Window{8d4ae3d u0 NotificationShade}, clientRotation: 0, isFullscreen: true, requestedWidth: 1080, requestedHeight: 2400, physicalHeight: 2400, physicalWidth: 1080
11-30 20:38:42.590  1947  1996 D WindowManager: waitForAllWindowsDrawn displayId=-1,false,message={ when=-2d16h25m32s75ms what=7 arg1=-1 target=com.android.server.policy.PhoneWindowManager$PolicyHandler }
11-30 20:38:42.592  1947  1999 I WindowManager: Waiting for drawn Window{8d4ae3d u0 NotificationShade}: removed=false visible=true mHasSurface=true drawState=1
11-30 20:38:42.592  1947  1999 D OplusWindowAnimationManager: Is NotificationShade draw check disabled: false, win: Window{8d4ae3d u0 NotificationShade}, clientRotation: 0, isFullscreen: true, requestedWidth: 1080, requestedHeight: 2400, physicalHeight: 2400, physicalWidth: 1080
11-30 20:38:42.604  1947  2038 D Arc[SensorDelegate]: PROXIMITY registerListener success
11-30 20:38:42.605  1947  2038 I OplusSmartBrightnessController: handleMessage MSG_SET_SETTINGS_MIN_BRI_PREVIEW false
11-30 20:38:42.625  1947  2265 D OplusVFXScreenEffectFeature: notifySFUpdateVFXEffectState state VFX_WAKE_REASON_FINGERPRINT NeedNotify true
11-30 20:38:42.630  1947  2265 D OplusUserManagerServiceEnhance: getMultiSystemUserId  res = -10000
11-30 20:38:42.630  1947   712 V Biometrics/FingerprintProvider/FingerprintServiceProviderExtImpl: start notify Vold when fingerprint success
11-30 20:38:42.630  1947   712 E StorageManagerService: unlockSensitiveKey fail!
11-30 20:38:42.631  1947  2265 V BiometricLogger: Authenticated! Modality: 1, User: 0, IsCrypto: false, Client: 1, RequireConfirmation: false, State: 3, Latency: -1, Lux: -1.0
11-30 20:38:42.631  1947  2264 D PowerManagerService: userActivityNoUpdateLocked: groupId=0, eventTime=231932112, event=touch, flags=0x0, uid=1000
11-30 20:38:42.631   600   600 I vold    : [sensitive file debug]fscrypt_export_sensitive_file_key start, user_id=0,sensitiveType=0,use_default=1
11-30 20:38:42.631  1947  2265 V Biometrics/AuthenticationClient: onAuthenticated(true), ID:1045388588, Owner: com.android.systemui, isBP: false, listener: com.android.server.biometrics.sensors.ClientMonitorCallbackConverter@7552516, requireConfirmation: false, user: 0, clientMonitor: {[4517] com.android.server.biometrics.sensors.fingerprint.aidl.FingerprintAuthenticationClient, proto=3, owner=com.android.systemui, cookie=0, requestId=3602, userId=0}
11-30 20:38:42.631   600   600 D vold    : Cannot find key for 0
11-30 20:38:42.631  1947  2265 W Biometrics/AuthenticationClient: Allowing background authentication, this is allowed only for platform or test invocations
11-30 20:38:42.631   600   600 I vold    : [sensitive file debug]lookup_sensitive_file_key,failed sensitiveType: 0,try to create!
11-30 20:38:42.631  1947  2265 V Biometrics/AuthenticationClient: fingerprint unlock enter desktop fake imager
11-30 20:38:42.632  2503  2503 W VRI[NotificationShade]: handleResized, msg:5, frameChanged:false, configChanged:false, displayChanged:false, attachedFrameChanged:false, compatScaleChanged:false, pendingDragResizing=false
11-30 20:38:42.632  1947  2007 V ALSProbe: Enable ALS: 93433495
11-30 20:38:42.633  1947  2265 D BaseClientMonitor: marking operation as done: {[4517] com.android.server.biometrics.sensors.fingerprint.aidl.FingerprintAuthenticationClient, proto=3, owner=com.android.systemui, cookie=0, requestId=3602, userId=0}
11-30 20:38:42.633  1947  2265 D BiometricService: resetLockout from: 1, for: 4, userId: 0
11-30 20:38:42.634  1947   712 I StorageManagerService: exportSensitveFileKey: success, sensitiveType:0,size=0
11-30 20:38:42.634  1947   712 W Biometrics/FingerprintProvider/FingerprintServiceProviderExtImpl: Failed to unlock: Attempt to get length of null array
11-30 20:38:42.637  1947  2265 D Biometrics/AuthenticationClient: Error adding auth token : 0
11-30 20:38:42.638  1947  2265 D BiometricStateCallback: Client finished, state updated to 0, client {[4517] com.android.server.biometrics.sensors.fingerprint.aidl.FingerprintAuthenticationClient, proto=3, owner=com.android.systemui, cookie=0, requestId=3602, userId=0}
11-30 20:38:42.639  1947  2265 E AuthSessionCoordinator: Error unable to find auth operation : authEndedFor(userId=0 ,biometricStrength=15, sensorId=1, requestId=3602, wasSuccessful=true)
11-30 20:38:42.639  1947  2265 D BiometricSchedulerOperation: [Finished / destroy]: {[4517] com.android.server.biometrics.sensors.fingerprint.aidl.FingerprintAuthenticationClient, proto=3, owner=com.android.systemui, cookie=0, requestId=3602, userId=0}
11-30 20:38:42.640  1947  2264 D OplusPowerManagerHelper: unblockScreenOn reason = unBlockScreenOnByAuthenticateSucess
11-30 20:38:42.640  1947  2264 E Biometrics_DEBUG: execute mBlockReasonList.clear
11-30 20:38:42.640  1947  2264 I DisplayManagerService: unblockScreenOnByBiometrics displayId = 0
11-30 20:38:42.640  1947  2264 E Biometrics_DEBUG: execute mBlockReasonList.clear
11-30 20:38:42.640  1947  2264 I DisplayManagerService: unblockScreenOnByBiometrics displayId = 0
11-30 20:38:42.641  1947  2264 D OplusFeatureAOD: notifySfUnBlockScreenOn
11-30 20:38:42.641  1947  2036 D DisplayPowerController[0]: animateScreenStateChange screen on blocked blocker=com.android.server.display.DisplayPowerController$ScreenOnUnblocker@78429db
11-30 20:38:42.641  1947  2036 D OplusSmartBrightnessController: force rate to be fast displayId[0]=120 -> 2400 boostMode=1
11-30 20:38:42.642  1947  2795 I WindowManager: Window{8d4ae3d u0 NotificationShade} state from DRAW_PENDING to COMMIT_DRAW_PENDING; reason: finishDrawingLocked
11-30 20:38:42.642  1947  1947 E OplusCustomizeRestrictionManagerService: isBiometricDisabled start
11-30 20:38:42.642  1947  2264 D OplusPowerManagerHelper: scheduleNotifyStopDream
11-30 20:38:42.642  1947  1947 D BiometricService: Sensor ID(4), oemStrength: 255, updatedStrength: 255, modality 8, state: 0, cookie: 0, sensorId 4, hasEnrollments: false cannot participate in Keystore operations
11-30 20:38:42.643  1947  2036 D OplusPowerManagerHelper: handleMessage:102
11-30 20:38:42.643  1947  2036 D OplusPowerManagerHelper: MSG_STOP_DEAM
11-30 20:38:42.644  1947  2264 D OplusVFXScreenEffectFeature: notifySFUpdateVFXEffectState state STOP_SCREEN_EFFECT NeedNotify true
11-30 20:38:42.644  1947  2265 D UaBiometricScheduler/FaceProvider/default/4: [Added] {[4519] com.android.server.biometrics.sensors.face.aidl.FaceResetLockoutClient, proto=12, owner=android, cookie=0, requestId=-1, userId=0}, new queue size: 1, interruptable: true
11-30 20:38:42.644  1947  2265 D UaBiometricScheduler/FaceProvider/default/4: [Polled] {[4519] com.android.server.biometrics.sensors.face.aidl.FaceResetLockoutClient, proto=12, owner=android, cookie=0, requestId=-1, userId=0}, State: 0
11-30 20:38:42.644  1947  2265 D UaBiometricScheduler/FaceProvider/default/4: [Started] {[4519] com.android.server.biometrics.sensors.face.aidl.FaceResetLockoutClient, proto=12, owner=android, cookie=0, requestId=-1, userId=0}
11-30 20:38:42.645   660 15272 I keystore2: system/security/keystore2/src/authorization.rs:143 - on_lock_screen_event(r#UNLOCK, user_id=0, password.is_some()=false, unlocking_sids=Some([-3945583167794559804]))
11-30 20:38:42.646  1947  2265 V BiometricSchedulerOperation: started: {[4519] com.android.server.biometrics.sensors.face.aidl.FaceResetLockoutClient, proto=12, owner=android, cookie=0, requestId=-1, userId=0}, State: 2
11-30 20:38:42.646  1947  2265 D OplusUserManagerServiceEnhance: getMultiSystemUserId  res = -10000
11-30 20:38:42.647  1947  2265 D UaBiometricScheduler/FingerprintProvider/default/1: [Finishing] {[4517] com.android.server.biometrics.sensors.fingerprint.aidl.FingerprintAuthenticationClient, proto=3, owner=com.android.systemui, cookie=0, requestId=3602, userId=0}, success: true
11-30 20:38:42.647  1947  2265 D GestureAvailabilityTracker: Notifying gesture availability, active=true
11-30 20:38:42.647  1947  2265 D UaBiometricScheduler/FingerprintProvider/default/1: [Polled] {[4518] com.android.server.biometrics.sensors.fingerprint.aidl.FingerprintResetLockoutClient, proto=12, owner=android, cookie=0, requestId=-1, userId=0}, State: 0
11-30 20:38:42.647  1947  2265 D UaBiometricScheduler/FingerprintProvider/default/1: [Started] {[4518] com.android.server.biometrics.sensors.fingerprint.aidl.FingerprintResetLockoutClient, proto=12, owner=android, cookie=0, requestId=-1, userId=0}
11-30 20:38:42.647  1947  4502 D ActivityTaskManager: Top Process State changed to PROCESS_STATE_TOP
11-30 20:38:42.647  1947  4502 D WindowManager:  setIsSleeping from  true to false this=Display{#0 state=ON size=1080x2400 ROTATION_0}
11-30 20:38:42.648  1947  4502 D RefreshRate: panelExpened,don't do app switch boost.
11-30 20:38:42.648  1947  4502 D ActivityTaskManager: setAppVisibility(Token{ea7ceba ActivityRecord{60860fe u0 com.android.launcher/.Launcher t5}}, visible=true): mNextAppTransitionRequests=[], mNextAppTransitionFlags=,mAppTransitionState=APP_STATE_IDLE visible=false mVisibleRequested=false
11-30 20:38:42.648  1947  2265 V BiometricSchedulerOperation: started: {[4518] com.android.server.biometrics.sensors.fingerprint.aidl.FingerprintResetLockoutClient, proto=12, owner=android, cookie=0, requestId=-1, userId=0}, State: 2
11-30 20:38:42.649  1947  4502 D WindowManager: NFW_setClientVisible:ActivityRecord{60860fe u0 com.android.launcher/.Launcher t5} clientVisible:true
11-30 20:38:42.649  1947  2265 D FingerprintProvider/default/1: onLockoutCleared after resetLockout
11-30 20:38:42.649  1947  2265 D LockoutCache: Lockout for user: 0 is 0
11-30 20:38:42.649  2503  2868 V WindowManagerShell: Transition requested: android.os.BinderProxy@7dfe8f0 TransitionRequestInfo { type = TO_BACK, triggerTask = null, remoteTransition = null, displayChange = null }
11-30 20:38:42.649  1947  4502 D ActivityTaskManager: setVisibility(Token{ea7ceba ActivityRecord{60860fe u0 com.android.launcher/.Launcher t5}}, visible=true) defer commitVisibility for transition collecting
11-30 20:38:42.649  1947  4502 D ActivityTaskManager: NFW_setLastResumedActivityUncheckLocked:false r:ActivityRecord{60860fe u0 com.android.launcher/.Launcher t5} currentFocus:Window{8d4ae3d u0 NotificationShade}
11-30 20:38:42.652  1947  4502 D WindowManager: updateOrientation: mLastOrientation = SCREEN_ORIENTATION_NOSENSOR(5) newOrientation = SCREEN_ORIENTATION_NOSENSOR(5) forceUpdate = true LastOrientationSource = ActivityRecord{60860fe u0 com.android.launcher/.Launcher t5}
11-30 20:38:42.652  1947  4502 D WindowManager: rotation(ROTATION_0) no changed.
11-30 20:38:42.653  1947  4502 D TaskFragmentExtImpl: addColorModeOnResume resume=true pkg = com.android.launcher
11-30 20:38:42.654  1947  4502 D ActivityTaskManager: setAppVisibility(Token{ea7ceba ActivityRecord{60860fe u0 com.android.launcher/.Launcher t5}}, visible=true): mNextAppTransitionRequests=[], mNextAppTransitionFlags=,mAppTransitionState=APP_STATE_IDLE visible=false mVisibleRequested=true
11-30 20:38:42.654  1947  4502 D ActivityTaskManager: setVisibility(Token{ea7ceba ActivityRecord{60860fe u0 com.android.launcher/.Launcher t5}}, visible=true) defer commitVisibility for transition collecting
11-30 20:38:42.654  1947  4502 D KeyguardControllerExtImpl: KeyguardController.keyguardGoingAway, skip show wallpaper because flags contain KEYGUARD_GOING_AWAY_FLAG_NO_WINDOW_ANIMATIONS
11-30 20:38:42.656  1947  2265 D BiometricSchedulerOperation: [Finished / destroy]: {[4518] com.android.server.biometrics.sensors.fingerprint.aidl.FingerprintResetLockoutClient, proto=12, owner=android, cookie=0, requestId=-1, userId=0}
11-30 20:38:42.657  1947  2265 D FaceProvider/default/4: onLockoutCleared after resetLockout
11-30 20:38:42.657  1947  2265 D LockoutCache: Lockout for user: 0 is 0
11-30 20:38:42.657  3031  3031 D ActivityThread: ComponentInfo{com.android.launcher/com.android.launcher.Launcher} checkFinished=false 2
11-30 20:38:42.657  3031  3031 D ResourcesManagerExtImpl: applyConfigurationToAppResourcesLocked app.getDisplayId() return callback.displayId:0
11-30 20:38:42.660  1947  4502 D OplusStartingWindowManager: reviseWindowFlagsForStarting ar =:ActivityRecord{60860fe u0 com.android.launcher/.Launcher t5}, activityCreated =:true, RUS version:20250313
11-30 20:38:42.663  1947  1998 D OplusInterceptLockScreenWindow: starting IOplusLockScreenCallbacks service...
11-30 20:38:42.663  1947  1996 E MBrainLocalService: MBrainJava launch failed: SecurityException
11-30 20:38:42.664  1947  1996 D MBrainLocalService: isVendorFreezeConditionPass is false
11-30 20:38:42.664  1947  1996 E MBrainLocalService: notifyAppSwitch failed
11-30 20:38:42.665  1947  2789 W ActivityManager: Unable to start service Intent { act=heytap.intent.action.assistantscreen.window.server pkg=com.coloros.assistantscreen mCallingUid=10195 } U=0: not found
11-30 20:38:42.668  1947  4502 D ActivityTaskManager: validateStartingWindowTheme: Pkg=com.android.launcher, Translucent=false, Floating=false, ShowWallpaper=true, Disable=false, LaunchSource=1
11-30 20:38:42.668  1947  4502 D ActivityTaskManager: getStartingWindowType: newTask=false, taskSwitch=true, processRunning=true, allowTaskSnapshot=true, activityCreated=true, activityAllDrawn=false ,snapshot=TaskSnapshot{ mId=1764531453072 mCaptureTime=577088712469888 mTopActivityComponent=com.android.launcher/.Launcher mSnapshot=android.hardware.HardwareBuffer@e4e023 (1080x2400) mColorSpace=sRGB IEC61966-2.1 (id=0, model=RGB) mOrientation=1 mRotation=0 mTaskSize=Point(1080, 2400) mContentInsets=[0,110][0,0] mLetterboxInsets=[0,0][0,0] mIsLowResolution=false mIsRealSnapshot=true mWindowingMode=1 mAppearance=0 mIsTranslucent=true mHasImeSurface=false, record:ActivityRecord{60860fe u0 com.android.launcher/.Launcher t5}
11-30 20:38:42.668  1947  4502 D ActivityTaskManager: isSnapshotCompatible: w=1080, h=2400, taskSize=Point(1080, 2400)
11-30 20:38:42.668  1947  4502 D ActivityRecordExtImpl: handleStartingWindowForCompactWindow origin type:1, adjustType : 1
11-30 20:38:42.668  1947  4502 D SnapshotCache: removeRunningEntry id: 5, callers=com.android.server.wm.TaskSnapshotController.removeSnapshotCache:340 com.android.server.wm.ActivityRecord.addStartingWindow:2789 com.android.server.wm.ActivityRecord.showStartingWindow:9059 
11-30 20:38:42.673  1947  4502 D WindowManager: BarWindow--setVisible: id=2, oldState=2, state=0 call: com.android.server.wm.InsetsPolicy$BarWindow.updateVisibility:835 com.android.server.wm.InsetsPolicy$BarWindow.-$$Nest$mupdateVisibility:0 com.android.server.wm.InsetsPolicy.updateBarControlTarget:179 com.android.server.wm.DisplayPolicy.updateSystemBarsLw:3055 com.android.server.wm.DisplayPolicy.updateSystemBarAttributes:2914 com.android.server.wm.DisplayPolicy.finishPostLayoutPolicyLw:1981 com.android.server.wm.DisplayContent.applySurfaceChangesTransaction:5843 com.android.server.wm.RootWindowContainer.applySurfaceChangesTransaction:1129 
11-30 20:38:42.673  1947  4502 I WindowManager: Window{8d4ae3d u0 NotificationShade} state from COMMIT_DRAW_PENDING to READY_TO_SHOW; reason: commitFinishDrawingLocked
11-30 20:38:42.673  1947  4502 I WindowManager: Window{8d4ae3d u0 NotificationShade} state from READY_TO_SHOW to HAS_DRAWN; reason: performShowLocked
11-30 20:38:42.674  1947  2823 E Biometrics_DEBUG: execute mBlockReasonList.clear
11-30 20:38:42.674  1947  2823 I DisplayManagerService: unblockScreenOnByBiometrics displayId = 0
11-30 20:38:42.674  1947  2823 D OplusFeatureAOD: notifySfUnBlockScreenOn
11-30 20:38:42.675  1947  2823 D OplusPowerManagerHelper: scheduleNotifyStopDream
11-30 20:38:42.676  1947  2036 D DisplayPowerController[0]: animateScreenStateChange screen on blocked blocker=com.android.server.display.DisplayPowerController$ScreenOnUnblocker@78429db
11-30 20:38:42.676  1947  2036 D OplusSmartBrightnessController: force rate to be fast displayId[0]=120 -> 2400 boostMode=1
11-30 20:38:42.676  1947  2036 D OplusPowerManagerHelper: handleMessage:102
11-30 20:38:42.676  1947  2036 D OplusPowerManagerHelper: MSG_STOP_DEAM
11-30 20:38:42.677  1947  2795 I VibratorManagerServiceExtImpl: vibrate is uid=10198, pid=2503, opPkg=com.android.systemui, effect=Mono{mEffect=Composed{segments=[Step{amplitude=0.0, frequencyHz=0.0, duration=0}, Step{amplitude=-1.0, frequencyHz=0.0, duration=50}], repeat=-1}}, attributes=VibrationAttributes: Usage=TOUCH Audio Usage= USAGE_UNKNOWN Flags=0, reason=null, token=6556748
11-30 20:38:42.678  1947  2795 D VibratorManagerServiceExtImpl: is not PrebakedSegment
11-30 20:38:42.678  1947  4502 I WindowManager: Waiting for drawn Window{8d4ae3d u0 NotificationShade}: removed=false visible=true mHasSurface=true drawState=4
11-30 20:38:42.678  1947  4502 D OplusWindowAnimationManager: Is NotificationShade draw check disabled: false, win: Window{8d4ae3d u0 NotificationShade}, clientRotation: 0, isFullscreen: true, requestedWidth: 1080, requestedHeight: 2400, physicalHeight: 2400, physicalWidth: 1080
11-30 20:38:42.678  1947  4502 D WindowManager: All windows drawn!
11-30 20:38:42.678  1947  1996 W WindowManager: All windows drawn on display -1
11-30 20:38:42.678  1947  1996 D FSS_FoldScreenBlackCoverController: finishWindowsDrawn, displayId:-1
11-30 20:38:42.679  1947  2788 D CommonDcsUploader: notifyMsgToCommonDcs, logTag: 20120fingerprint_auth_dcsmsg
11-30 20:38:42.685  1947  4502 D LockSettingsService: [reportSuccessfulBiometricUnlock] isStrongBiometric = true, userId = 0
11-30 20:38:42.685  1947  3817 D WindowManagerServiceExtImpl: extractConfigInfoAndRealFlags rotation=0, screenDp=360, win=Window{899f638 u0 com.android.launcher/com.android.launcher.Launcher}
11-30 20:38:42.687  1947  2265 D BiometricSchedulerOperation: [Finished / destroy]: {[4519] com.android.server.biometrics.sensors.face.aidl.FaceResetLockoutClient, proto=12, owner=android, cookie=0, requestId=-1, userId=0}
11-30 20:38:42.687  1947  2265 D UaBiometricScheduler/FingerprintProvider/default/1: [Finishing] {[4518] com.android.server.biometrics.sensors.fingerprint.aidl.FingerprintResetLockoutClient, proto=12, owner=android, cookie=0, requestId=-1, userId=0}, success: true
11-30 20:38:42.687  1947  2265 D UaBiometricScheduler/FingerprintProvider/default/1: No operations, returning to idle
11-30 20:38:42.687  1947  2265 D UaBiometricScheduler/FaceProvider/default/4: [Finishing] {[4519] com.android.server.biometrics.sensors.face.aidl.FaceResetLockoutClient, proto=12, owner=android, cookie=0, requestId=-1, userId=0}, success: true
11-30 20:38:42.687  1947  2265 D UaBiometricScheduler/FaceProvider/default/4: No operations, returning to idle
11-30 20:38:42.687  1947  3817 V WindowManager: Relayout Window{899f638 u0 com.android.launcher/com.android.launcher.Launcher}: viewVisibility=0, oldvis=8, req=1080x2400, vsysui=LAYOUT_STABLE LAYOUT_HIDE_NAVIGATION LAYOUT_FULLSCREEN
11-30 20:38:42.687  1947  3817 I WindowManager: Window{899f638 u0 com.android.launcher/com.android.launcher.Launcher} state from NO_SURFACE to DRAW_PENDING; reason: resetDrawState
11-30 20:38:42.688  1947  2777 D PowerManagerService: userActivityNoUpdateLocked: groupId=0, eventTime=231932151, event=other, flags=0x0, uid=10198
11-30 20:38:42.696  1947  2007 D RedLoggerExtImpl: 2025-11-23 20:38:42
11-30 20:38:42.699  1947  2007 D RedLoggerExtImpl: Deleted 0 old logs.
11-30 20:38:42.700  1947  3817 D WindowManager: NFW_findFocusedWindowIfNeeded:Window{8d4ae3d u0 NotificationShade} mCurrentFocus:Window{8d4ae3d u0 NotificationShade}
11-30 20:38:42.703  3031  3031 D VRI[Launcher]: relayoutWindow result, sizeChanged:false, surfaceControlChanged:true, transformHintChanged:false, mSurfaceSize:Point(1080, 2400), mLastSurfaceSize:Point(1080, 2400), mWidth:1080, mHeight:2400, requestedWidth:1080, requestedHeight:2400, transformHint:0, lastTransformHint:0, installOrientation:0, displayRotation:0, isSurfaceValid:true, attr.flag:-2121203456, useBlast:true, tmpFrames:ClientWindowFrames{frame=[0,0][1080,2400] display=[0,0][1080,2400] parentFrame=[0,0][0,0]}, relayoutAsync:false, mSyncSeqId:0
11-30 20:38:42.704  3031  3031 W VRI[Launcher]: updateBlastSurfaceIfNeeded, surfaceSize:Point(1080, 2400), lastSurfaceSize:Point(1080, 2400), format:-2, blastBufferQueue:null
11-30 20:38:42.706  1947  1996 I WindowManager: Finished screen turning on...0
11-30 20:38:42.706  1947  1996 D DpcExtImpl[0]: ScreenOnUnblocker, onScreenOn
11-30 20:38:42.712  1947  2036 I DisplayPowerController[0]: Unblocked screen on after 182 ms
11-30 20:38:42.712  1947  2036 D DisplayPowerState[0]: setColorFadeLevel: level=1.0
11-30 20:38:42.712  1947  2036 D OplusVFXScreenEffectFeature:  setColorFadeLevel 1.0
11-30 20:38:42.712  1947  2036 D OplusVFXScreenEffectFeature: notifySFUpdateVFXEffectState state BRIGHTNESS_CHANGED NeedNotify false
11-30 20:38:42.720  1947  2036 D OplusSmartBrightnessController: force rate to be fast displayId[0]=120 -> 2400 boostMode=1
11-30 20:38:42.721  2503  2503 W VRI[StatusBar]: handleResized abandoned!
11-30 20:38:42.721  2503  2503 W VRI[NotificationShade]: handleResized abandoned!
11-30 20:38:42.721  2503  2503 W VRI[NavigationBar_displayId_0]: handleResized abandoned!
11-30 20:38:42.721  1947  4502 D OplusStartingWindowManager: updateRecordSurfaceViewState windowToken=android.os.BinderProxy@4b3329b, hasSurfaceView=true, win=Window{899f638 u0 com.android.launcher/com.android.launcher.Launcher}
11-30 20:38:42.722  1947  2038 D Arc[OplusBrightnessPhoneStateManager]: LuxEvent{event:MAIN_LUX lux:10.0} -> LuxEvent{event:AUX_LUX lux:17.0}
11-30 20:38:42.722  1947  2038 D Arc[OplusBrightnessSceneAdapter]: Arc scene change!!! NormalScene -> StableScene [erraticScore:-1, stableScore:5467] isLuxRefresh:true
11-30 20:38:42.722  1947  2038 D Arc[OplusSmartBrightnessController]: brightness changed!!!finalLux:17.0, weightLux:NaN, automaticLux:17.0, lastFinalLux:NaN, lastAutomaticLux:NaN, deviceDirection:Stable, environmentDirection:Stable, scene:StableScene, accelerateScale:1.0, updateProcess:[InitChange], luxQueue:null, display[-1]:(11.0, 246.72821, 2156.4536)->(17.0, 266.67935, 2237.202), drag:(12.0, 249.91422, 2170.0)
11-30 20:38:42.723  1947  2038 D Arc[OplusSmartBrightnessController]: Detailed Statistics:PhoneState{TimeEvent{event:CALENDER_TIME id:1}-20:37:00, LuxEvent{event:AUX_LUX lux:17.0}, ProximityEvent{event:FAR id:1}, MotionEvent{event:MOTIONLESS id:0}, InOutDoorEvent{event:IN_DOOR id:0}, DarkModeEvent{event:BRIGHT_MODE id:1}, NetworkEvent{event:WIFI id:0}}
11-30 20:38:42.724  1947  2007 D RedLoggerExtImpl: New row inserted successfully.
11-30 20:38:42.729  1947  2038 I OplusSmartBrightnessController: update target brightness point to : display[-1]=(11.0, 246.72821, 2156.4536)->(17.0, 266.67935, 2237.202)
11-30 20:38:42.729  1947  2038 I OplusSmartBrightnessController: onTargetBrightnessChange brightness change to (17.0, 266.67935, 2237.202)
11-30 20:38:42.730  1947  2036 I ColorAutomaticBrightnessController: updateAutoBrightness: Auto, sendUpdate = true adjustment=6396.078613,changed:2156->2237,modified:2237->2237->2237,changed=true,cameraMode=0,ProximityNear=false
11-30 20:38:42.731  1947  2036 D OplusSmartBrightnessController: force rate to be fast displayId[0]=120 -> 2400 boostMode=1
11-30 20:38:42.731  1947  2036 I OplusSmartBrightnessController: setPowerOnRealTimeBrightness 2237.0
11-30 20:38:42.731  1947  2036 D OplusFeatureHDREnhanceBrightness: setAnimating : displayId[0]=false
11-30 20:38:42.731  1947  2036 D OplusFeatureReduceBrightness: setAnimating : animating = false
11-30 20:38:42.731  1947  2036 D OplusFeatureEdrEnhanceBrightness: setAnimating: false
11-30 20:38:42.731  1947  2036 D OplusFeaturePwEdrEnhanceBrightness: setAnimating: false
11-30 20:38:42.732  1947  2036 D DpcExtImpl[0]: Animating brightness: target=2156->2237,rate=120->2400,type=automatic,byUse=false local:4627039422300187648
11-30 20:38:42.732  1947  2036 D OplusSmartBrightnessController: force rate to be fast displayId[0]=120 -> 2400 boostMode=1
11-30 20:38:42.735  1947  2038 I OplusSmartBrightnessController: handleMessage MSG_SET_SETTINGS_MIN_BRI_PREVIEW false
11-30 20:38:42.738  1947  4490 D OplusTransitionController: onSyncFinishedDrawing, Window{899f638 u0 com.android.launcher/com.android.launcher.Launcher}
11-30 20:38:42.738  3031  3031 I Quality : Skipped: false 2 cost 50.018383 refreshRate 22222222 bit true processName com.android.launcher
11-30 20:38:42.738  1947  4490 I WindowManager: finishDrawing skipLayout:false,syncSeqId=0,mPrepareSyncSeqId=0 Window{899f638 u0 com.android.launcher/com.android.launcher.Launcher} com.android.server.wm.WindowManagerService.finishDrawingWindow:2991 com.android.server.wm.Session.finishDrawing:311 android.view.IWindowSession$Stub.onTransact:779 
11-30 20:38:42.738  1947  4490 I WindowManager: Window{899f638 u0 com.android.launcher/com.android.launcher.Launcher} state from DRAW_PENDING to COMMIT_DRAW_PENDING; reason: finishDrawingLocked
11-30 20:38:42.738  1947  4490 D OplusTransitionAnimationManager: skipFinishDrawingIfNeed clientRotation=0, currentRotation=0, hasFixedRotationApp=false, requestedOrientation=5, win=Window{899f638 u0 com.android.launcher/com.android.launcher.Launcher}, activity=ActivityRecord{60860fe u0 com.android.launcher/.Launcher t5}, currentConfig={1.0 ??mcc??mnc [en_DZ] ldltr sw360dp w360dp h763dp 480dpi nrml long port finger -keyb/v/h -nav/h winConfig={ mBounds=Rect(0, 0 - 1080, 2400) mAppBounds=Rect(0, 110 - 1080, 2400) mMaxBounds=Rect(0, 0 - 1080, 2400) mDisplayRotation=ROTATION_0 mWindowingMode=fullscreen mDisplayWindowingMode=fullscreen mActivityType=home mAlwaysOnTop=undefined mRotation=ROTATION_0} s.481 fontWeightAdjustment=0mThemeChanged= 0, mThemeChangedFlags= 0, mFlipFont= 0, mScenario= 0, mAccessibleChanged= -1, mUxIconConfig= 3468921665126662433, mMaterialColor= 0, mUserId= 0, mFontUserId= 0, mFontVariationSettings= 226, mFoldingAngle = -1.0, mIconPackName= , mDarkModeBackgroundMaxL= 0.0, mDarkModeDialogBgMaxL= 27.0, mDarkModeForegroundMinL= 100.0, mOplusConfigType= 1, mOplusChangedConfigs= 0, OpSans= -1, mBurmeseFontFlag= 2, mFlag= 0, mFlexibleActivitySuitable= -1, mPuttDisplayFlag= -1}
11-30 20:38:42.739  1947  1999 D WindowManager: NFW_setClientVisible:WallpaperWindowToken{a45aa2a token=android.os.Binder@1825715} clientVisible:true
11-30 20:38:42.741  3031  3031 W VRI[Launcher]: handleResized abandoned!
11-30 20:38:42.741   660 15272 I keystore2: system/security/keystore2/src/super_key.rs:1049 - Successfully unlocked with biometric
11-30 20:38:42.742  1947  1947 W Looper  : Slow dispatch took 101ms main h=com.android.server.trust.TrustManagerService$2 c=null m=14
11-30 20:38:42.742  1947  1999 I WindowManager: Window{899f638 u0 com.android.launcher/com.android.launcher.Launcher} state from COMMIT_DRAW_PENDING to READY_TO_SHOW; reason: commitFinishDrawingLocked
11-30 20:38:42.742  1947  1947 V ALSProbe: Finishing next consumer
11-30 20:38:42.742  1947  1999 D ActivityTaskManager: Clearing startingData for activity=ActivityRecord{60860fe u0 com.android.launcher/.Launcher t5} mStartingData=null mStartingSurface=null
11-30 20:38:42.742  1947  1947 W BiometricFrameworkStatsLogger: found a negative latency : -1
11-30 20:38:42.744  1947  1999 D ActivityTaskManager: commitVisibility: ActivityRecord{60860fe u0 com.android.launcher/.Launcher t5}: visible=true visibleRequested=true, isInTransition=true, runningAnimation=true 
11-30 20:38:42.744  1947  1999 D ActivityTaskManager: Clearing startingData for activity=ActivityRecord{60860fe u0 com.android.launcher/.Launcher t5} mStartingData=null mStartingSurface=null
11-30 20:38:42.744  1947  1999 I WindowManager: Window{899f638 u0 com.android.launcher/com.android.launcher.Launcher} state from READY_TO_SHOW to HAS_DRAWN; reason: performShowLocked
11-30 20:38:42.744  1947  1999 D Transition: collectOrderChanges onTopTasksEnd: [Task{a094657 #1 type=home}, Task{fdaf3e5 #5 type=home I=com.android.launcher/.Launcher}], reportedOnTop:null, mOnTopTasksStart: [Task{a094657 #1 type=home}, Task{fdaf3e5 #5 type=home I=com.android.launcher/.Launcher}], TDA child: [Task{2007ffa #10515 type=standard A=10148:com.google.android.gm}, Task{abf8ad3 #10497 type=standard A=10342:me.zhanghai.android.files}, Task{53f3930 #10496 type=standard A=10419:com.nextcloud.client}, Task{b478e8c #2 type=undefined}, Task{a094657 #1 type=home}]
11-30 20:38:42.745  1947  1999 D OplusFlexibleActivityTransitionManager: fixTransitType type result:4, targets: [Task{a094657 #1 type=home}, DefaultTaskDisplayArea@250767967, WallpaperWindowToken{a45aa2a token=android.os.Binder@1825715}]
11-30 20:38:42.748  1947  2007 V ALSProbe: Disable ALS: 93433495
11-30 20:38:42.748  1947  1999 D OplusTransitionAnimationManager: mOpeningTasks add Task{a094657 #1 type=home}
11-30 20:38:42.748  1947  1999 D OplusTransitionController: onTransactionReady, transition: 4993, 
11-30 20:38:42.748  1947  1999 D OplusTransitionController:  info: {id=4993 t=TO_BACK f=0x102 trk=0 r=[0@Point(0, 0)] c=[{WCT{RemoteToken{34e7afe Task{a094657 #1 type=home}}} m=TO_FRONT f=SHOW_WALLPAPER p=WCT{RemoteToken{f13aab3 DefaultTaskDisplayArea@250767967}} leash=Surface(name=Task=1)/@0x57f25f sb=Rect(0, 0 - 1080, 2400) eb=Rect(0, 0 - 1080, 2400) d=0},{WCT{RemoteToken{f13aab3 DefaultTaskDisplayArea@250767967}} m=TO_FRONT f=SHOW_WALLPAPER leash=Surface(name=DefaultTaskDisplayArea)/@0x2e2c7e9 sb=Rect(0, 0 - 1080, 2400) eb=Rect(0, 0 - 1080, 2400) d=0},{null m=TO_FRONT f=IS_WALLPAPER leash=Surface(name=WallpaperWindowToken{a45aa2a token=android.os.Binder@1825715})/@0xaae4c6e sb=Rect(0, 0 - 1080, 2400) eb=Rect(0, 0 - 1080, 2400) d=0}] extendInfo=[OplusTransitionExtendedInfo{mTmpFinishT=null, mInOplusCompatMode=false, mIsProcessRunning=false, mHasMismatchBoundsTarget=false, mRecentsController=null, mIsTranslucentActivityToHome=false, mAvoidInterceptKeyEventToHome=false, mIsFromHome=false, mParentLeash=null, mIsOplusAnimRes=false, mIsBalAllow=false}]}, 
11-30 20:38:42.748  1947  1999 D OplusTransitionController:  targets : [Task{a094657 #1 type=home}, DefaultTaskDisplayArea@250767967, WallpaperWindowToken{a45aa2a token=android.os.Binder@1825715}], 
11-30 20:38:42.748  1947  1999 D OplusTransitionController:  participants: {ActivityRecord{60860fe u0 com.android.launcher/.Launcher t5}, WallpaperWindowToken{a45aa2a token=android.os.Binder@1825715}}, 
11-30 20:38:42.748  1947  1999 D OplusTransitionController:  playings:[TransitionRecord{37f2f8b id=4993 track=0 type=TO_BACK flags=0x102}]
11-30 20:38:42.750  1947  1995 V WindowManager: Sent Transition #4993 createdAt=11-30 20:38:42.644 via request=TransitionRequestInfo { type = TO_BACK, triggerTask = null, remoteTransition = null, displayChange = null }
11-30 20:38:42.750  2503  2868 V WindowManagerShell: onTransitionReady android.os.BinderProxy@7dfe8f0: {id=4993 t=TO_BACK f=0x102 trk=0 r=[0@Point(0, 0)] c=[{WCT{android.window.IWindowContainerToken$Stub$Proxy@79f2511} m=TO_FRONT f=SHOW_WALLPAPER p=WCT{android.window.IWindowContainerToken$Stub$Proxy@8342676} leash=Surface(name=Task=1)/@0x2b8d495 sb=Rect(0, 0 - 1080, 2400) eb=Rect(0, 0 - 1080, 2400) d=0},{WCT{android.window.IWindowContainerToken$Stub$Proxy@7308477} m=TO_FRONT f=SHOW_WALLPAPER leash=Surface(name=DefaultTaskDisplayArea)/@0x9b619aa sb=Rect(0, 0 - 1080, 2400) eb=Rect(0, 0 - 1080, 2400) d=0},{null m=TO_FRONT f=IS_WALLPAPER leash=Surface(name=WallpaperWindowToken{a45aa2a token=android.os.Binder@1825715})/@0x1d6e99b sb=Rect(0, 0 - 1080, 2400) eb=Rect(0, 0 - 1080, 2400) d=0}] extendInfo=[OplusTransitionExtendedInfo{mTmpFinishT=null, mInOplusCompatMode=false, mIsProcessRunning=false, mHasMismatchBoundsTarget=false, mRecentsController=null, mIsTranslucentActivityToHome=false, mAvoidInterceptKeyEventToHome=false, mIsFromHome=false, mParentLeash=null, mIsOplusAnimRes=false, mIsBalAllow=false}]}
11-30 20:38:42.750  1947  1995 V WindowManager:     startWCT=WindowContainerTransaction { changes = {} hops = [] errorCallbackToken=null taskFragmentOrganizer=null }
11-30 20:38:42.750  1947  1995 V WindowManager:     info={id=4993 t=TO_BACK f=0x102 trk=0 r=[0@Point(0, 0)] c=[{WCT{RemoteToken{34e7afe Task{a094657 #1 type=home}}} m=TO_FRONT f=SHOW_WALLPAPER p=WCT{RemoteToken{f13aab3 DefaultTaskDisplayArea@250767967}} leash=Surface(name=Task=1)/@0x57f25f sb=Rect(0, 0 - 1080, 2400) eb=Rect(0, 0 - 1080, 2400) d=0},{WCT{RemoteToken{f13aab3 DefaultTaskDisplayArea@250767967}} m=TO_FRONT f=SHOW_WALLPAPER leash=Surface(name=DefaultTaskDisplayArea)/@0x2e2c7e9 sb=Rect(0, 0 - 1080, 2400) eb=Rect(0, 0 - 1080, 2400) d=0},{null m=TO_FRONT f=IS_WALLPAPER leash=Surface(name=WallpaperWindowToken{a45aa2a token=android.os.Binder@1825715})/@0xaae4c6e sb=Rect(0, 0 - 1080, 2400) eb=Rect(0, 0 - 1080, 2400) d=0}] extendInfo=[OplusTransitionExtendedInfo{mTmpFinishT=null, mInOplusCompatMode=false, mIsProcessRunning=false, mHasMismatchBoundsTarget=false, mRecentsController=null, mIsTranslucentActivityToHome=false, mAvoidInterceptKeyEventToHome=false, mIsFromHome=false, mParentLeash=null, mIsOplusAnimRes=false, mIsBalAllow=false}]}
11-30 20:38:42.751  2503  2868 V WindowManagerShell: Playing animation for (#4993)android.os.BinderProxy@7dfe8f0@0
11-30 20:38:42.751  2503  2868 V WindowManagerShell:  try handler com.android.wm.shell.taskview.TaskViewTransitions@c79f66b
11-30 20:38:42.751  2503  2868 V WindowManagerShell:  try handler com.oplus.zoom.transition.ZoomTransitionController@f4b1065
11-30 20:38:42.751  2503  2868 V WindowManagerShell:  try handler com.android.wm.shell.transition.DefaultMixedHandler@512f13a
11-30 20:38:42.753  2503  2868 V WindowManagerShell: start keyguard going-away transition, info = {id=4993 t=TO_BACK f=0x102 trk=0 r=[0@Point(0, 0)] c=[{WCT{android.window.IWindowContainerToken$Stub$Proxy@79f2511} m=TO_FRONT f=SHOW_WALLPAPER p=WCT{android.window.IWindowContainerToken$Stub$Proxy@8342676} leash=Surface(name=Task=1)/@0x2b8d495 sb=Rect(0, 0 - 1080, 2400) eb=Rect(0, 0 - 1080, 2400) d=0},{WCT{android.window.IWindowContainerToken$Stub$Proxy@7308477} m=TO_FRONT f=SHOW_WALLPAPER leash=Surface(name=DefaultTaskDisplayArea)/@0x9b619aa sb=Rect(0, 0 - 1080, 2400) eb=Rect(0, 0 - 1080, 2400) d=0},{null m=TO_FRONT f=IS_WALLPAPER leash=Surface(name=WallpaperWindowToken{a45aa2a token=android.os.Binder@1825715})/@0x1d6e99b sb=Rect(0, 0 - 1080, 2400) eb=Rect(0, 0 - 1080, 2400) d=0}] extendInfo=[OplusTransitionExtendedInfo{mTmpFinishT=null, mInOplusCompatMode=false, mIsProcessRunning=false, mHasMismatchBoundsTarget=false, mRecentsController=null, mIsTranslucentActivityToHome=false, mAvoidInterceptKeyEventToHome=false, mIsFromHome=false, mParentLeash=null, mIsOplusAnimRes=false, mIsBalAllow=false}]}
11-30 20:38:42.753  2503  2868 D KeyguardService: Starts IRemoteAnimationRunner: info={id=4993 t=TO_BACK f=0x102 trk=0 r=[0@Point(0, 0)] c=[{WCT{android.window.IWindowContainerToken$Stub$Proxy@79f2511} m=TO_FRONT f=SHOW_WALLPAPER p=WCT{android.window.IWindowContainerToken$Stub$Proxy@8342676} leash=Surface(name=Task=1)/@0x2b8d495 sb=Rect(0, 0 - 1080, 2400) eb=Rect(0, 0 - 1080, 2400) d=0},{WCT{android.window.IWindowContainerToken$Stub$Proxy@7308477} m=TO_FRONT f=SHOW_WALLPAPER leash=Surface(name=DefaultTaskDisplayArea)/@0x9b619aa sb=Rect(0, 0 - 1080, 2400) eb=Rect(0, 0 - 1080, 2400) d=0},{null m=TO_FRONT f=IS_WALLPAPER leash=Surface(name=WallpaperWindowToken{a45aa2a token=android.os.Binder@1825715})/@0x1d6e99b sb=Rect(0, 0 - 1080, 2400) eb=Rect(0, 0 - 1080, 2400) d=0}] extendInfo=[OplusTransitionExtendedInfo{mTmpFinishT=null, mInOplusCompatMode=false, mIsProcessRunning=false, mHasMismatchBoundsTarget=false, mRecentsController=null, mIsTranslucentActivityToHome=false, mAvoidInterceptKeyEventToHome=false, mIsFromHome=false, mParentLeash=null, mIsOplusAnimRes=false, mIsBalAllow=false}]}
11-30 20:38:42.754  1947  1999 I TaskOrganizerController: onTaskInfoChanged taskid 1 config { mBounds=Rect(0, 0 - 1080, 2400) mAppBounds=Rect(0, 110 - 1080, 2400) mMaxBounds=Rect(0, 0 - 1080, 2400) mDisplayRotation=ROTATION_0 mWindowingMode=fullscreen mDisplayWindowingMode=fullscreen mActivityType=home mAlwaysOnTop=undefined mRotation=ROTATION_0}
11-30 20:38:42.755  1947  1999 D FlexibleWindowManager: onFlexibleWindowTaskInfoChanged: mTaskId = 1 oldIsTaskEmbedded = false   curIsTaskEmbedded = false  topActivity = ComponentInfo{com.android.launcher/com.android.launcher.Launcher}
11-30 20:38:42.755  1947  1999 D FlexibleWindowManager: onFlexibleWindowTaskInfoChanged, return for cur task not embedded
11-30 20:38:42.756  1947  2320 I OplusSmartBrightnessController: setPowerOnRealTimeBrightness -1.0
11-30 20:38:42.758  2503  2868 V WindowManagerShell:  animated by com.android.wm.shell.transition.DefaultMixedHandler@512f13a
11-30 20:38:42.762  1947  2038 I OplusSmartBrightnessController: handleMessage MSG_UPDATE_BRIGHTNESS_NO_ANIMATION changed:false
11-30 20:38:42.763  1947  2320 D DisplayDeviceExt: setDisplayBrightness(4627039422300187648,2237.0, 0.546276, 266.621),verbose[(0,ON):-1.0->2237.0,(2237.0, 2237.0)]
