11-30 20:50:00.034  1947  2095 E OplusCustomizeRestrictionManagerService: isBiometricDisabled start
11-30 20:50:00.524  1947  2014 I OplusStatusBarManagerServiceEnhance:  getTopIsFullscreen mTopIsFullscreen: false
11-30 20:50:00.524  1947  1947 D NotificationService: This application enqueue notifications  is not in McsNotInterceptPkgList, mcsAssistantDelayTime: 200
11-30 20:50:00.586  1947  2171 D PowerManagerService: userActivityNoUpdateLocked: groupId=0, eventTime=232610067, event=touch, flags=0x0, uid=1000
11-30 20:50:00.684  1947  4501 D CoreBackPreview: Window{ad46d40 u0 com.example.additioapp/com.example.additioapp.MainActivity}: Setting back callback OnBackInvokedCallbackInfo{mCallback=android.window.IOnBackInvokedCallback$Stub$Proxy@f29a0f4, mPriority=0, mIsAnimationCallback=false}
11-30 20:50:00.685  1947  4501 D CoreBackPreview: Window{ad46d40 u0 com.example.additioapp/com.example.additioapp.MainActivity}: Setting back callback null
11-30 20:50:00.693  1947  2786 I SurfaceAnimationRunner: startAnimation requiresEdgeExtension=false, animationLeash=Surface(name=Surface(name=ad46d40 com.example.additioapp/com.example.additioapp.MainActivity)/@0x27f453b - animation-leash of window_animation)/@0x47c101d, runningAnim=com.android.server.wm.SurfaceAnimationRunner$RunningAnimation@929e292, mPreProcessingAnimations={}
11-30 20:50:00.693  1947  2786 D WindowManager: NFW_findFocusedWindowIfNeeded:Window{c50e822 u0 com.example.additioapp/com.example.additioapp.MainActivity} mCurrentFocus:Window{ad46d40 u0 com.example.additioapp/com.example.additioapp.MainActivity EXITING}
11-30 20:50:00.696  1947  2000 D SurfaceAnimationRunner: onAnimationStart:Surface(name=Surface(name=ad46d40 com.example.additioapp/com.example.additioapp.MainActivity)/@0x27f453b - animation-leash of window_animation)/@0x47c101d
11-30 20:50:00.719  1947  2786 V WindowManager: Changing focus from Window{ad46d40 u0 com.example.additioapp/com.example.additioapp.MainActivity EXITING} to Window{c50e822 u0 com.example.additioapp/com.example.additioapp.MainActivity},diplayid=0
11-30 20:50:00.729  1947  2786 I SurfaceAnimationRunner: startAnimation requiresEdgeExtension=false, animationLeash=Surface(name=Surface(name=Dim Layer for - Task=10533)/@0xd92fa17 - animation-leash of dimmer)/@0x830a3bf, runningAnim=com.android.server.wm.SurfaceAnimationRunner$RunningAnimation@3541a8c, mPreProcessingAnimations={}
11-30 20:50:00.739 10308 10308 I Quality : Skipped: true 2 cost 48.42916 refreshRate 16619575 bit true processName com.example.additioapp
11-30 20:50:00.740  1947  1998 V WindowManager: Unknown focus tokens, dropping reportFocusChanged
11-30 20:50:00.746  1947  2000 D SurfaceAnimationRunner: onAnimationStart:Surface(name=Surface(name=Dim Layer for - Task=10533)/@0xd92fa17 - animation-leash of dimmer)/@0x830a3bf
11-30 20:50:00.760  2503  2503 W VRI[StatusBar]: handleResized abandoned!
11-30 20:50:00.760  2503  2503 W VRI[NavigationBar_displayId_0]: handleResized abandoned!
11-30 20:50:00.764  1947  1998 V WindowStateExtImpl: notifyWindowStateChange input show
11-30 20:50:00.788 10308 10308 W VRI[MainActivity]: handleResized abandoned!
11-30 20:50:00.799  1947  4501 D InputMethodManagerService: isSecurity: attribute.packageName = com.example.additioapp mCurMethodId = com.google.android.inputmethod.latin/com.android.inputmethod.latin.LatinIME isSecurity = false ( enable = false needShow = false inBlackList = false isExist = true )
11-30 20:50:00.803  1947  1974 V AutofillInlineSuggestionsRequestSession: onInputMethodFinishInputView() received
11-30 20:50:00.821  1947  2796 V AutofillInlineSuggestionsRequestSession: onInputMethodFinishInput() received
11-30 20:50:00.823  1947  4501 V AutofillInlineSuggestionsRequestSession: onInputMethodStartInput() received on 0
11-30 20:50:00.832  1947  2796 W PackageConfigPersister: App-specific configuration not found for packageName: com.example.additioapp and userId: 0
11-30 20:50:00.836 30463 30463 W VRI[InputMethod]: updateBlastSurfaceIfNeeded, surfaceSize:Point(1080, 2290), lastSurfaceSize:Point(1080, 2290), format:-2, blastBufferQueue:android.graphics.BLASTBufferQueue@6f450aa
11-30 20:50:00.836  1947  4501 D WindowManagerServiceExtImpl: extractConfigInfoAndRealFlags rotation=0, screenDp=720, win=Window{57e9837 u0 InputMethod}
11-30 20:50:00.837  1947  4501 V WindowManager: Relayout Window{57e9837 u0 InputMethod}: viewVisibility=0, oldvis=0, req=1080x2290, vsysui=LIGHT_NAVIGATION_BAR, x=0, y=0
11-30 20:50:00.842  1947  4501 D WindowManager: NFW_findFocusedWindowIfNeeded:Window{c50e822 u0 com.example.additioapp/com.example.additioapp.MainActivity} mCurrentFocus:Window{c50e822 u0 com.example.additioapp/com.example.additioapp.MainActivity}
11-30 20:50:00.862  1947  2000 D SurfaceAnimationRunner: onAnimationEnd:Surface(name=Surface(name=ad46d40 com.example.additioapp/com.example.additioapp.MainActivity)/@0x27f453b - animation-leash of window_animation)/@0x47c101d
11-30 20:50:00.864  1947  1999 I WindowManager: Window{ad46d40 u0 com.example.additioapp/com.example.additioapp.MainActivity EXITING} state from HAS_DRAWN to NO_SURFACE; reason: destroySurface
11-30 20:50:00.912  1947  2000 D SurfaceAnimationRunner: onAnimationEnd:Surface(name=Surface(name=Dim Layer for - Task=10533)/@0xd92fa17 - animation-leash of dimmer)/@0x830a3bf
11-30 20:50:01.371  1947  4501 D WindowManagerServiceExtImpl: extractConfigInfoAndRealFlags rotation=0, screenDp=720, win=Window{57e9837 u0 InputMethod}
11-30 20:50:01.373  1947  4501 V WindowManager: Relayout Window{57e9837 u0 InputMethod}: viewVisibility=8, oldvis=0, req=1080x2290, vsysui=LIGHT_NAVIGATION_BAR
11-30 20:50:01.374  1947  4501 I WindowManager: Window{57e9837 u0 InputMethod} state from HAS_DRAWN to NO_SURFACE; reason: destroySurface
11-30 20:50:01.384 10308 10308 W VRI[MainActivity]: handleResized abandoned!
11-30 20:50:01.384  1947  4501 D WindowManager: NFW_findFocusedWindowIfNeeded:Window{c50e822 u0 com.example.additioapp/com.example.additioapp.MainActivity} mCurrentFocus:Window{c50e822 u0 com.example.additioapp/com.example.additioapp.MainActivity}
11-30 20:50:01.384  2503  2503 W VRI[StatusBar]: handleResized abandoned!
11-30 20:50:01.385  2503  2503 W VRI[NavigationBar_displayId_0]: handleResized abandoned!
11-30 20:50:01.411  2503  2503 W VRI[StatusBar]: handleResized abandoned!
11-30 20:50:01.411 10308 10308 W VRI[MainActivity]: handleResized abandoned!
11-30 20:50:01.413  2503  2503 W VRI[NavigationBar_displayId_0]: handleResized abandoned!
11-30 20:50:01.604  1947  2171 D PowerManagerService: userActivityNoUpdateLocked: groupId=0, eventTime=232611086, event=touch, flags=0x0, uid=1000
11-30 20:50:01.782 10308 10308 I Quality : Skipped: false 5 cost 94.08128 refreshRate 16618461 bit true processName com.example.additioapp
11-30 20:50:06.874  1947  1996 D MBrainLocalService: isVendorFreezeConditionPass is false
11-30 20:50:06.874  1947  1996 E MBrainLocalService: notifyAppSwitch failed
11-30 20:50:06.876  1947  1996 D MBrainLocalService: isVendorFreezeConditionPass is false
11-30 20:50:06.876  1947  1996 E MBrainLocalService: notifyAppSwitch failed
11-30 20:50:07.620  1947  2171 D PowerManagerService: userActivityNoUpdateLocked: groupId=0, eventTime=232617101, event=touch, flags=0x0, uid=1000
11-30 20:50:07.787  1947  2796 D CompatibilityChangeReporter: Compat change id reported: 168419799; UID 10395; state: DISABLED
11-30 20:50:07.787  1947  2796 D CompatibilityChangeReporter: Compat change id reported: 273564678; UID 10395; state: DISABLED
11-30 20:50:07.791  1947  2796 D WindowManager: NFW_findFocusedWindowIfNeeded:Window{e852e45 u0 com.example.additioapp/com.example.additioapp.MainActivity} mCurrentFocus:Window{c50e822 u0 com.example.additioapp/com.example.additioapp.MainActivity}
11-30 20:50:07.792  1947  2796 V WindowManager: Changing focus from Window{c50e822 u0 com.example.additioapp/com.example.additioapp.MainActivity} to Window{e852e45 u0 com.example.additioapp/com.example.additioapp.MainActivity},diplayid=0
11-30 20:50:07.799  1947  2796 I WindowManager: addWindow: New client android.os.BinderProxy@e593ebc : window=Window{e852e45 u0 com.example.additioapp/com.example.additioapp.MainActivity}
11-30 20:50:07.804 10308 10308 I Quality : Skipped: false 3 cost 64.6001 refreshRate 16666667 bit true processName com.example.additioapp
11-30 20:50:07.809  1947  2095 D CoreBackPreview: Window{e852e45 u0 com.example.additioapp/com.example.additioapp.MainActivity}: Setting back callback OnBackInvokedCallbackInfo{mCallback=android.window.IOnBackInvokedCallback$Stub$Proxy@6ae90a7, mPriority=0, mIsAnimationCallback=false}
11-30 20:50:07.820  1947  2796 V WindowManager: Relayout Window{e852e45 u0 com.example.additioapp/com.example.additioapp.MainActivity}: viewVisibility=0, oldvis=0, req=1026x791, vsysui=, x=0, y=0
11-30 20:50:07.821  1947  2796 I WindowManager: Window{e852e45 u0 com.example.additioapp/com.example.additioapp.MainActivity} state from NO_SURFACE to DRAW_PENDING; reason: resetDrawState
11-30 20:50:07.827  1947  2796 D WindowManager: NFW_findFocusedWindowIfNeeded:Window{e852e45 u0 com.example.additioapp/com.example.additioapp.MainActivity} mCurrentFocus:Window{e852e45 u0 com.example.additioapp/com.example.additioapp.MainActivity}
11-30 20:50:07.863  1947  2095 I WindowManager: Window{e852e45 u0 com.example.additioapp/com.example.additioapp.MainActivity} state from DRAW_PENDING to COMMIT_DRAW_PENDING; reason: finishDrawingLocked
11-30 20:50:07.865  1947  1999 I WindowManager: Window{e852e45 u0 com.example.additioapp/com.example.additioapp.MainActivity} state from COMMIT_DRAW_PENDING to READY_TO_SHOW; reason: commitFinishDrawingLocked
11-30 20:50:07.865  1947  1999 D ActivityTaskManager: Clearing startingData for activity=ActivityRecord{159c114 u0 com.example.additioapp/.MainActivity t10533} mStartingData=null mStartingSurface=null
11-30 20:50:07.866 10308 10308 I Quality : Skipped: false 3 cost 60.129124 refreshRate 16666667 bit true processName com.example.additioapp
11-30 20:50:07.869  1947  1999 I SurfaceAnimationRunner: startAnimation requiresEdgeExtension=false, animationLeash=Surface(name=Surface(name=e852e45 com.example.additioapp/com.example.additioapp.MainActivity)/@0x90a954 - animation-leash of window_animation)/@0xc27e0fd, runningAnim=com.android.server.wm.SurfaceAnimationRunner$RunningAnimation@43611f2, mPreProcessingAnimations={}
11-30 20:50:07.869  1947  1999 I WindowManager: Window{e852e45 u0 com.example.additioapp/com.example.additioapp.MainActivity} state from READY_TO_SHOW to HAS_DRAWN; reason: performShowLocked
11-30 20:50:07.874  1947  2000 D SurfaceAnimationRunner: onAnimationStart:Surface(name=Surface(name=e852e45 com.example.additioapp/com.example.additioapp.MainActivity)/@0x90a954 - animation-leash of window_animation)/@0xc27e0fd
11-30 20:50:07.876  1947  1999 I SurfaceAnimationRunner: startAnimation requiresEdgeExtension=false, animationLeash=Surface(name=Surface(name=Dim Layer for - Task=10533)/@0x3f906c0 - animation-leash of dimmer)/@0x9968ff9, runningAnim=com.android.server.wm.SurfaceAnimationRunner$RunningAnimation@88f5b3e, mPreProcessingAnimations={}
11-30 20:50:07.885  1947  1999 D ActivityTaskManager: Clearing startingData for activity=ActivityRecord{159c114 u0 com.example.additioapp/.MainActivity t10533} mStartingData=null mStartingSurface=null
11-30 20:50:07.885  1947  1999 D ActivityTaskManager: Clearing startingData for activity=ActivityRecord{159c114 u0 com.example.additioapp/.MainActivity t10533} mStartingData=null mStartingSurface=null
11-30 20:50:07.891  1947  2000 D SurfaceAnimationRunner: onAnimationStart:Surface(name=Surface(name=Dim Layer for - Task=10533)/@0x3f906c0 - animation-leash of dimmer)/@0x9968ff9
11-30 20:50:07.913  1947  2095 D InputMethodManagerService: isSecurity: attribute.packageName = com.example.additioapp mCurMethodId = com.google.android.inputmethod.latin/com.android.inputmethod.latin.LatinIME isSecurity = false ( enable = false needShow = false inBlackList = false isExist = true )
11-30 20:50:07.916  1947  2796 V AutofillInlineSuggestionsRequestSession: onInputMethodFinishInput() received
11-30 20:50:07.919  1947  2796 V AutofillInlineSuggestionsRequestSession: onInputMethodStartInput() received on 0
11-30 20:50:07.922  1947  2095 W PackageConfigPersister: App-specific configuration not found for packageName: com.example.additioapp and userId: 0
11-30 20:50:07.972  1947  2095 I ActivityManager: Killing 7539:com.google.android.webview:webview_service/u0a147 (adj 975): empty #25
11-30 20:50:07.995  1947  1974 I ActivityManager: Death received, pid = 7539, processName = com.google.android.webview:webview_service for thread android.os.BinderProxy@e999416
11-30 20:50:07.999  1947  2764 W FlexibleWindowManager: handleAppDiedLocked return, current context is not support PocketStudio
11-30 20:50:08.003  1947  2764 W ProcessStats: Tracking association SourceState{59fdf2f com.oplus.exsystemservice/1000 ImpFg #1155982} whose proc state 5 is better than process ProcessState{979320a com.oplus.powermonitor/1000 pkg=com.oplus.powermonitor} proc state 8 (15 skipped)
11-30 20:50:08.005  1947  1996 D DisplayManagerService: Drop pending events for gone uid 10147
11-30 20:50:08.040  1947  2000 D SurfaceAnimationRunner: onAnimationEnd:Surface(name=Surface(name=e852e45 com.example.additioapp/com.example.additioapp.MainActivity)/@0x90a954 - animation-leash of window_animation)/@0xc27e0fd
11-30 20:50:08.040  1947  2000 D SurfaceAnimationRunner: onAnimationEnd:Surface(name=Surface(name=Dim Layer for - Task=10533)/@0x3f906c0 - animation-leash of dimmer)/@0x9968ff9
11-30 20:50:09.647  1947  2171 D PowerManagerService: userActivityNoUpdateLocked: groupId=0, eventTime=232619128, event=touch, flags=0x0, uid=1000
11-30 20:50:09.708  1947  2095 V AutofillManagerServiceImpl: startSession(): token=Token{c085b03 ActivityRecord{159c114 u0 com.example.additioapp/.MainActivity t10533}}, flags=0, forAugmentedAutofillOnly=false
11-30 20:50:09.710  1947  2095 V AutofillSession: updateLocked(895234646): id=1073741901@895234646, action=START_SESSION, flags=0
11-30 20:50:09.710  1947  2095 V AutofillSession: updateLocked(895234646): mCurrentViewId=null, mExpiredResponse=false, viewState=null
11-30 20:50:09.710  1947  2095 V AutofillSession: Creating viewState for 1073741901@895234646
11-30 20:50:09.710  1947  2095 V AutofillManagerServiceImpl: pccEnabled: false
11-30 20:50:09.710  1947  2095 V AutofillSession: Requesting structure for request #1 ,requestId=141, flags=0
11-30 20:50:09.711  1947  2095 I AppsFilter: interaction: PackageSetting{c0cb6f8 com.example.additioapp/10395} -> PackageSetting{cf9a7d1 com.google.android.inputmethod.latin/10248} BLOCKED
11-30 20:50:09.711  1947  2095 W FillRequestEventLogger: Couldn't find packageName: com.google.android.inputmethod.latin
11-30 20:50:09.712  1947  2095 V AutofillManagerServiceImpl: pccEnabled: false
11-30 20:50:09.712  1947  1947 V RemoteInlineSuggestionRenderService: handlePendingRequest(): com.android.internal.infra.AbstractRemoteService$MyAsyncPendingRequest@d3e6969
11-30 20:50:09.713  1947  1947 V RemoteInlineSuggestionRenderService: not scheduling unbind when value is 0
11-30 20:50:09.715  1947  1947 D AutofillInlineSuggestionsRequestSession: onCreateInlineSuggestionsRequestLocked called: 1073741901@895234646
11-30 20:50:09.718  1947  1974 D AutofillInlineSuggestionsRequestSession: onInlineSuggestionsSessionInvalidated() called.
11-30 20:50:09.718  1947  2095 D InputMethodManagerService: isSecurity: attribute.packageName = com.example.additioapp mCurMethodId = com.google.android.inputmethod.latin/com.android.inputmethod.latin.LatinIME isSecurity = false ( enable = false needShow = false inBlackList = false isExist = true )
11-30 20:50:09.730  1947  2095 D AutofillInlineSuggestionsRequestSession: onInlineSuggestionsRequest() received: InlineSuggestionsRequest { maxSuggestionCount = 9, inlinePresentationSpecs = [InlinePresentationSpec { minSize = 102x132, maxSize = 720x132, style = Bundle[mParcelledData.dataSize=2900] }, InlinePresentationSpec { minSize = 102x132, maxSize = 720x132, style = Bundle[mParcelledData.dataSize=2900] }, InlinePresentationSpec { minSize = 102x132, maxSize = 720x132, style = Bundle[mParcelledData.dataSize=2900] }, InlinePresentationSpec { minSize = 102x132, maxSize = 720x132, style = Bundle[mParcelledData.dataSize=2900] }, InlinePresentationSpec { minSize = 102x132, maxSize = 720x132, style = Bundle[mParcelledData.dataSize=2900] }, InlinePresentationSpec { minSize = 102x132, maxSize = 720x132, style = Bundle[mParcelledData.dataSize=2900] }, InlinePresentationSpec { minSize = 102x132, maxSize = 720x132, style = Bundle[mParcelledData.dataSize=2900] }, InlinePresentationSpec { minSize = 102x132, maxSize = 720x132, style = Bundle[mParcelledData.dataSize=2900] }, InlinePresentationSpec { minSize = 102x132, maxSize = 720x132, style = Bundle[mParcelledData.dataSize=2900] }], hostPackageName = com.google.android.inputmethod.latin, supportedLocales = [fr_FR,en_US], extras = Bundle[EMPTY_PARCEL], hostInputToken = android.os.BinderProxy@ad1c1a4, hostDisplayId = 0, inlineTooltipPresentationSpec = null }
11-30 20:50:09.730  1947  1947 V AutofillInlineSuggestionsRequestSession: maybeUpdateResponseToImeLocked called
11-30 20:50:09.731 10308 10308 I Quality : Skipped: false 1 cost 25.598856 refreshRate 16666667 bit true processName com.example.additioapp
11-30 20:50:09.732  1947  1974 V AutofillInlineSuggestionsRequestSession: onInputMethodShowInputRequested() received: true
11-30 20:50:09.733  1947  2786 V AutofillInlineSuggestionsRequestSession: onInputMethodStartInputView() received
11-30 20:50:09.734  1947  1947 V AutofillInlineSuggestionsRequestSession: maybeUpdateResponseToImeLocked called
11-30 20:50:09.742  1947  2786 W PackageConfigPersister: App-specific configuration not found for packageName: com.example.additioapp and userId: 0
11-30 20:50:09.753  1947  1974 V AutofillSession: New structure for requestId 141: android.app.assist.AssistStructure@2cf7d08
11-30 20:50:09.757  1947  1974 V SessionExtImpl: isOplusAutofillService(): remoteServiceComponentName = ComponentInfo{com.x8bit.bitwarden/com.x8bit.bitwarden.Autofill.AutofillService}
11-30 20:50:09.757  1947  1974 V AutofillManagerServiceImpl: pccEnabled: false
11-30 20:50:09.757  1947  1974 D AutofillSession: createPendingIntent for request 141
11-30 20:50:09.758  1947  1974 V SessionExtImpl: isOplusAutofillService(): remoteServiceComponentName = ComponentInfo{com.x8bit.bitwarden/com.x8bit.bitwarden.Autofill.AutofillService}
11-30 20:50:09.758  1947  1974 V SessionExtImpl: isOplusAutofillService(): remoteServiceComponentName = ComponentInfo{com.x8bit.bitwarden/com.x8bit.bitwarden.Autofill.AutofillService}
11-30 20:50:09.758  1947  1974 V RemoteFillService: onFillRequest:FillRequest { id = 141, fillContexts = [FillContext [reqId=141, focusedId=1073741901@895234646]], hints = [], clientState = null, flags = [], inlineSuggestionsRequest = InlineSuggestionsRequest { maxSuggestionCount = 9, inlinePresentationSpecs = [InlinePresentationSpec { minSize = 102x132, maxSize = 720x132, style = Bundle[mParcelledData.dataSize=2900] }, InlinePresentationSpec { minSize = 102x132, maxSize = 720x132, style = Bundle[mParcelledData.dataSize=2900] }, InlinePresentationSpec { minSize = 102x132, maxSize = 720x132, style = Bundle[mParcelledData.dataSize=2900] }, InlinePresentationSpec { minSize = 102x132, maxSize = 720x132, style = Bundle[mParcelledData.dataSize=2900] }, InlinePresentationSpec { minSize = 102x132, maxSize = 720x132, style = Bundle[mParcelledData.dataSize=2900] }, InlinePresentationSpec { minSize = 102x132, maxSize = 720x132, style = Bundle[mParcelledData.dataSize=2900] }, InlinePresentationSpec { minSize = 102x132, maxSize = 720x132, style = Bundle[mParcelledData.dataSize=2900] }, InlinePresentationSpec { minSize = 102x132, maxSize = 720x132, style = Bundle[mParcelledData.dataSize=2900] }, InlinePresentationSpec { minSize = 102x132, maxSize = 720x132, style = Bundle[mParcelledData.dataSize=2900] }], hostPackageName = com.google.android.inputmethod.latin, supportedLocales = [fr_FR,en_US], extras = Bundle[EMPTY_PARCEL], hostInputToken = android.os.BinderProxy@ad1c1a4, hostDisplayId = 0, inlineTooltipPresentationSpec = null }, delayedFillIntentSender = IntentSender{6a0dca1: PendingIntentRecord{b3d2ec6 android broadcastIntent}} }
11-30 20:50:09.759  1947  1974 V FillRequestEventLogger: Log AutofillFillRequestReported: requestId=141 sessionId=895234646 mAutofillServiceUid=10314 mInlineSuggestionHostUid=-1 mIsAugmented=false mIsClientSuggestionFallback=false mIsFillDialogEligible=false mRequestTriggerReason=4 mFlags=0 mLatencyFillRequestSentMillis=50 mAppPackageUid=10395
11-30 20:50:09.760  1947  1974 D ContentCapturePerUserService: Notified activity assist data for activity: Token{c085b03 ActivityRecord{159c114 u0 com.example.additioapp/.MainActivity t10533}} without a session Id
11-30 20:50:09.773  1947  1947 V RemoteFillService: calling onFillRequest() for id=141
11-30 20:50:09.785  1947  2786 D CoreBackPreview: Window{e852e45 u0 com.example.additioapp/com.example.additioapp.MainActivity}: Setting back callback OnBackInvokedCallbackInfo{mCallback=android.window.IOnBackInvokedCallback$Stub$Proxy@e8fa77f, mPriority=0, mIsAnimationCallback=false}
11-30 20:50:09.785  1947  1974 D WindowManagerServiceExtImpl: extractConfigInfoAndRealFlags rotation=0, screenDp=720, win=Window{57e9837 u0 InputMethod}
11-30 20:50:09.786  1947  1974 V WindowManager: Relayout Window{57e9837 u0 InputMethod}: viewVisibility=0, oldvis=8, req=1080x2290, vsysui=LIGHT_NAVIGATION_BAR, x=0, y=0
11-30 20:50:09.786  1947  1974 I WindowManager: Window{57e9837 u0 InputMethod} state from NO_SURFACE to DRAW_PENDING; reason: resetDrawState
11-30 20:50:09.793  1947  1947 V AutofillManagerServiceImpl: pccEnabled: false
11-30 20:50:09.793  1947  1947 V FillResponseEventLogger: Log AutofillFillResponseReported: requestId=141 sessionId=895234646 mAppPackageUid=10395 mDisplayPresentationType=0 mAvailableCount=0 mSaveUiTriggerIds=-1 mLatencyFillResponseReceivedMillis=84 mAuthenticationType=0 mAuthenticationResult=0 mAuthenticationFailureReason=-1 mLatencyAuthenticationUiDisplayMillis=-1 mLatencyDatasetDisplayMillis=-1 mResponseStatus=2 mLatencyResponseProcessingMillis=-1 mAvailablePccCount=-1 mAvailablePccOnlyCount=-1 mTotalDatasetsProvided=0 mDetectionPref=0
11-30 20:50:09.794  1947  1947 V AutofillSession: triggerAugmentedAutofillLocked(): com.example.additioapp/.MainActivity not whitelisted 
11-30 20:50:09.794  1947  1947 V AutofillSession: canceling session 895234646 when service returned null and it cannot be augmented. AutofillableIds: [1073741901@895234646, 1073741902@895234646]
11-30 20:50:09.794  1947  1947 V AutofillSession: removeFromServiceLocked(895234646): null
11-30 20:50:09.794  1947  1947 W FillRequestEventLogger: Shouldn't be logging AutofillFillRequestReported again for same event
11-30 20:50:09.794  1947  1947 W FillResponseEventLogger: Shouldn't be logging AutofillFillRequestReported again for same event
11-30 20:50:09.794  1947  1947 V PresentationStatsEventLogger: Log AutofillPresentationEventReported: requestId=141 sessionId=895234646 mNoPresentationEventReason=0 mAvailableCount=0 mCountShown=0 mCountFilteredUserTyping=0 mCountNotShownImePresentationNotDrawn=0 mCountNotShownImeUserNotSeen=0 mDisplayPresentationType=0 mAutofillServiceUid=10314 mInlineSuggestionHostUid=-1 mIsRequestTriggered=true mFillRequestSentTimestampMs=50 mFillResponseReceivedTimestampMs=84 mSuggestionSentTimestampMs=0 mSuggestionPresentedTimestampMs=0 mSelectedDatasetId=-1 mDialogDismissed=false mNegativeCtaButtonClicked=false mPositiveCtaButtonClicked=false mAuthenticationType=0 mAuthenticationResult=0 mLatencyAuthenticationUiDisplayMillis=-1 mLatencyDatasetDisplayMillis=-1 mAvailablePccCount=-1 mAvailablePccOnlyCount=-1 mSelectedDatasetPickedReason=0 mDetectionPreference=0
11-30 20:50:09.794  1947  1947 V SaveEventLogger: Log AutofillSaveEventReported: requestId=0 sessionId=895234646 mAppPackageUid=-1 mSaveUiTriggerIds=-1 mFlag=-1 mIsNewField=false mSaveUiShownReason=0 mSaveUiNotShownReason=0 mSaveButtonClicked=false mCancelButtonClicked=false mDialogDismissed=false mIsSaved=false mLatencySaveUiDisplayMillis=0 mLatencySaveRequestMillis=0 mLatencySaveFinishMillis=0 mIsFrameworkCreatedSaveInfo=false
11-30 20:50:09.794  1947  1947 V SessionCommittedEventLogger: Log AutofillSessionCommitted: sessionId=895234646 mComponentPackageUid=10395 mRequestCount=1 mCommitReason=5 mSessionDurationMillis=85
11-30 20:50:09.794  1947  1947 D AutofillSession: clearPendingIntentLocked
11-30 20:50:09.795  1947  1947 D AutofillInlineSuggestionsRequestSession: onInlineSuggestionsResponseLocked called for:1073741901@895234646
11-30 20:50:09.795  1947  1996 D AutofillUI: destroySaveUiUiThread(): already destroyed
11-30 20:50:09.795  1947  1947 V AutofillInlineSuggestionsRequestSession: maybeUpdateResponseToImeLocked called
11-30 20:50:09.795  1947  1947 D AutofillInlineSuggestionsRequestSession: maybeNotifyFillUiEventLoked(): hasSuggestionToShow=false, mPreviousHasNonPinSuggestionShow=false
11-30 20:50:09.795  1947  1947 D AutofillInlineSuggestionsRequestSession: Send inline response: 0
11-30 20:50:09.795  1947  1947 V AutofillSession: destroyLocked(): logging 1 requests
11-30 20:50:09.796  1947  1947 V RemoteInlineSuggestionRenderService: handlePendingRequest(): com.android.internal.infra.AbstractRemoteService$MyAsyncPendingRequest@3e82f95
11-30 20:50:09.799  1947  1947 V RemoteInlineSuggestionRenderService: not scheduling unbind when value is 0
11-30 20:50:09.799  2503  2503 W VRI[StatusBar]: handleResized abandoned!
11-30 20:50:09.799  2503  2503 W VRI[NavigationBar_displayId_0]: handleResized abandoned!
11-30 20:50:09.800  1947  1974 D WindowManager: NFW_findFocusedWindowIfNeeded:Window{e852e45 u0 com.example.additioapp/com.example.additioapp.MainActivity} mCurrentFocus:Window{e852e45 u0 com.example.additioapp/com.example.additioapp.MainActivity}
11-30 20:50:09.800 10308 10308 W VRI[MainActivity]: handleResized abandoned!
11-30 20:50:09.800 10308 10308 W VRI[MainActivity]: handleResized abandoned!
11-30 20:50:09.803 30463 30463 W VRI[InputMethod]: updateBlastSurfaceIfNeeded, surfaceSize:Point(1080, 2290), lastSurfaceSize:Point(1080, 2290), format:-2, blastBufferQueue:null
11-30 20:50:09.815  2503  2503 W VRI[StatusBar]: handleResized abandoned!
11-30 20:50:09.815  2503  2503 W VRI[NavigationBar_displayId_0]: handleResized abandoned!
11-30 20:50:09.815 10308 10308 W VRI[MainActivity]: handleResized abandoned!
11-30 20:50:09.818 10308 10308 W VRI[MainActivity]: handleResized abandoned!
11-30 20:50:09.826  1947  3214 I WindowManager: Window{57e9837 u0 InputMethod} state from DRAW_PENDING to COMMIT_DRAW_PENDING; reason: finishDrawingLocked
11-30 20:50:09.829  1947  1999 I WindowManager: Window{57e9837 u0 InputMethod} state from COMMIT_DRAW_PENDING to READY_TO_SHOW; reason: commitFinishDrawingLocked
11-30 20:50:09.842  1947  1999 V WindowStateExtImpl: notifyWindowStateChange input show
11-30 20:50:09.843  1947  1999 I WindowManager: Window{57e9837 u0 InputMethod} state from READY_TO_SHOW to HAS_DRAWN; reason: performShowLocked
11-30 20:50:09.845  1947  1999 I SurfaceAnimationRunner: startAnimation requiresEdgeExtension=false, animationLeash=Surface(name=Surface(name=e852e45 com.example.additioapp/com.example.additioapp.MainActivity)/@0x90a954 - animation-leash of window_animation)/@0x8e03838, runningAnim=com.android.server.wm.SurfaceAnimationRunner$RunningAnimation@be93011, mPreProcessingAnimations={}
11-30 20:50:09.849  2503  2503 W VRI[StatusBar]: handleResized abandoned!
11-30 20:50:09.850  2503  2503 W VRI[NavigationBar_displayId_0]: handleResized abandoned!
11-30 20:50:09.851  1947  2000 D SurfaceAnimationRunner: onAnimationStart:Surface(name=Surface(name=e852e45 com.example.additioapp/com.example.additioapp.MainActivity)/@0x90a954 - animation-leash of window_animation)/@0x8e03838
11-30 20:50:09.852 30463 30463 W VRI[InputMethod]: handleResized abandoned!
11-30 20:50:09.866 10308 10308 W VRI[MainActivity]: handleResized abandoned!
11-30 20:50:09.866 10308 10308 W VRI[MainActivity]: handleResized abandoned!
11-30 20:50:10.267  1947  2000 D SurfaceAnimationRunner: onAnimationEnd:Surface(name=Surface(name=e852e45 com.example.additioapp/com.example.additioapp.MainActivity)/@0x90a954 - animation-leash of window_animation)/@0x8e03838
11-30 20:50:10.927  1947  2171 D PowerManagerService: userActivityNoUpdateLocked: groupId=0, eventTime=232620408, event=touch, flags=0x0, uid=1000
11-30 20:50:11.051  1947  2095 D CoreBackPreview: Window{e852e45 u0 com.example.additioapp/com.example.additioapp.MainActivity}: Setting back callback OnBackInvokedCallbackInfo{mCallback=android.window.IOnBackInvokedCallback$Stub$Proxy@f70d302, mPriority=0, mIsAnimationCallback=false}
11-30 20:50:11.052  1947  2095 D CoreBackPreview: Window{e852e45 u0 com.example.additioapp/com.example.additioapp.MainActivity}: Setting back callback null
11-30 20:50:11.062  1947  3214 I SurfaceAnimationRunner: startAnimation requiresEdgeExtension=false, animationLeash=Surface(name=Surface(name=e852e45 com.example.additioapp/com.example.additioapp.MainActivity)/@0x90a954 - animation-leash of window_animation)/@0x8e0a413, runningAnim=com.android.server.wm.SurfaceAnimationRunner$RunningAnimation@355d650, mPreProcessingAnimations={}
11-30 20:50:11.063  1947  3214 D WindowManager: NFW_findFocusedWindowIfNeeded:Window{c50e822 u0 com.example.additioapp/com.example.additioapp.MainActivity} mCurrentFocus:Window{e852e45 u0 com.example.additioapp/com.example.additioapp.MainActivity EXITING}
11-30 20:50:11.081  1947  2000 D SurfaceAnimationRunner: onAnimationStart:Surface(name=Surface(name=e852e45 com.example.additioapp/com.example.additioapp.MainActivity)/@0x90a954 - animation-leash of window_animation)/@0x8e0a413
11-30 20:50:11.090  1947  3214 V WindowManager: Changing focus from Window{e852e45 u0 com.example.additioapp/com.example.additioapp.MainActivity EXITING} to Window{c50e822 u0 com.example.additioapp/com.example.additioapp.MainActivity},diplayid=0
11-30 20:50:11.104  1947  3214 I SurfaceAnimationRunner: startAnimation requiresEdgeExtension=false, animationLeash=Surface(name=Surface(name=Dim Layer for - Task=10533)/@0x3f906c0 - animation-leash of dimmer)/@0x266828b, runningAnim=com.android.server.wm.SurfaceAnimationRunner$RunningAnimation@3ee1f68, mPreProcessingAnimations={}
11-30 20:50:11.113 10308 10308 I Quality : Skipped: true 3 cost 53.38353 refreshRate 16621267 bit true processName com.example.additioapp
11-30 20:50:11.114  1947  1998 V WindowManager: Unknown focus tokens, dropping reportFocusChanged
11-30 20:50:11.115  1947  2000 D SurfaceAnimationRunner: onAnimationStart:Surface(name=Surface(name=Dim Layer for - Task=10533)/@0x3f906c0 - animation-leash of dimmer)/@0x266828b
11-30 20:50:11.129  2503  2503 W VRI[StatusBar]: handleResized abandoned!
11-30 20:50:11.130  2503  2503 W VRI[NavigationBar_displayId_0]: handleResized abandoned!
11-30 20:50:11.132 10308 10308 W VRI[MainActivity]: handleResized abandoned!
11-30 20:50:11.133  1947  1998 V WindowStateExtImpl: notifyWindowStateChange input show
11-30 20:50:11.158  1947  3214 D InputMethodManagerService: isSecurity: attribute.packageName = com.example.additioapp mCurMethodId = com.google.android.inputmethod.latin/com.android.inputmethod.latin.LatinIME isSecurity = false ( enable = false needShow = false inBlackList = false isExist = true )
11-30 20:50:11.173  1947  1974 V AutofillInlineSuggestionsRequestSession: onInputMethodFinishInputView() received
11-30 20:50:11.191  1947  1974 V AutofillInlineSuggestionsRequestSession: onInputMethodFinishInput() received
11-30 20:50:11.196  1947  3214 W PackageConfigPersister: App-specific configuration not found for packageName: com.example.additioapp and userId: 0
11-30 20:50:11.197  1947  1974 V AutofillInlineSuggestionsRequestSession: onInputMethodStartInput() received on 0
11-30 20:50:11.199 30463 30463 W VRI[InputMethod]: updateBlastSurfaceIfNeeded, surfaceSize:Point(1080, 2290), lastSurfaceSize:Point(1080, 2290), format:-2, blastBufferQueue:android.graphics.BLASTBufferQueue@4599e78
11-30 20:50:11.200  1947  1974 D WindowManagerServiceExtImpl: extractConfigInfoAndRealFlags rotation=0, screenDp=720, win=Window{57e9837 u0 InputMethod}
11-30 20:50:11.201  1947  1974 V WindowManager: Relayout Window{57e9837 u0 InputMethod}: viewVisibility=0, oldvis=0, req=1080x2290, vsysui=LIGHT_NAVIGATION_BAR, x=0, y=0
11-30 20:50:11.207  1947  1974 D WindowManager: NFW_findFocusedWindowIfNeeded:Window{c50e822 u0 com.example.additioapp/com.example.additioapp.MainActivity} mCurrentFocus:Window{c50e822 u0 com.example.additioapp/com.example.additioapp.MainActivity}
11-30 20:50:11.247  1947  2000 D SurfaceAnimationRunner: onAnimationEnd:Surface(name=Surface(name=e852e45 com.example.additioapp/com.example.additioapp.MainActivity)/@0x90a954 - animation-leash of window_animation)/@0x8e0a413
11-30 20:50:11.248  1947  1999 I WindowManager: Window{e852e45 u0 com.example.additioapp/com.example.additioapp.MainActivity EXITING} state from HAS_DRAWN to NO_SURFACE; reason: destroySurface
11-30 20:50:11.281  1947  2000 D SurfaceAnimationRunner: onAnimationEnd:Surface(name=Surface(name=Dim Layer for - Task=10533)/@0x3f906c0 - animation-leash of dimmer)/@0x266828b
11-30 20:50:11.735  1947  3214 D WindowManagerServiceExtImpl: extractConfigInfoAndRealFlags rotation=0, screenDp=720, win=Window{57e9837 u0 InputMethod}
11-30 20:50:11.736  1947  3214 V WindowManager: Relayout Window{57e9837 u0 InputMethod}: viewVisibility=8, oldvis=0, req=1080x2290, vsysui=LIGHT_NAVIGATION_BAR
11-30 20:50:11.736  1947  3214 I WindowManager: Window{57e9837 u0 InputMethod} state from HAS_DRAWN to NO_SURFACE; reason: destroySurface
11-30 20:50:11.747  2503  2503 W VRI[StatusBar]: handleResized abandoned!
11-30 20:50:11.748 10308 10308 W VRI[MainActivity]: handleResized abandoned!
11-30 20:50:11.748  2503  2503 W VRI[NavigationBar_displayId_0]: handleResized abandoned!
11-30 20:50:11.748  1947  3214 D WindowManager: NFW_findFocusedWindowIfNeeded:Window{c50e822 u0 com.example.additioapp/com.example.additioapp.MainActivity} mCurrentFocus:Window{c50e822 u0 com.example.additioapp/com.example.additioapp.MainActivity}
11-30 20:50:11.768  2503  2503 W VRI[StatusBar]: handleResized abandoned!
11-30 20:50:11.768 10308 10308 W VRI[MainActivity]: handleResized abandoned!
11-30 20:50:11.769  2503  2503 W VRI[NavigationBar_displayId_0]: handleResized abandoned!
11-30 20:50:16.007  1947  2171 D PowerManagerService: userActivityNoUpdateLocked: groupId=0, eventTime=232625487, event=touch, flags=0x0, uid=1000
11-30 20:50:16.151 10308 10308 E AndroidRuntime: FATAL EXCEPTION: main
11-30 20:50:16.151 10308 10308 E AndroidRuntime: Process: com.example.additioapp, PID: 10308
11-30 20:50:16.151 10308 10308 E AndroidRuntime: android.view.InflateException: Binary XML file line #38 in com.example.additioapp:layout/fragment_planner: Binary XML file line #38: You must supply a layout_width attribute., theme={InheritanceMap=[id=0x7f12020ccom.example.additioapp:style/Theme.AdditioApp, id=0x7f12004bcom.example.additioapp:style/Base.Theme.AdditioApp, id=0x7f120237com.example.additioapp:style/Theme.Material3.DayNight.NoActionBar, id=0x7f120242com.example.additioapp:style/Theme.Material3.Light.NoActionBar, id=0x7f12023ccom.example.additioapp:style/Theme.Material3.Light, id=0x7f120060com.example.additioapp:style/Base.Theme.Material3.Light, id=0x7f1200b4com.example.additioapp:style/Base.V24.Theme.Material3.Light, id=0x7f12008ecom.example.additioapp:style/Base.V14.Theme.Material3.Light, id=0x7f120261com.example.additioapp:style/Theme.MaterialComponents.Light, id=0x7f12006fcom.example.additioapp:style/Base.Theme.MaterialComponents.Light, id=0x7f1200a8com.example.additioapp:style/Base.V21.Theme.MaterialComponents.Light, id=0x7f120096com.example.additioapp:style/Base.V14.Theme.MaterialComponents.Light, id=0x7f120097com.example.additioapp:style/Base.V14.Theme.MaterialComponents.Light.Bridge, id=0x7f12013bcom.example.additioapp:style/Platform.MaterialComponents.Light, id=0x7f12021bcom.example.additioapp:style/Theme.AppCompat.Light, id=0x7f120053com.example.additioapp:style/Base.Theme.AppCompat.Light, id=0x7f1200bacom.example.additioapp:style/Base.V28.Theme.AppCompat.Light, id=0x7f1200b7com.example.additioapp:style/Base.V26.Theme.AppCompat.Light, id=0x7f1200b1com.example.additioapp:style/Base.V23.Theme.AppCompat.Light, id=0x7f1200afcom.example.additioapp:style/Base.V22.Theme.AppCompat.Light, id=0x7f1200a4com.example.additioapp:style/Base.V21.Theme.AppCompat.Light, id=0x7f1200bdcom.example.additioapp:style/Base.V7.Theme.AppCompat.Light, id=0x7f120138com.example.additioapp:style/Platform.AppCompat.Light, id=0x7f120143com.example.additioapp:style/Platform.V25.AppCompat.Light, id=0x1030241android:style/Theme.Material.Light.NoActionBar, id=0x1030237android:style/Theme.Material.Light, id=0x103000candroid:style/Theme.Light, id=0x1030005android:style/Theme], Themes=[com.example.additioapp:style/Theme.AdditioApp, forced, com.example.additioapp:style/Theme.AppCompat.Empty, forced, android:style/Theme.DeviceDefault.Light.DarkActionBar, forced]}
11-30 20:50:16.153 10308 10308 E AndroidRuntime: Caused by: java.lang.UnsupportedOperationException: Binary XML file line #38: You must supply a layout_width attribute., theme={InheritanceMap=[id=0x7f12020ccom.example.additioapp:style/Theme.AdditioApp, id=0x7f12004bcom.example.additioapp:style/Base.Theme.AdditioApp, id=0x7f120237com.example.additioapp:style/Theme.Material3.DayNight.NoActionBar, id=0x7f120242com.example.additioapp:style/Theme.Material3.Light.NoActionBar, id=0x7f12023ccom.example.additioapp:style/Theme.Material3.Light, id=0x7f120060com.example.additioapp:style/Base.Theme.Material3.Light, id=0x7f1200b4com.example.additioapp:style/Base.V24.Theme.Material3.Light, id=0x7f12008ecom.example.additioapp:style/Base.V14.Theme.Material3.Light, id=0x7f120261com.example.additioapp:style/Theme.MaterialComponents.Light, id=0x7f12006fcom.example.additioapp:style/Base.Theme.MaterialComponents.Light, id=0x7f1200a8com.example.additioapp:style/Base.V21.Theme.MaterialComponents.Light, id=0x7f120096com.example.additioapp:style/Base.V14.Theme.MaterialComponents.Light, id=0x7f120097com.example.additioapp:style/Base.V14.Theme.MaterialComponents.Light.Bridge, id=0x7f12013bcom.example.additioapp:style/Platform.MaterialComponents.Light, id=0x7f12021bcom.example.additioapp:style/Theme.AppCompat.Light, id=0x7f120053com.example.additioapp:style/Base.Theme.AppCompat.Light, id=0x7f1200bacom.example.additioapp:style/Base.V28.Theme.AppCompat.Light, id=0x7f1200b7com.example.additioapp:style/Base.V26.Theme.AppCompat.Light, id=0x7f1200b1com.example.additioapp:style/Base.V23.Theme.AppCompat.Light, id=0x7f1200afcom.example.additioapp:style/Base.V22.Theme.AppCompat.Light, id=0x7f1200a4com.example.additioapp:style/Base.V21.Theme.AppCompat.Light, id=0x7f1200bdcom.example.additioapp:style/Base.V7.Theme.AppCompat.Light, id=0x7f120138com.example.additioapp:style/Platform.AppCompat.Light, id=0x7f120143com.example.additioapp:style/Platform.V25.AppCompat.Light, id=0x1030241android:style/Theme.Material.Light.NoActionBar, id=0x1030237android:style/Theme.Material.Light, id=0x103000candroid:style/Theme.Light, id=0x1030005android:style/Theme], Themes=[com.example.additioapp:style/Theme.AdditioApp, forced, com.example.additioapp:style/Theme.AppCompat.Empty, forced, android:style/Theme.DeviceDefault.Light.DarkActionBar, forced]}
11-30 20:50:16.153 10308 10308 E AndroidRuntime: 	at android.content.res.TypedArray.getLayoutDimension(TypedArray.java:839)
11-30 20:50:16.153 10308 10308 E AndroidRuntime: 	at android.view.ViewGroup$LayoutParams.setBaseAttributes(ViewGroup.java:8484)
11-30 20:50:16.153 10308 10308 E AndroidRuntime: 	at android.view.ViewGroup$MarginLayoutParams.<init>(ViewGroup.java:8682)
11-30 20:50:16.153 10308 10308 E AndroidRuntime: 	at com.google.android.material.chip.ChipGroup$LayoutParams.<init>(ChipGroup.java:102)
11-30 20:50:16.153 10308 10308 E AndroidRuntime: 	at com.google.android.material.chip.ChipGroup.generateLayoutParams(ChipGroup.java:196)
11-30 20:50:16.153 10308 10308 E AndroidRuntime: 	at android.view.LayoutInflater.rInflate(LayoutInflater.java:1148)
11-30 20:50:16.153 10308 10308 E AndroidRuntime: 	at android.view.LayoutInflater.rInflateChildren(LayoutInflater.java:1107)
11-30 20:50:16.153 10308 10308 E AndroidRuntime: 	at android.view.LayoutInflater.rInflate(LayoutInflater.java:1149)
11-30 20:50:16.153 10308 10308 E AndroidRuntime: 	at android.view.LayoutInflater.rInflateChildren(LayoutInflater.java:1107)
11-30 20:50:16.153 10308 10308 E AndroidRuntime: 	at android.view.LayoutInflater.rInflate(LayoutInflater.java:1149)
11-30 20:50:16.153 10308 10308 E AndroidRuntime: 	at android.view.LayoutInflater.rInflateChildren(LayoutInflater.java:1107)
11-30 20:50:16.153 10308 10308 E AndroidRuntime: 	at android.view.LayoutInflater.inflate(LayoutInflater.java:703)
11-30 20:50:16.153 10308 10308 E AndroidRuntime: 	at android.view.LayoutInflater.inflate(LayoutInflater.java:544)
11-30 20:50:16.153 10308 10308 E AndroidRuntime: 	at com.example.additioapp.ui.fragments.PlannerFragment.onCreateView(PlannerFragment.kt:21)
11-30 20:50:16.153 10308 10308 E AndroidRuntime: 	at androidx.fragment.app.Fragment.performCreateView(Fragment.java:3114)
11-30 20:50:16.153 10308 10308 E AndroidRuntime: 	at androidx.fragment.app.FragmentStateManager.createView(FragmentStateManager.java:557)
11-30 20:50:16.153 10308 10308 E AndroidRuntime: 	at androidx.fragment.app.FragmentStateManager.moveToExpectedState(FragmentStateManager.java:272)
11-30 20:50:16.153 10308 10308 E AndroidRuntime: 	at androidx.fragment.app.FragmentManager.executeOpsTogether(FragmentManager.java:1943)
11-30 20:50:16.153 10308 10308 E AndroidRuntime: 	at androidx.fragment.app.FragmentManager.removeRedundantOperationsAndExecute(FragmentManager.java:1845)
11-30 20:50:16.153 10308 10308 E AndroidRuntime: 	at androidx.fragment.app.FragmentManager.execPendingActions(FragmentManager.java:1782)
11-30 20:50:16.153 10308 10308 E AndroidRuntime: 	at androidx.fragment.app.FragmentManager$5.run(FragmentManager.java:565)
11-30 20:50:16.153 10308 10308 E AndroidRuntime: 	at android.os.Handler.handleCallback(Handler.java:958)
11-30 20:50:16.154 10308 10308 E AndroidRuntime: 	at android.os.Handler.dispatchMessage(Handler.java:99)
11-30 20:50:16.154 10308 10308 E AndroidRuntime: 	at android.os.Looper.loopOnce(Looper.java:255)
11-30 20:50:16.154 10308 10308 E AndroidRuntime: 	at android.os.Looper.loop(Looper.java:364)
11-30 20:50:16.154 10308 10308 E AndroidRuntime: 	at android.app.ActivityThread.main(ActivityThread.java:8979)
11-30 20:50:16.154 10308 10308 E AndroidRuntime: 	at java.lang.reflect.Method.invoke(Native Method)
11-30 20:50:16.154 10308 10308 E AndroidRuntime: 	at com.android.internal.os.RuntimeInit$MethodAndArgsCaller.run(RuntimeInit.java:572)
11-30 20:50:16.154 10308 10308 E AndroidRuntime: 	at com.android.internal.os.ZygoteInit.main(ZygoteInit.java:1053)
11-30 20:50:16.161  1947  2095 W OplusEapManager handleErrorInfo sendEvent: : com.example.additioapp happenedcrash
11-30 20:50:16.163  1947  3214 W OplusSelfProtectManager: pkg[com.oplus.crashbox] not in policy list
11-30 20:50:16.164  1947 10805 I DropBoxManagerService: add tag=data_app_crash isTagEnabled=true flags=0x2
11-30 20:50:16.165  1947 10805 D DropBoxManagerService: file :: /data/system/dropbox/data_app_crash@1764532216165.txt
11-30 20:50:16.165  1947  2095 W ActivityTaskManager:   Force finishing activity com.example.additioapp/.MainActivity
11-30 20:50:16.168  2503  2868 V WindowManagerShell: Transition requested: android.os.BinderProxy@dec5231 TransitionRequestInfo { type = CLOSE, triggerTask = null, remoteTransition = null, displayChange = null }
11-30 20:50:16.172  1947  2095 D ActivityTaskManager: onWindowFocusChanged Task{fdaf3e5 #5 type=home I=com.android.launcher/.Launcher} would transfer to compact
11-30 20:50:16.173  1947  2095 D ActivityTaskManager: NFW_setLastResumedActivityUncheckLocked:true r:ActivityRecord{60860fe u0 com.android.launcher/.Launcher t5} currentFocus:Window{c50e822 u0 com.example.additioapp/com.example.additioapp.MainActivity}
11-30 20:50:16.173  1947  2095 D WindowManager: NFW_findFocusedWindowIfNeeded:null mCurrentFocus:Window{c50e822 u0 com.example.additioapp/com.example.additioapp.MainActivity}
11-30 20:50:16.174  1947  2095 V WindowManager: Changing focus from Window{c50e822 u0 com.example.additioapp/com.example.additioapp.MainActivity} to null,diplayid=0
11-30 20:50:16.175  1947  2095 D FlexibleTaskController: onTaskFocusChanged prevTask:Task{67a4fb2 #10533 type=standard A=10395:com.example.additioapp} ,currentTask:Task{fdaf3e5 #5 type=home I=com.android.launcher/.Launcher}, reason: finish-top adjustFocusToNextFocusableTask
11-30 20:50:16.176  1947  2095 D ActivityRecordExtImpl: skipPrepareAppTransitionForZoom false
11-30 20:50:16.177  1947  2095 D ActivityTaskManager: setAppVisibility(Token{c085b03 ActivityRecord{159c114 u0 com.example.additioapp/.MainActivity t10533 f}}}, visible=false): mNextAppTransitionRequests=[], mNextAppTransitionFlags=,mAppTransitionState=APP_STATE_IDLE visible=true mVisibleRequested=true
11-30 20:50:16.177  1947  2095 D ActivityTaskManager: setVisibility(Token{c085b03 ActivityRecord{159c114 u0 com.example.additioapp/.MainActivity t10533 f}}}, visible=false) defer commitVisibility for transition collecting
11-30 20:50:16.183  1947  2095 I TaskOrganizerController: onTaskInfoChanged taskid 10533 config { mBounds=Rect(0, 0 - 1080, 2400) mAppBounds=Rect(0, 110 - 1080, 2400) mMaxBounds=Rect(0, 0 - 1080, 2400) mDisplayRotation=ROTATION_0 mWindowingMode=fullscreen mDisplayWindowingMode=fullscreen mActivityType=standard mAlwaysOnTop=undefined mRotation=ROTATION_0}
11-30 20:50:16.183  1947  2095 D FlexibleWindowManager: onFlexibleWindowTaskInfoChanged: mTaskId = 10533 oldIsTaskEmbedded = false   curIsTaskEmbedded = false  topActivity = null
11-30 20:50:16.183  1947  2095 D FlexibleWindowManager: onFlexibleWindowTaskInfoChanged, return for cur task not embedded
11-30 20:50:16.183  1947  2095 I TaskOrganizerController: onTaskInfoChanged taskid 1 config { mBounds=Rect(0, 0 - 1080, 2400) mAppBounds=Rect(0, 110 - 1080, 2400) mMaxBounds=Rect(0, 0 - 1080, 2400) mDisplayRotation=ROTATION_0 mWindowingMode=fullscreen mDisplayWindowingMode=fullscreen mActivityType=home mAlwaysOnTop=undefined mRotation=ROTATION_0}
11-30 20:50:16.183  1947  2095 D FlexibleWindowManager: onFlexibleWindowTaskInfoChanged: mTaskId = 1 oldIsTaskEmbedded = false   curIsTaskEmbedded = false  topActivity = ComponentInfo{com.android.launcher/com.android.launcher.Launcher}
11-30 20:50:16.183  1947  2095 D FlexibleWindowManager: onFlexibleWindowTaskInfoChanged, return for cur task not embedded
11-30 20:50:16.185  1947  2021 E OplusThermalStats: Error getting package info: com.android.launcher
11-30 20:50:16.199  1947  1996 I ActivityManager: Showing crash dialog for package com.example.additioapp u0
11-30 20:50:16.220  2386  2703 E ActivityThread: Failed to find provider info for com.oplus.thirdkit
11-30 20:50:16.244  1947  1996 D CompatibilityChangeReporter: Compat change id reported: 168419799; UID 1000; state: DISABLED
11-30 20:50:16.244  1947  1996 D CompatibilityChangeReporter: Compat change id reported: 273564678; UID 1000; state: DISABLED
11-30 20:50:16.246  1947  1996 D WindowManager: NFW_findFocusedWindowIfNeeded:Window{64c571a u0 Application Error: com.example.additioapp} mCurrentFocus:null
11-30 20:50:16.246  1947  1996 V WindowManager: Changing focus from null to Window{64c571a u0 Application Error: com.example.additioapp},diplayid=0
11-30 20:50:16.251  1947  1996 I WindowManager: addWindow: New client android.view.OplusViewRootImplHooks$ColorW@891903c : window=Window{64c571a u0 Application Error: com.example.additioapp}
11-30 20:50:16.254  1947  1996 D CoreBackPreview: Window{64c571a u0 Application Error: com.example.additioapp}: Setting back callback OnBackInvokedCallbackInfo{mCallback=android.window.WindowOnBackInvokedDispatcher$OnBackInvokedCallbackWrapper@488a040, mPriority=0, mIsAnimationCallback=false}
11-30 20:50:16.255  1947  1996 V WindowManager: Relayout Window{64c571a u0 Application Error: com.example.additioapp}: viewVisibility=0, oldvis=0, req=1080x627, vsysui=, x=0, y=0
11-30 20:50:16.255  1947  1996 I WindowManager: Window{64c571a u0 Application Error: com.example.additioapp} state from NO_SURFACE to DRAW_PENDING; reason: resetDrawState
11-30 20:50:16.260  1947  1996 D WindowManager: NFW_findFocusedWindowIfNeeded:Window{64c571a u0 Application Error: com.example.additioapp} mCurrentFocus:Window{64c571a u0 Application Error: com.example.additioapp}
11-30 20:50:16.290  1947  1996 I WindowManager: Window{64c571a u0 Application Error: com.example.additioapp} state from DRAW_PENDING to COMMIT_DRAW_PENDING; reason: finishDrawingLocked
11-30 20:50:16.291  1947  1999 I WindowManager: Window{64c571a u0 Application Error: com.example.additioapp} state from COMMIT_DRAW_PENDING to READY_TO_SHOW; reason: commitFinishDrawingLocked
11-30 20:50:16.298  1947  1999 I SurfaceAnimationRunner: startAnimation requiresEdgeExtension=false, animationLeash=Surface(name=Surface(name=64c571a Application Error: com.example.additioapp)/@0x29f7104 - animation-leash of window_animation)/@0xf6a86ed, runningAnim=com.android.server.wm.SurfaceAnimationRunner$RunningAnimation@dc5d922, mPreProcessingAnimations={}
11-30 20:50:16.299  1947  1999 I WindowManager: Window{64c571a u0 Application Error: com.example.additioapp} state from READY_TO_SHOW to HAS_DRAWN; reason: performShowLocked
