11-30 20:50:19.638  1947  1999 I FlexibleTaskController: releaseFlexibleTaskCaptionView task=Task{67a4fb2 #10533 type=standard A=10395:com.example.additioapp} reason=onFlexibleTaskVanished
11-30 20:50:19.638  1947  1999 D OplusFlexibleWindowMinimizedManagerHelper: onTaskVanished taskInfo:10533 task:Task{67a4fb2 #10533 type=standard A=10395:com.example.additioapp}
11-30 20:50:19.639  1947  1999 I FlexibleTaskController: releaseFlexibleTaskCaptionView task=Task{67a4fb2 #10533 type=standard A=10395:com.example.additioapp} reason=onFlexibleTaskVanished
11-30 20:50:19.645  1947  1996 I SurfaceAnimationRunner: startAnimation requiresEdgeExtension=false, animationLeash=Surface(name=Surface(name=64c571a Application Error: com.example.additioapp)/@0x29f7104 - animation-leash of window_animation)/@0xdbbb9e, runningAnim=com.android.server.wm.SurfaceAnimationRunner$RunningAnimation@aed367f, mPreProcessingAnimations={}
11-30 20:50:19.645  1947  1996 D WindowManager: NFW_findFocusedWindowIfNeeded:Window{899f638 u0 com.android.launcher/com.android.launcher.Launcher} mCurrentFocus:Window{64c571a u0 Application Error: com.example.additioapp EXITING}
11-30 20:50:19.646  1947  1996 V WindowManager: Changing focus from Window{64c571a u0 Application Error: com.example.additioapp EXITING} to Window{899f638 u0 com.android.launcher/com.android.launcher.Launcher},diplayid=0
11-30 20:50:19.653  1947  2000 D SurfaceAnimationRunner: onAnimationStart:Surface(name=Surface(name=64c571a Application Error: com.example.additioapp)/@0x29f7104 - animation-leash of window_animation)/@0xdbbb9e
11-30 20:50:19.660  1947  1996 I SurfaceAnimationRunner: startAnimation requiresEdgeExtension=false, animationLeash=Surface(name=Surface(name=Dim Layer for - WindowedMagnification:0:64)/@0x7b1ffb3 - animation-leash of dimmer)/@0x2824711, runningAnim=com.android.server.wm.SurfaceAnimationRunner$RunningAnimation@b45a076, mPreProcessingAnimations={}
11-30 20:50:19.664  1947  2000 D SurfaceAnimationRunner: onAnimationStart:Surface(name=Surface(name=Dim Layer for - WindowedMagnification:0:64)/@0x7b1ffb3 - animation-leash of dimmer)/@0x2824711
11-30 20:50:19.670  1947  1996 I FlexibleTaskController: destroyFlexibleDragleash  currBounds=null
11-30 20:50:19.671  1947  1996 I FlexibleTaskController: destroyFlexibleDragleash  currBounds=null
11-30 20:50:19.671  1947  2095 D ActivityTaskManager: Skipping, invisible task: Task{fdaf3e5 #5 type=home I=com.android.launcher/.Launcher}
11-30 20:50:19.672  1947  2095 D OplusAppListInterceptManager: shouldFilterTask
11-30 20:50:19.672  1947  2095 D OplusAppListInterceptManager: shouldFilterTask::packageName = com.example.additioapp
11-30 20:50:19.672  1947  1998 D OplusInterceptLockScreenWindow: starting IOplusLockScreenCallbacks service...
11-30 20:50:19.672  1947  2095 D OplusAppListInterceptManager: shouldFilterTask
11-30 20:50:19.672  1947  2095 D OplusAppListInterceptManager: shouldFilterTask::packageName = com.android.settings
11-30 20:50:19.672  1947  2095 D OplusSplitScreenManagerService: com.android.settings unSupportsSplitScreen by blockList or ForbidActivityList
11-30 20:50:19.672  1947  2095 D OplusAppListInterceptManager: shouldFilterTask
11-30 20:50:19.672  1947  2095 D OplusAppListInterceptManager: shouldFilterTask::packageName = com.android.settings
11-30 20:50:19.673  1947  2095 D OplusSplitScreenManagerService: com.android.settings unSupportsSplitScreen by blockList or ForbidActivityList
11-30 20:50:19.673  1947  2095 D OplusAppListInterceptManager: shouldFilterTask
11-30 20:50:19.673  1947  2095 D OplusAppListInterceptManager: shouldFilterTask::packageName = com.oplus.ota
11-30 20:50:19.673  1947  2095 D OplusAppListInterceptManager: shouldFilterTask
11-30 20:50:19.673  1947  2095 D OplusAppListInterceptManager: shouldFilterTask::packageName = com.google.android.youtube
11-30 20:50:19.674  1947  2095 D OplusAppListInterceptManager: shouldFilterTask
11-30 20:50:19.674  1947  2095 D OplusAppListInterceptManager: shouldFilterTask::packageName = com.google.android.gm
11-30 20:50:19.674  1947  2095 D OplusAppListInterceptManager: shouldFilterTask
11-30 20:50:19.675  1947  2095 D OplusAppListInterceptManager: shouldFilterTask::packageName = me.zhanghai.android.files
11-30 20:50:19.675  1947  2095 D OplusAppListInterceptManager: shouldFilterTask
11-30 20:50:19.675  1947  2095 D OplusAppListInterceptManager: shouldFilterTask::packageName = com.android.settings
11-30 20:50:19.675  1947  2095 D OplusSplitScreenManagerService: com.android.settings unSupportsSplitScreen by blockList or ForbidActivityList
11-30 20:50:19.675  1947  2095 D OplusAppListInterceptManager: shouldFilterTask
11-30 20:50:19.675  1947  2095 D OplusAppListInterceptManager: shouldFilterTask::packageName = com.nextcloud.client
11-30 20:50:19.676  1947  2095 D OplusAppListInterceptManager: shouldFilterTask
11-30 20:50:19.676  1947  2095 D OplusAppListInterceptManager: shouldFilterTask::packageName = mega.privacy.android.app
11-30 20:50:19.676  1947  2095 D ActivityTaskManager: after skip size 10
11-30 20:50:19.677  1947  1996 D DisplayManagerService: Drop pending events for gone uid 10395
11-30 20:50:19.679  1947  1998 V WindowManager: Unknown focus tokens, dropping reportFocusChanged
11-30 20:50:19.684  1947  2095 D InputMethodManagerService: isSecurity: attribute.packageName = com.android.launcher mCurMethodId = com.google.android.inputmethod.latin/com.android.inputmethod.latin.LatinIME isSecurity = false ( enable = false needShow = false inBlackList = false isExist = true )
11-30 20:50:19.690  1947  1998 W ActivityManager: setHasOverlayUi called on unknown pid: 10308
11-30 20:50:19.691  1947  2791 I ActivityManager: Death received, pid = 0, processName = com.example.additioapp for thread android.os.BinderProxy@8638799
11-30 20:50:19.692  1947  5309 V ActivityManager: Got obituary of 10308:com.example.additioapp
11-30 20:50:19.694  1947  1974 V AutofillInlineSuggestionsRequestSession: onInputMethodFinishInput() received
11-30 20:50:19.697  1947  2795 V AutofillInlineSuggestionsRequestSession: onInputMethodStartInput() received on 0
11-30 20:50:19.704  1947  3143 W PackageConfigPersister: App-specific configuration not found for packageName: com.android.launcher and userId: 0
11-30 20:50:19.764  1947  2000 D SurfaceAnimationRunner: onAnimationEnd:Surface(name=Surface(name=64c571a Application Error: com.example.additioapp)/@0x29f7104 - animation-leash of window_animation)/@0xdbbb9e
11-30 20:50:19.775  1947  1999 I WindowManager: Window{64c571a u0 Application Error: com.example.additioapp} state from HAS_DRAWN to NO_SURFACE; reason: destroySurface
11-30 20:50:19.775  1947  2000 D SurfaceAnimationRunner: onAnimationEnd:Surface(name=Surface(name=Dim Layer for - WindowedMagnification:0:64)/@0x7b1ffb3 - animation-leash of dimmer)/@0x2824711
11-30 20:50:20.548  1947  2171 D PowerManagerService: userActivityNoUpdateLocked: groupId=0, eventTime=232630028, event=touch, flags=0x0, uid=1000
11-30 20:50:20.626  1947  3143 D CompatibilityChangeReporter: Compat change id reported: 161252188; UID 10395; state: DISABLED
11-30 20:50:20.627  1947  3143 D MultiApp-CMAService: changeIntentIfNeed --- from launcher
11-30 20:50:20.628  1947  3143 D CompatibilityChangeReporter: Compat change id reported: 265464455; UID 10395; state: DISABLED
11-30 20:50:20.628  1947  3143 D CompatibilityChangeReporter: Compat change id reported: 265452344; UID 10395; state: DISABLED
11-30 20:50:20.628  1947  3143 D CompatibilityChangeReporter: Compat change id reported: 266124927; UID 10395; state: DISABLED
11-30 20:50:20.629  1947  3143 D CompatibilityChangeReporter: Compat change id reported: 265451093; UID 10395; state: DISABLED
11-30 20:50:20.629  1947  3143 D CompatibilityChangeReporter: Compat change id reported: 265456536; UID 10395; state: DISABLED
11-30 20:50:20.629  1947  3143 D CompatibilityChangeReporter: Compat change id reported: 255940284; UID 10395; state: DISABLED
11-30 20:50:20.629  1947  3143 D CompatibilityChangeReporter: Compat change id reported: 236283604; UID 10395; state: DISABLED
11-30 20:50:20.629  1947  3143 D CompatibilityChangeReporter: Compat change id reported: 263959004; UID 10395; state: DISABLED
11-30 20:50:20.629  1947  3143 D CompatibilityChangeReporter: Compat change id reported: 264304459; UID 10395; state: DISABLED
11-30 20:50:20.629  1947  3143 D CompatibilityChangeReporter: Compat change id reported: 264301586; UID 10395; state: DISABLED
11-30 20:50:20.629  1947  3143 D CompatibilityChangeReporter: Compat change id reported: 254631730; UID 10395; state: DISABLED
11-30 20:50:20.629  1947  3143 D CompatibilityChangeReporter: Compat change id reported: 273509367; UID 10395; state: DISABLED
11-30 20:50:20.629  1947  3143 D CompatibilityChangeReporter: Compat change id reported: 263259275; UID 10395; state: DISABLED
11-30 20:50:20.630  1947  3143 D CompatibilityChangeReporter: Compat change id reported: 174042980; UID 10395; state: DISABLED
11-30 20:50:20.630  1947  3143 D CompatibilityChangeReporter: Compat change id reported: 174042936; UID 10395; state: DISABLED
11-30 20:50:20.630  1947  3143 D CompatibilityChangeReporter: Compat change id reported: 181136395; UID 10395; state: DISABLED
11-30 20:50:20.630  1947  3143 D WindowManager: NFW_setClientVisible:ActivityRecord{1dbf268 u0 com.example.additioapp/.MainActivity clientVisible:true
11-30 20:50:20.630  1947  3143 D CompatibilityChangeReporter: Compat change id reported: 194480991; UID 10395; state: ENABLED
11-30 20:50:20.631  1947  3143 D OplusZoomWindowRUSConfigManager: isSupportZoomModeWithPolicyLocked: target = com.example.additioapp/.MainActivity
11-30 20:50:20.631  1947  3143 D OplusZoomWindowRUSConfigManager: targetPkg = com.example.additioapp
11-30 20:50:20.631  1947  3143 D FlexibleWindowManager: isIgnoreAppearedAcrossTask:false
11-30 20:50:20.632  1947  3143 D FlexibleTaskController: adjustOptionsForFlexibleTask skip adjust options reason:2
11-30 20:50:20.632  1947  3143 D FlexibleWindowManager: no reused task found for ActivityRecord{1dbf268 u0 com.example.additioapp/.MainActivity t-1}
11-30 20:50:20.635  1947  3143 I OplusScreenSecurityMask: onStackAdded task = Task{cb51326 #10534 type=standard} record = null displayId = 0
11-30 20:50:20.635  1947  3143 I OplusScreenSecurityMask: onStackAdded task = Task{cb51326 #10534 type=standard A=10395:com.example.additioapp} record = null displayId = 0
11-30 20:50:20.636  1947  3143 D CompatibilityChangeReporter: Compat change id reported: 184838306; UID 10395; state: DISABLED
11-30 20:50:20.636  1947  3143 D CompatibilityChangeReporter: Compat change id reported: 185004937; UID 10395; state: DISABLED
11-30 20:50:20.640  1947  3143 D OplusStartingWindowManager: reviseWindowFlagsForStarting ar =:ActivityRecord{1dbf268 u0 com.example.additioapp/.MainActivity t10534}, activityCreated =:false, RUS version:20250313
11-30 20:50:20.640  1947  3143 D OplusStartingWindowManager: we don't revise window flags for third app
11-30 20:50:20.640  1947  3143 D ActivityTaskManager: validateStartingWindowTheme: Pkg=com.example.additioapp, Translucent=false, Floating=false, ShowWallpaper=false, Disable=false, LaunchSource=2
11-30 20:50:20.640  1947  3143 D ActivityTaskManager: getStartingWindowType: newTask=true, taskSwitch=true, processRunning=false, allowTaskSnapshot=true, activityCreated=false, activityAllDrawn=false ,snapshot=null, record:ActivityRecord{1dbf268 u0 com.example.additioapp/.MainActivity t10534}
11-30 20:50:20.640  1947  3143 D ActivityRecordExtImpl: handleStartingWindowForCompactWindow origin type:2, adjustType : 2
11-30 20:50:20.640  1947  3143 D CompatibilityChangeReporter: Compat change id reported: 205907456; UID 10395; state: ENABLED
11-30 20:50:20.640  1947  3143 E OplusAppQuickStart_AppQuickStartController: attachExStartingSurface not support issue ar:ActivityRecord{1dbf268 u0 com.example.additioapp/.MainActivity t10534} type:2
11-30 20:50:20.642  1947  3143 D OplusZoomWindowRUSConfigManager: isSupportZoomModeWithPolicyLocked: target = com.example.additioapp/.MainActivity
11-30 20:50:20.642  1947  3143 D OplusZoomWindowRUSConfigManager: targetPkg = com.example.additioapp
11-30 20:50:20.642  2503  2935 D PhoneStartingWindowTypeAlgorithm: preferredStartingWindowType newTask=true, taskSwitch=true, processRunning=false, allowTaskSnapshot=true, activityCreated=false, isSolidColorSplashScreen=false, legacySplashScreen=false, activityDrawn=false, windowless=false, topIsHome=false
11-30 20:50:20.642  2503  2935 D OplusShellStartingWindowManager: getReviseStartingWindowType not support, windowInfo is null
11-30 20:50:20.646  2503  2935 D OplusShellStartingWindowManager: adjustSuggestedWindowType: skip no-system app and no-exception list app
11-30 20:50:20.647  1947  3143 D ActivityTaskManager: notifyTaskRemoved, task: Task{67a4fb2 #10533 type=standard A=10395:com.example.additioapp} trace:com.android.server.wm.RecentTasks.removeForAddTask:1701 com.android.server.wm.RecentTasks.add:1263 com.android.server.wm.ActivityStarter.startActivityInner:2440 com.android.server.wm.ActivityStarter.startActivityUnchecked:1798 com.android.server.wm.ActivityStarter.executeRequest:1555 
11-30 20:50:20.647  2503  2936 D ShellStartingWindow: getWindowAttrs window attributes color: 0, replace icon: false
11-30 20:50:20.647  1947  3143 D ActivityTaskManager: notifyTaskAdded, task: Task{cb51326 #10534 type=standard A=10395:com.example.additioapp} trace:com.android.server.wm.RecentTasks.add:1278 com.android.server.wm.ActivityStarter.startActivityInner:2440 com.android.server.wm.ActivityStarter.startActivityUnchecked:1798 com.android.server.wm.ActivityStarter.executeRequest:1555 com.android.server.wm.ActivityStarter.execute:845 
11-30 20:50:20.648  2503  2936 D ShellStartingWindow: inconsize = 480
11-30 20:50:20.650  1947  3143 D CompatibilityChangeReporter: Compat change id reported: 194833441; UID 10395; state: ENABLED
11-30 20:50:20.650  2503  2868 V WindowManagerShell: Transition requested: android.os.BinderProxy@7ed126 TransitionRequestInfo { type = OPEN, triggerTask = TaskInfo{userId=0 taskId=10534 displayId=0 isRunning=true baseIntent=Intent { act=android.intent.action.MAIN cat=[android.intent.category.LAUNCHER] flg=0x10200000 cmp=com.example.additioapp/.MainActivity mCallingUid=10195 } baseActivity=ComponentInfo{com.example.additioapp/com.example.additioapp.MainActivity} topActivity=ComponentInfo{com.example.additioapp/com.example.additioapp.MainActivity} origActivity=null realActivity=ComponentInfo{com.example.additioapp/com.example.additioapp.MainActivity} numActivities=1 lastActiveTime=577856271 supportsSplitScreenMultiWindow=true supportsMultiWindow=true supportsPocketStudioMultiWindow=true isInFlexibleEmbedded = false uid = 10395 pid = 0 resizeMode=1 isResizeable=true minWidth=-1 minHeight=-1 defaultMinSize=220 token=WCT{android.window.IWindowContainerToken$Stub$Proxy@31cd167} topActivityType=1 pictureInPictureParams=null shouldDockBigOverlays=false launchIntoPipHostTaskId=-1 lastParentTaskIdBeforePip=-1 displayCutoutSafeInsets=Rect(0, 110 - 0, 0) topActivityInfo=ActivityInfo{7bcbb14 com.example.additioapp.MainActivity} launchCookies=[] positionInParent=Point(0, 0) parentTaskId=-1 isFocused=false isVisible=false isVisibleRequested=false isSleeping=false topActivityInSizeCompat=false topActivityInOplusCompatMode=false topActivityEligibleForLetterboxEducation= false topActivityLetterboxed= false isFromDoubleTap= false topActivityLetterboxVerticalPosition= -1 topActivityLetterboxHorizontalPosition= -1 topActivityLetterboxWidth=-1 topActivityLetterboxHeight=-1 locusId=null displayAreaFeatureId=1 cameraCompatControlState=hidden locusId= null topActivityLetterboxInsets=Rect(0, 0 - 0, 0) mOplusExtraBundle = Bundle[mParcelledData.dataSize=288]}, remoteTransition = null, displayChange = null }
11-30 20:50:20.650  1947  3143 I ActivityTaskManager: START u0 {act=android.intent.action.MAIN cat=[android.intent.category.LAUNCHER] flg=0x10200000 cmp=com.example.additioapp/.MainActivity bnds=[25,180][231,462] (has extras) mCallingUid=10195} with LAUNCH_MULTIPLE from uid 10195 (BAL_ALLOW_ALLOWLISTED_COMPONENT) result code=0
11-30 20:50:20.653  3031  3031 I Quality : Skipped: false 2 cost 23.166351 refreshRate 11111111 bit true processName com.android.launcher
11-30 20:50:20.660  1947  3143 D ActivityTaskManager: attachStartingWindow: mStartingData=com.android.server.wm.SplashScreenStartingData@d34237b,mStartingWindow=Window{1ee4375 u0 Splash Screen com.example.additioapp}
11-30 20:50:20.660  1947  3143 I WindowManager: addWindow: New client android.os.BinderProxy@cf1aaac : window=Window{1ee4375 u0 Splash Screen com.example.additioapp}
11-30 20:50:20.665  2503  2935 D OplusShellStartingWindowManager: handleSplashScreenView: normal third app or no-default
11-30 20:50:20.665  1947  2795 D ActivityTaskManager: setAppVisibility(Token{a52eb67 ActivityRecord{1dbf268 u0 com.example.additioapp/.MainActivity t10534}}, visible=true): mNextAppTransitionRequests=[], mNextAppTransitionFlags=,mAppTransitionState=APP_STATE_IDLE visible=false mVisibleRequested=false
11-30 20:50:20.665  1947  2795 D ActivityTaskManager: setVisibility(Token{a52eb67 ActivityRecord{1dbf268 u0 com.example.additioapp/.MainActivity t10534}}, visible=true) defer commitVisibility for transition collecting
11-30 20:50:20.665  1947  2795 D ActivityTaskManager: setAppVisibility(Token{ea7ceba ActivityRecord{60860fe u0 com.android.launcher/.Launcher t5}}, visible=false): mNextAppTransitionRequests=[], mNextAppTransitionFlags=,mAppTransitionState=APP_STATE_IDLE visible=true mVisibleRequested=true
11-30 20:50:20.666  1947  2795 D ActivityTaskManager: setVisibility(Token{ea7ceba ActivityRecord{60860fe u0 com.android.launcher/.Launcher t5}}, visible=false) defer commitVisibility for transition collecting
11-30 20:50:20.670  1947  2095 D WindowManagerServiceExtImpl: extractConfigInfoAndRealFlags rotation=0, screenDp=360, win=Window{1ee4375 u0 Splash Screen com.example.additioapp}
11-30 20:50:20.670  1947  2095 V WindowManager: Relayout Window{1ee4375 u0 Splash Screen com.example.additioapp}: viewVisibility=0, oldvis=0, req=1080x2400, vsysui=, x=0, y=0
11-30 20:50:20.670  1947  2095 I WindowManager: Window{1ee4375 u0 Splash Screen com.example.additioapp} state from NO_SURFACE to DRAW_PENDING; reason: resetDrawState
11-30 20:50:20.671  1947  1998 D CompatibilityChangeReporter: Compat change id reported: 135634846; UID 10395; state: DISABLED
11-30 20:50:20.672  1947  1998 D CompatibilityChangeReporter: Compat change id reported: 177438394; UID 10395; state: DISABLED
11-30 20:50:20.672  1947  1998 D CompatibilityChangeReporter: Compat change id reported: 135772972; UID 10395; state: DISABLED
11-30 20:50:20.672  1947  1998 D CompatibilityChangeReporter: Compat change id reported: 135754954; UID 10395; state: ENABLED
11-30 20:50:20.673  1947  2015 D CompatibilityChangeReporter: Compat change id reported: 143937733; UID 10395; state: ENABLED
11-30 20:50:20.678  1947  2095 D WindowManager: NFW_findFocusedWindowIfNeeded:null mCurrentFocus:Window{899f638 u0 com.android.launcher/com.android.launcher.Launcher}
11-30 20:50:20.679  1947  2095 V WindowManager: Changing focus from Window{899f638 u0 com.android.launcher/com.android.launcher.Launcher} to null,diplayid=0
11-30 20:50:20.679  1947  2095 D WindowManager: updateOrientation: mLastOrientation = SCREEN_ORIENTATION_NOSENSOR(5) newOrientation = SCREEN_ORIENTATION_UNSPECIFIED(-1) forceUpdate = false LastOrientationSource = ActivityRecord{1dbf268 u0 com.example.additioapp/.MainActivity t10534}
11-30 20:50:20.680  1947  2095 D WindowManager: rotation(ROTATION_0) no changed.
11-30 20:50:20.680  1947  1974 D CoreBackPreview: Window{1ee4375 u0 Splash Screen com.example.additioapp}: Setting back callback OnBackInvokedCallbackInfo{mCallback=android.window.IOnBackInvokedCallback$Stub$Proxy@9fe91d6, mPriority=0, mIsAnimationCallback=false}
11-30 20:50:20.681  2503  2935 W VRI[additioapp]: updateBlastSurfaceIfNeeded, surfaceSize:Point(1080, 2400), lastSurfaceSize:Point(0, 0), format:-3, blastBufferQueue:null
11-30 20:50:20.687  1947  1998 W ProcessStats: Tracking association SourceState{59fdf2f com.oplus.exsystemservice/1000 ImpFg #1156034} whose proc state 5 is better than process ProcessState{979320a com.oplus.powermonitor/1000 pkg=com.oplus.powermonitor} proc state 8 (20 skipped)
11-30 20:50:20.692  1947  1996 E MBrainLocalService: MBrainJava launch failed: SecurityException
11-30 20:50:20.692  1947  1996 D MBrainLocalService: isVendorFreezeConditionPass is false
11-30 20:50:20.692  1947  1996 E MBrainLocalService: notifyAppSwitch failed
11-30 20:50:20.704  1947  3143 D OplusTransitionController: onSyncFinishedDrawing, Window{1ee4375 u0 Splash Screen com.example.additioapp}
11-30 20:50:20.704  1947  3143 I WindowManager: finishDrawing skipLayout:false,syncSeqId=0,mPrepareSyncSeqId=0 Window{1ee4375 u0 Splash Screen com.example.additioapp} com.android.server.wm.WindowManagerService.finishDrawingWindow:2991 com.android.server.wm.Session.finishDrawing:311 android.view.IWindowSession$Stub.onTransact:779 
11-30 20:50:20.704  1947  3143 I WindowManager: Window{1ee4375 u0 Splash Screen com.example.additioapp} state from DRAW_PENDING to COMMIT_DRAW_PENDING; reason: finishDrawingLocked
11-30 20:50:20.705  1947  3143 D OplusTransitionAnimationManager: skipFinishDrawingIfNeed clientRotation=0, currentRotation=0, hasFixedRotationApp=false, requestedOrientation=-1, win=Window{1ee4375 u0 Splash Screen com.example.additioapp}, activity=ActivityRecord{1dbf268 u0 com.example.additioapp/.MainActivity t10534}, currentConfig={1.0 ??mcc??mnc [en_DZ] ldltr sw360dp w360dp h763dp 480dpi nrml long port finger -keyb/v/h -nav/h winConfig={ mBounds=Rect(0, 0 - 1080, 2400) mAppBounds=Rect(0, 110 - 1080, 2400) mMaxBounds=Rect(0, 0 - 1080, 2400) mDisplayRotation=ROTATION_0 mWindowingMode=fullscreen mDisplayWindowingMode=fullscreen mActivityType=standard mAlwaysOnTop=undefined mRotation=ROTATION_0} s.1 fontWeightAdjustment=0mThemeChanged= 0, mThemeChangedFlags= 0, mFlipFont= 0, mScenario= 0, mAccessibleChanged= -1, mUxIconConfig= 3468921665126662433, mMaterialColor= 0, mUserId= 0, mFontUserId= 0, mFontVariationSettings= 226, mFoldingAngle = -1.0, mIconPackName= , mDarkModeBackgroundMaxL= 0.0, mDarkModeDialogBgMaxL= 27.0, mDarkModeForegroundMinL= 100.0, mOplusConfigType= 1, mOplusChangedConfigs= 0, OpSans= -1, mBurmeseFontFlag= 2, mFlag= 0, mFlexibleActivitySuitable= -1, mPuttDisplayFlag= -1}
11-30 20:50:20.706  1947  1999 I WindowManager: Window{1ee4375 u0 Splash Screen com.example.additioapp} state from COMMIT_DRAW_PENDING to READY_TO_SHOW; reason: commitFinishDrawingLocked
11-30 20:50:20.706  1947  1999 D ActivityTaskManager: onStartingWindowDrawn: wasTaskVisible=false, mStartingData=com.android.server.wm.SplashScreenStartingData@d34237b, finishing=false,mLaunchedFromBubble=false, mVisibleRequested=true, mDisplayContent=Display{#0 state=ON size=1080x2400 ROTATION_0}, isZoomMode=false
11-30 20:50:20.706  1947  2015 I ActivityManager: Start proc 10833:com.example.additioapp/u0a395 for next-top-activity {com.example.additioapp/com.example.additioapp.MainActivity}
11-30 20:50:20.708  1947  1999 D ActivityTaskManager: commitVisibility: ActivityRecord{1dbf268 u0 com.example.additioapp/.MainActivity t10534}: visible=true visibleRequested=true, isInTransition=true, runningAnimation=true 
11-30 20:50:20.708  1947  1999 D ActivityTaskManager: onStartingWindowDrawn: wasTaskVisible=true, mStartingData=com.android.server.wm.SplashScreenStartingData@d34237b, finishing=false,mLaunchedFromBubble=false, mVisibleRequested=true, mDisplayContent=Display{#0 state=ON size=1080x2400 ROTATION_0}, isZoomMode=false
11-30 20:50:20.709  1947  1999 I WindowManager: Window{1ee4375 u0 Splash Screen com.example.additioapp} state from READY_TO_SHOW to HAS_DRAWN; reason: performShowLocked
11-30 20:50:20.710  1947  1999 I WindowStateExtImpl: onSurfaceShowChange show = true mPackageName = com.example.additioapp parentPkgName = com.example.additioapp
11-30 20:50:20.710  1947  1999 D Transition: collectOrderChanges onTopTasksEnd: [Task{cb51326 #10534 type=standard A=10395:com.example.additioapp}], reportedOnTop:null, mOnTopTasksStart: [Task{cb51326 #10534 type=standard A=10395:com.example.additioapp}], TDA child: [Task{2007ffa #10515 type=standard A=10148:com.google.android.gm}, Task{abf8ad3 #10497 type=standard A=10342:me.zhanghai.android.files}, Task{53f3930 #10496 type=standard A=10419:com.nextcloud.client}, Task{b478e8c #2 type=undefined}, Task{a094657 #1 type=home}, Task{cb51326 #10534 type=standard A=10395:com.example.additioapp}]
11-30 20:50:20.710  1947  1999 D OplusTransitionAnimationManager: Transition replace type from OPEN to OPEN, mNextAppTransitionRequests : [1, 1]
11-30 20:50:20.710  1947  1999 D OplusFlexibleActivityTransitionManager: fixTransitType type result:1, targets: [Task{cb51326 #10534 type=standard A=10395:com.example.additioapp}, Task{a094657 #1 type=home}]
11-30 20:50:20.713  1947  2006 D AppProfilerExtImpl: Skipped pss collection for CPU busy
11-30 20:50:20.714  1947  1999 D OplusZoomWindowManagerService: saveSupportFreeFormToTaskInfo target = ComponentInfo{com.example.additioapp/com.example.additioapp.MainActivity} isSupportZoomMode = true
11-30 20:50:20.715  1947  1999 D OplusTransitionAnimationManager: mOpeningTasks add Task{cb51326 #10534 type=standard A=10395:com.example.additioapp}
11-30 20:50:20.715  1947  1999 D OplusTransitionAnimationManager: mOpeningTasks add Task{a094657 #1 type=home}
11-30 20:50:20.715  1947  1999 D OplusTransitionController: onTransactionReady, transition: 5028, 
11-30 20:50:20.715  1947  1999 D OplusTransitionController:  info: {id=5028 t=OPEN f=0x0 trk=0 r=[0@Point(0, 0)] c=[{WCT{RemoteToken{3577c57 Task{cb51326 #10534 type=standard A=10395:com.example.additioapp}}} m=OPEN f=NONE leash=Surface(name=Task=10534)/@0x66ca344 sb=Rect(0, 0 - 1080, 2400) eb=Rect(0, 0 - 1080, 2400) d=0},{WCT{RemoteToken{34e7afe Task{a094657 #1 type=home}}} m=TO_BACK f=SHOW_WALLPAPER leash=Surface(name=Task=1)/@0x57f25f sb=Rect(0, 0 - 1080, 2400) eb=Rect(0, 0 - 1080, 2400) d=0}] extendInfo=[OplusTransitionExtendedInfo{mTmpFinishT=null, mInOplusCompatMode=false, mIsProcessRunning=false, mHasMismatchBoundsTarget=false, mRecentsController=null, mIsTranslucentActivityToHome=false, mAvoidInterceptKeyEventToHome=false, mIsFromHome=false, mParentLeash=null, mIsOplusAnimRes=false, mIsBalAllow=false}]}, 
11-30 20:50:20.715  1947  1999 D OplusTransitionController:  targets : [Task{cb51326 #10534 type=standard A=10395:com.example.additioapp}, Task{a094657 #1 type=home}], 
11-30 20:50:20.715  1947  1999 D OplusTransitionController:  participants: {ActivityRecord{1dbf268 u0 com.example.additioapp/.MainActivity t10534}, ActivityRecord{60860fe u0 com.android.launcher/.Launcher t5}, WallpaperWindowToken{a45aa2a token=android.os.Binder@1825715}, Task{cb51326 #10534 type=standard A=10395:com.example.additioapp}}, 
11-30 20:50:20.715  1947  1999 D OplusTransitionController:  playings:[TransitionRecord{986c2d id=5028 track=0 type=OPEN flags=0x0}]
11-30 20:50:20.715  1947  1999 W WindowManager: captureTaskSnapshot mSnapshotMode= 2
11-30 20:50:20.718  1947  1995 V WindowManager: Sent Transition #5028 createdAt=11-30 20:50:20.631 via request=TransitionRequestInfo { type = OPEN, triggerTask = TaskInfo{userId=0 taskId=10534 displayId=0 isRunning=true baseIntent=Intent { act=android.intent.action.MAIN cat=[android.intent.category.LAUNCHER] flg=0x10200000 cmp=com.example.additioapp/.MainActivity mCallingUid=10195 } baseActivity=ComponentInfo{com.example.additioapp/com.example.additioapp.MainActivity} topActivity=ComponentInfo{com.example.additioapp/com.example.additioapp.MainActivity} origActivity=null realActivity=ComponentInfo{com.example.additioapp/com.example.additioapp.MainActivity} numActivities=1 lastActiveTime=577856271 supportsSplitScreenMultiWindow=true supportsMultiWindow=true supportsPocketStudioMultiWindow=true isInFlexibleEmbedded = false uid = 10395 pid = 0 resizeMode=1 isResizeable=true minWidth=-1 minHeight=-1 defaultMinSize=220 token=WCT{RemoteToken{3577c57 Task{cb51326 #10534 type=standard A=10395:com.example.additioapp}}} topActivityType=1 pictureInPictureParams=null shouldDockBigOverlays=false launchIntoPipHostTaskId=-1 lastParentTaskIdBeforePip=-1 displayCutoutSafeInsets=Rect(0, 110 - 0, 0) topActivityInfo=ActivityInfo{7989b5a com.example.additioapp.MainActivity} launchCookies=[] positionInParent=Point(0, 0) parentTaskId=-1 isFocused=false isVisible=false isVisibleRequested=false isSleeping=false topActivityInSizeCompat=false topActivityInOplusCompatMode=false topActivityEligibleForLetterboxEducation= false topActivityLetterboxed= false isFromDoubleTap= false topActivityLetterboxVerticalPosition= -1 topActivityLetterboxHorizontalPosition= -1 topActivityLetterboxWidth=-1 topActivityLetterboxHeight=-1 locusId=null displayAreaFeatureId=1 cameraCompatControlState=hidden locusId= null topActivityLetterboxInsets=Rect(0, 0 - 0, 0) mOplusExtraBundle = Bundle[{androidx.flexible.taskFrame=Rect(0, 0 - 0, 0), androidx.activity.LaunchScenario=0, androidx.activity.LaunchScale=1.0}]}, remoteTransition = null, displayChange = null }
11-30 20:50:20.718  1947  1995 V WindowManager:     startWCT=WindowContainerTransaction { changes = {} hops = [] errorCallbackToken=null taskFragmentOrganizer=null }
11-30 20:50:20.719  1947  1995 V WindowManager:     info={id=5028 t=OPEN f=0x0 trk=0 r=[0@Point(0, 0)] c=[{WCT{RemoteToken{3577c57 Task{cb51326 #10534 type=standard A=10395:com.example.additioapp}}} m=OPEN f=NONE leash=Surface(name=Task=10534)/@0x66ca344 sb=Rect(0, 0 - 1080, 2400) eb=Rect(0, 0 - 1080, 2400) d=0},{WCT{RemoteToken{34e7afe Task{a094657 #1 type=home}}} m=TO_BACK f=SHOW_WALLPAPER leash=Surface(name=Task=1)/@0x57f25f sb=Rect(0, 0 - 1080, 2400) eb=Rect(0, 0 - 1080, 2400) d=0}] extendInfo=[OplusTransitionExtendedInfo{mTmpFinishT=null, mInOplusCompatMode=false, mIsProcessRunning=false, mHasMismatchBoundsTarget=false, mRecentsController=null, mIsTranslucentActivityToHome=false, mAvoidInterceptKeyEventToHome=false, mIsFromHome=false, mParentLeash=null, mIsOplusAnimRes=false, mIsBalAllow=false}]}
11-30 20:50:20.719  2503  2868 V WindowManagerShell: onTransitionReady android.os.BinderProxy@7ed126: {id=5028 t=OPEN f=0x0 trk=0 r=[0@Point(0, 0)] c=[{WCT{android.window.IWindowContainerToken$Stub$Proxy@3751362} m=OPEN f=NONE leash=Surface(name=Task=10534)/@0xd66e257 sb=Rect(0, 0 - 1080, 2400) eb=Rect(0, 0 - 1080, 2400) d=0},{WCT{android.window.IWindowContainerToken$Stub$Proxy@48d4cf3} m=TO_BACK f=SHOW_WALLPAPER leash=Surface(name=Task=1)/@0x40f1144 sb=Rect(0, 0 - 1080, 2400) eb=Rect(0, 0 - 1080, 2400) d=0}] extendInfo=[OplusTransitionExtendedInfo{mTmpFinishT=null, mInOplusCompatMode=false, mIsProcessRunning=false, mHasMismatchBoundsTarget=false, mRecentsController=null, mIsTranslucentActivityToHome=false, mAvoidInterceptKeyEventToHome=false, mIsFromHome=false, mParentLeash=null, mIsOplusAnimRes=false, mIsBalAllow=false}]}
11-30 20:50:20.720  2503  2868 V WindowManagerShell: Playing animation for (#5028)android.os.BinderProxy@7ed126@0
11-30 20:50:20.720  2503  2868 V WindowManagerShell:  try handler com.android.wm.shell.taskview.TaskViewTransitions@c79f66b
11-30 20:50:20.720  2503  2868 V WindowManagerShell:  try handler com.oplus.zoom.transition.ZoomTransitionController@f4b1065
11-30 20:50:20.720  2503  2868 V WindowManagerShell:  try handler com.android.wm.shell.transition.DefaultMixedHandler@512f13a
11-30 20:50:20.720  2503  2868 V WindowManagerShell:  try handler com.android.wm.shell.keyguard.KeyguardTransitionHandler@c5a6eb3
11-30 20:50:20.720  2503  2868 V WindowManagerShell:  try handler com.android.wm.shell.activityembedding.ActivityEmbeddingController@1addc70
11-30 20:50:20.720  2503  2868 V WindowManagerShell:  try handler com.android.wm.shell.recents.RecentsTransitionHandler@ed12be9
11-30 20:50:20.720  2503  2868 V WindowManagerShell: RecentsTransitionHandler.startAnimation: no controller found
11-30 20:50:20.720  2503  2868 V WindowManagerShell:  try handler com.android.wm.shell.pip.PipTransition@9a6e06e
11-30 20:50:20.720  2503  2868 V WindowManagerShell:  try handler com.android.wm.shell.splitscreen.StageCoordinator@783430f
11-30 20:50:20.721  2503  2868 V WindowManagerShell:  try handler com.oplus.flexibleactivity.FlexibleActivityTransitionHandler@c879da5
11-30 20:50:20.721  2503  2868 V WindowManagerShell:  try handler OnePuttTransitionHandler
11-30 20:50:20.721  2503  2868 V WindowManagerShell:  try handler com.android.wm.shell.flexibletask.FlexibleTaskTransitionHandler@1668507
11-30 20:50:20.721  2503  2868 V WindowManagerShell:  try handler com.android.wm.shell.transition.RemoteTransitionHandler@f98f634
11-30 20:50:20.721  2503  2868 V WindowManagerShell: Transition doesn't have explicit remote, search filters for match for {id=5028 t=OPEN f=0x0 trk=0 r=[0@Point(0, 0)] c=[{WCT{android.window.IWindowContainerToken$Stub$Proxy@3751362} m=OPEN f=NONE leash=Surface(name=Task=10534)/@0xd66e257 sb=Rect(0, 0 - 1080, 2400) eb=Rect(0, 0 - 1080, 2400) d=0},{WCT{android.window.IWindowContainerToken$Stub$Proxy@48d4cf3} m=TO_BACK f=SHOW_WALLPAPER leash=Surface(name=Task=1)/@0x40f1144 sb=Rect(0, 0 - 1080, 2400) eb=Rect(0, 0 - 1080, 2400) d=0}] extendInfo=[OplusTransitionExtendedInfo{mTmpFinishT=null, mInOplusCompatMode=false, mIsProcessRunning=false, mHasMismatchBoundsTarget=false, mRecentsController=null, mIsTranslucentActivityToHome=false, mAvoidInterceptKeyEventToHome=false, mIsFromHome=false, mParentLeash=null, mIsOplusAnimRes=false, mIsBalAllow=false}]}
11-30 20:50:20.721  2503  2868 V WindowManagerShell:  Checking filter Pair{{types=[] flags=0x0] notFlags=0x100 checks=[{atype=home independent=true modes=[OPEN,TO_FRONT] flags=NONE mustBeTask=false order=TOP topActivity=ComponentInfo{com.android.launcher/com.android.launcher.Launcher}},{atype=standard independent=true modes=[CLOSE,TO_BACK] flags=NONE mustBeTask=false order=ANY topActivity=null}]} RemoteTransition { remoteTransition = android.window.IRemoteTransition$Stub$Proxy@f5cdc5d, recentAnimRunner = null, appThread = android.app.IApplicationThread$Stub$Proxy@29c59d2, debugName = QuickstepLaunchHome }}
11-30 20:50:20.721  2503  2868 V WindowManagerShell:  Delegate animation for #5028 to null
11-30 20:50:20.721  2503  2868 V WindowManagerShell:  try handler com.android.wm.shell.transition.DefaultTransitionHandler@a5c6aa3
11-30 20:50:20.721  2503  2868 V WindowManagerShell: start default transition animation, info = {id=5028 t=OPEN f=0x0 trk=0 r=[0@Point(0, 0)] c=[{WCT{android.window.IWindowContainerToken$Stub$Proxy@3751362} m=OPEN f=NONE leash=Surface(name=Task=10534)/@0xd66e257 sb=Rect(0, 0 - 1080, 2400) eb=Rect(0, 0 - 1080, 2400) d=0},{WCT{android.window.IWindowContainerToken$Stub$Proxy@48d4cf3} m=TO_BACK f=SHOW_WALLPAPER leash=Surface(name=Task=1)/@0x40f1144 sb=Rect(0, 0 - 1080, 2400) eb=Rect(0, 0 - 1080, 2400) d=0}] extendInfo=[OplusTransitionExtendedInfo{mTmpFinishT=null, mInOplusCompatMode=false, mIsProcessRunning=false, mHasMismatchBoundsTarget=false, mRecentsController=null, mIsTranslucentActivityToHome=false, mAvoidInterceptKeyEventToHome=false, mIsFromHome=false, mParentLeash=null, mIsOplusAnimRes=false, mIsBalAllow=false}]}
11-30 20:50:20.724  2503  2868 V WindowManagerShell: loadAnimation: anim=android.view.animation.AnimationSet@457d2c8 animAttr=0x13 type=OPEN isEntrance=false
11-30 20:50:20.727  2503  2868 V WindowManagerShell: loadAnimation: anim=android.view.animation.AnimationSet@27b5374 animAttr=0x12 type=OPEN isEntrance=true
11-30 20:50:20.729  1947  1999 D OplusFlexibleWindowMinimizedManagerHelper: onTaskAppered taskInfo:10534
11-30 20:50:20.729  2503  2868 V WindowManagerShell:  animated by com.android.wm.shell.transition.DefaultTransitionHandler@a5c6aa3
11-30 20:50:20.731  1947  2015 W ActivityManager: Slow operation: 61ms so far, now at startProcess: done updating pids map
11-30 20:50:20.742  1947  1974 I BLASTSyncEngine: onCommitted syncId: 5028, timeout: falseran: false
11-30 20:50:20.773  1947  2095 D OplusAppListInterceptManager: shouldFilterTask
11-30 20:50:20.773  1947  2095 D OplusAppListInterceptManager: shouldFilterTask::packageName = com.example.additioapp
11-30 20:50:20.773  1947  2095 D ActivityTaskManager: Skipping, invisible task: Task{fdaf3e5 #5 type=home I=com.android.launcher/.Launcher}
11-30 20:50:20.773  1947  2095 D OplusAppListInterceptManager: shouldFilterTask
11-30 20:50:20.773  1947  2095 D OplusAppListInterceptManager: shouldFilterTask::packageName = com.android.settings
11-30 20:50:20.773  1947  2095 D OplusSplitScreenManagerService: com.android.settings unSupportsSplitScreen by blockList or ForbidActivityList
11-30 20:50:20.773  1947  2095 D OplusAppListInterceptManager: shouldFilterTask
11-30 20:50:20.773  1947  2095 D OplusAppListInterceptManager: shouldFilterTask::packageName = com.android.settings
11-30 20:50:20.774  1947  2095 D OplusSplitScreenManagerService: com.android.settings unSupportsSplitScreen by blockList or ForbidActivityList
11-30 20:50:20.774  1947  2095 D OplusAppListInterceptManager: shouldFilterTask
11-30 20:50:20.774  1947  2095 D OplusAppListInterceptManager: shouldFilterTask::packageName = com.oplus.ota
11-30 20:50:20.774  1947  2095 D OplusAppListInterceptManager: shouldFilterTask
11-30 20:50:20.774  1947  2095 D OplusAppListInterceptManager: shouldFilterTask::packageName = com.google.android.youtube
11-30 20:50:20.774  1947  2095 D OplusAppListInterceptManager: shouldFilterTask
11-30 20:50:20.774  1947  2095 D OplusAppListInterceptManager: shouldFilterTask::packageName = com.google.android.gm
11-30 20:50:20.776  1947  2095 D OplusAppListInterceptManager: shouldFilterTask
11-30 20:50:20.776  1947  2095 D OplusAppListInterceptManager: shouldFilterTask::packageName = me.zhanghai.android.files
11-30 20:50:20.776  1947  2095 D OplusAppListInterceptManager: shouldFilterTask
11-30 20:50:20.776  1947  2095 D OplusAppListInterceptManager: shouldFilterTask::packageName = com.android.settings
11-30 20:50:20.776  1947  2095 D OplusSplitScreenManagerService: com.android.settings unSupportsSplitScreen by blockList or ForbidActivityList
11-30 20:50:20.777  1947  2095 D OplusAppListInterceptManager: shouldFilterTask
11-30 20:50:20.777  1947  2095 D OplusAppListInterceptManager: shouldFilterTask::packageName = com.nextcloud.client
11-30 20:50:20.777  1947  2095 D OplusAppListInterceptManager: shouldFilterTask
11-30 20:50:20.777  1947  2095 D OplusAppListInterceptManager: shouldFilterTask::packageName = mega.privacy.android.app
11-30 20:50:20.777  1947  2095 D ActivityTaskManager: after skip size 10
11-30 20:50:20.840  1947  3143 D WindowManager: updateOrientation: mLastOrientation = SCREEN_ORIENTATION_UNSPECIFIED(-1) newOrientation = SCREEN_ORIENTATION_UNSPECIFIED(-1) forceUpdate = true LastOrientationSource = ActivityRecord{1dbf268 u0 com.example.additioapp/.MainActivity t10534}
11-30 20:50:20.840  1947  3143 D WindowManager: rotation(ROTATION_0) no changed.
11-30 20:50:20.840  1947  3143 I TaskOrganizerController: onTaskInfoChanged taskid 10534 config { mBounds=Rect(0, 0 - 1080, 2400) mAppBounds=Rect(0, 110 - 1080, 2400) mMaxBounds=Rect(0, 0 - 1080, 2400) mDisplayRotation=ROTATION_0 mWindowingMode=fullscreen mDisplayWindowingMode=fullscreen mActivityType=standard mAlwaysOnTop=undefined mRotation=ROTATION_0}
11-30 20:50:20.840  1947  3143 D FlexibleWindowManager: onFlexibleWindowTaskInfoChanged: mTaskId = 10534 oldIsTaskEmbedded = false   curIsTaskEmbedded = false  topActivity = ComponentInfo{com.example.additioapp/com.example.additioapp.MainActivity}
11-30 20:50:20.840  1947  3143 D FlexibleWindowManager: onFlexibleWindowTaskInfoChanged, return for cur task not embedded
11-30 20:50:20.840  1947  3143 D OplusDexOptimizeManager: pkgSetting null!
11-30 20:50:20.841  1947  3143 D OplusCameraStartupOptimization: cameraPreopenIfNeed, r = ActivityRecord{1dbf268 u0 com.example.additioapp/.MainActivity t10534}
11-30 20:50:20.841  1947  3143 D OplusCameraStartupOptimization: needOptimizeForCamera bNeedOptimize:false clsName: com.example.additioapp/.MainActivity
11-30 20:50:20.841  1947  3143 D ActivityTaskManager: onWindowFocusChanged Task{cb51326 #10534 type=standard A=10395:com.example.additioapp} would transfer to compact
11-30 20:50:20.843  1947  3143 D ActivityTaskManager: NFW_setLastResumedActivityUncheckLocked:true r:ActivityRecord{1dbf268 u0 com.example.additioapp/.MainActivity t10534} currentFocus:null
11-30 20:50:20.843  1947  3143 D WindowManager: NFW_findFocusedWindowIfNeeded:null mCurrentFocus:null
11-30 20:50:20.843  1947  3143 D FlexibleTaskController: onTaskFocusChanged prevTask:Task{fdaf3e5 #5 type=home I=com.android.launcher/.Launcher} ,currentTask:Task{cb51326 #10534 type=standard A=10395:com.example.additioapp}, reason: minimalResumeActivityLocked - onActivityStateChanged
11-30 20:50:20.844  1947  3143 I OplusAppSwitchManagerService: appswitch hasProcess ActivityRecord{1dbf268 u0 com.example.additioapp/.MainActivity t10534}
11-30 20:50:20.844  1947  3143 I OplusJoystickManager: handleApplicationSwitch deprecated!
11-30 20:50:20.844  1947  3143 I OplusAppSwitchManagerService: appswitch hasProcess ActivityRecord{1dbf268 u0 com.example.additioapp/.MainActivity t10534}
11-30 20:50:20.847  1947  3292 D OplusAppSwitchListener: Detect com.android.launcher switch to background
11-30 20:50:20.848  1947  3292 D OplusFeatureReduceBrightness: onAppExit , info = com.android.launcher
11-30 20:50:20.848  1947  3292 D OplusEapManager: mTargetExitName :com.android.launcher
11-30 20:50:20.849  1947  2041 D VRR [OPlusRefreshRateService]: handleFrontAppChange pkgName: null
11-30 20:50:20.853  1947  1998 D OplusKeepAliveManager: TOP_APP is ProcessRecord{e24c598 10833:com.example.additioapp/u0a395} uid is 10395
11-30 20:50:20.854  1947  2021 E OplusThermalStats: Error getting package info: com.example.additioapp
11-30 20:50:20.860  1947  3292 D OplusAppSwitchListener: Detect com.example.additioapp switch to foreground
11-30 20:50:20.864  1947  2316 D ORBrightnessMarvelsDataCollector: Runnable-MarvelsAppEnterInfo[2025-11-30 20:50:20,com.example.additioapp,18.0]
11-30 20:50:20.864  1947  3292 D OplusEapManager: mTargetEnterName :com.example.additioapp
11-30 20:50:20.864  1947  1996 E MBrainLocalService: MBrainJava launch failed: SecurityException
11-30 20:50:20.864  1947  1996 D MBrainLocalService: isVendorFreezeConditionPass is false
11-30 20:50:20.864  1947  1996 E MBrainLocalService: notifyAppSwitch failed
11-30 20:50:20.866  1947  3292 D VRR [OPlusFrontAppManager]: OnAppSwitchObserver: onAppEnter , info.targetName = com.example.additioapp
11-30 20:50:20.866  1947  2041 D VRR [OPlusRefreshRateService]: handleFrontAppChange pkgName: com.example.additioapp
11-30 20:50:20.871  2546  2601 W ContextImpl: Calling a method in the system process without a qualified user: android.app.ContextImpl.startService:1929 android.content.ContextWrapper.startService:835 j.c.c:8 j.c.a:4 o0.b.f:4 
11-30 20:50:20.873  1947  2795 D OplusBatteryServiceFeature: setSmartCoolDown: coolDown = 7, normalCoolDown = 7, pkgName = com.example.additioapp
11-30 20:50:20.875  1947  1974 D OplusDisplayManagerServiceEnhance: OplusDisplayManagerServiceEnhance setSpecBrightness gear = 0 reason = com.example.additioapp@temperature@33@normal rate = 50
11-30 20:50:20.882  1947  2038 I OplusSmartBrightnessController: handleMessage MSG_TEMPERATURE_LIMIT_BRIGHTNESS_CHANGED.
11-30 20:50:20.883  1947  2038 D OplusFeatureTemperatureLimitBrightness: new parameter!ControlInfo:[ gear = 0 reason = com.example.additioapp@temperature@33@normal brightness = 4095 package = com.example.additioapp type = temperature temperature = 33 priority = normal rate = 50] HadDragPoint = false mode = 1
11-30 20:50:20.883  1947  2038 D OplusFeatureTemperatureLimitBrightness: isResetUpdate = false isNormalUpdate = true isSafetyRegulationsForceUpdate = false mLastBrightnessLimit = 4095
11-30 20:50:20.883  1947  2038 D OplusFeatureTemperatureLimitBrightness: mBrightnessLimit = 4095
11-30 20:50:20.883  1947  2036 D ColorAutomaticBrightnessController: MSG_UPDATE_BRIGHTNESS
11-30 20:50:20.884  1947  2795 D CompatibilityChangeReporter: Compat change id reported: 170503758; UID 10395; state: ENABLED
11-30 20:50:21.026  2503  2868 V WindowManagerShell: Transition animation finished (aborted=false), notifying core (#5028)android.os.BinderProxy@7ed126@0
11-30 20:50:21.030  1947  1995 V WindowManager: Finish Transition #5028: created at 11-30 20:50:20.631 collect-started=0.043ms request-sent=17.497ms started=25.497ms ready=75.475ms sent=84.686ms finished=398.71ms
11-30 20:50:21.030  1947  3143 D Transition: finishTransition ar ActivityRecord{1dbf268 u0 com.example.additioapp/.MainActivity t10534}, isVisibleRequested=true, state=RESUMED, visibleAtTransitionEndTokens={ActivityRecord{1dbf268 u0 com.example.additioapp/.MainActivity t10534}, WallpaperWindowToken{a45aa2a token=android.os.Binder@1825715}}, this=TransitionRecord{986c2d id=5028 track=0 type=OPEN flags=0x0}
11-30 20:50:21.031  1947  3143 D Transition: finishTransition ar ActivityRecord{60860fe u0 com.android.launcher/.Launcher t5}, isVisibleRequested=false, state=PAUSED, visibleAtTransitionEndTokens={ActivityRecord{1dbf268 u0 com.example.additioapp/.MainActivity t10534}, WallpaperWindowToken{a45aa2a token=android.os.Binder@1825715}}, this=TransitionRecord{986c2d id=5028 track=0 type=OPEN flags=0x0}
11-30 20:50:21.031  1947  3143 D ActivityTaskManager: commitVisibility: ActivityRecord{60860fe u0 com.android.launcher/.Launcher t5}: visible=false visibleRequested=false, isInTransition=false, runningAnimation=false 
11-30 20:50:21.031  1947  3143 D WindowManager: NFW_setClientVisible:ActivityRecord{60860fe u0 com.android.launcher/.Launcher t5} clientVisible:false
11-30 20:50:21.032  1947  3143 D WindowManager: NFW_setClientVisible:WallpaperWindowToken{a45aa2a token=android.os.Binder@1825715} clientVisible:false
11-30 20:50:21.032  1947  3143 I OplusAppSwitchManagerService:  handleAppVisible , r = ActivityRecord{1dbf268 u0 com.example.additioapp/.MainActivity t10534}
11-30 20:50:21.034  1947  3143 D OplusTransitionController: finishTransition, transition: TransitionRecord{986c2d id=5028 track=0 type=OPEN flags=0x0}
11-30 20:50:21.036  1947  3143 D RefreshRate: ***** request traversal for refresh rate change, reason is highTempRefreshRateChanged: false, windowRefreshRateChanged: true, flexibleWindowStateChanged: false, has float/zoom window *****
11-30 20:50:21.036  1947  3143 D TransitionController: NFW_send RECOMPUTE_FOCUS in finishTransition
11-30 20:50:21.039  2503  2868 D ShellTaskOrganizer: onTransitionFinish, isRecent:false
11-30 20:50:21.040  2503  2868 V WindowManagerShell: Track 0 became idle
11-30 20:50:21.040  2503  2868 V WindowManagerShell: All active transition animations finished
11-30 20:50:21.042  1947  1998 D WindowManager: NFW_findFocusedWindowIfNeeded:null mCurrentFocus:null
11-30 20:50:21.045  1947  3143 D OplusStartingWindowManager: updateRecordSurfaceViewState windowToken=android.os.BinderProxy@4b3329b, hasSurfaceView=false, win=Window{899f638 u0 com.android.launcher/com.android.launcher.Launcher}
11-30 20:50:21.046  1947  1999 D RefreshRate: Refresh rate changing from 90.0 to 60.0,maxRefreshRate=60.0 FOR:{
11-30 20:50:21.046  1947  1999 D RefreshRate:     | COURSE[; Win preferred rateId=0, appReqFirst=false, data= RateData{} ;win name:Splash Screen com.example.additioapp]
11-30 20:50:21.046  1947  1999 D RefreshRate:     | VOTES[PRIORITY_WINDOW_REQUEST -> Vote{mRefreshRate=60.0, mMinRefreshRate=60.0, mRequestSource=null};]
11-30 20:50:21.046  1947  1999 D RefreshRate:     | TIME:2025-11-30 19:50:21}
11-30 20:50:21.047  1947  1998 D DisplayManagerServiceExtImpl: scheduleTraversalLocked intraversal=false
11-30 20:50:21.047  1947  1999 D DisplayManagerService: performTraversalInternal pendingTraversal
11-30 20:50:21.047  1947  1999 D DisplayDevice: setLayerStackLocked id=local:4627039422300187648 token=android.os.BinderProxy@8a9ed20 stack=0->0
11-30 20:50:21.047  1947  1998 D DisplayManagerService: MSG_REQUEST_TRAVERSAL pendingCompleted=false
11-30 20:50:21.047  1947  2041 D LocalDisplayAdapter: setDesiredDisplayModeSpecsAsync: display unique id = local:4627039422300187648, display mode specs = defaultMode=1 allowGroupSwitching=false primaryRanges=physical: (0.0 Infinity) render:  (0.0 60.0) appRequestRanges=physical: (0.0 Infinity) render:  (0.0 60.0)
11-30 20:50:21.049  1947  1999 I TaskOrganizerController: onTaskInfoChanged taskid 10534 config { mBounds=Rect(0, 0 - 1080, 2400) mAppBounds=Rect(0, 110 - 1080, 2400) mMaxBounds=Rect(0, 0 - 1080, 2400) mDisplayRotation=ROTATION_0 mWindowingMode=fullscreen mDisplayWindowingMode=fullscreen mActivityType=standard mAlwaysOnTop=undefined mRotation=ROTATION_0}
11-30 20:50:21.050  1947  1999 D FlexibleWindowManager: onFlexibleWindowTaskInfoChanged: mTaskId = 10534 oldIsTaskEmbedded = false   curIsTaskEmbedded = false  topActivity = ComponentInfo{com.example.additioapp/com.example.additioapp.MainActivity}
11-30 20:50:21.050  1947  1999 D FlexibleWindowManager: onFlexibleWindowTaskInfoChanged, return for cur task not embedded
11-30 20:50:21.052  1947  1999 I TaskOrganizerController: onTaskInfoChanged taskid 1 config { mBounds=Rect(0, 0 - 1080, 2400) mAppBounds=Rect(0, 110 - 1080, 2400) mMaxBounds=Rect(0, 0 - 1080, 2400) mDisplayRotation=ROTATION_0 mWindowingMode=fullscreen mDisplayWindowingMode=fullscreen mActivityType=home mAlwaysOnTop=undefined mRotation=ROTATION_0}
11-30 20:50:21.054  1947  1999 D FlexibleWindowManager: onFlexibleWindowTaskInfoChanged: mTaskId = 1 oldIsTaskEmbedded = false   curIsTaskEmbedded = false  topActivity = ComponentInfo{com.android.launcher/com.android.launcher.Launcher}
11-30 20:50:21.054  1947  1999 D FlexibleWindowManager: onFlexibleWindowTaskInfoChanged, return for cur task not embedded
