11-30 20:49:41.809  1947  1947 V PresentationStatsEventLogger: Log AutofillPresentationEventReported: requestId=139 sessionId=1382610922 mNoPresentationEventReason=0 mAvailableCount=0 mCountShown=0 mCountFilteredUserTyping=0 mCountNotShownImePresentationNotDrawn=0 mCountNotShownImeUserNotSeen=0 mDisplayPresentationType=0 mAutofillServiceUid=10314 mInlineSuggestionHostUid=-1 mIsRequestTriggered=true mFillRequestSentTimestampMs=52 mFillResponseReceivedTimestampMs=581 mSuggestionSentTimestampMs=0 mSuggestionPresentedTimestampMs=0 mSelectedDatasetId=-1 mDialogDismissed=false mNegativeCtaButtonClicked=false mPositiveCtaButtonClicked=false mAuthenticationType=0 mAuthenticationResult=0 mLatencyAuthenticationUiDisplayMillis=-1 mLatencyDatasetDisplayMillis=-1 mAvailablePccCount=-1 mAvailablePccOnlyCount=-1 mSelectedDatasetPickedReason=0 mDetectionPreference=0
11-30 20:49:41.809  1947  1947 V SaveEventLogger: Log AutofillSaveEventReported: requestId=0 sessionId=1382610922 mAppPackageUid=-1 mSaveUiTriggerIds=-1 mFlag=-1 mIsNewField=false mSaveUiShownReason=0 mSaveUiNotShownReason=0 mSaveButtonClicked=false mCancelButtonClicked=false mDialogDismissed=false mIsSaved=false mLatencySaveUiDisplayMillis=0 mLatencySaveRequestMillis=0 mLatencySaveFinishMillis=0 mIsFrameworkCreatedSaveInfo=false
11-30 20:49:41.809  1947  1947 V SessionCommittedEventLogger: Log AutofillSessionCommitted: sessionId=1382610922 mComponentPackageUid=10395 mRequestCount=1 mCommitReason=5 mSessionDurationMillis=582
11-30 20:49:41.809  1947  1947 D AutofillSession: clearPendingIntentLocked
11-30 20:49:41.810  1947  1947 D AutofillInlineSuggestionsRequestSession: onInlineSuggestionsResponseLocked called for:1073741828@1382610922
11-30 20:49:41.810  1947  1947 V AutofillInlineSuggestionsRequestSession: maybeUpdateResponseToImeLocked called
11-30 20:49:41.810  1947  1947 D AutofillInlineSuggestionsRequestSession: maybeNotifyFillUiEventLoked(): hasSuggestionToShow=false, mPreviousHasNonPinSuggestionShow=false
11-30 20:49:41.810  1947  1947 D AutofillInlineSuggestionsRequestSession: Send inline response: 0
11-30 20:49:41.811  1947  1947 V AutofillSession: destroyLocked(): logging 1 requests
11-30 20:49:41.812  1947  1947 V RemoteInlineSuggestionRenderService: handlePendingRequest(): com.android.internal.infra.AbstractRemoteService$MyAsyncPendingRequest@84cfda3
11-30 20:49:41.815  1947  1947 V RemoteInlineSuggestionRenderService: not scheduling unbind when value is 0
11-30 20:49:41.817  1947  2000 D SurfaceAnimationRunner: onAnimationEnd:Surface(name=Surface(name=e12c4bd com.example.additioapp/com.example.additioapp.MainActivity)/@0x367be0a - animation-leash of window_animation)/@0x1a362b1
11-30 20:49:41.817  1947  1996 D AutofillUI: destroySaveUiUiThread(): already destroyed
11-30 20:49:41.939  1947  2786 D CompatibilityChangeReporter: Compat change id reported: 161145287; UID 10109; state: ENABLED
11-30 20:49:41.970  1947  2786 W PackageManager: package com.microsoft.appmanager uid 10109 pid 10439 call SetEnabledSetting(com.microsoft.appmanager component = androidx.work.impl.background.systemjob.SystemJobService, 1, 0)
11-30 20:49:42.003 10439 10439 E ActivityThread: Failed to find provider info for com.samsung.android.mdx.windowslink.Tile.Provider
11-30 20:49:42.031  1947  2094 D CompatibilityChangeReporter: Compat change id reported: 135634846; UID 10104; state: DISABLED
11-30 20:49:42.032  1947  2094 D CompatibilityChangeReporter: Compat change id reported: 177438394; UID 10104; state: DISABLED
11-30 20:49:42.032  1947  2094 D CompatibilityChangeReporter: Compat change id reported: 135772972; UID 10104; state: DISABLED
11-30 20:49:42.032  1947  2094 D CompatibilityChangeReporter: Compat change id reported: 135754954; UID 10104; state: ENABLED
11-30 20:49:42.033  1947  2015 D CompatibilityChangeReporter: Compat change id reported: 143937733; UID 10104; state: ENABLED
11-30 20:49:42.053  1947  2015 I ActivityManager: Start proc 10557:com.microsoft.deviceintegrationservice/u0a104 for content provider {com.microsoft.deviceintegrationservice/com.microsoft.deviceExperiences.DeviceExperiencesContentProvider}
11-30 20:49:42.106  1947  2786 D CompatibilityChangeReporter: Compat change id reported: 168419799; UID 10104; state: DISABLED
11-30 20:49:42.106  1947  2786 D CompatibilityChangeReporter: Compat change id reported: 273564678; UID 10104; state: DISABLED
11-30 20:49:42.106  1947  2786 D ActivityTaskManagerServiceExtImpl: preBindApplication record is null
11-30 20:49:42.114  1947  2124 D CompatibilityChangeReporter: Compat change id reported: 265195908; UID 10104; state: ENABLED
11-30 20:49:42.117  1947  2786 D CompatibilityChangeReporter: Compat change id reported: 170503758; UID 10104; state: ENABLED
11-30 20:49:42.158 10557 10557 D ResourcesManagerExtImpl: applyConfigurationToAppResourcesLocked app.getDisplayId() return callback.displayId:-1
11-30 20:49:42.171  1947  2786 I ActivityManager: Flag disabled. Ignoring finishAttachApplication from uid: 10104. pid: 10557
11-30 20:49:42.214 10439 10439 E ActivityThread: Failed to find provider info for com.microsoft.yourphonecompanion.contentprovider.featureoverride
11-30 20:49:42.242  1947  2786 D CompatibilityChangeReporter: Compat change id reported: 261072174; UID 10109; state: ENABLED
11-30 20:49:42.358  1947  2786 W PackageManager: package com.microsoft.appmanager uid 10109 pid 10439 call SetEnabledSetting(com.microsoft.appmanager component = com.microsoft.appmanager.quicksettings.WindowsLinkTileService, 1, 0)
11-30 20:49:42.358  1947  2786 W PackageManager: package com.microsoft.appmanager uid 10109 pid 10439 call SetEnabledSetting(com.microsoft.appmanager component = com.microsoft.appmanager.receiver.LocaleChangeReceiver, 1, 0)
11-30 20:49:42.360  1947  2786 D CompatibilityChangeReporter: Compat change id reported: 172251878; UID 10109; state: ENABLED
11-30 20:49:42.363  1947  2094 W PackageManager: package com.microsoft.appmanager uid 10109 pid 10439 call SetEnabledSetting(com.microsoft.appmanager component = com.microsoft.appmanager.oem.account.AccountAuthenticatorService, 1, 0)
11-30 20:49:42.367  1947  2094 D CompatibilityChangeReporter: Compat change id reported: 241766793; UID 10109; state: ENABLED
11-30 20:49:42.374  1947  2094 D CompatibilityChangeReporter: Compat change id reported: 161252188; UID 10109; state: DISABLED
11-30 20:49:42.378  1947  2796 D CompatibilityChangeReporter: Compat change id reported: 319212206; UID 10109; state: ENABLED
11-30 20:49:42.381  1947  3596 D CompatibilityChangeReporter: Compat change id reported: 161252188; UID 10104; state: DISABLED
11-30 20:49:42.395  1947  3596 D CompatibilityChangeReporter: Compat change id reported: 161252188; UID 10079; state: DISABLED
11-30 20:49:42.397  1947  2786 W PackageManager: package com.microsoft.appmanager uid 10109 pid 10439 call SetEnabledSetting(com.microsoft.appmanager component = com.microsoft.appmanager.StartUpCoreActivity, 2, 0)
11-30 20:49:42.397  1947  2786 W OplusCustomizeService: try to disable com.microsoft.appmanager
11-30 20:49:42.397  1947  2786 W PackageManager: package com.microsoft.appmanager uid 10109 pid 10439 call SetEnabledSetting(com.microsoft.appmanager component = com.microsoft.appmanager.OEMStartUpActivity, 1, 0)
11-30 20:49:42.398  1947  3596 D CompatibilityChangeReporter: Compat change id reported: 135634846; UID 10079; state: DISABLED
11-30 20:49:42.398  1947  3596 D CompatibilityChangeReporter: Compat change id reported: 177438394; UID 10079; state: DISABLED
11-30 20:49:42.398  1947  3596 D CompatibilityChangeReporter: Compat change id reported: 135772972; UID 10079; state: DISABLED
11-30 20:49:42.398  1947  3596 D CompatibilityChangeReporter: Compat change id reported: 135754954; UID 10079; state: ENABLED
11-30 20:49:42.399  1947  2015 D CompatibilityChangeReporter: Compat change id reported: 143937733; UID 10079; state: ENABLED
11-30 20:49:42.414  1947  2015 I ActivityManager: Start proc 10658:com.microsoftsdk.crossdeviceservicebroker/u0a79 for service {com.microsoftsdk.crossdeviceservicebroker/com.microsoftsdk.crossdeviceservicebroker.CrossDeviceServiceBroker}
11-30 20:49:42.494  1947  2094 I ActivityManager: Flag disabled. Ignoring finishAttachApplication from uid: 10109. pid: 10439
11-30 20:49:42.501  1947  3596 D CompatibilityChangeReporter: Compat change id reported: 168419799; UID 10079; state: DISABLED
11-30 20:49:42.501  1947  3596 D CompatibilityChangeReporter: Compat change id reported: 273564678; UID 10079; state: DISABLED
11-30 20:49:42.501  1947  3596 D ActivityTaskManagerServiceExtImpl: preBindApplication record is null
11-30 20:49:42.511  1947  3596 D CompatibilityChangeReporter: Compat change id reported: 261072174; UID 10104; state: ENABLED
11-30 20:49:42.511  1947  2124 D CompatibilityChangeReporter: Compat change id reported: 265195908; UID 10079; state: ENABLED
11-30 20:49:42.526  1947  2786 D CompatibilityChangeReporter: Compat change id reported: 170503758; UID 10079; state: ENABLED
11-30 20:49:42.527  1947  2786 D VRR [OPlusExternalRefreshRateManager]: isPkgTfcEnable: pkgName = com.microsoft.appmanager, enable = false
11-30 20:49:42.527  1947  2786 D VRR [OPlusExternalRefreshRateManager]: getTfcMinFramerate: pkgName = com.microsoft.appmanager, min framerate = 0
11-30 20:49:42.578 10658 10658 D ResourcesManagerExtImpl: applyConfigurationToAppResourcesLocked app.getDisplayId() return callback.displayId:-1
11-30 20:49:42.579  1947  2094 I ActivityManager: Flag disabled. Ignoring finishAttachApplication from uid: 10079. pid: 10658
11-30 20:49:42.610  3094  3441 V MonthTrafficAlert: getWarningNotification subId:3 numWarningNotificaion:0
11-30 20:49:42.619  1947  2171 D PowerManagerService: userActivityNoUpdateLocked: groupId=0, eventTime=232592102, event=touch, flags=0x0, uid=1000
11-30 20:49:42.622  1947  2786 I VibratorManagerServiceExtImpl: vibrate is uid=10248, pid=1947, opPkg=com.google.android.inputmethod.latin, effect=Mono{mEffect=Composed{segments=[Prebaked{effect=CLICK, strength=MEDIUM, fallback=true}], repeat=-1}}, attributes=VibrationAttributes: Usage=TOUCH Audio Usage= USAGE_UNKNOWN Flags=0, reason=null, token=86409605
11-30 20:49:42.743  1947  2786 I ActivityManager: Killing 8746:com.google.android.partnersetup/u0a96 (adj 905): empty #25
11-30 20:49:42.754  1947  2786 D CompatibilityChangeReporter: Compat change id reported: 253665015; UID 10109; state: ENABLED
11-30 20:49:42.754  1947  2786 D CompatibilityChangeReporter: Compat change id reported: 194532703; UID 10109; state: ENABLED
11-30 20:49:42.774  1947  4489 I ActivityManager: Death received, pid = 8746, processName = com.google.android.partnersetup for thread android.os.BinderProxy@2d92c1
11-30 20:49:42.779  1947  5044 W FlexibleWindowManager: handleAppDiedLocked return, current context is not support PocketStudio
11-30 20:49:42.782  1947  1996 D DisplayManagerService: Drop pending events for gone uid 10096
11-30 20:49:42.783  1947  1996 D MBrainLocalService: isVendorFreezeConditionPass is false
11-30 20:49:42.783  1947  1996 E MBrainLocalService: notifyAppSwitch failed
11-30 20:49:43.598  1947  3596 W PackageManager: package com.microsoft.appmanager uid 10109 pid 10439 call SetEnabledSetting(com.microsoft.appmanager component = com.microsoft.tokenshare.TokenSharingService, 1, 0)
11-30 20:49:44.068  1947  2171 D PowerManagerService: userActivityNoUpdateLocked: groupId=0, eventTime=232593548, event=touch, flags=0x0, uid=1000
11-30 20:49:44.291  1947  2786 I VibratorManagerServiceExtImpl: vibrate is uid=10248, pid=1947, opPkg=com.google.android.inputmethod.latin, effect=Mono{mEffect=Composed{segments=[Prebaked{effect=CLICK, strength=MEDIUM, fallback=true}], repeat=-1}}, attributes=VibrationAttributes: Usage=TOUCH Audio Usage= USAGE_UNKNOWN Flags=0, reason=null, token=86409605
11-30 20:49:44.296 30463 30463 W VRI[InputMethod]: updateBlastSurfaceIfNeeded, surfaceSize:Point(1080, 2290), lastSurfaceSize:Point(1080, 2290), format:-2, blastBufferQueue:android.graphics.BLASTBufferQueue@2e9b149
11-30 20:49:44.296  1947  2786 D WindowManagerServiceExtImpl: extractConfigInfoAndRealFlags rotation=0, screenDp=720, win=Window{57e9837 u0 InputMethod}
11-30 20:49:44.297  1947  2786 V WindowManager: Relayout Window{57e9837 u0 InputMethod}: viewVisibility=0, oldvis=0, req=1080x2290, vsysui=LIGHT_NAVIGATION_BAR, x=0, y=0
11-30 20:49:44.603  1947  2063 I AppsFilter: interaction: PackageSetting{6550425 com.android.microdroid.empty_payload/10251} -> PackageSetting{f761a7 com.microsoft.appmanager/10109} BLOCKED
11-30 20:49:44.604  1947  2063 I AppsFilter: interaction: PackageSetting{c0cb6f8 com.example.additioapp/10395} -> PackageSetting{f761a7 com.microsoft.appmanager/10109} BLOCKED
11-30 20:49:44.604  1947  2063 I AppsFilter: interaction: PackageSetting{aa30bab com.oplus.securitykeyboard/10169} -> PackageSetting{f761a7 com.microsoft.appmanager/10109} BLOCKED
11-30 20:49:44.633  1947  2124 D CompatibilityChangeReporter: Compat change id reported: 218533173; UID 10109; state: ENABLED
11-30 20:49:44.637  1947  2124 D CompatibilityChangeReporter: Compat change id reported: 262645982; UID 10109; state: ENABLED
11-30 20:49:44.666  1947  2006 V AutofillManagerService: onPackageModified(): com.microsoft.appmanager
11-30 20:49:44.701  1947  2171 D PowerManagerService: userActivityNoUpdateLocked: groupId=0, eventTime=232594184, event=touch, flags=0x0, uid=1000
11-30 20:49:44.714  1947  4489 I VibratorManagerServiceExtImpl: vibrate is uid=10248, pid=1947, opPkg=com.google.android.inputmethod.latin, effect=Mono{mEffect=Composed{segments=[Prebaked{effect=CLICK, strength=MEDIUM, fallback=true}], repeat=-1}}, attributes=VibrationAttributes: Usage=TOUCH Audio Usage= USAGE_UNKNOWN Flags=0, reason=null, token=86409605
11-30 20:49:44.801  1947  2171 D PowerManagerService: userActivityNoUpdateLocked: groupId=0, eventTime=232594285, event=touch, flags=0x0, uid=1000
11-30 20:49:45.439  1947  2171 D PowerManagerService: userActivityNoUpdateLocked: groupId=0, eventTime=232594921, event=touch, flags=0x0, uid=1000
11-30 20:49:45.440  1947  2095 I VibratorManagerServiceExtImpl: vibrate is uid=10248, pid=1947, opPkg=com.google.android.inputmethod.latin, effect=Mono{mEffect=Composed{segments=[Prebaked{effect=CLICK, strength=MEDIUM, fallback=true}], repeat=-1}}, attributes=VibrationAttributes: Usage=TOUCH Audio Usage= USAGE_UNKNOWN Flags=0, reason=null, token=86409605
11-30 20:49:45.565 30463 30463 W VRI[InputMethod]: updateBlastSurfaceIfNeeded, surfaceSize:Point(1080, 2290), lastSurfaceSize:Point(1080, 2290), format:-2, blastBufferQueue:android.graphics.BLASTBufferQueue@2e9b149
11-30 20:49:45.565  1947  4501 D WindowManagerServiceExtImpl: extractConfigInfoAndRealFlags rotation=0, screenDp=720, win=Window{57e9837 u0 InputMethod}
11-30 20:49:45.567  1947  4501 V WindowManager: Relayout Window{57e9837 u0 InputMethod}: viewVisibility=0, oldvis=0, req=1080x2290, vsysui=LIGHT_NAVIGATION_BAR, x=0, y=0
11-30 20:49:46.866  1947  2171 D PowerManagerService: userActivityNoUpdateLocked: groupId=0, eventTime=232596346, event=touch, flags=0x0, uid=1000
11-30 20:49:46.869  1947  1974 I VibratorManagerServiceExtImpl: vibrate is uid=10248, pid=1947, opPkg=com.google.android.inputmethod.latin, effect=Mono{mEffect=Composed{segments=[Prebaked{effect=CLICK, strength=MEDIUM, fallback=true}], repeat=-1}}, attributes=VibrationAttributes: Usage=TOUCH Audio Usage= USAGE_UNKNOWN Flags=0, reason=null, token=86409605
11-30 20:49:47.777  1947  2171 D PowerManagerService: userActivityNoUpdateLocked: groupId=0, eventTime=232597259, event=touch, flags=0x0, uid=1000
11-30 20:49:47.806  1947  4501 I VibratorManagerServiceExtImpl: vibrate is uid=10248, pid=1947, opPkg=com.google.android.inputmethod.latin, effect=Mono{mEffect=Composed{segments=[Prebaked{effect=CLICK, strength=MEDIUM, fallback=true}], repeat=-1}}, attributes=VibrationAttributes: Usage=TOUCH Audio Usage= USAGE_UNKNOWN Flags=0, reason=null, token=86409605
11-30 20:49:47.812 30463 30463 W VRI[InputMethod]: updateBlastSurfaceIfNeeded, surfaceSize:Point(1080, 2290), lastSurfaceSize:Point(1080, 2290), format:-2, blastBufferQueue:android.graphics.BLASTBufferQueue@2e9b149
11-30 20:49:47.812  1947  4501 D WindowManagerServiceExtImpl: extractConfigInfoAndRealFlags rotation=0, screenDp=720, win=Window{57e9837 u0 InputMethod}
11-30 20:49:47.813  1947  4501 V WindowManager: Relayout Window{57e9837 u0 InputMethod}: viewVisibility=0, oldvis=0, req=1080x2290, vsysui=LIGHT_NAVIGATION_BAR, x=0, y=0
11-30 20:49:48.310  1947  2171 D PowerManagerService: userActivityNoUpdateLocked: groupId=0, eventTime=232597791, event=touch, flags=0x0, uid=1000
11-30 20:49:48.314  1947  1974 I VibratorManagerServiceExtImpl: vibrate is uid=10248, pid=1947, opPkg=com.google.android.inputmethod.latin, effect=Mono{mEffect=Composed{segments=[Prebaked{effect=CLICK, strength=MEDIUM, fallback=true}], repeat=-1}}, attributes=VibrationAttributes: Usage=TOUCH Audio Usage= USAGE_UNKNOWN Flags=0, reason=null, token=86409605
11-30 20:49:50.004  1947  2171 D PowerManagerService: userActivityNoUpdateLocked: groupId=0, eventTime=232599486, event=touch, flags=0x0, uid=1000
11-30 20:49:50.122  1947  1974 D CoreBackPreview: Window{e12c4bd u0 com.example.additioapp/com.example.additioapp.MainActivity}: Setting back callback OnBackInvokedCallbackInfo{mCallback=android.window.IOnBackInvokedCallback$Stub$Proxy@e02c9f8, mPriority=0, mIsAnimationCallback=false}
11-30 20:49:50.123  1947  1974 D CoreBackPreview: Window{e12c4bd u0 com.example.additioapp/com.example.additioapp.MainActivity}: Setting back callback null
11-30 20:49:50.141  1947  4501 I SurfaceAnimationRunner: startAnimation requiresEdgeExtension=false, animationLeash=Surface(name=Surface(name=e12c4bd com.example.additioapp/com.example.additioapp.MainActivity)/@0x367be0a - animation-leash of window_animation)/@0xf701d36, runningAnim=com.android.server.wm.SurfaceAnimationRunner$RunningAnimation@9671437, mPreProcessingAnimations={}
11-30 20:49:50.142  1947  4501 D WindowManager: NFW_findFocusedWindowIfNeeded:Window{c50e822 u0 com.example.additioapp/com.example.additioapp.MainActivity} mCurrentFocus:Window{e12c4bd u0 com.example.additioapp/com.example.additioapp.MainActivity EXITING}
11-30 20:49:50.160  1947  2000 D SurfaceAnimationRunner: onAnimationStart:Surface(name=Surface(name=e12c4bd com.example.additioapp/com.example.additioapp.MainActivity)/@0x367be0a - animation-leash of window_animation)/@0xf701d36
11-30 20:49:50.165  1947  4501 V WindowManager: Changing focus from Window{e12c4bd u0 com.example.additioapp/com.example.additioapp.MainActivity EXITING} to Window{c50e822 u0 com.example.additioapp/com.example.additioapp.MainActivity},diplayid=0
11-30 20:49:50.176  1947  4501 I SurfaceAnimationRunner: startAnimation requiresEdgeExtension=false, animationLeash=Surface(name=Surface(name=Dim Layer for - Task=10533)/@0x9cedcf1 - animation-leash of dimmer)/@0xc80e010, runningAnim=com.android.server.wm.SurfaceAnimationRunner$RunningAnimation@3847709, mPreProcessingAnimations={}
11-30 20:49:50.184 10308 10308 I Quality : Skipped: true 3 cost 62.63779 refreshRate 16618836 bit true processName com.example.additioapp
11-30 20:49:50.184  1947  1998 V WindowManager: Unknown focus tokens, dropping reportFocusChanged
11-30 20:49:50.193  1947  2000 D SurfaceAnimationRunner: onAnimationStart:Surface(name=Surface(name=Dim Layer for - Task=10533)/@0x9cedcf1 - animation-leash of dimmer)/@0xc80e010
11-30 20:49:50.201  2503  2503 W VRI[StatusBar]: handleResized abandoned!
11-30 20:49:50.201  2503  2503 W VRI[NavigationBar_displayId_0]: handleResized abandoned!
11-30 20:49:50.204  1947  1998 V WindowStateExtImpl: notifyWindowStateChange input show
11-30 20:49:50.237 10308 10308 W VRI[MainActivity]: handleResized abandoned!
11-30 20:49:50.247  1947  2095 D InputMethodManagerService: isSecurity: attribute.packageName = com.example.additioapp mCurMethodId = com.google.android.inputmethod.latin/com.android.inputmethod.latin.LatinIME isSecurity = false ( enable = false needShow = false inBlackList = false isExist = true )
11-30 20:49:50.250  1947  2786 V AutofillInlineSuggestionsRequestSession: onInputMethodFinishInputView() received
11-30 20:49:50.271  1947  2796 V AutofillInlineSuggestionsRequestSession: onInputMethodFinishInput() received
11-30 20:49:50.273  1947  2796 V AutofillInlineSuggestionsRequestSession: onInputMethodStartInput() received on 0
11-30 20:49:50.278 30463 30463 W VRI[InputMethod]: updateBlastSurfaceIfNeeded, surfaceSize:Point(1080, 2290), lastSurfaceSize:Point(1080, 2290), format:-2, blastBufferQueue:android.graphics.BLASTBufferQueue@2e9b149
11-30 20:49:50.280  1947  2796 D WindowManagerServiceExtImpl: extractConfigInfoAndRealFlags rotation=0, screenDp=720, win=Window{57e9837 u0 InputMethod}
11-30 20:49:50.281  1947  2786 W PackageConfigPersister: App-specific configuration not found for packageName: com.example.additioapp and userId: 0
11-30 20:49:50.281  1947  2796 V WindowManager: Relayout Window{57e9837 u0 InputMethod}: viewVisibility=0, oldvis=0, req=1080x2290, vsysui=LIGHT_NAVIGATION_BAR, x=0, y=0
11-30 20:49:50.288  1947  2796 D WindowManager: NFW_findFocusedWindowIfNeeded:Window{c50e822 u0 com.example.additioapp/com.example.additioapp.MainActivity} mCurrentFocus:Window{c50e822 u0 com.example.additioapp/com.example.additioapp.MainActivity}
11-30 20:49:50.309  1947  2000 D SurfaceAnimationRunner: onAnimationEnd:Surface(name=Surface(name=e12c4bd com.example.additioapp/com.example.additioapp.MainActivity)/@0x367be0a - animation-leash of window_animation)/@0xf701d36
11-30 20:49:50.310  1947  1999 I WindowManager: Window{e12c4bd u0 com.example.additioapp/com.example.additioapp.MainActivity EXITING} state from HAS_DRAWN to NO_SURFACE; reason: destroySurface
11-30 20:49:50.348 10308 10308 I Quality : Skipped: true 2 cost 43.544285 refreshRate 16619419 bit true processName com.example.additioapp
11-30 20:49:50.359  1947  2000 D SurfaceAnimationRunner: onAnimationEnd:Surface(name=Surface(name=Dim Layer for - Task=10533)/@0x9cedcf1 - animation-leash of dimmer)/@0xc80e010
11-30 20:49:50.814  1947  2786 D WindowManagerServiceExtImpl: extractConfigInfoAndRealFlags rotation=0, screenDp=720, win=Window{57e9837 u0 InputMethod}
11-30 20:49:50.816  1947  2786 V WindowManager: Relayout Window{57e9837 u0 InputMethod}: viewVisibility=8, oldvis=0, req=1080x2290, vsysui=LIGHT_NAVIGATION_BAR
11-30 20:49:50.817  1947  2786 I WindowManager: Window{57e9837 u0 InputMethod} state from HAS_DRAWN to NO_SURFACE; reason: destroySurface
11-30 20:49:50.827  2503  2503 W VRI[StatusBar]: handleResized abandoned!
11-30 20:49:50.828  2503  2503 W VRI[NavigationBar_displayId_0]: handleResized abandoned!
11-30 20:49:50.828 10308 10308 W VRI[MainActivity]: handleResized abandoned!
11-30 20:49:50.828  1947  2786 D WindowManager: NFW_findFocusedWindowIfNeeded:Window{c50e822 u0 com.example.additioapp/com.example.additioapp.MainActivity} mCurrentFocus:Window{c50e822 u0 com.example.additioapp/com.example.additioapp.MainActivity}
11-30 20:49:50.853  2503  2503 W VRI[StatusBar]: handleResized abandoned!
11-30 20:49:50.853  2503  2503 W VRI[NavigationBar_displayId_0]: handleResized abandoned!
11-30 20:49:50.854 10308 10308 W VRI[MainActivity]: handleResized abandoned!
11-30 20:49:51.618  1947  2171 D PowerManagerService: userActivityNoUpdateLocked: groupId=0, eventTime=232601099, event=touch, flags=0x0, uid=1000
11-30 20:49:51.764  1947  2786 D WindowManager: NFW_findFocusedWindowIfNeeded:Window{ad46d40 u0 com.example.additioapp/com.example.additioapp.MainActivity} mCurrentFocus:Window{c50e822 u0 com.example.additioapp/com.example.additioapp.MainActivity}
11-30 20:49:51.765  1947  2786 V WindowManager: Changing focus from Window{c50e822 u0 com.example.additioapp/com.example.additioapp.MainActivity} to Window{ad46d40 u0 com.example.additioapp/com.example.additioapp.MainActivity},diplayid=0
11-30 20:49:51.773  1947  2786 I WindowManager: addWindow: New client android.os.BinderProxy@5d080c3 : window=Window{ad46d40 u0 com.example.additioapp/com.example.additioapp.MainActivity}
11-30 20:49:51.777 10308 10308 I Quality : Skipped: false 4 cost 76.61498 refreshRate 16619015 bit true processName com.example.additioapp
11-30 20:49:51.784  1947  2796 D CoreBackPreview: Window{ad46d40 u0 com.example.additioapp/com.example.additioapp.MainActivity}: Setting back callback OnBackInvokedCallbackInfo{mCallback=android.window.IOnBackInvokedCallback$Stub$Proxy@ede1fca, mPriority=0, mIsAnimationCallback=false}
11-30 20:49:51.799  1947  2786 V WindowManager: Relayout Window{ad46d40 u0 com.example.additioapp/com.example.additioapp.MainActivity}: viewVisibility=0, oldvis=0, req=1026x951, vsysui=, x=0, y=0
11-30 20:49:51.799  1947  2786 I WindowManager: Window{ad46d40 u0 com.example.additioapp/com.example.additioapp.MainActivity} state from NO_SURFACE to DRAW_PENDING; reason: resetDrawState
11-30 20:49:51.805  1947  2786 D WindowManager: NFW_findFocusedWindowIfNeeded:Window{ad46d40 u0 com.example.additioapp/com.example.additioapp.MainActivity} mCurrentFocus:Window{ad46d40 u0 com.example.additioapp/com.example.additioapp.MainActivity}
11-30 20:49:51.844  1947  2786 I WindowManager: Window{ad46d40 u0 com.example.additioapp/com.example.additioapp.MainActivity} state from DRAW_PENDING to COMMIT_DRAW_PENDING; reason: finishDrawingLocked
11-30 20:49:51.846  1947  1999 I WindowManager: Window{ad46d40 u0 com.example.additioapp/com.example.additioapp.MainActivity} state from COMMIT_DRAW_PENDING to READY_TO_SHOW; reason: commitFinishDrawingLocked
11-30 20:49:51.846  1947  1999 D ActivityTaskManager: Clearing startingData for activity=ActivityRecord{159c114 u0 com.example.additioapp/.MainActivity t10533} mStartingData=null mStartingSurface=null
11-30 20:49:51.846 10308 10308 I Quality : Skipped: false 3 cost 62.902523 refreshRate 16617815 bit true processName com.example.additioapp
11-30 20:49:51.851  1947  1999 I SurfaceAnimationRunner: startAnimation requiresEdgeExtension=false, animationLeash=Surface(name=Surface(name=ad46d40 com.example.additioapp/com.example.additioapp.MainActivity)/@0x27f453b - animation-leash of window_animation)/@0xdeaa458, runningAnim=com.android.server.wm.SurfaceAnimationRunner$RunningAnimation@f0af9b1, mPreProcessingAnimations={}
11-30 20:49:51.851  1947  1999 I WindowManager: Window{ad46d40 u0 com.example.additioapp/com.example.additioapp.MainActivity} state from READY_TO_SHOW to HAS_DRAWN; reason: performShowLocked
11-30 20:49:51.855  1947  2000 D SurfaceAnimationRunner: onAnimationStart:Surface(name=Surface(name=ad46d40 com.example.additioapp/com.example.additioapp.MainActivity)/@0x27f453b - animation-leash of window_animation)/@0xdeaa458
11-30 20:49:51.859  1947  1999 I SurfaceAnimationRunner: startAnimation requiresEdgeExtension=false, animationLeash=Surface(name=Surface(name=Dim Layer for - Task=10533)/@0xd92fa17 - animation-leash of dimmer)/@0x491ae04, runningAnim=com.android.server.wm.SurfaceAnimationRunner$RunningAnimation@247fed, mPreProcessingAnimations={}
11-30 20:49:51.866  1947  1999 D ActivityTaskManager: Clearing startingData for activity=ActivityRecord{159c114 u0 com.example.additioapp/.MainActivity t10533} mStartingData=null mStartingSurface=null
11-30 20:49:51.867  1947  1999 D ActivityTaskManager: Clearing startingData for activity=ActivityRecord{159c114 u0 com.example.additioapp/.MainActivity t10533} mStartingData=null mStartingSurface=null
11-30 20:49:51.871  1947  2000 D SurfaceAnimationRunner: onAnimationStart:Surface(name=Surface(name=Dim Layer for - Task=10533)/@0xd92fa17 - animation-leash of dimmer)/@0x491ae04
11-30 20:49:51.895  1947  2786 D InputMethodManagerService: isSecurity: attribute.packageName = com.example.additioapp mCurMethodId = com.google.android.inputmethod.latin/com.android.inputmethod.latin.LatinIME isSecurity = false ( enable = false needShow = false inBlackList = false isExist = true )
11-30 20:49:51.897  1947  2796 V AutofillInlineSuggestionsRequestSession: onInputMethodFinishInput() received
11-30 20:49:51.902  1947  2786 V AutofillInlineSuggestionsRequestSession: onInputMethodStartInput() received on 0
11-30 20:49:51.905  1947  2786 W PackageConfigPersister: App-specific configuration not found for packageName: com.example.additioapp and userId: 0
11-30 20:49:52.005  1947  2000 D SurfaceAnimationRunner: onAnimationEnd:Surface(name=Surface(name=ad46d40 com.example.additioapp/com.example.additioapp.MainActivity)/@0x27f453b - animation-leash of window_animation)/@0xdeaa458
11-30 20:49:52.038  1947  2000 D SurfaceAnimationRunner: onAnimationEnd:Surface(name=Surface(name=Dim Layer for - Task=10533)/@0xd92fa17 - animation-leash of dimmer)/@0x491ae04
11-30 20:49:52.163  1947  2095 W ProcessStats: Tracking association SourceState{45e6d0e com.google.android.inputmethod.latin/10248 ImpBg #1155955} whose proc state 6 is better than process ProcessState{556a3b0 com.google.android.gms/10108 pkg=com.google.android.gms} proc state 14 (16 skipped)
11-30 20:49:52.719  1947  2171 D PowerManagerService: userActivityNoUpdateLocked: groupId=0, eventTime=232602200, event=touch, flags=0x0, uid=1000
11-30 20:49:52.807  1947  2786 V AutofillManagerServiceImpl: startSession(): token=Token{c085b03 ActivityRecord{159c114 u0 com.example.additioapp/.MainActivity t10533}}, flags=0, forAugmentedAutofillOnly=false
11-30 20:49:52.809  1947  2786 V AutofillSession: updateLocked(1951338622): id=1073741882@1951338622, action=START_SESSION, flags=0
11-30 20:49:52.809  1947  2786 V AutofillSession: updateLocked(1951338622): mCurrentViewId=null, mExpiredResponse=false, viewState=null
11-30 20:49:52.809  1947  2786 V AutofillSession: Creating viewState for 1073741882@1951338622
11-30 20:49:52.809  1947  2786 V AutofillManagerServiceImpl: pccEnabled: false
11-30 20:49:52.809  1947  2786 V AutofillSession: Requesting structure for request #1 ,requestId=140, flags=0
11-30 20:49:52.810  1947  2786 I AppsFilter: interaction: PackageSetting{c0cb6f8 com.example.additioapp/10395} -> PackageSetting{cf9a7d1 com.google.android.inputmethod.latin/10248} BLOCKED
11-30 20:49:52.810  1947  2786 W FillRequestEventLogger: Couldn't find packageName: com.google.android.inputmethod.latin
11-30 20:49:52.810  1947  2786 V AutofillManagerServiceImpl: pccEnabled: false
11-30 20:49:52.811  1947  1947 V RemoteInlineSuggestionRenderService: handlePendingRequest(): com.android.internal.infra.AbstractRemoteService$MyAsyncPendingRequest@d313d2
11-30 20:49:52.812  1947  1947 V RemoteInlineSuggestionRenderService: not scheduling unbind when value is 0
11-30 20:49:52.815  1947  1947 D AutofillInlineSuggestionsRequestSession: onCreateInlineSuggestionsRequestLocked called: 1073741882@1951338622
11-30 20:49:52.819  1947  2095 D AutofillInlineSuggestionsRequestSession: onInlineSuggestionsSessionInvalidated() called.
11-30 20:49:52.820  1947  2786 D InputMethodManagerService: isSecurity: attribute.packageName = com.example.additioapp mCurMethodId = com.google.android.inputmethod.latin/com.android.inputmethod.latin.LatinIME isSecurity = false ( enable = false needShow = false inBlackList = false isExist = true )
11-30 20:49:52.835  1947  2095 D AutofillInlineSuggestionsRequestSession: onInlineSuggestionsRequest() received: InlineSuggestionsRequest { maxSuggestionCount = 9, inlinePresentationSpecs = [InlinePresentationSpec { minSize = 102x132, maxSize = 720x132, style = Bundle[mParcelledData.dataSize=2900] }, InlinePresentationSpec { minSize = 102x132, maxSize = 720x132, style = Bundle[mParcelledData.dataSize=2900] }, InlinePresentationSpec { minSize = 102x132, maxSize = 720x132, style = Bundle[mParcelledData.dataSize=2900] }, InlinePresentationSpec { minSize = 102x132, maxSize = 720x132, style = Bundle[mParcelledData.dataSize=2900] }, InlinePresentationSpec { minSize = 102x132, maxSize = 720x132, style = Bundle[mParcelledData.dataSize=2900] }, InlinePresentationSpec { minSize = 102x132, maxSize = 720x132, style = Bundle[mParcelledData.dataSize=2900] }, InlinePresentationSpec { minSize = 102x132, maxSize = 720x132, style = Bundle[mParcelledData.dataSize=2900] }, InlinePresentationSpec { minSize = 102x132, maxSize = 720x132, style = Bundle[mParcelledData.dataSize=2900] }, InlinePresentationSpec { minSize = 102x132, maxSize = 720x132, style = Bundle[mParcelledData.dataSize=2900] }], hostPackageName = com.google.android.inputmethod.latin, supportedLocales = [fr_FR,en_US], extras = Bundle[EMPTY_PARCEL], hostInputToken = android.os.BinderProxy@ad1c1a4, hostDisplayId = 0, inlineTooltipPresentationSpec = null }
11-30 20:49:52.835 10308 10308 I Quality : Skipped: false 1 cost 21.366764 refreshRate 16616467 bit true processName com.example.additioapp
11-30 20:49:52.835  1947  1947 V AutofillInlineSuggestionsRequestSession: maybeUpdateResponseToImeLocked called
11-30 20:49:52.839  1947  2095 V AutofillInlineSuggestionsRequestSession: onInputMethodShowInputRequested() received: true
11-30 20:49:52.840  1947  2095 V AutofillInlineSuggestionsRequestSession: onInputMethodStartInputView() received
11-30 20:49:52.840  1947  1947 V AutofillInlineSuggestionsRequestSession: maybeUpdateResponseToImeLocked called
11-30 20:49:52.841  1947  2786 W PackageConfigPersister: App-specific configuration not found for packageName: com.example.additioapp and userId: 0
11-30 20:49:52.856  1947  2786 V AutofillSession: New structure for requestId 140: android.app.assist.AssistStructure@2b3dc15
11-30 20:49:52.860  1947  2786 V SessionExtImpl: isOplusAutofillService(): remoteServiceComponentName = ComponentInfo{com.x8bit.bitwarden/com.x8bit.bitwarden.Autofill.AutofillService}
11-30 20:49:52.860  1947  2786 V AutofillManagerServiceImpl: pccEnabled: false
11-30 20:49:52.860  1947  2786 D AutofillSession: createPendingIntent for request 140
11-30 20:49:52.860  1947  2786 V SessionExtImpl: isOplusAutofillService(): remoteServiceComponentName = ComponentInfo{com.x8bit.bitwarden/com.x8bit.bitwarden.Autofill.AutofillService}
11-30 20:49:52.861  1947  2786 V SessionExtImpl: isOplusAutofillService(): remoteServiceComponentName = ComponentInfo{com.x8bit.bitwarden/com.x8bit.bitwarden.Autofill.AutofillService}
11-30 20:49:52.861  1947  2786 V RemoteFillService: onFillRequest:FillRequest { id = 140, fillContexts = [FillContext [reqId=140, focusedId=1073741882@1951338622]], hints = [], clientState = null, flags = [], inlineSuggestionsRequest = InlineSuggestionsRequest { maxSuggestionCount = 9, inlinePresentationSpecs = [InlinePresentationSpec { minSize = 102x132, maxSize = 720x132, style = Bundle[mParcelledData.dataSize=2900] }, InlinePresentationSpec { minSize = 102x132, maxSize = 720x132, style = Bundle[mParcelledData.dataSize=2900] }, InlinePresentationSpec { minSize = 102x132, maxSize = 720x132, style = Bundle[mParcelledData.dataSize=2900] }, InlinePresentationSpec { minSize = 102x132, maxSize = 720x132, style = Bundle[mParcelledData.dataSize=2900] }, InlinePresentationSpec { minSize = 102x132, maxSize = 720x132, style = Bundle[mParcelledData.dataSize=2900] }, InlinePresentationSpec { minSize = 102x132, maxSize = 720x132, style = Bundle[mParcelledData.dataSize=2900] }, InlinePresentationSpec { minSize = 102x132, maxSize = 720x132, style = Bundle[mParcelledData.dataSize=2900] }, InlinePresentationSpec { minSize = 102x132, maxSize = 720x132, style = Bundle[mParcelledData.dataSize=2900] }, InlinePresentationSpec { minSize = 102x132, maxSize = 720x132, style = Bundle[mParcelledData.dataSize=2900] }], hostPackageName = com.google.android.inputmethod.latin, supportedLocales = [fr_FR,en_US], extras = Bundle[EMPTY_PARCEL], hostInputToken = android.os.BinderProxy@ad1c1a4, hostDisplayId = 0, inlineTooltipPresentationSpec = null }, delayedFillIntentSender = IntentSender{e14b2a: PendingIntentRecord{14ffd1b android broadcastIntent}} }
11-30 20:49:52.861  1947  2786 V FillRequestEventLogger: Log AutofillFillRequestReported: requestId=140 sessionId=1951338622 mAutofillServiceUid=10314 mInlineSuggestionHostUid=-1 mIsAugmented=false mIsClientSuggestionFallback=false mIsFillDialogEligible=false mRequestTriggerReason=4 mFlags=0 mLatencyFillRequestSentMillis=53 mAppPackageUid=10395
11-30 20:49:52.862  1947  2786 D ContentCapturePerUserService: Notified activity assist data for activity: Token{c085b03 ActivityRecord{159c114 u0 com.example.additioapp/.MainActivity t10533}} without a session Id
11-30 20:49:52.877  1947  1947 V RemoteFillService: calling onFillRequest() for id=140
11-30 20:49:52.890  1947  1974 D CoreBackPreview: Window{ad46d40 u0 com.example.additioapp/com.example.additioapp.MainActivity}: Setting back callback OnBackInvokedCallbackInfo{mCallback=android.window.IOnBackInvokedCallback$Stub$Proxy@b36f493, mPriority=0, mIsAnimationCallback=false}
11-30 20:49:52.892  1947  2786 D WindowManagerServiceExtImpl: extractConfigInfoAndRealFlags rotation=0, screenDp=720, win=Window{57e9837 u0 InputMethod}
11-30 20:49:52.893  1947  2786 V WindowManager: Relayout Window{57e9837 u0 InputMethod}: viewVisibility=0, oldvis=8, req=1080x2290, vsysui=LIGHT_NAVIGATION_BAR, x=0, y=0
11-30 20:49:52.893  1947  2786 I WindowManager: Window{57e9837 u0 InputMethod} state from NO_SURFACE to DRAW_PENDING; reason: resetDrawState
11-30 20:49:52.898  1947  1947 V AutofillManagerServiceImpl: pccEnabled: false
11-30 20:49:52.898  1947  1947 V FillResponseEventLogger: Log AutofillFillResponseReported: requestId=140 sessionId=1951338622 mAppPackageUid=10395 mDisplayPresentationType=0 mAvailableCount=0 mSaveUiTriggerIds=-1 mLatencyFillResponseReceivedMillis=90 mAuthenticationType=0 mAuthenticationResult=0 mAuthenticationFailureReason=-1 mLatencyAuthenticationUiDisplayMillis=-1 mLatencyDatasetDisplayMillis=-1 mResponseStatus=2 mLatencyResponseProcessingMillis=-1 mAvailablePccCount=-1 mAvailablePccOnlyCount=-1 mTotalDatasetsProvided=0 mDetectionPref=0
11-30 20:49:52.898  1947  1947 V AutofillSession: triggerAugmentedAutofillLocked(): com.example.additioapp/.MainActivity not whitelisted 
11-30 20:49:52.899  1947  1947 V AutofillSession: canceling session 1951338622 when service returned null and it cannot be augmented. AutofillableIds: [1073741882@1951338622, 1073741883@1951338622, 1073741884@1951338622]
11-30 20:49:52.899  1947  1947 V AutofillSession: removeFromServiceLocked(1951338622): null
11-30 20:49:52.899  1947  1947 W FillRequestEventLogger: Shouldn't be logging AutofillFillRequestReported again for same event
11-30 20:49:52.899  1947  1947 W FillResponseEventLogger: Shouldn't be logging AutofillFillRequestReported again for same event
11-30 20:49:52.899  1947  1947 V PresentationStatsEventLogger: Log AutofillPresentationEventReported: requestId=140 sessionId=1951338622 mNoPresentationEventReason=0 mAvailableCount=0 mCountShown=0 mCountFilteredUserTyping=0 mCountNotShownImePresentationNotDrawn=0 mCountNotShownImeUserNotSeen=0 mDisplayPresentationType=0 mAutofillServiceUid=10314 mInlineSuggestionHostUid=-1 mIsRequestTriggered=true mFillRequestSentTimestampMs=53 mFillResponseReceivedTimestampMs=90 mSuggestionSentTimestampMs=0 mSuggestionPresentedTimestampMs=0 mSelectedDatasetId=-1 mDialogDismissed=false mNegativeCtaButtonClicked=false mPositiveCtaButtonClicked=false mAuthenticationType=0 mAuthenticationResult=0 mLatencyAuthenticationUiDisplayMillis=-1 mLatencyDatasetDisplayMillis=-1 mAvailablePccCount=-1 mAvailablePccOnlyCount=-1 mSelectedDatasetPickedReason=0 mDetectionPreference=0
11-30 20:49:52.899  1947  1947 V SaveEventLogger: Log AutofillSaveEventReported: requestId=0 sessionId=1951338622 mAppPackageUid=-1 mSaveUiTriggerIds=-1 mFlag=-1 mIsNewField=false mSaveUiShownReason=0 mSaveUiNotShownReason=0 mSaveButtonClicked=false mCancelButtonClicked=false mDialogDismissed=false mIsSaved=false mLatencySaveUiDisplayMillis=0 mLatencySaveRequestMillis=0 mLatencySaveFinishMillis=0 mIsFrameworkCreatedSaveInfo=false
11-30 20:49:52.899  1947  1947 V SessionCommittedEventLogger: Log AutofillSessionCommitted: sessionId=1951338622 mComponentPackageUid=10395 mRequestCount=1 mCommitReason=5 mSessionDurationMillis=91
11-30 20:49:52.899  1947  1947 D AutofillSession: clearPendingIntentLocked
11-30 20:49:52.900  1947  1947 D AutofillInlineSuggestionsRequestSession: onInlineSuggestionsResponseLocked called for:1073741882@1951338622
11-30 20:49:52.900  1947  1996 D AutofillUI: destroySaveUiUiThread(): already destroyed
11-30 20:49:52.900  1947  1947 V AutofillInlineSuggestionsRequestSession: maybeUpdateResponseToImeLocked called
11-30 20:49:52.900  1947  1947 D AutofillInlineSuggestionsRequestSession: maybeNotifyFillUiEventLoked(): hasSuggestionToShow=false, mPreviousHasNonPinSuggestionShow=false
11-30 20:49:52.900  1947  1947 D AutofillInlineSuggestionsRequestSession: Send inline response: 0
11-30 20:49:52.900  1947  1947 V AutofillSession: destroyLocked(): logging 1 requests
11-30 20:49:52.900  1947  2786 D WindowManager: NFW_findFocusedWindowIfNeeded:Window{ad46d40 u0 com.example.additioapp/com.example.additioapp.MainActivity} mCurrentFocus:Window{ad46d40 u0 com.example.additioapp/com.example.additioapp.MainActivity}
11-30 20:49:52.901  2503  2503 W VRI[StatusBar]: handleResized abandoned!
11-30 20:49:52.901  1947  1947 V RemoteInlineSuggestionRenderService: handlePendingRequest(): com.android.internal.infra.AbstractRemoteService$MyAsyncPendingRequest@19d1cd0
11-30 20:49:52.902 30463 30463 W VRI[InputMethod]: updateBlastSurfaceIfNeeded, surfaceSize:Point(1080, 2290), lastSurfaceSize:Point(1080, 2290), format:-2, blastBufferQueue:null
11-30 20:49:52.901  2503  2503 W VRI[NavigationBar_displayId_0]: handleResized abandoned!
11-30 20:49:52.903 10308 10308 W VRI[MainActivity]: handleResized abandoned!
11-30 20:49:52.904 10308 10308 W VRI[MainActivity]: handleResized abandoned!
11-30 20:49:52.904  1947  1947 V RemoteInlineSuggestionRenderService: not scheduling unbind when value is 0
11-30 20:49:52.914  2503  2503 W VRI[StatusBar]: handleResized abandoned!
11-30 20:49:52.914  2503  2503 W VRI[NavigationBar_displayId_0]: handleResized abandoned!
11-30 20:49:52.914 10308 10308 W VRI[MainActivity]: handleResized abandoned!
11-30 20:49:52.914 10308 10308 W VRI[MainActivity]: handleResized abandoned!
11-30 20:49:52.925  1947  1974 I WindowManager: Window{57e9837 u0 InputMethod} state from DRAW_PENDING to COMMIT_DRAW_PENDING; reason: finishDrawingLocked
11-30 20:49:52.928  1947  1999 I WindowManager: Window{57e9837 u0 InputMethod} state from COMMIT_DRAW_PENDING to READY_TO_SHOW; reason: commitFinishDrawingLocked
11-30 20:49:52.937  1947  1999 V WindowStateExtImpl: notifyWindowStateChange input show
11-30 20:49:52.938  1947  1999 I WindowManager: Window{57e9837 u0 InputMethod} state from READY_TO_SHOW to HAS_DRAWN; reason: performShowLocked
11-30 20:49:52.941  1947  1999 I SurfaceAnimationRunner: startAnimation requiresEdgeExtension=false, animationLeash=Surface(name=Surface(name=ad46d40 com.example.additioapp/com.example.additioapp.MainActivity)/@0x27f453b - animation-leash of window_animation)/@0xdd246ef, runningAnim=com.android.server.wm.SurfaceAnimationRunner$RunningAnimation@fff35fc, mPreProcessingAnimations={}
11-30 20:49:52.945  2503  2503 W VRI[NavigationBar_displayId_0]: handleResized abandoned!
11-30 20:49:52.945 30463 30463 W VRI[InputMethod]: handleResized abandoned!
11-30 20:49:52.945  2503  2503 W VRI[StatusBar]: handleResized abandoned!
11-30 20:49:52.951  1947  2000 D SurfaceAnimationRunner: onAnimationStart:Surface(name=Surface(name=ad46d40 com.example.additioapp/com.example.additioapp.MainActivity)/@0x27f453b - animation-leash of window_animation)/@0xdd246ef
11-30 20:49:52.951 10308 10308 W VRI[MainActivity]: handleResized abandoned!
11-30 20:49:52.952 10308 10308 W VRI[MainActivity]: handleResized abandoned!
11-30 20:49:53.238   660 10512 I keystore2: system/security/keystore2/src/watchdog.rs:319 - Watchdog thread idle -> terminating. Have a great day.
11-30 20:49:53.368  1947  2000 D SurfaceAnimationRunner: onAnimationEnd:Surface(name=Surface(name=ad46d40 com.example.additioapp/com.example.additioapp.MainActivity)/@0x27f453b - animation-leash of window_animation)/@0xdd246ef
11-30 20:49:53.821  1947  4501 D CompatibilityChangeReporter: Compat change id reported: 197654537; UID 10395; state: ENABLED
11-30 20:49:53.899  1947  2171 D PowerManagerService: userActivityNoUpdateLocked: groupId=0, eventTime=232603380, event=touch, flags=0x0, uid=1000
11-30 20:49:53.903  1947  4501 I VibratorManagerServiceExtImpl: vibrate is uid=10248, pid=1947, opPkg=com.google.android.inputmethod.latin, effect=Mono{mEffect=Composed{segments=[Prebaked{effect=CLICK, strength=MEDIUM, fallback=true}], repeat=-1}}, attributes=VibrationAttributes: Usage=TOUCH Audio Usage= USAGE_UNKNOWN Flags=0, reason=null, token=86409605
11-30 20:49:54.676  1947  2171 D PowerManagerService: userActivityNoUpdateLocked: groupId=0, eventTime=232604156, event=touch, flags=0x0, uid=1000
11-30 20:49:54.717  1947  2796 I VibratorManagerServiceExtImpl: vibrate is uid=10248, pid=1947, opPkg=com.google.android.inputmethod.latin, effect=Mono{mEffect=Composed{segments=[Prebaked{effect=CLICK, strength=MEDIUM, fallback=true}], repeat=-1}}, attributes=VibrationAttributes: Usage=TOUCH Audio Usage= USAGE_UNKNOWN Flags=0, reason=null, token=86409605
11-30 20:49:54.724 30463 30463 W VRI[InputMethod]: updateBlastSurfaceIfNeeded, surfaceSize:Point(1080, 2290), lastSurfaceSize:Point(1080, 2290), format:-2, blastBufferQueue:android.graphics.BLASTBufferQueue@6f450aa
11-30 20:49:54.724  1947  2796 D WindowManagerServiceExtImpl: extractConfigInfoAndRealFlags rotation=0, screenDp=720, win=Window{57e9837 u0 InputMethod}
11-30 20:49:54.725  1947  2796 V WindowManager: Relayout Window{57e9837 u0 InputMethod}: viewVisibility=0, oldvis=0, req=1080x2290, vsysui=LIGHT_NAVIGATION_BAR, x=0, y=0
11-30 20:49:55.278  1947  2171 D PowerManagerService: userActivityNoUpdateLocked: groupId=0, eventTime=232604759, event=touch, flags=0x0, uid=1000
11-30 20:49:55.280  1947  2796 I VibratorManagerServiceExtImpl: vibrate is uid=10248, pid=1947, opPkg=com.google.android.inputmethod.latin, effect=Mono{mEffect=Composed{segments=[Prebaked{effect=CLICK, strength=MEDIUM, fallback=true}], repeat=-1}}, attributes=VibrationAttributes: Usage=TOUCH Audio Usage= USAGE_UNKNOWN Flags=0, reason=null, token=86409605
11-30 20:49:56.315  1947  1996 D MBrainLocalService: isVendorFreezeConditionPass is false
11-30 20:49:56.315  1947  1996 E MBrainLocalService: notifyAppSwitch failed
11-30 20:49:56.320  1947  1996 D MBrainLocalService: isVendorFreezeConditionPass is false
11-30 20:49:56.320  1947  1996 E MBrainLocalService: notifyAppSwitch failed
11-30 20:49:57.180  1947  2171 D PowerManagerService: userActivityNoUpdateLocked: groupId=0, eventTime=232606661, event=touch, flags=0x0, uid=1000
11-30 20:49:57.183  1947  2796 I VibratorManagerServiceExtImpl: vibrate is uid=10248, pid=1947, opPkg=com.google.android.inputmethod.latin, effect=Mono{mEffect=Composed{segments=[Prebaked{effect=CLICK, strength=MEDIUM, fallback=true}], repeat=-1}}, attributes=VibrationAttributes: Usage=TOUCH Audio Usage= USAGE_UNKNOWN Flags=0, reason=null, token=86409605
11-30 20:49:57.297 30463 30463 W VRI[InputMethod]: updateBlastSurfaceIfNeeded, surfaceSize:Point(1080, 2290), lastSurfaceSize:Point(1080, 2290), format:-2, blastBufferQueue:android.graphics.BLASTBufferQueue@6f450aa
11-30 20:49:57.297  1947  2796 D WindowManagerServiceExtImpl: extractConfigInfoAndRealFlags rotation=0, screenDp=720, win=Window{57e9837 u0 InputMethod}
11-30 20:49:57.298  1947  2796 V WindowManager: Relayout Window{57e9837 u0 InputMethod}: viewVisibility=0, oldvis=0, req=1080x2290, vsysui=LIGHT_NAVIGATION_BAR, x=0, y=0
11-30 20:49:58.397  1947  2171 D PowerManagerService: userActivityNoUpdateLocked: groupId=0, eventTime=232607878, event=touch, flags=0x0, uid=1000
11-30 20:49:58.403  1947  2095 I VibratorManagerServiceExtImpl: vibrate is uid=10248, pid=1947, opPkg=com.google.android.inputmethod.latin, effect=Mono{mEffect=Composed{segments=[Prebaked{effect=CLICK, strength=MEDIUM, fallback=true}], repeat=-1}}, attributes=VibrationAttributes: Usage=TOUCH Audio Usage= USAGE_UNKNOWN Flags=0, reason=null, token=86409605
11-30 20:49:59.300  1947  2171 D PowerManagerService: userActivityNoUpdateLocked: groupId=0, eventTime=232608782, event=touch, flags=0x0, uid=1000
11-30 20:49:59.329  1947  2796 I VibratorManagerServiceExtImpl: vibrate is uid=10248, pid=1947, opPkg=com.google.android.inputmethod.latin, effect=Mono{mEffect=Composed{segments=[Prebaked{effect=CLICK, strength=MEDIUM, fallback=true}], repeat=-1}}, attributes=VibrationAttributes: Usage=TOUCH Audio Usage= USAGE_UNKNOWN Flags=0, reason=null, token=86409605
11-30 20:49:59.334 30463 30463 W VRI[InputMethod]: updateBlastSurfaceIfNeeded, surfaceSize:Point(1080, 2290), lastSurfaceSize:Point(1080, 2290), format:-2, blastBufferQueue:android.graphics.BLASTBufferQueue@6f450aa
11-30 20:49:59.334  1947  2796 D WindowManagerServiceExtImpl: extractConfigInfoAndRealFlags rotation=0, screenDp=720, win=Window{57e9837 u0 InputMethod}
11-30 20:49:59.336  1947  2796 V WindowManager: Relayout Window{57e9837 u0 InputMethod}: viewVisibility=0, oldvis=0, req=1080x2290, vsysui=LIGHT_NAVIGATION_BAR, x=0, y=0
11-30 20:49:59.849  1947  2171 D PowerManagerService: userActivityNoUpdateLocked: groupId=0, eventTime=232609330, event=touch, flags=0x0, uid=1000
11-30 20:49:59.853  1947  2796 I VibratorManagerServiceExtImpl: vibrate is uid=10248, pid=1947, opPkg=com.google.android.inputmethod.latin, effect=Mono{mEffect=Composed{segments=[Prebaked{effect=CLICK, strength=MEDIUM, fallback=true}], repeat=-1}}, attributes=VibrationAttributes: Usage=TOUCH Audio Usage= USAGE_UNKNOWN Flags=0, reason=null, token=86409605
11-30 20:50:00.000  1947  2148 V AlarmManager: sending alarm Alarm{1e06ba9 type 3 origWhen 577835624 whenElapsed 577835624 android} uid 1000 whenElapsed 577835624 windowLength 0 maxWhenElapsed 577835624 repeatInterval 0 action null component null tag TIME_TICK flags 0x9 procName system_server
