11-30 20:38:49.439  1116  1116 E AndroidRuntime: 	at com.google.android.material.chip.ChipGroup.generateLayoutParams(ChipGroup.java:196)
11-30 20:38:49.439  1116  1116 E AndroidRuntime: 	at android.view.LayoutInflater.rInflate(LayoutInflater.java:1148)
11-30 20:38:49.439  1116  1116 E AndroidRuntime: 	at android.view.LayoutInflater.rInflateChildren(LayoutInflater.java:1107)
11-30 20:38:49.439  1116  1116 E AndroidRuntime: 	at android.view.LayoutInflater.rInflate(LayoutInflater.java:1149)
11-30 20:38:49.439  1116  1116 E AndroidRuntime: 	at android.view.LayoutInflater.rInflateChildren(LayoutInflater.java:1107)
11-30 20:38:49.439  1116  1116 E AndroidRuntime: 	at android.view.LayoutInflater.rInflate(LayoutInflater.java:1149)
11-30 20:38:49.439  1116  1116 E AndroidRuntime: 	at android.view.LayoutInflater.rInflateChildren(LayoutInflater.java:1107)
11-30 20:38:49.439  1116  1116 E AndroidRuntime: 	at android.view.LayoutInflater.rInflate(LayoutInflater.java:1149)
11-30 20:38:49.439  1116  1116 E AndroidRuntime: 	at android.view.LayoutInflater.rInflateChildren(LayoutInflater.java:1107)
11-30 20:38:49.439  1116  1116 E AndroidRuntime: 	at android.view.LayoutInflater.rInflate(LayoutInflater.java:1149)
11-30 20:38:49.439  1116  1116 E AndroidRuntime: 	at android.view.LayoutInflater.rInflateChildren(LayoutInflater.java:1107)
11-30 20:38:49.439  1116  1116 E AndroidRuntime: 	at android.view.LayoutInflater.inflate(LayoutInflater.java:703)
11-30 20:38:49.439  1116  1116 E AndroidRuntime: 	at android.view.LayoutInflater.inflate(LayoutInflater.java:544)
11-30 20:38:49.439  1116  1116 E AndroidRuntime: 	at com.example.additioapp.ui.fragments.HomeFragment.onCreateView(HomeFragment.kt:42)
11-30 20:38:49.439  1116  1116 E AndroidRuntime: 	at androidx.fragment.app.Fragment.performCreateView(Fragment.java:3114)
11-30 20:38:49.439  1116  1116 E AndroidRuntime: 	at androidx.fragment.app.FragmentStateManager.createView(FragmentStateManager.java:557)
11-30 20:38:49.439  1116  1116 E AndroidRuntime: 	at androidx.fragment.app.FragmentStateManager.moveToExpectedState(FragmentStateManager.java:272)
11-30 20:38:49.439  1116  1116 E AndroidRuntime: 	at androidx.fragment.app.FragmentStore.moveToExpectedState(FragmentStore.java:114)
11-30 20:38:49.441  1116  1116 E AndroidRuntime: 	at androidx.fragment.app.FragmentManager.moveToState(FragmentManager.java:1455)
11-30 20:38:49.441  1116  1116 E AndroidRuntime: 	at androidx.fragment.app.FragmentManager.dispatchStateChange(FragmentManager.java:3034)
11-30 20:38:49.441  1116  1116 E AndroidRuntime: 	at androidx.fragment.app.FragmentManager.dispatchViewCreated(FragmentManager.java:2945)
11-30 20:38:49.441  1116  1116 E AndroidRuntime: 	at androidx.fragment.app.Fragment.performViewCreated(Fragment.java:3148)
11-30 20:38:49.441  1116  1116 E AndroidRuntime: 	at androidx.fragment.app.FragmentStateManager.createView(FragmentStateManager.java:588)
11-30 20:38:49.441  1116  1116 E AndroidRuntime: 	at androidx.fragment.app.FragmentStateManager.moveToExpectedState(FragmentStateManager.java:272)
11-30 20:38:49.441  1116  1116 E AndroidRuntime: 	at androidx.fragment.app.FragmentStore.moveToExpectedState(FragmentStore.java:114)
11-30 20:38:49.441  1116  1116 E AndroidRuntime: 	at androidx.fragment.app.FragmentManager.moveToState(FragmentManager.java:1455)
11-30 20:38:49.441  1116  1116 E AndroidRuntime: 	at androidx.fragment.app.FragmentManager.dispatchStateChange(FragmentManager.java:3034)
11-30 20:38:49.441  1116  1116 E AndroidRuntime: 	at androidx.fragment.app.FragmentManager.dispatchActivityCreated(FragmentManager.java:2952)
11-30 20:38:49.441  1116  1116 E AndroidRuntime: 	at androidx.fragment.app.FragmentController.dispatchActivityCreated(FragmentController.java:263)
11-30 20:38:49.441  1116  1116 E AndroidRuntime: 	at androidx.fragment.app.FragmentActivity.onStart(FragmentActivity.java:350)
11-30 20:38:49.441  1116  1116 E AndroidRuntime: 	at androidx.appcompat.app.AppCompatActivity.onStart(AppCompatActivity.java:251)
11-30 20:38:49.441  1116  1116 E AndroidRuntime: 	at android.app.Instrumentation.callActivityOnStart(Instrumentation.java:1601)
11-30 20:38:49.441  1116  1116 E AndroidRuntime: 	at android.app.Activity.performStart(Activity.java:8813)
11-30 20:38:49.441  1116  1116 E AndroidRuntime: 	at android.app.ActivityThread.handleStartActivity(ActivityThread.java:4137)
11-30 20:38:49.441  1116  1116 E AndroidRuntime: 	at android.app.servertransaction.TransactionExecutor.performLifecycleSequence(TransactionExecutor.java:230)
11-30 20:38:49.441  1116  1116 E AndroidRuntime: 	at android.app.servertransaction.TransactionExecutor.cycleToPath(TransactionExecutor.java:210)
11-30 20:38:49.441  1116  1116 E AndroidRuntime: 	at android.app.servertransaction.TransactionExecutor.executeLifecycleState(TransactionExecutor.java:182)
11-30 20:38:49.441  1116  1116 E AndroidRuntime: 	at android.app.servertransaction.TransactionExecutor.execute(TransactionExecutor.java:103)
11-30 20:38:49.441  1116  1116 E AndroidRuntime: 	at android.app.ActivityThread$H.handleMessage(ActivityThread.java:2724)
11-30 20:38:49.441  1116  1116 E AndroidRuntime: 	at android.os.Handler.dispatchMessage(Handler.java:106)
11-30 20:38:49.441  1116  1116 E AndroidRuntime: 	at android.os.Looper.loopOnce(Looper.java:255)
11-30 20:38:49.441  1116  1116 E AndroidRuntime: 	at android.os.Looper.loop(Looper.java:364)
11-30 20:38:49.441  1116  1116 E AndroidRuntime: 	at android.app.ActivityThread.main(ActivityThread.java:8979)
11-30 20:38:49.441  1116  1116 E AndroidRuntime: 	at java.lang.reflect.Method.invoke(Native Method)
11-30 20:38:49.441  1116  1116 E AndroidRuntime: 	at com.android.internal.os.RuntimeInit$MethodAndArgsCaller.run(RuntimeInit.java:572)
11-30 20:38:49.441  1116  1116 E AndroidRuntime: 	at com.android.internal.os.ZygoteInit.main(ZygoteInit.java:1053)
11-30 20:38:49.446  1947  2095 W OplusEapManager handleErrorInfo sendEvent: : com.example.additioapp happenedcrash
11-30 20:38:49.447  1947  4503 W OplusSelfProtectManager: pkg[com.oplus.crashbox] not in policy list
11-30 20:38:49.448  1947  1194 I DropBoxManagerService: add tag=data_app_crash isTagEnabled=true flags=0x2
11-30 20:38:49.448  1947  2095 W ActivityTaskManager:   Force finishing activity com.example.additioapp/.MainActivity
11-30 20:38:49.450  1947  1194 D DropBoxManagerService: file :: /data/system/dropbox/data_app_crash@1764531529449.txt
11-30 20:38:49.450  2503  2868 V WindowManagerShell: Transition requested: android.os.BinderProxy@eb8b818 TransitionRequestInfo { type = CLOSE, triggerTask = null, remoteTransition = null, displayChange = null }
11-30 20:38:49.451  1947  2095 D ActivityTaskManager: onWindowFocusChanged Task{fdaf3e5 #5 type=home I=com.android.launcher/.Launcher} would transfer to compact
11-30 20:38:49.451  1947  2095 D ActivityTaskManager: NFW_setLastResumedActivityUncheckLocked:true r:ActivityRecord{60860fe u0 com.android.launcher/.Launcher t5} currentFocus:null
11-30 20:38:49.451  1947  2095 D WindowManager: NFW_findFocusedWindowIfNeeded:null mCurrentFocus:null
11-30 20:38:49.451  1947  2095 D FlexibleTaskController: onTaskFocusChanged prevTask:Task{946fa98 #10523 type=standard A=10340:com.example.additioapp} ,currentTask:Task{fdaf3e5 #5 type=home I=com.android.launcher/.Launcher}, reason: finish-top adjustFocusToNextFocusableTask
11-30 20:38:49.452  1947  2095 D ActivityRecordExtImpl: skipPrepareAppTransitionForZoom false
11-30 20:38:49.453  1947  2095 D ActivityTaskManager: setAppVisibility(Token{272f557 ActivityRecord{1567c0a u0 com.example.additioapp/.MainActivity t10523 f}}}, visible=false): mNextAppTransitionRequests=[], mNextAppTransitionFlags=,mAppTransitionState=APP_STATE_IDLE visible=true mVisibleRequested=true
11-30 20:38:49.453  1947  2095 D ActivityTaskManager: setVisibility(Token{272f557 ActivityRecord{1567c0a u0 com.example.additioapp/.MainActivity t10523 f}}}, visible=false) defer commitVisibility for transition collecting
11-30 20:38:49.457  1947  2095 I TaskOrganizerController: onTaskInfoChanged taskid 10523 config { mBounds=Rect(0, 0 - 1080, 2400) mAppBounds=Rect(0, 110 - 1080, 2400) mMaxBounds=Rect(0, 0 - 1080, 2400) mDisplayRotation=ROTATION_0 mWindowingMode=fullscreen mDisplayWindowingMode=fullscreen mActivityType=standard mAlwaysOnTop=undefined mRotation=ROTATION_0}
11-30 20:38:49.457  1947  2095 D FlexibleWindowManager: onFlexibleWindowTaskInfoChanged: mTaskId = 10523 oldIsTaskEmbedded = false   curIsTaskEmbedded = false  topActivity = null
11-30 20:38:49.457  1947  2095 D FlexibleWindowManager: onFlexibleWindowTaskInfoChanged, return for cur task not embedded
11-30 20:38:49.457  1947  2095 I TaskOrganizerController: onTaskInfoChanged taskid 1 config { mBounds=Rect(0, 0 - 1080, 2400) mAppBounds=Rect(0, 110 - 1080, 2400) mMaxBounds=Rect(0, 0 - 1080, 2400) mDisplayRotation=ROTATION_0 mWindowingMode=fullscreen mDisplayWindowingMode=fullscreen mActivityType=home mAlwaysOnTop=undefined mRotation=ROTATION_0}
11-30 20:38:49.458  1947  2095 D FlexibleWindowManager: onFlexibleWindowTaskInfoChanged: mTaskId = 1 oldIsTaskEmbedded = false   curIsTaskEmbedded = false  topActivity = ComponentInfo{com.android.launcher/com.android.launcher.Launcher}
11-30 20:38:49.458  1947  2095 D FlexibleWindowManager: onFlexibleWindowTaskInfoChanged, return for cur task not embedded
11-30 20:38:49.459  1947  2021 E OplusThermalStats: Error getting package info: com.android.launcher
11-30 20:38:49.459  1947  1996 I ActivityManager: hookHandleApplicationCrashBeforeInner do not showErrorDialog shouldThottle= true
11-30 20:38:49.485  1947  2789 I ActivityManager: Death received, pid = 1116, processName = com.example.additioapp for thread android.os.BinderProxy@7a403d3
11-30 20:38:49.485  1947  2739 I ActivityManager: Process com.example.additioapp (pid 1116) has died: fg  TOP 
11-30 20:38:49.488  1947  2739 D ActivityTaskManager: removeAppToken: ActivityRecord{1567c0a u0 com.example.additioapp/.MainActivity t10523 f}} delayed=true parent=Task{946fa98 #10523 type=standard A=10340:com.example.additioapp} animating=true Callers=com.android.server.wm.DisplayContent.removeAppToken:1683 com.android.server.wm.ActivityRecord.removeFromHistory:4783 com.android.server.wm.ActivityRecord.handleAppDied:5113 com.android.server.wm.WindowProcessController.handleAppDied:1547 
11-30 20:38:49.488  1947  2739 D ActivityTaskManager: cannot removestartingWindow syncTransactionCommit:false ,inCollectingTransition:true
11-30 20:38:49.488  1947  2739 D FlexibleWindowManager: [resetSiblingEmbeddedTasksToFullScreen]size of embedded tasks is illegal
11-30 20:38:49.489  1947  2739 D ActivityTaskManager: setAppVisibility(Token{ea7ceba ActivityRecord{60860fe u0 com.android.launcher/.Launcher t5}}, visible=true): mNextAppTransitionRequests=[], mNextAppTransitionFlags=,mAppTransitionState=APP_STATE_IDLE visible=false mVisibleRequested=false
11-30 20:38:49.490  1947  2739 I WindowManager: Window{899f638 u0 com.android.launcher/com.android.launcher.Launcher} state from HAS_DRAWN to DRAW_PENDING; reason: resetDrawState
11-30 20:38:49.491  1947  2739 D WindowManager: NFW_setClientVisible:ActivityRecord{60860fe u0 com.android.launcher/.Launcher t5} clientVisible:true
11-30 20:38:49.491  1947  2739 D ActivityTaskManager: setVisibility(Token{ea7ceba ActivityRecord{60860fe u0 com.android.launcher/.Launcher t5}}, visible=true) defer commitVisibility for transition collecting
11-30 20:38:49.491  1947  2739 D ActivityTaskManager: NFW_setLastResumedActivityUncheckLocked:false r:ActivityRecord{60860fe u0 com.android.launcher/.Launcher t5} currentFocus:null
11-30 20:38:49.491  1947  2739 D WindowManager: NFW_findFocusedWindowIfNeeded:null mCurrentFocus:null
11-30 20:38:49.492  1947  1996 D DisplayManagerService: Drop pending events for gone uid 10340
11-30 20:38:49.494  1947  2739 D WindowManager: updateOrientation: mLastOrientation = SCREEN_ORIENTATION_UNSPECIFIED(-1) newOrientation = SCREEN_ORIENTATION_NOSENSOR(5) forceUpdate = true LastOrientationSource = ActivityRecord{60860fe u0 com.android.launcher/.Launcher t5}
11-30 20:38:49.494  1947  2739 D WindowManager: rotation(ROTATION_0) no changed.
11-30 20:38:49.495  1947  2739 D TaskFragmentExtImpl: addColorModeOnResume resume=true pkg = com.android.launcher
11-30 20:38:49.495  1947  2739 D ActivityTaskManager: setAppVisibility(Token{ea7ceba ActivityRecord{60860fe u0 com.android.launcher/.Launcher t5}}, visible=true): mNextAppTransitionRequests=[], mNextAppTransitionFlags=,mAppTransitionState=APP_STATE_IDLE visible=false mVisibleRequested=true
11-30 20:38:49.495  1947  2739 D ActivityTaskManager: setVisibility(Token{ea7ceba ActivityRecord{60860fe u0 com.android.launcher/.Launcher t5}}, visible=true) defer commitVisibility for transition collecting
11-30 20:38:49.498  1947  2739 W FlexibleWindowManager: handleAppDiedLocked return, current context is not support PocketStudio
11-30 20:38:49.498  1947  2739 D OplusKeepAliveManager: TOP_APP is ProcessRecord{9c9bcb0 3031:com.android.launcher/u0a195} uid is 10195
11-30 20:38:49.501  1947  1996 D MBrainLocalService: isVendorFreezeConditionPass is false
11-30 20:38:49.502  1947  1996 E MBrainLocalService: notifyAppSwitch failed
11-30 20:38:49.503  1947  1996 E MBrainLocalService: MBrainJava launch failed: SecurityException
11-30 20:38:49.503  1947  1996 D MBrainLocalService: isVendorFreezeConditionPass is false
11-30 20:38:49.503  1947  1996 E MBrainLocalService: notifyAppSwitch failed
11-30 20:38:49.503  1947  1996 D MBrainLocalService: isVendorFreezeConditionPass is false
11-30 20:38:49.503  1947  1996 E MBrainLocalService: notifyAppSwitch failed
11-30 20:38:49.503  1947  1996 D MBrainLocalService: isVendorFreezeConditionPass is false
11-30 20:38:49.503  1947  1996 E MBrainLocalService: notifyAppSwitch failed
11-30 20:38:49.503  1947  1996 D MBrainLocalService: isVendorFreezeConditionPass is false
11-30 20:38:49.503  1947  1996 E MBrainLocalService: notifyAppSwitch failed
11-30 20:38:49.511  1947  4503 D WindowManagerServiceExtImpl: extractConfigInfoAndRealFlags rotation=0, screenDp=360, win=Window{899f638 u0 com.android.launcher/com.android.launcher.Launcher}
11-30 20:38:49.511  1947  4503 V WindowManager: Relayout Window{899f638 u0 com.android.launcher/com.android.launcher.Launcher}: viewVisibility=0, oldvis=8, req=1080x2400, vsysui=LAYOUT_STABLE LAYOUT_HIDE_NAVIGATION LAYOUT_FULLSCREEN
11-30 20:38:49.513  1947  4503 D WindowManager: NFW_findFocusedWindowIfNeeded:Window{899f638 u0 com.android.launcher/com.android.launcher.Launcher} mCurrentFocus:null
11-30 20:38:49.514  1947  4503 V WindowManager: Changing focus from null to Window{899f638 u0 com.android.launcher/com.android.launcher.Launcher},diplayid=0
11-30 20:38:49.520  3031  3031 D VRI[Launcher]: relayoutWindow result, sizeChanged:false, surfaceControlChanged:false, transformHintChanged:false, mSurfaceSize:Point(1080, 2400), mLastSurfaceSize:Point(1080, 2400), mWidth:1080, mHeight:2400, requestedWidth:1080, requestedHeight:2400, transformHint:0, lastTransformHint:0, installOrientation:0, displayRotation:0, isSurfaceValid:true, attr.flag:-2121203456, useBlast:true, tmpFrames:ClientWindowFrames{frame=[0,0][1080,2400] display=[0,0][1080,2400] parentFrame=[0,0][0,0]}, relayoutAsync:false, mSyncSeqId:0
11-30 20:38:49.520  3031  3031 W VRI[Launcher]: updateBlastSurfaceIfNeeded, surfaceSize:Point(1080, 2400), lastSurfaceSize:Point(1080, 2400), format:-2, blastBufferQueue:null
11-30 20:38:49.528  1947  2789 D OplusStartingWindowManager: updateRecordSurfaceViewState windowToken=android.os.BinderProxy@4b3329b, hasSurfaceView=true, win=Window{899f638 u0 com.android.launcher/com.android.launcher.Launcher}
11-30 20:38:49.533  2503  2503 W VRI[StatusBar]: handleResized abandoned!
11-30 20:38:49.534  2503  2503 W VRI[NavigationBar_displayId_0]: handleResized abandoned!
11-30 20:38:49.541  1947  4503 D OplusTransitionController: onSyncFinishedDrawing, Window{899f638 u0 com.android.launcher/com.android.launcher.Launcher}
11-30 20:38:49.541  1947  4503 I WindowManager: finishDrawing skipLayout:false,syncSeqId=0,mPrepareSyncSeqId=0 Window{899f638 u0 com.android.launcher/com.android.launcher.Launcher} com.android.server.wm.WindowManagerService.finishDrawingWindow:2991 com.android.server.wm.Session.finishDrawing:311 android.view.IWindowSession$Stub.onTransact:779 
11-30 20:38:49.541  1947  4503 I WindowManager: Window{899f638 u0 com.android.launcher/com.android.launcher.Launcher} state from DRAW_PENDING to COMMIT_DRAW_PENDING; reason: finishDrawingLocked
11-30 20:38:49.541  1947  4503 D OplusTransitionAnimationManager: skipFinishDrawingIfNeed clientRotation=0, currentRotation=0, hasFixedRotationApp=false, requestedOrientation=5, win=Window{899f638 u0 com.android.launcher/com.android.launcher.Launcher}, activity=ActivityRecord{60860fe u0 com.android.launcher/.Launcher t5}, currentConfig={1.0 ??mcc??mnc [en_DZ] ldltr sw360dp w360dp h763dp 480dpi nrml long port finger -keyb/v/h -nav/h winConfig={ mBounds=Rect(0, 0 - 1080, 2400) mAppBounds=Rect(0, 110 - 1080, 2400) mMaxBounds=Rect(0, 0 - 1080, 2400) mDisplayRotation=ROTATION_0 mWindowingMode=fullscreen mDisplayWindowingMode=fullscreen mActivityType=home mAlwaysOnTop=undefined mRotation=ROTATION_0} s.481 fontWeightAdjustment=0mThemeChanged= 0, mThemeChangedFlags= 0, mFlipFont= 0, mScenario= 0, mAccessibleChanged= -1, mUxIconConfig= 3468921665126662433, mMaterialColor= 0, mUserId= 0, mFontUserId= 0, mFontVariationSettings= 226, mFoldingAngle = -1.0, mIconPackName= , mDarkModeBackgroundMaxL= 0.0, mDarkModeDialogBgMaxL= 27.0, mDarkModeForegroundMinL= 100.0, mOplusConfigType= 1, mOplusChangedConfigs= 0, OpSans= -1, mBurmeseFontFlag= 2, mFlag= 0, mFlexibleActivitySuitable= -1, mPuttDisplayFlag= -1}
11-30 20:38:49.541  3031  3031 D ActivityThread: ComponentInfo{com.android.launcher/com.android.launcher.Launcher} checkFinished=false 4
11-30 20:38:49.541  3031  3031 D ResourcesManagerExtImpl: applyConfigurationToAppResourcesLocked app.getDisplayId() return callback.displayId:0
11-30 20:38:49.541  1947  1999 D WindowManager: NFW_setClientVisible:WallpaperWindowToken{a45aa2a token=android.os.Binder@1825715} clientVisible:true
11-30 20:38:49.543  1947  1999 I WindowManager: Window{899f638 u0 com.android.launcher/com.android.launcher.Launcher} state from COMMIT_DRAW_PENDING to READY_TO_SHOW; reason: commitFinishDrawingLocked
11-30 20:38:49.543  1947  1999 D ActivityTaskManager: Clearing startingData for activity=ActivityRecord{60860fe u0 com.android.launcher/.Launcher t5} mStartingData=null mStartingSurface=null
11-30 20:38:49.546  1947  1999 D ActivityTaskManager: commitVisibility: ActivityRecord{60860fe u0 com.android.launcher/.Launcher t5}: visible=true visibleRequested=true, isInTransition=true, runningAnimation=true 
11-30 20:38:49.546  1947  1999 D ActivityTaskManager: Clearing startingData for activity=ActivityRecord{60860fe u0 com.android.launcher/.Launcher t5} mStartingData=null mStartingSurface=null
11-30 20:38:49.546  1947  1999 I WindowManager: Window{899f638 u0 com.android.launcher/com.android.launcher.Launcher} state from READY_TO_SHOW to HAS_DRAWN; reason: performShowLocked
11-30 20:38:49.546  3031  3031 W VRI[Launcher]: handleResized, msg:5, frameChanged:false, configChanged:false, displayChanged:false, attachedFrameChanged:false, compatScaleChanged:false, pendingDragResizing=false
11-30 20:38:49.546  1947  1999 D Transition: collectOrderChanges onTopTasksEnd: [Task{a094657 #1 type=home}, Task{fdaf3e5 #5 type=home I=com.android.launcher/.Launcher}], reportedOnTop:null, mOnTopTasksStart: [Task{946fa98 #10523 type=standard A=10340:com.example.additioapp}], TDA child: [Task{2007ffa #10515 type=standard A=10148:com.google.android.gm}, Task{abf8ad3 #10497 type=standard A=10342:me.zhanghai.android.files}, Task{53f3930 #10496 type=standard A=10419:com.nextcloud.client}, Task{b478e8c #2 type=undefined}, Task{946fa98 #10523 type=standard A=10340:com.example.additioapp}, Task{a094657 #1 type=home}]
11-30 20:38:49.547  1947  1999 D Transition: collectOrderChanges **mParticipants add task: Task{fdaf3e5 #5 type=home I=com.android.launcher/.Launcher}
11-30 20:38:49.547  1947  1999 D Transition: collectOrderChanges **mParticipants add task: Task{a094657 #1 type=home}
11-30 20:38:49.548  1947  1999 D OplusFlexibleActivityTransitionManager: fixTransitType type result:2, targets: [Task{a094657 #1 type=home}, Task{946fa98 #10523 type=standard A=10340:com.example.additioapp}, WallpaperWindowToken{a45aa2a token=android.os.Binder@1825715}]
11-30 20:38:49.548  3031  3031 W VRI[Launcher]: handleResized, msg:5, frameChanged:false, configChanged:false, displayChanged:false, attachedFrameChanged:false, compatScaleChanged:false, pendingDragResizing=false
11-30 20:38:49.551  1947  1999 D OplusZoomWindowManagerService: saveSupportFreeFormToTaskInfo target = ComponentInfo{com.example.additioapp/com.example.additioapp.MainActivity} isSupportZoomMode = true
11-30 20:38:49.551  1947  1999 D OplusTransitionAnimationManager: mOpeningTasks add Task{a094657 #1 type=home}
11-30 20:38:49.551  1947  1999 D OplusTransitionAnimationManager: mOpeningTasks add Task{946fa98 #10523 type=standard A=10340:com.example.additioapp}
11-30 20:38:49.551  1947  1999 D OplusTransitionController: onTransactionReady, transition: 4995, 
11-30 20:38:49.551  1947  1999 D OplusTransitionController:  info: {id=4995 t=CLOSE f=0x10 trk=0 r=[0@Point(0, 0)] c=[{WCT{RemoteToken{34e7afe Task{a094657 #1 type=home}}} m=TO_FRONT f=SHOW_WALLPAPER|MOVE_TO_TOP leash=Surface(name=Task=1)/@0x57f25f sb=Rect(0, 0 - 1080, 2400) eb=Rect(0, 0 - 1080, 2400) d=0},{WCT{RemoteToken{4444812 Task{946fa98 #10523 type=standard A=10340:com.example.additioapp}}} m=CLOSE f=NONE leash=Surface(name=Task=10523)/@0xef45be3 sb=Rect(0, 0 - 1080, 2400) eb=Rect(0, 0 - 1080, 2400) d=0},{null m=TO_FRONT f=IS_WALLPAPER leash=Surface(name=WallpaperWindowToken{a45aa2a token=android.os.Binder@1825715})/@0xaae4c6e sb=Rect(0, 0 - 1080, 2400) eb=Rect(0, 0 - 1080, 2400) d=0}] extendInfo=[OplusTransitionExtendedInfo{mTmpFinishT=null, mInOplusCompatMode=false, mIsProcessRunning=false, mHasMismatchBoundsTarget=false, mRecentsController=null, mIsTranslucentActivityToHome=false, mAvoidInterceptKeyEventToHome=false, mIsFromHome=false, mParentLeash=null, mIsOplusAnimRes=false, mIsBalAllow=false}]}, 
11-30 20:38:49.551  1947  1999 D OplusTransitionController:  targets : [Task{a094657 #1 type=home}, Task{946fa98 #10523 type=standard A=10340:com.example.additioapp}, WallpaperWindowToken{a45aa2a token=android.os.Binder@1825715}], 
11-30 20:38:49.551  1947  1999 D OplusTransitionController:  participants: {ActivityRecord{1567c0a u0 com.example.additioapp/.MainActivity t10523 f} isExiting}, ActivityRecord{60860fe u0 com.android.launcher/.Launcher t5}, Task{946fa98 #10523 type=standard A=10340:com.example.additioapp}, Task{a094657 #1 type=home}, WallpaperWindowToken{a45aa2a token=android.os.Binder@1825715}, Task{fdaf3e5 #5 type=home I=com.android.launcher/.Launcher}}, 
11-30 20:38:49.551  1947  1999 D OplusTransitionController:  playings:[TransitionRecord{3da23a3 id=4995 track=0 type=CLOSE flags=0x10}]
11-30 20:38:49.552  1947  1999 W WindowManager: captureTaskSnapshot mSnapshotMode= 0
11-30 20:38:49.553  1947  1999 D TaskSnapshotControllerExtImpl: createTaskSnapshot isCompatMode:false, isCompactWindow:false
11-30 20:38:49.553  1947  1999 W AbsAppSnapshotControllerExtImpl: updateExcludeLayers, addExcludeLayerList is null or empty, return excludeLayers
11-30 20:38:49.564  1947  1999 D TaskSnapshotCache: putSnapshot mRunningCache top= ActivityRecord{1567c0a u0 com.example.additioapp/.MainActivity t10523 f} isExiting}, mTaskId=10523, snapshot=TaskSnapshot{ mId=1764531529552 mCaptureTime=577165188933893 mTopActivityComponent=com.example.additioapp/.MainActivity mSnapshot=android.hardware.HardwareBuffer@dcf06a0 (1080x2400) mColorSpace=sRGB IEC61966-2.1 (id=0, model=RGB) mOrientation=1 mRotation=0 mTaskSize=Point(1080, 2400) mContentInsets=[0,110][0,0] mLetterboxInsets=[0,0][0,0] mIsLowResolution=false mIsRealSnapshot=true mWindowingMode=1 mAppearance=24 mIsTranslucent=true mHasImeSurface=false, mAppIdMap size= 4
11-30 20:38:49.567  1947  1995 V WindowManager: Sent Transition #4995 createdAt=11-30 20:38:49.448 via request=TransitionRequestInfo { type = CLOSE, triggerTask = null, remoteTransition = null, displayChange = null }
11-30 20:38:49.567  1947  1995 V WindowManager:     startWCT=WindowContainerTransaction { changes = {} hops = [] errorCallbackToken=null taskFragmentOrganizer=null }
11-30 20:38:49.567  1947  1995 V WindowManager:     info={id=4995 t=CLOSE f=0x10 trk=0 r=[0@Point(0, 0)] c=[{WCT{RemoteToken{34e7afe Task{a094657 #1 type=home}}} m=TO_FRONT f=SHOW_WALLPAPER|MOVE_TO_TOP leash=Surface(name=Task=1)/@0x57f25f sb=Rect(0, 0 - 1080, 2400) eb=Rect(0, 0 - 1080, 2400) d=0},{WCT{RemoteToken{4444812 Task{946fa98 #10523 type=standard A=10340:com.example.additioapp}}} m=CLOSE f=NONE leash=Surface(name=Task=10523)/@0xef45be3 sb=Rect(0, 0 - 1080, 2400) eb=Rect(0, 0 - 1080, 2400) d=0},{null m=TO_FRONT f=IS_WALLPAPER leash=Surface(name=WallpaperWindowToken{a45aa2a token=android.os.Binder@1825715})/@0xaae4c6e sb=Rect(0, 0 - 1080, 2400) eb=Rect(0, 0 - 1080, 2400) d=0}] extendInfo=[OplusTransitionExtendedInfo{mTmpFinishT=null, mInOplusCompatMode=false, mIsProcessRunning=false, mHasMismatchBoundsTarget=false, mRecentsController=null, mIsTranslucentActivityToHome=false, mAvoidInterceptKeyEventToHome=false, mIsFromHome=false, mParentLeash=null, mIsOplusAnimRes=false, mIsBalAllow=false}]}
11-30 20:38:49.568  2503  2868 V WindowManagerShell: onTransitionReady android.os.BinderProxy@eb8b818: {id=4995 t=CLOSE f=0x10 trk=0 r=[0@Point(0, 0)] c=[{WCT{android.window.IWindowContainerToken$Stub$Proxy@28d34ad} m=TO_FRONT f=SHOW_WALLPAPER|MOVE_TO_TOP leash=Surface(name=Task=1)/@0x74de271 sb=Rect(0, 0 - 1080, 2400) eb=Rect(0, 0 - 1080, 2400) d=0},{WCT{android.window.IWindowContainerToken$Stub$Proxy@6fa53e2} m=CLOSE f=NONE leash=Surface(name=Task=10523)/@0xb8e0856 sb=Rect(0, 0 - 1080, 2400) eb=Rect(0, 0 - 1080, 2400) d=0},{null m=TO_FRONT f=IS_WALLPAPER leash=Surface(name=WallpaperWindowToken{a45aa2a token=android.os.Binder@1825715})/@0xa87f0d7 sb=Rect(0, 0 - 1080, 2400) eb=Rect(0, 0 - 1080, 2400) d=0}] extendInfo=[OplusTransitionExtendedInfo{mTmpFinishT=null, mInOplusCompatMode=false, mIsProcessRunning=false, mHasMismatchBoundsTarget=false, mRecentsController=null, mIsTranslucentActivityToHome=false, mAvoidInterceptKeyEventToHome=false, mIsFromHome=false, mParentLeash=null, mIsOplusAnimRes=false, mIsBalAllow=false}]}
11-30 20:38:49.569  2503  2868 V WindowManagerShell: Playing animation for (#4995)android.os.BinderProxy@eb8b818@0
11-30 20:38:49.569  1947  1999 I TaskOrganizerController: onTaskInfoChanged taskid 1 config { mBounds=Rect(0, 0 - 1080, 2400) mAppBounds=Rect(0, 110 - 1080, 2400) mMaxBounds=Rect(0, 0 - 1080, 2400) mDisplayRotation=ROTATION_0 mWindowingMode=fullscreen mDisplayWindowingMode=fullscreen mActivityType=home mAlwaysOnTop=undefined mRotation=ROTATION_0}
11-30 20:38:49.569  2503  2868 V WindowManagerShell:  try handler com.android.wm.shell.taskview.TaskViewTransitions@c79f66b
11-30 20:38:49.569  2503  2868 V WindowManagerShell:  try handler com.oplus.zoom.transition.ZoomTransitionController@f4b1065
11-30 20:38:49.569  2503  2868 V WindowManagerShell:  try handler com.android.wm.shell.transition.DefaultMixedHandler@512f13a
11-30 20:38:49.570  2503  2868 V WindowManagerShell:  try handler com.android.wm.shell.keyguard.KeyguardTransitionHandler@c5a6eb3
11-30 20:38:49.570  1947  1999 D FlexibleWindowManager: onFlexibleWindowTaskInfoChanged: mTaskId = 1 oldIsTaskEmbedded = false   curIsTaskEmbedded = false  topActivity = ComponentInfo{com.android.launcher/com.android.launcher.Launcher}
11-30 20:38:49.570  1947  1999 D FlexibleWindowManager: onFlexibleWindowTaskInfoChanged, return for cur task not embedded
11-30 20:38:49.570  2503  2868 V WindowManagerShell:  try handler com.android.wm.shell.activityembedding.ActivityEmbeddingController@1addc70
11-30 20:38:49.570  2503  2868 V WindowManagerShell:  try handler com.android.wm.shell.recents.RecentsTransitionHandler@ed12be9
11-30 20:38:49.570  2503  2868 V WindowManagerShell: RecentsTransitionHandler.startAnimation: no controller found
11-30 20:38:49.570  2503  2868 V WindowManagerShell:  try handler com.android.wm.shell.pip.PipTransition@9a6e06e
11-30 20:38:49.570  2503  2868 V WindowManagerShell:  try handler com.android.wm.shell.splitscreen.StageCoordinator@783430f
11-30 20:38:49.570  1947  4503 D OplusTransitionAnimationManager: skipFinishDrawingIfNeed clientRotation=0, currentRotation=0, hasFixedRotationApp=false, requestedOrientation=5, win=Window{899f638 u0 com.android.launcher/com.android.launcher.Launcher}, activity=ActivityRecord{60860fe u0 com.android.launcher/.Launcher t5}, currentConfig={1.0 ??mcc??mnc [en_DZ] ldltr sw360dp w360dp h763dp 480dpi nrml long port finger -keyb/v/h -nav/h winConfig={ mBounds=Rect(0, 0 - 1080, 2400) mAppBounds=Rect(0, 110 - 1080, 2400) mMaxBounds=Rect(0, 0 - 1080, 2400) mDisplayRotation=ROTATION_0 mWindowingMode=fullscreen mDisplayWindowingMode=fullscreen mActivityType=home mAlwaysOnTop=undefined mRotation=ROTATION_0} s.481 fontWeightAdjustment=0mThemeChanged= 0, mThemeChangedFlags= 0, mFlipFont= 0, mScenario= 0, mAccessibleChanged= -1, mUxIconConfig= 3468921665126662433, mMaterialColor= 0, mUserId= 0, mFontUserId= 0, mFontVariationSettings= 226, mFoldingAngle = -1.0, mIconPackName= , mDarkModeBackgroundMaxL= 0.0, mDarkModeDialogBgMaxL= 27.0, mDarkModeForegroundMinL= 100.0, mOplusConfigType= 1, mOplusChangedConfigs= 0, OpSans= -1, mBurmeseFontFlag= 2, mFlag= 0, mFlexibleActivitySuitable= -1, mPuttDisplayFlag= -1}
11-30 20:38:49.570  2503  2868 V WindowManagerShell:  try handler com.oplus.flexibleactivity.FlexibleActivityTransitionHandler@c879da5
11-30 20:38:49.570  2503  2868 V WindowManagerShell:  try handler OnePuttTransitionHandler
11-30 20:38:49.570  2503  2868 V WindowManagerShell:  try handler com.android.wm.shell.flexibletask.FlexibleTaskTransitionHandler@1668507
11-30 20:38:49.571  2503  2868 V WindowManagerShell:  try handler com.android.wm.shell.transition.RemoteTransitionHandler@f98f634
11-30 20:38:49.571  2503  2868 V WindowManagerShell: Transition doesn't have explicit remote, search filters for match for {id=4995 t=CLOSE f=0x10 trk=0 r=[0@Point(0, 0)] c=[{WCT{android.window.IWindowContainerToken$Stub$Proxy@28d34ad} m=TO_FRONT f=SHOW_WALLPAPER|MOVE_TO_TOP leash=Surface(name=Task=1)/@0x74de271 sb=Rect(0, 0 - 1080, 2400) eb=Rect(0, 0 - 1080, 2400) d=0},{WCT{android.window.IWindowContainerToken$Stub$Proxy@6fa53e2} m=CLOSE f=NONE leash=Surface(name=Task=10523)/@0xb8e0856 sb=Rect(0, 0 - 1080, 2400) eb=Rect(0, 0 - 1080, 2400) d=0},{null m=TO_FRONT f=IS_WALLPAPER leash=Surface(name=WallpaperWindowToken{a45aa2a token=android.os.Binder@1825715})/@0xa87f0d7 sb=Rect(0, 0 - 1080, 2400) eb=Rect(0, 0 - 1080, 2400) d=0}] extendInfo=[OplusTransitionExtendedInfo{mTmpFinishT=null, mInOplusCompatMode=false, mIsProcessRunning=false, mHasMismatchBoundsTarget=false, mRecentsController=null, mIsTranslucentActivityToHome=false, mAvoidInterceptKeyEventToHome=false, mIsFromHome=false, mParentLeash=null, mIsOplusAnimRes=false, mIsBalAllow=false}]}
11-30 20:38:49.571  1947  1999 D ActivityTaskManager: Clearing startingData for activity=ActivityRecord{60860fe u0 com.android.launcher/.Launcher t5} mStartingData=null mStartingSurface=null
11-30 20:38:49.571  2503  2868 V WindowManagerShell:  Checking filter Pair{{types=[] flags=0x0] notFlags=0x100 checks=[{atype=home independent=true modes=[OPEN,TO_FRONT] flags=NONE mustBeTask=false order=TOP topActivity=ComponentInfo{com.android.launcher/com.android.launcher.Launcher}},{atype=standard independent=true modes=[CLOSE,TO_BACK] flags=NONE mustBeTask=false order=ANY topActivity=null}]} RemoteTransition { remoteTransition = android.window.IRemoteTransition$Stub$Proxy@f5cdc5d, recentAnimRunner = null, appThread = android.app.IApplicationThread$Stub$Proxy@29c59d2, debugName = QuickstepLaunchHome }}
11-30 20:38:49.571  2503  2868 D RemoteTransitionHandler: Found filterPair{{types=[] flags=0x0] notFlags=0x100 checks=[{atype=home independent=true modes=[OPEN,TO_FRONT] flags=NONE mustBeTask=false order=TOP topActivity=ComponentInfo{com.android.launcher/com.android.launcher.Launcher}},{atype=standard independent=true modes=[CLOSE,TO_BACK] flags=NONE mustBeTask=false order=ANY topActivity=null}]} RemoteTransition { remoteTransition = android.window.IRemoteTransition$Stub$Proxy@f5cdc5d, recentAnimRunner = null, appThread = android.app.IApplicationThread$Stub$Proxy@29c59d2, debugName = QuickstepLaunchHome }}
11-30 20:38:49.571  2503  2868 V WindowManagerShell:  Delegate animation for #4995 to RemoteTransition { remoteTransition = android.window.IRemoteTransition$Stub$Proxy@f5cdc5d, recentAnimRunner = null, appThread = android.app.IApplicationThread$Stub$Proxy@29c59d2, debugName = QuickstepLaunchHome }
11-30 20:38:49.573  2503  2868 V WindowManagerShell:  animated by com.android.wm.shell.transition.RemoteTransitionHandler@f98f634
11-30 20:38:49.596  1947  2789 I BLASTSyncEngine: onCommitted syncId: 4995, timeout: falseran: false
11-30 20:38:49.596  1947  2789 D ActivityTaskManager: removeStartingWindowAnimation starting ActivityRecord{1567c0a u0 com.example.additioapp/.MainActivity t10523 f} isExiting} startingWindow=null ,startingView=null,Callers=com.android.server.wm.ActivityRecord.onSyncTransactionCommitted:3397 com.android.server.wm.BLASTSyncEngine$SyncGroup$1CommitCallback.onCommitted:308 com.android.server.wm.BLASTSyncEngine$SyncGroup.lambda$finishNow$1:343 com.android.server.wm.BLASTSyncEngine$SyncGroup.$r8$lambda$8cESpvbvKLrMuuR5UoSdRfNsZpY:0 com.android.server.wm.BLASTSyncEngine$SyncGroup$$ExternalSyntheticLambda0.onTransactionCommitted:0 
11-30 20:38:49.596  1947  2789 D OplusStartingWindowManager: interceptRemoveStartingWindow: packageName=com.example.additioapp, componentName=com.example.additioapp/.MainActivity, isSnapshot=false, startingSurfaceRunnable=null,isDrawCompleted=false, hasSurfaceView=false, inTransition=true
11-30 20:38:49.596  1947  2789 D OplusSplitScreenManagerService: notifyRemoveStartingWindow mOplusSpiltScreenDnDUI is null, just return!
11-30 20:38:49.596  1947  2789 D OplusStartingWindowManager: interceptRemoveStartingWindow: hasSplashWindowFlag() return false for activity=ActivityRecord{1567c0a u0 com.example.additioapp/.MainActivity t10523 f} isExiting}
11-30 20:38:49.604  1947  2789 D InputMethodManagerService: isSecurity: attribute.packageName = com.android.launcher mCurMethodId = com.google.android.inputmethod.latin/com.android.inputmethod.latin.LatinIME isSecurity = false ( enable = false needShow = false inBlackList = false isExist = true )
11-30 20:38:49.608  1947  2789 D WindowManagerServiceExtImpl: extractConfigInfoAndRealFlags rotation=0, screenDp=360, win=Window{8030a6b u0 Splash Screen com.example.additioapp}
11-30 20:38:49.609  1947  2789 V WindowManager: Relayout Window{8030a6b u0 Splash Screen com.example.additioapp}: viewVisibility=8, oldvis=0, req=1080x2400, vsysui=
11-30 20:38:49.614  1947  2789 I SurfaceAnimationRunner: startAnimation requiresEdgeExtension=false, animationLeash=Surface(name=Surface(name=8030a6b Splash Screen com.example.additioapp)/@0x1fe641b - animation-leash of window_animation)/@0x3b309b8, runningAnim=com.android.server.wm.SurfaceAnimationRunner$RunningAnimation@c816391, mPreProcessingAnimations={}
11-30 20:38:49.618  1947  2095 V AutofillInlineSuggestionsRequestSession: onInputMethodFinishInput() received
11-30 20:38:49.618  1947  2789 D WindowManager: NFW_findFocusedWindowIfNeeded:Window{899f638 u0 com.android.launcher/com.android.launcher.Launcher} mCurrentFocus:Window{899f638 u0 com.android.launcher/com.android.launcher.Launcher}
11-30 20:38:49.621  1947  3817 V AutofillInlineSuggestionsRequestSession: onInputMethodStartInput() received on 0
11-30 20:38:49.622  1947  3817 D CoreBackPreview: Window{8030a6b u0 Splash Screen com.example.additioapp EXITING}: Setting back callback null
11-30 20:38:49.624  1947  4503 I WindowStateExtImpl: onSurfaceShowChange show = false mPackageName = com.example.additioapp parentPkgName = com.example.additioapp
11-30 20:38:49.625  1947  4503 I WindowManager: Window{8030a6b u0 Splash Screen com.example.additioapp EXITING} state from HAS_DRAWN to NO_SURFACE; reason: destroySurface
11-30 20:38:49.628  1947  2095 W PackageConfigPersister: App-specific configuration not found for packageName: com.android.launcher and userId: 0
11-30 20:38:49.631  1947  4503 D WindowManager: NFW_findFocusedWindowIfNeeded:Window{899f638 u0 com.android.launcher/com.android.launcher.Launcher} mCurrentFocus:Window{899f638 u0 com.android.launcher/com.android.launcher.Launcher}
11-30 20:38:49.951  1947  1998 W ActivityTaskManager: Activity top resumed state loss timeout for ActivityRecord{1567c0a u0 com.example.additioapp/.MainActivity t10523 f} isExiting}
11-30 20:38:49.951  1947  1998 I OplusJoystickManager: handleApplicationSwitch deprecated!
11-30 20:38:49.952  1947  3292 D OplusAppSwitchListener: Detect com.example.additioapp switch to background
11-30 20:38:49.952  1947  3292 D OplusFeatureReduceBrightness: onAppExit , info = com.example.additioapp
11-30 20:38:49.952  1947  3292 D OplusEapManager: mTargetExitName :com.example.additioapp
11-30 20:38:49.953  3031  3031 D ResourcesManagerExtImpl: applyConfigurationToAppResourcesLocked app.getDisplayId() return callback.displayId:0
11-30 20:38:49.953  1947  2041 D VRR [OPlusRefreshRateService]: handleFrontAppChange pkgName: null
11-30 20:38:49.955  1947  3292 D OplusAppSwitchListener: Detect com.android.launcher switch to foreground
11-30 20:38:49.955  1947  3292 D OplusEapManager: mTargetEnterName :com.android.launcher
11-30 20:38:49.956  1947  2316 D ORBrightnessMarvelsDataCollector: Runnable-MarvelsAppEnterInfo[2025-11-30 20:38:49,com.android.launcher,18.02]
11-30 20:38:49.956  1947  3292 D VRR [OPlusFrontAppManager]: OnAppSwitchObserver: onAppEnter , info.targetName = com.android.launcher
11-30 20:38:49.956  1947  2041 D VRR [OPlusRefreshRateService]: handleFrontAppChange pkgName: com.android.launcher
11-30 20:38:49.956  1947  2041 D VRR [OPlusExternalRefreshRateManager]:  [OTI] handleTouchIdleState: reading rate 30
11-30 20:38:49.956  1947  4503 D VRR [OPlusRefreshRateService]:  setFrameRateTargetControl [ 0.0 , com.example.additioapp , false , com.oplus.battery ]
11-30 20:38:49.957  1947  4503 D VRR [OPlusExternalRefreshRateManager]:  [FRTC] FrameRate : 0 com.example.additioapp false com.oplus.battery 0 1000
11-30 20:38:49.975  1947  2789 D OplusDisplayManagerServiceEnhance: OplusDisplayManagerServiceEnhance setSpecBrightness gear = 0 reason = com.android.launcher@temperature@32@normal rate = -1
11-30 20:38:49.978  1947  2789 D VRR [OPlusRefreshRateService]:  setFrameRateTargetControl [ 0.0 , com.android.launcher , false , com.oplus.battery ]
11-30 20:38:49.978  1947  2789 D VRR [OPlusExternalRefreshRateManager]:  [FRTC] FrameRate : 0 com.android.launcher false com.oplus.battery 0 1000
11-30 20:38:49.978  1947  2038 I OplusSmartBrightnessController: handleMessage MSG_TEMPERATURE_LIMIT_BRIGHTNESS_CHANGED.
11-30 20:38:49.978  1947  2038 D OplusFeatureTemperatureLimitBrightness: new parameter!ControlInfo:[ gear = 0 reason = com.android.launcher@temperature@32@normal brightness = 4095 package = com.android.launcher type = temperature temperature = 32 priority = normal rate = -1] HadDragPoint = false mode = 1
11-30 20:38:49.978  1947  2038 D OplusFeatureTemperatureLimitBrightness: isResetUpdate = false isNormalUpdate = true isSafetyRegulationsForceUpdate = false mLastBrightnessLimit = 4095
11-30 20:38:49.978  1947  2038 D OplusFeatureTemperatureLimitBrightness: mBrightnessLimit = 4095
11-30 20:38:49.978  1947  2789 D OplusBatteryServiceFeature: setSmartCoolDown: coolDown = 0, normalCoolDown = 0, pkgName = com.android.launcher
11-30 20:38:49.979  1947  2036 D ColorAutomaticBrightnessController: MSG_UPDATE_BRIGHTNESS
11-30 20:38:49.981  1947  3817 D CompatibilityChangeReporter: Compat change id reported: 261072174; UID 10238; state: ENABLED
11-30 20:38:50.023  2503  2868 V WindowManagerShell: Transition animation finished (aborted=false), notifying core (#4995)android.os.BinderProxy@eb8b818@0
11-30 20:38:50.026  1947  1995 V WindowManager: Finish Transition #4995: created at 11-30 20:38:49.448 collect-started=0.043ms request-sent=0.917ms started=10.154ms ready=47.148ms sent=116.902ms finished=577.073ms
11-30 20:38:50.026  1947  3817 D Transition: finishTransition ar ActivityRecord{1567c0a u0 com.example.additioapp/.MainActivity t10523 f} isExiting}, isVisibleRequested=false, state=DESTROYED, visibleAtTransitionEndTokens={ActivityRecord{60860fe u0 com.android.launcher/.Launcher t5}, WallpaperWindowToken{a45aa2a token=android.os.Binder@1825715}}, this=TransitionRecord{3da23a3 id=4995 track=0 type=CLOSE flags=0x10}
11-30 20:38:50.027  1947  3817 D ActivityTaskManager: commitVisibility: ActivityRecord{1567c0a u0 com.example.additioapp/.MainActivity t10523 f} isExiting}: visible=false visibleRequested=false, isInTransition=false, runningAnimation=false 
11-30 20:38:50.027  1947  3817 D WindowManager: NFW_setClientVisible:ActivityRecord{1567c0a u0 com.example.additioapp/.MainActivity t10523 f} isExiting} clientVisible:false
11-30 20:38:50.027  1947  3817 D Transition: finishTransition ar ActivityRecord{60860fe u0 com.android.launcher/.Launcher t5}, isVisibleRequested=true, state=RESUMED, visibleAtTransitionEndTokens={ActivityRecord{60860fe u0 com.android.launcher/.Launcher t5}, WallpaperWindowToken{a45aa2a token=android.os.Binder@1825715}}, this=TransitionRecord{3da23a3 id=4995 track=0 type=CLOSE flags=0x10}
11-30 20:38:50.027  1947  3817 I OplusAppSwitchManagerService:  handleAppVisible , r = ActivityRecord{60860fe u0 com.android.launcher/.Launcher t5}
11-30 20:38:50.028  1947  3817 D SnapshotCache: removeRunningEntry id: 10523, callers=com.android.server.wm.SnapshotCache.onAppRemoved:71 com.android.server.wm.AbsAppSnapshotController.onAppRemoved:616 com.android.server.wm.SnapshotController.onAppRemoved:205 
11-30 20:38:50.028  1947  3817 D ActivityTaskManager: removeAppToken: ActivityRecord{1567c0a u0 com.example.additioapp/.MainActivity t10523 f}} delayed=false parent=Task{946fa98 #10523 type=standard A=10340:com.example.additioapp} animating=false Callers=com.android.server.wm.ActivityRecord.removeImmediately:5128 com.android.server.wm.ActivityRecord.removeIfPossible:5152 com.android.server.wm.ActivityRecord.handleCompleteDeferredRemoval:5158 com.android.server.wm.WindowContainer.handleCompleteDeferredRemoval:1503 
11-30 20:38:50.031  1947  3817 D OplusMirageWindowManagerService: onTaskRemoved displayid:0 taskId:10523 callers:com.android.server.wm.MirageWindowManagerExtImpl.onTaskRemoved:47 com.android.server.wm.TaskDisplayArea.removeChildTask:394 com.android.server.wm.TaskDisplayArea.removeChild:383 com.android.server.wm.WindowContainer.removeImmediately:908 com.android.server.wm.TaskFragment.removeImmediately:3381 
11-30 20:38:50.031  1947  3817 I OplusScreenSecurityMask: onStackRemoved task = Task{946fa98 #10523 type=standard A=10340:com.example.additioapp} record = null displayId = 0
11-30 20:38:50.032  1947  3817 D OplusTransitionController: finishTransition, transition: TransitionRecord{3da23a3 id=4995 track=0 type=CLOSE flags=0x10}
11-30 20:38:50.032  1947  3817 D RefreshRate: ***** request traversal for refresh rate change, reason is highTempRefreshRateChanged: false, windowRefreshRateChanged: true, flexibleWindowStateChanged: false, has float/zoom window *****
11-30 20:38:50.032  1947  3817 D TransitionController: NFW_send RECOMPUTE_FOCUS in finishTransition
11-30 20:38:50.033  2503  2868 D ShellTaskOrganizer: onTransitionFinish, isRecent:false
11-30 20:38:50.033  2503  2868 V WindowManagerShell: Track 0 became idle
11-30 20:38:50.033  2503  2868 V WindowManagerShell: All active transition animations finished
11-30 20:38:50.035  1947  1999 D RefreshRate: Refresh rate changing from 60.0 to 90.0,maxRefreshRate=90.0 FOR:{
11-30 20:38:50.035  1947  1999 D RefreshRate:     | COURSE[; Win preferred rateId=1, appReqFirst=false, data= RateData{PreferredRefreshRateData{mPreferredRefreshRateId=[1, 1, 2, 1],isAnimBoost=true}} ;win name:com.android.launcher/com.android.launcher.Launcher]
11-30 20:38:50.035  1947  1999 D RefreshRate:     | VOTES[PRIORITY_WINDOW_REQUEST -> Vote{mRefreshRate=90.0, mMinRefreshRate=90.0, mRequestSource=null};]
11-30 20:38:50.035  1947  1999 D RefreshRate:     | TIME:2025-11-30 19:38:50}
11-30 20:38:50.036  1947  1999 D OplusFlexibleWindowMinimizedManagerHelper: onTaskVanished taskInfo:10523 task:Task{946fa98 #10523 type=standard A=10340:com.example.additioapp}
11-30 20:38:50.037  1947  1999 I FlexibleTaskController: releaseFlexibleTaskCaptionView task=Task{946fa98 #10523 type=standard A=10340:com.example.additioapp} reason=onFlexibleTaskVanished
11-30 20:38:50.037  1947  1999 D OplusFlexibleWindowMinimizedManagerHelper: onTaskVanished taskInfo:10523 task:Task{946fa98 #10523 type=standard A=10340:com.example.additioapp}
11-30 20:38:50.037  1947  1999 I FlexibleTaskController: releaseFlexibleTaskCaptionView task=Task{946fa98 #10523 type=standard A=10340:com.example.additioapp} reason=onFlexibleTaskVanished
11-30 20:38:50.038  1947  1996 I FlexibleTaskController: destroyFlexibleDragleash  currBounds=null
11-30 20:38:50.038  1947  1996 I FlexibleTaskController: destroyFlexibleDragleash  currBounds=null
11-30 20:38:50.039  1947  1998 D WindowManager: NFW_findFocusedWindowIfNeeded:Window{899f638 u0 com.android.launcher/com.android.launcher.Launcher} mCurrentFocus:Window{899f638 u0 com.android.launcher/com.android.launcher.Launcher}
11-30 20:38:50.039  1947  1998 D DisplayManagerServiceExtImpl: scheduleTraversalLocked intraversal=false
11-30 20:38:50.039  1947  3817 D ActivityTaskManager: Skipping, invisible task: Task{fdaf3e5 #5 type=home I=com.android.launcher/.Launcher}
11-30 20:38:50.039  1947  1998 D DisplayManagerService: MSG_REQUEST_TRAVERSAL pendingCompleted=false
11-30 20:38:50.039  1947  3817 D OplusAppListInterceptManager: shouldFilterTask
11-30 20:38:50.039  1947  3817 D OplusAppListInterceptManager: shouldFilterTask::packageName = com.example.additioapp
11-30 20:38:50.040  1947  3817 D OplusAppListInterceptManager: shouldFilterTask
11-30 20:38:50.040  1947  3817 D OplusAppListInterceptManager: shouldFilterTask::packageName = com.android.settings
11-30 20:38:50.040  1947  3817 D OplusSplitScreenManagerService: com.android.settings unSupportsSplitScreen by blockList or ForbidActivityList
11-30 20:38:50.040  1947  3817 D OplusAppListInterceptManager: shouldFilterTask
11-30 20:38:50.040  1947  3817 D OplusAppListInterceptManager: shouldFilterTask::packageName = com.oplus.ota
11-30 20:38:50.040  1947  3817 D OplusAppListInterceptManager: shouldFilterTask
11-30 20:38:50.040  1947  3817 D OplusAppListInterceptManager: shouldFilterTask::packageName = com.google.android.youtube
11-30 20:38:50.040  1947  3817 D OplusAppListInterceptManager: shouldFilterTask
11-30 20:38:50.040  1947  3817 D OplusAppListInterceptManager: shouldFilterTask::packageName = com.google.android.gm
11-30 20:38:50.040  1947  3817 D OplusAppListInterceptManager: shouldFilterTask
11-30 20:38:50.040  1947  3817 D OplusAppListInterceptManager: shouldFilterTask::packageName = me.zhanghai.android.files
11-30 20:38:50.040  1947  3817 D OplusAppListInterceptManager: shouldFilterTask
11-30 20:38:50.040  1947  3817 D OplusAppListInterceptManager: shouldFilterTask::packageName = com.android.settings
11-30 20:38:50.040  1947  3817 D OplusSplitScreenManagerService: com.android.settings unSupportsSplitScreen by blockList or ForbidActivityList
11-30 20:38:50.040  1947  3817 D OplusAppListInterceptManager: shouldFilterTask
11-30 20:38:50.040  1947  3817 D OplusAppListInterceptManager: shouldFilterTask::packageName = com.nextcloud.client
11-30 20:38:50.040  1947  3817 D OplusAppListInterceptManager: shouldFilterTask
11-30 20:38:50.040  1947  3817 D OplusAppListInterceptManager: shouldFilterTask::packageName = mega.privacy.android.app
11-30 20:38:50.040  1947  3817 D ActivityTaskManager: after skip size 9
11-30 20:38:50.044  1947  1999 D DisplayManagerService: performTraversalInternal pendingTraversal
11-30 20:38:50.044  1947  1999 D DisplayDevice: setLayerStackLocked id=local:4627039422300187648 token=android.os.BinderProxy@8a9ed20 stack=0->0
11-30 20:38:50.045  1947  2041 D LocalDisplayAdapter: setDesiredDisplayModeSpecsAsync: display unique id = local:4627039422300187648, display mode specs = defaultMode=0 allowGroupSwitching=false primaryRanges=physical: (0.0 Infinity) render:  (0.0 90.0) appRequestRanges=physical: (0.0 Infinity) render:  (0.0 90.0)
