11-30 20:38:50.092  1947  1998 I DisplayDeviceRepository: Display device changed: DisplayDeviceInfo{"Built-in Screen": uniqueId="local:4627039422300187648", 1080 x 2400, modeId 1, renderFrameRate 90.0, defaultModeId 1, supportedModes [{id=1, width=1080, height=2400, fps=90.0, alternativeRefreshRates=[45.0, 48.000004, 50.0, 60.0], supportedHdrTypes=[]}, {id=2, width=1080, height=2400, fps=60.0, alternativeRefreshRates=[45.0, 48.000004, 50.0, 90.0], supportedHdrTypes=[]}, {id=3, width=1080, height=2400, fps=50.0, alternativeRefreshRates=[45.0, 48.000004, 60.0, 90.0], supportedHdrTypes=[]}, {id=4, width=1080, height=2400, fps=48.000004, alternativeRefreshRates=[45.0, 50.0, 60.0, 90.0], supportedHdrTypes=[]}, {id=5, width=1080, height=2400, fps=45.0, alternativeRefreshRates=[48.000004, 50.0, 60.0, 90.0], supportedHdrTypes=[]}], colorMode 0, supportedColorModes [0], hdrCapabilities HdrCapabilities{mSupportedHdrTypes=[], mMaxLuminance=500.0, mMaxAverageLuminance=500.0, mMinLuminance=0.0}, allmSupported false, gameContentTypeSupported false, density 480, 391.885 x 390.769 dpi, appVsyncOff 7955555, presDeadline 17488889, cutout DisplayCutout{insets=Rect(0, 110 - 0, 0) waterfall=Insets{left=0, top=0, right=0, bottom=0} boundingRect={Bounds=[Rect(0, 0 - 0, 0), Rect(498, 0 - 582, 110), Rect(0, 0 - 0, 0), Rect(0, 0 - 0, 0)]} cutoutPathParserInfo={CutoutPathParserInfo{displayWidth=1080 displayHeight=2400 physicalDisplayWidth=1080 physicalDisplayHeight=2400 density={3.0} cutoutSpec={M -42,0 L -42,110 L 42,110 L 42,0 Z} rotation={0} scale={1.0} physicalPixelDisplaySizeRatio={1.0}}}}, touch INTERNAL, rotation 0, type INTERNAL, address {port=0, model=0x40368bd6e7ee6c}, deviceProductInfo DeviceProductInfo{name=MTKDEV, manufacturerPnpId=MTK, productId=35638, modelYear=null, manufactureDate=ManufactureDate{week=42, year=2021}, connectionToSinkType=0}, state ON, committedState ON, frameRateOverride , brightnessMinimum 0.0, brightnessMaximum 1.0, brightnessDefault 1630.4689, hdrSdrRatio 1.0, backlightType 0, FLAG_ALLOWED_TO_BE_DEFAULT_DISPLAY, FLAG_ROTATES_WITH_CONTENT, FLAG_SECURE, FLAG_SUPPORTS_PROTECTED_BUFFERS, FLAG_TRUSTED, installOrientation 0, displayShape DisplayShape{ spec=1406003047 displayWidth=1080 displayHeight=2400 physicalPixelDisplaySizeRatio=1.0 rotation=0 offsetX=0 offsetY=0 scale=1.0}}
11-30 20:38:50.092  1947  1998 D LogicalDisplayExt: set displayInfo flag FLAG_ROTATES_WITH_CONTENT
11-30 20:38:50.094  1947  1998 D DisplayManagerServiceExtImpl: scheduleTraversalLocked intraversal=false
11-30 20:38:50.094  1947  1998 I DisplayManagerServiceExtImpl: handle logical display changed logicalDisplay=id=0,stack=0,content=true,displayInfo{stack=0,type=1,id=0,uId=local:4627039422300187648,state=ON,pkg=null}
11-30 20:38:50.094  1947  1998 D DisplayManagerService: Delivering display event: displayId=0, event=2
11-30 20:38:50.095  1947  1947 I WallpaperManagerServiceExt: removeDisplayData. displayId = 0
11-30 20:38:50.096  1947  1998 D DisplayManagerService: Ignore redundant display event 0/2 to 10342/3927
11-30 20:38:50.097  1947  1996 D OplusVFXScreenEffectFeature: notifySFCompatWindowStateChange entered false
11-30 20:38:50.097  1947  1998 D DisplayManagerService: Ignore redundant display event 0/2 to 10148/21894
11-30 20:38:50.098  1947  1996 D FlexibleWindowManager: physicalDisplayChangedForFlexibleWindow displayId 0, current display info 1080 x 2400, new display info 1080 x 2400
11-30 20:38:50.098  1947  1996 D FlexibleWindowManager: physicalDisplayChangedForFlexibleWindow return for unsupported devices
11-30 20:38:50.096  2386  2386 D CastManagerService: onDisplayChanged.
11-30 20:38:50.098  1947  1996 D FSS_FoldScreenBlackCoverController: displayChangeToOn, dc:Display{#0 state=ON size=1080x2400 ROTATION_0}
11-30 20:38:50.098  1947  1998 D DisplayManagerService: Ignore redundant display event 0/2 to 10318/22353
11-30 20:38:50.098  1947  1998 D DisplayManagerService: Ignore redundant display event 0/2 to 10350/29404
11-30 20:38:50.098  1947  1998 D DisplayManagerService: Ignore redundant display event 0/2 to 10274/30311
11-30 20:38:50.099  1947  1998 D DisplayManagerService: Ignore redundant display event 0/2 to 10153/30908
11-30 20:38:50.099  1947  1998 D DisplayManagerService: Ignore redundant display event 0/2 to 10419/31762
11-30 20:38:50.099  1947  1999 D DisplayManagerService: performTraversalInternal pendingTraversal
11-30 20:38:50.099  1947  1998 D DisplayManagerService: MSG_REQUEST_TRAVERSAL pendingCompleted=false
11-30 20:38:50.099  1947  1999 D DisplayDevice: setLayerStackLocked id=local:4627039422300187648 token=android.os.BinderProxy@8a9ed20 stack=0->0
11-30 20:38:50.141  1947  2041 D VRR [OPlusRefreshRateService]: handleConfigIdChange physicalDisplayId: 4627039422300187648 configId: 0 renderPeriod: 11111111
11-30 20:38:51.587  1947  1998 I DisplayDeviceRepository: Display device changed: DisplayDeviceInfo{"Built-in Screen": uniqueId="local:4627039422300187648", 1080 x 2400, modeId 5, renderFrameRate 45.0, defaultModeId 1, supportedModes [{id=1, width=1080, height=2400, fps=90.0, alternativeRefreshRates=[45.0, 48.000004, 50.0, 60.0], supportedHdrTypes=[]}, {id=2, width=1080, height=2400, fps=60.0, alternativeRefreshRates=[45.0, 48.000004, 50.0, 90.0], supportedHdrTypes=[]}, {id=3, width=1080, height=2400, fps=50.0, alternativeRefreshRates=[45.0, 48.000004, 60.0, 90.0], supportedHdrTypes=[]}, {id=4, width=1080, height=2400, fps=48.000004, alternativeRefreshRates=[45.0, 50.0, 60.0, 90.0], supportedHdrTypes=[]}, {id=5, width=1080, height=2400, fps=45.0, alternativeRefreshRates=[48.000004, 50.0, 60.0, 90.0], supportedHdrTypes=[]}], colorMode 0, supportedColorModes [0], hdrCapabilities HdrCapabilities{mSupportedHdrTypes=[], mMaxLuminance=500.0, mMaxAverageLuminance=500.0, mMinLuminance=0.0}, allmSupported false, gameContentTypeSupported false, density 480, 391.885 x 390.769 dpi, appVsyncOff 19066666, presDeadline 28600000, cutout DisplayCutout{insets=Rect(0, 110 - 0, 0) waterfall=Insets{left=0, top=0, right=0, bottom=0} boundingRect={Bounds=[Rect(0, 0 - 0, 0), Rect(498, 0 - 582, 110), Rect(0, 0 - 0, 0), Rect(0, 0 - 0, 0)]} cutoutPathParserInfo={CutoutPathParserInfo{displayWidth=1080 displayHeight=2400 physicalDisplayWidth=1080 physicalDisplayHeight=2400 density={3.0} cutoutSpec={M -42,0 L -42,110 L 42,110 L 42,0 Z} rotation={0} scale={1.0} physicalPixelDisplaySizeRatio={1.0}}}}, touch INTERNAL, rotation 0, type INTERNAL, address {port=0, model=0x40368bd6e7ee6c}, deviceProductInfo DeviceProductInfo{name=MTKDEV, manufacturerPnpId=MTK, productId=35638, modelYear=null, manufactureDate=ManufactureDate{week=42, year=2021}, connectionToSinkType=0}, state ON, committedState ON, frameRateOverride , brightnessMinimum 0.0, brightnessMaximum 1.0, brightnessDefault 1630.4689, hdrSdrRatio 1.0, backlightType 0, FLAG_ALLOWED_TO_BE_DEFAULT_DISPLAY, FLAG_ROTATES_WITH_CONTENT, FLAG_SECURE, FLAG_SUPPORTS_PROTECTED_BUFFERS, FLAG_TRUSTED, installOrientation 0, displayShape DisplayShape{ spec=1406003047 displayWidth=1080 displayHeight=2400 physicalPixelDisplaySizeRatio=1.0 rotation=0 offsetX=0 offsetY=0 scale=1.0}}
11-30 20:38:51.587  1947  1998 D LogicalDisplayExt: set displayInfo flag FLAG_ROTATES_WITH_CONTENT
11-30 20:38:51.590  1947  1998 D DisplayManagerServiceExtImpl: scheduleTraversalLocked intraversal=false
11-30 20:38:51.590  1947  1998 I DisplayManagerServiceExtImpl: handle logical display changed logicalDisplay=id=0,stack=0,content=true,displayInfo{stack=0,type=1,id=0,uId=local:4627039422300187648,state=ON,pkg=null}
11-30 20:38:51.590  1947  1998 D DisplayManagerService: Delivering display event: displayId=0, event=2
11-30 20:38:51.591  1947  1947 I WallpaperManagerServiceExt: removeDisplayData. displayId = 0
11-30 20:38:51.593  2386  2386 D CastManagerService: onDisplayChanged.
11-30 20:38:51.592  1947  1998 D DisplayManagerService: Ignore redundant display event 0/2 to 10342/3927
11-30 20:38:51.593  1947  1996 D OplusVFXScreenEffectFeature: notifySFCompatWindowStateChange entered false
11-30 20:38:51.594  1947  1996 D FlexibleWindowManager: physicalDisplayChangedForFlexibleWindow displayId 0, current display info 1080 x 2400, new display info 1080 x 2400
11-30 20:38:51.594  1947  1996 D FlexibleWindowManager: physicalDisplayChangedForFlexibleWindow return for unsupported devices
11-30 20:38:51.594  1947  1998 D DisplayManagerService: Ignore redundant display event 0/2 to 10148/21894
11-30 20:38:51.594  1947  1996 D FSS_FoldScreenBlackCoverController: displayChangeToOn, dc:Display{#0 state=ON size=1080x2400 ROTATION_0}
11-30 20:38:51.594  1947  1998 D DisplayManagerService: Ignore redundant display event 0/2 to 10318/22353
11-30 20:38:51.595  1947  1998 D DisplayManagerService: Ignore redundant display event 0/2 to 10247/24848
11-30 20:38:51.595  1947  1998 D DisplayManagerService: Ignore redundant display event 0/2 to 10350/29404
11-30 20:38:51.595  1947  1998 D DisplayManagerService: Ignore redundant display event 0/2 to 10274/30311
11-30 20:38:51.595  1947  1998 D DisplayManagerService: Ignore redundant display event 0/2 to 10153/30908
11-30 20:38:51.595  1947  1998 D DisplayManagerService: Ignore redundant display event 0/2 to 10419/31762
11-30 20:38:51.595  1947  1999 D DisplayManagerService: performTraversalInternal pendingTraversal
11-30 20:38:51.596  1947  1999 D DisplayDevice: setLayerStackLocked id=local:4627039422300187648 token=android.os.BinderProxy@8a9ed20 stack=0->0
11-30 20:38:51.596  1947  1998 D DisplayManagerService: MSG_REQUEST_TRAVERSAL pendingCompleted=false
11-30 20:38:51.637  1947  2041 D VRR [OPlusRefreshRateService]: handleConfigIdChange physicalDisplayId: 4627039422300187648 configId: 4 renderPeriod: 22222222
11-30 20:38:53.145   660   713 I keystore2: system/security/keystore2/src/watchdog.rs:319 - Watchdog thread idle -> terminating. Have a great day.
11-30 20:38:53.519  1947  3817 W ProcessStats: Tracking association SourceState{c41b562 com.google.android.gms.persistent/10108 Fgs #1151848} whose proc state 3 is better than process ProcessState{556a3b0 com.google.android.gms/10108 pkg=com.google.android.gms} proc state 14 (141 skipped)
11-30 20:38:54.589  1947  2038 D OplusFeatureHDREnhanceBrightness: checkIsPlayingHDR isPlayingHDR=0 rotation=0 whiteApp=false battery=30
11-30 20:38:59.092  1947  2095 W PackageManager: package com.google.android.apps.messaging uid 10238 pid 753 call SetEnabledSetting(com.google.android.apps.messaging component = com.google.android.apps.messaging.shared.receiver.SmsReceiver, 2, 0)
11-30 20:38:59.093  1947  2095 W OplusCustomizeService: try to disable com.google.android.apps.messaging
11-30 20:38:59.094  1947  2095 W PackageManager: package com.google.android.apps.messaging uid 10238 pid 753 call SetEnabledSetting(com.google.android.apps.messaging component = com.google.android.apps.messaging.shared.receiver.TelephonyChangeReceiver, 1, 0)
11-30 20:38:59.096  1947  2095 W PackageManager: package com.google.android.apps.messaging uid 10238 pid 753 call SetEnabledSetting(com.google.android.apps.messaging component = com.google.android.apps.messaging.shared.receiver.DefaultSmsPackageChangedReceiver, 1, 0)
11-30 20:38:59.097  1947  2095 W PackageManager: package com.google.android.apps.messaging uid 10238 pid 753 call SetEnabledSetting(com.google.android.apps.messaging component = com.google.android.apps.messaging.shared.receiver.RestoreReceiver, 1, 0)
11-30 20:38:59.099  1947  2095 W PackageManager: package com.google.android.apps.messaging uid 10238 pid 753 call SetEnabledSetting(com.google.android.apps.messaging component = com.google.android.apps.messaging.shared.receiver.SmsRejectedReceiver, 2, 0)
11-30 20:38:59.099  1947  2095 W OplusCustomizeService: try to disable com.google.android.apps.messaging
11-30 20:38:59.101  1947  2095 W PackageManager: package com.google.android.apps.messaging uid 10238 pid 753 call SetEnabledSetting(com.google.android.apps.messaging component = com.google.android.apps.messaging.ui.conversationlist.VideoShareIntentActivity, 1, 0)
11-30 20:38:59.365  1947  2788 W PackageManager: package com.google.android.apps.messaging uid 10238 pid 753 call SetEnabledSetting(com.google.android.apps.messaging component = com.google.android.apps.messaging.shared.fcm.impl.BugleFirebaseMessagingService, 1, 0)
11-30 20:38:59.398  1947  2095 W PackageManager: package com.google.android.apps.messaging uid 10238 pid 753 call SetEnabledSetting(com.google.android.apps.messaging component = com.google.android.ims.binding.SystemBindingService, 1, 0)
11-30 20:38:59.404  1947  2095 W PackageManager: package com.google.android.apps.messaging uid 10238 pid 753 call SetEnabledSetting(com.google.android.apps.messaging component = com.google.android.ims.binding.SystemBindingService, 1, 0)
11-30 20:38:59.514  1947  2095 W PackageManager: package com.google.android.apps.messaging uid 10238 pid 753 call SetEnabledSetting(com.google.android.apps.messaging component = com.google.android.apps.messaging.auto.MessagingTemplateScreenServiceModule, 1, 0)
11-30 20:39:00.001  1947  2148 V AlarmManager: sending alarm Alarm{6743cb9 type 3 origWhen 577175624 whenElapsed 577175624 android} uid 1000 whenElapsed 577175624 windowLength 0 maxWhenElapsed 577175624 repeatInterval 0 action null component null tag TIME_TICK flags 0x9 procName system_server
11-30 20:39:00.050  1947  1974 E OplusCustomizeRestrictionManagerService: isBiometricDisabled start
11-30 20:39:00.524  1947  2014 I OplusStatusBarManagerServiceEnhance:  getTopIsFullscreen mTopIsFullscreen: false
11-30 20:39:00.525  1947  1947 D NotificationService: This application enqueue notifications  is not in McsNotInterceptPkgList, mcsAssistantDelayTime: 200
11-30 20:39:04.184  1947  2063 W PackageManager: Not removing package com.google.android.trichromelibrary hosting lib com.google.android.trichromelibrary version 744410233 used by [VersionedPackage[com.google.android.webview/744410233]] for user 0
11-30 20:39:04.186  1947  2063 W PackageManager: Not removing package com.google.android.trichromelibrary hosting lib com.google.android.trichromelibrary version 744417133 used by [VersionedPackage[com.android.chrome/744417133]] for user 0
11-30 20:39:04.422  1947  2788 W ProcessStats: Tracking association SourceState{489150f com.android.vending/10110 Fgs #1151885} whose proc state 3 is better than process ProcessState{556a3b0 com.google.android.gms/10108 pkg=com.google.android.gms} proc state 14 (48 skipped)
11-30 20:39:07.368  1947  2352 I ActivityManager: Death received, pid = 31639, processName = com.oplus.lfeh for thread android.os.BinderProxy@8b054c2
11-30 20:39:07.368  1947  1947 V DebugLogService: LFEService, onServiceDisconnected
11-30 20:39:07.368  1947  5044 I ActivityManager: Process com.oplus.lfeh (pid 31639) has died: vis IMPF
11-30 20:39:07.372  1947  5044 W FlexibleWindowManager: handleAppDiedLocked return, current context is not support PocketStudio
11-30 20:39:07.376  1947  5044 I ActivityManager: PendingStartActivityUids startActivity to updateOomAdj delay:17424ms, uid:10195
11-30 20:39:07.377  1947  1996 D MBrainLocalService: isVendorFreezeConditionPass is false
11-30 20:39:07.377  1947  1996 E MBrainLocalService: notifyAppSwitch failed
11-30 20:39:07.377  1947  1996 D MBrainLocalService: isVendorFreezeConditionPass is false
11-30 20:39:07.377  1947  1996 E MBrainLocalService: notifyAppSwitch failed
11-30 20:39:09.500  1947  2352 D CompatibilityChangeReporter: Compat change id reported: 171306433; UID 10422; state: ENABLED
11-30 20:39:09.500  1947  2352 D CompatibilityChangeReporter: Compat change id reported: 226439802; UID 10422; state: ENABLED
11-30 20:39:09.500  1947  2352 D CompatibilityChangeReporter: Compat change id reported: 218533173; UID 10422; state: ENABLED
11-30 20:39:09.730  1947  2148 V AlarmManager: sending alarm Alarm{ca88d09 type 3 origWhen 577140185 whenElapsed 577140185 com.whatsapp} uid 10381 whenElapsed 577140185 windowLength 180000 maxWhenElapsed 577320185 repeatInterval 0 action com.whatsapp.alarm.CLIENT_PING_PERIODIC component null flags 0x8 procName com.whatsapp
11-30 20:39:09.735  1947  2148 V AlarmManager: sending alarm Alarm{f277b3c type 3 origWhen 577174105 whenElapsed 577174105 com.google.android.gms} uid 10108 whenElapsed 577174105 windowLength 11249 maxWhenElapsed 577185354 repeatInterval 0 action com.google.android.gms.auth.authzen.cryptauth.DEVICE_STATE_CHECK_DELAY_COMPLETE component ComponentInfo{com.google.android.gms/com.google.android.gms.chimera.GmsIntentOperationService} flags 0x0 procName com.google.android.gms
11-30 20:39:12.100  1947  2036 D DisplayPowerController[0]: requestPowerState: policy=DIM, useProximitySensor=false, screenBrightnessOverride=-1.0, useAutoBrightness=false, screenAutoBrightnessAdjustmentOverride=NaN, screenLowPowerBrightnessFactor=1.0, blockScreenOn=false, lowPowerMode=false, boostScreenBrightness=false, dozeScreenBrightness=NaN, dozeScreenState=UNKNOWN, waitForNegativeProximity=false displayReady=false pendingRequest=true
11-30 20:39:12.101  1947  2036 D DisplayManagerServiceExtImpl: request size(1,1),dpc=com.android.server.display.DisplayPowerController@458dd8 size(0,1),flags=0X200F,id(0,0,local:4627039422300187648),enable=true,ready=false,waitForNegativeProximity=false policy=DIM,useProximitySensor=false,dozeState=UNKNOWN,screenBrightnessOverride=-1.000000,useAuto=false,lowPower=false,lowPowerFactor=1.000000
11-30 20:39:12.104  1947  2036 I OplusSmartBrightnessController: handleBrightnessTotalRateType displayId[0]=temperature->dim
11-30 20:39:12.105  1947  2036 D OplusFeatureHDREnhanceBrightness: setAnimating : displayId[0]=true
11-30 20:39:12.105  1947  2036 D OplusFeatureReduceBrightness: setAnimating : animating = true
11-30 20:39:12.105  1947  2036 D OplusFeatureEdrEnhanceBrightness: setAnimating: true
11-30 20:39:12.106  1947  2036 D OplusFeaturePwEdrEnhanceBrightness: setAnimating: true
11-30 20:39:12.108  1947  2036 D DpcExtImpl[0]: Animating brightness: target=2237->17,rate=120->2400,type=dim,byUse=false local:4627039422300187648
11-30 20:39:12.108  1947  2036 D DpcExtImpl[0]: RECORD:onUpdatePowerState policy:2 state:2 brightness:17
11-30 20:39:12.109  1947  2036 D DisplayPowerController[0]: updatePowerStateInternal policy:BRIGHT->DIM,state:ON->ON policy=DIM, useProximitySensor=false, screenBrightnessOverride=-1.0, useAutoBrightness=false, screenAutoBrightnessAdjustmentOverride=NaN, screenLowPowerBrightnessFactor=1.0, blockScreenOn=false, lowPowerMode=false, boostScreenBrightness=false, dozeScreenBrightness=NaN, dozeScreenState=UNKNOWN
11-30 20:39:12.126  1947  2320 D DisplayDeviceExt: setDisplayBrightness(4627039422300187648,2199.0, 0.536996, 257.159),verbose[(1,ON):2237.0->2199.0,(2199.0, 2199.0)]
11-30 20:39:12.137  1947  2320 W OplusSmartBrightnessController: multi-display change brightness:2199->3262
11-30 20:39:12.148  1947  2320 D DisplayDeviceExt: setDisplayBrightness(4627039422300187648,2146.0, 0.524054, 244.283),verbose[(2,ON):2199.0->2146.0,(2146.0, 2146.0)]
11-30 20:39:12.156  1947  2036 D DpcExtImpl[0]: onchange selfChange=false state=ON uri=content://settings/system/screen_brightness
11-30 20:39:12.157  1947  2036 D DpcExtImpl[0]: Animating brightness: target=17->17,rate=2400->120,type=dim,byUse=false local:4627039422300187648
11-30 20:39:12.170  1947  2320 D DisplayDeviceExt: setDisplayBrightness(4627039422300187648,2092.0, 0.510867, 231.302),verbose[(3,ON):2146.0->2092.0,(2092.0, 2092.0)]
11-30 20:39:12.177  1947  2036 D DpcExtImpl[0]: onchange selfChange=false state=ON uri=content://settings/system/screen_brightness
11-30 20:39:12.179  1947  1998 D DisplayManagerService: Ignore redundant display event 0/4 to 10342/3927
11-30 20:39:12.179  1947  1998 D DisplayManagerService: Ignore redundant display event 0/4 to 10148/21894
11-30 20:39:12.179  1947  1998 D DisplayManagerService: Ignore redundant display event 0/4 to 10318/22353
11-30 20:39:12.179  1947  1998 D DisplayManagerService: Ignore redundant display event 0/4 to 10247/24848
11-30 20:39:12.179  1947  1998 D DisplayManagerService: Ignore redundant display event 0/4 to 10350/29404
11-30 20:39:12.179  1947  1998 D DisplayManagerService: Ignore redundant display event 0/4 to 10274/30311
11-30 20:39:12.179  1947  1998 D DisplayManagerService: Ignore redundant display event 0/4 to 10153/30908
11-30 20:39:12.179  1947  1998 D DisplayManagerService: Ignore redundant display event 0/4 to 10419/31762
11-30 20:39:12.193  1947  2320 D DisplayDeviceExt: setDisplayBrightness(4627039422300187648,2037.0, 0.497436, 218.625),verbose[(4,ON):2092.0->2037.0,(2037.0, 2037.0)]
11-30 20:39:12.200  1947  2036 D DpcExtImpl[0]: onchange selfChange=false state=ON uri=content://settings/system/screen_brightness
11-30 20:39:12.202  1947  1998 D DisplayManagerService: Ignore redundant display event 0/4 to 10342/3927
11-30 20:39:12.202  1947  1998 D DisplayManagerService: Ignore redundant display event 0/4 to 10148/21894
11-30 20:39:12.202  1947  1998 D DisplayManagerService: Ignore redundant display event 0/4 to 10318/22353
11-30 20:39:12.202  1947  1998 D DisplayManagerService: Ignore redundant display event 0/4 to 10247/24848
11-30 20:39:12.202  1947  1998 D DisplayManagerService: Ignore redundant display event 0/4 to 10350/29404
11-30 20:39:12.202  1947  1998 D DisplayManagerService: Ignore redundant display event 0/4 to 10274/30311
11-30 20:39:12.202  1947  1998 D DisplayManagerService: Ignore redundant display event 0/4 to 10153/30908
11-30 20:39:12.202  1947  1998 D DisplayManagerService: Ignore redundant display event 0/4 to 10419/31762
11-30 20:39:12.222  1947  2036 D DpcExtImpl[0]: onchange selfChange=false state=ON uri=content://settings/system/screen_brightness
11-30 20:39:12.223  1947  1998 D DisplayManagerService: Ignore redundant display event 0/4 to 10342/3927
11-30 20:39:12.223  1947  1998 D DisplayManagerService: Ignore redundant display event 0/4 to 10148/21894
11-30 20:39:12.224  1947  1998 D DisplayManagerService: Ignore redundant display event 0/4 to 10318/22353
11-30 20:39:12.224  1947  1998 D DisplayManagerService: Ignore redundant display event 0/4 to 10247/24848
11-30 20:39:12.224  1947  1998 D DisplayManagerService: Ignore redundant display event 0/4 to 10350/29404
11-30 20:39:12.224  1947  1998 D DisplayManagerService: Ignore redundant display event 0/4 to 10274/30311
11-30 20:39:12.224  1947  1998 D DisplayManagerService: Ignore redundant display event 0/4 to 10153/30908
11-30 20:39:12.224  1947  1998 D DisplayManagerService: Ignore redundant display event 0/4 to 10419/31762
11-30 20:39:12.244  1947  2036 D DpcExtImpl[0]: onchange selfChange=false state=ON uri=content://settings/system/screen_brightness
11-30 20:39:12.246  1947  1998 D DisplayManagerService: Ignore redundant display event 0/4 to 10342/3927
11-30 20:39:12.246  1947  1998 D DisplayManagerService: Ignore redundant display event 0/4 to 10148/21894
11-30 20:39:12.246  1947  1998 D DisplayManagerService: Ignore redundant display event 0/4 to 10318/22353
11-30 20:39:12.246  1947  1998 D DisplayManagerService: Ignore redundant display event 0/4 to 10247/24848
11-30 20:39:12.246  1947  1998 D DisplayManagerService: Ignore redundant display event 0/4 to 10350/29404
11-30 20:39:12.247  1947  1998 D DisplayManagerService: Ignore redundant display event 0/4 to 10274/30311
11-30 20:39:12.247  1947  1998 D DisplayManagerService: Ignore redundant display event 0/4 to 10153/30908
11-30 20:39:12.247  1947  1998 D DisplayManagerService: Ignore redundant display event 0/4 to 10419/31762
11-30 20:39:12.266  1947  2036 D DpcExtImpl[0]: onchange selfChange=false state=ON uri=content://settings/system/screen_brightness
11-30 20:39:12.268  1947  1998 D DisplayManagerService: Ignore redundant display event 0/4 to 10342/3927
11-30 20:39:12.268  1947  1998 D DisplayManagerService: Ignore redundant display event 0/4 to 10148/21894
11-30 20:39:12.268  1947  1998 D DisplayManagerService: Ignore redundant display event 0/4 to 10318/22353
11-30 20:39:12.268  1947  1998 D DisplayManagerService: Ignore redundant display event 0/4 to 10247/24848
11-30 20:39:12.268  1947  1998 D DisplayManagerService: Ignore redundant display event 0/4 to 10350/29404
11-30 20:39:12.268  1947  1998 D DisplayManagerService: Ignore redundant display event 0/4 to 10274/30311
11-30 20:39:12.268  1947  1998 D DisplayManagerService: Ignore redundant display event 0/4 to 10153/30908
11-30 20:39:12.268  1947  1998 D DisplayManagerService: Ignore redundant display event 0/4 to 10419/31762
11-30 20:39:12.285  1947  2036 D DpcExtImpl[0]: onchange selfChange=false state=ON uri=content://settings/system/screen_brightness
11-30 20:39:12.288  1947  1998 D DisplayManagerService: Ignore redundant display event 0/4 to 10342/3927
11-30 20:39:12.288  1947  1998 D DisplayManagerService: Ignore redundant display event 0/4 to 10148/21894
11-30 20:39:12.288  1947  1998 D DisplayManagerService: Ignore redundant display event 0/4 to 10318/22353
11-30 20:39:12.289  1947  1998 D DisplayManagerService: Ignore redundant display event 0/4 to 10247/24848
11-30 20:39:12.289  1947  1998 D DisplayManagerService: Ignore redundant display event 0/4 to 10350/29404
11-30 20:39:12.289  1947  1998 D DisplayManagerService: Ignore redundant display event 0/4 to 10274/30311
11-30 20:39:12.289  1947  1998 D DisplayManagerService: Ignore redundant display event 0/4 to 10153/30908
11-30 20:39:12.289  1947  1998 D DisplayManagerService: Ignore redundant display event 0/4 to 10419/31762
11-30 20:39:12.308  1947  2036 D DpcExtImpl[0]: onchange selfChange=false state=ON uri=content://settings/system/screen_brightness
11-30 20:39:12.311  1947  1998 D DisplayManagerService: Ignore redundant display event 0/4 to 10342/3927
11-30 20:39:12.311  1947  1998 D DisplayManagerService: Ignore redundant display event 0/4 to 10148/21894
11-30 20:39:12.311  1947  1998 D DisplayManagerService: Ignore redundant display event 0/4 to 10318/22353
11-30 20:39:12.311  1947  1998 D DisplayManagerService: Ignore redundant display event 0/4 to 10247/24848
11-30 20:39:12.311  1947  1998 D DisplayManagerService: Ignore redundant display event 0/4 to 10350/29404
11-30 20:39:12.312  1947  1998 D DisplayManagerService: Ignore redundant display event 0/4 to 10274/30311
11-30 20:39:12.312  1947  1998 D DisplayManagerService: Ignore redundant display event 0/4 to 10153/30908
11-30 20:39:12.312  1947  1998 D DisplayManagerService: Ignore redundant display event 0/4 to 10419/31762
11-30 20:39:12.329  1947  2036 D DpcExtImpl[0]: onchange selfChange=false state=ON uri=content://settings/system/screen_brightness
11-30 20:39:12.331  1947  1998 D DisplayManagerService: Ignore redundant display event 0/4 to 10342/3927
11-30 20:39:12.331  1947  1998 D DisplayManagerService: Ignore redundant display event 0/4 to 10148/21894
11-30 20:39:12.331  1947  1998 D DisplayManagerService: Ignore redundant display event 0/4 to 10318/22353
11-30 20:39:12.331  1947  1998 D DisplayManagerService: Ignore redundant display event 0/4 to 10247/24848
11-30 20:39:12.332  1947  1998 D DisplayManagerService: Ignore redundant display event 0/4 to 10350/29404
11-30 20:39:12.332  1947  1998 D DisplayManagerService: Ignore redundant display event 0/4 to 10274/30311
11-30 20:39:12.332  1947  1998 D DisplayManagerService: Ignore redundant display event 0/4 to 10153/30908
11-30 20:39:12.332  1947  1998 D DisplayManagerService: Ignore redundant display event 0/4 to 10419/31762
11-30 20:39:12.352  1947  2036 D DpcExtImpl[0]: onchange selfChange=false state=ON uri=content://settings/system/screen_brightness
11-30 20:39:12.354  1947  1998 D DisplayManagerService: Ignore redundant display event 0/4 to 10342/3927
11-30 20:39:12.354  1947  1998 D DisplayManagerService: Ignore redundant display event 0/4 to 10148/21894
11-30 20:39:12.354  1947  1998 D DisplayManagerService: Ignore redundant display event 0/4 to 10318/22353
11-30 20:39:12.354  1947  1998 D DisplayManagerService: Ignore redundant display event 0/4 to 10247/24848
11-30 20:39:12.355  1947  1998 D DisplayManagerService: Ignore redundant display event 0/4 to 10350/29404
11-30 20:39:12.355  1947  1998 D DisplayManagerService: Ignore redundant display event 0/4 to 10274/30311
11-30 20:39:12.355  1947  1998 D DisplayManagerService: Ignore redundant display event 0/4 to 10153/30908
11-30 20:39:12.355  1947  1998 D DisplayManagerService: Ignore redundant display event 0/4 to 10419/31762
11-30 20:39:12.371  1947  2036 D DpcExtImpl[0]: onchange selfChange=false state=ON uri=content://settings/system/screen_brightness
11-30 20:39:12.373  1947  1998 D DisplayManagerService: Ignore redundant display event 0/4 to 10342/3927
11-30 20:39:12.374  1947  1998 D DisplayManagerService: Ignore redundant display event 0/4 to 10148/21894
11-30 20:39:12.374  1947  1998 D DisplayManagerService: Ignore redundant display event 0/4 to 10318/22353
11-30 20:39:12.374  1947  1998 D DisplayManagerService: Ignore redundant display event 0/4 to 10247/24848
11-30 20:39:12.374  1947  1998 D DisplayManagerService: Ignore redundant display event 0/4 to 10350/29404
11-30 20:39:12.374  1947  1998 D DisplayManagerService: Ignore redundant display event 0/4 to 10274/30311
11-30 20:39:12.374  1947  1998 D DisplayManagerService: Ignore redundant display event 0/4 to 10153/30908
11-30 20:39:12.374  1947  1998 D DisplayManagerService: Ignore redundant display event 0/4 to 10419/31762
11-30 20:39:12.393  1947  2036 D DpcExtImpl[0]: onchange selfChange=false state=ON uri=content://settings/system/screen_brightness
11-30 20:39:12.396  1947  1998 D DisplayManagerService: Ignore redundant display event 0/4 to 10342/3927
11-30 20:39:12.396  1947  1998 D DisplayManagerService: Ignore redundant display event 0/4 to 10148/21894
11-30 20:39:12.396  1947  1998 D DisplayManagerService: Ignore redundant display event 0/4 to 10318/22353
11-30 20:39:12.396  1947  1998 D DisplayManagerService: Ignore redundant display event 0/4 to 10247/24848
11-30 20:39:12.396  1947  1998 D DisplayManagerService: Ignore redundant display event 0/4 to 10350/29404
11-30 20:39:12.396  1947  1998 D DisplayManagerService: Ignore redundant display event 0/4 to 10274/30311
11-30 20:39:12.396  1947  1998 D DisplayManagerService: Ignore redundant display event 0/4 to 10153/30908
11-30 20:39:12.396  1947  1998 D DisplayManagerService: Ignore redundant display event 0/4 to 10419/31762
11-30 20:39:12.415  1947  2036 D DpcExtImpl[0]: onchange selfChange=false state=ON uri=content://settings/system/screen_brightness
11-30 20:39:12.417  1947  1998 D DisplayManagerService: Ignore redundant display event 0/4 to 10342/3927
11-30 20:39:12.418  1947  1998 D DisplayManagerService: Ignore redundant display event 0/4 to 10148/21894
11-30 20:39:12.418  1947  1998 D DisplayManagerService: Ignore redundant display event 0/4 to 10318/22353
11-30 20:39:12.418  1947  1998 D DisplayManagerService: Ignore redundant display event 0/4 to 10247/24848
11-30 20:39:12.418  1947  1998 D DisplayManagerService: Ignore redundant display event 0/4 to 10350/29404
11-30 20:39:12.418  1947  1998 D DisplayManagerService: Ignore redundant display event 0/4 to 10274/30311
11-30 20:39:12.418  1947  1998 D DisplayManagerService: Ignore redundant display event 0/4 to 10153/30908
11-30 20:39:12.418  1947  1998 D DisplayManagerService: Ignore redundant display event 0/4 to 10419/31762
11-30 20:39:12.440  1947  2036 D DpcExtImpl[0]: onchange selfChange=false state=ON uri=content://settings/system/screen_brightness
11-30 20:39:12.442  1947  1998 D DisplayManagerService: Ignore redundant display event 0/4 to 10342/3927
11-30 20:39:12.442  1947  1998 D DisplayManagerService: Ignore redundant display event 0/4 to 10148/21894
11-30 20:39:12.442  1947  1998 D DisplayManagerService: Ignore redundant display event 0/4 to 10318/22353
11-30 20:39:12.442  1947  1998 D DisplayManagerService: Ignore redundant display event 0/4 to 10247/24848
11-30 20:39:12.442  1947  1998 D DisplayManagerService: Ignore redundant display event 0/4 to 10350/29404
11-30 20:39:12.443  1947  1998 D DisplayManagerService: Ignore redundant display event 0/4 to 10274/30311
11-30 20:39:12.443  1947  1998 D DisplayManagerService: Ignore redundant display event 0/4 to 10153/30908
11-30 20:39:12.443  1947  1998 D DisplayManagerService: Ignore redundant display event 0/4 to 10419/31762
11-30 20:39:12.461  1947  2036 D DpcExtImpl[0]: onchange selfChange=false state=ON uri=content://settings/system/screen_brightness
11-30 20:39:12.463  1947  1998 D DisplayManagerService: Ignore redundant display event 0/4 to 10342/3927
11-30 20:39:12.463  1947  1998 D DisplayManagerService: Ignore redundant display event 0/4 to 10148/21894
11-30 20:39:12.463  1947  1998 D DisplayManagerService: Ignore redundant display event 0/4 to 10318/22353
11-30 20:39:12.463  1947  1998 D DisplayManagerService: Ignore redundant display event 0/4 to 10247/24848
11-30 20:39:12.464  1947  1998 D DisplayManagerService: Ignore redundant display event 0/4 to 10350/29404
11-30 20:39:12.464  1947  1998 D DisplayManagerService: Ignore redundant display event 0/4 to 10274/30311
11-30 20:39:12.464  1947  1998 D DisplayManagerService: Ignore redundant display event 0/4 to 10153/30908
11-30 20:39:12.464  1947  1998 D DisplayManagerService: Ignore redundant display event 0/4 to 10419/31762
11-30 20:39:12.482  1947  2036 D DpcExtImpl[0]: onchange selfChange=false state=ON uri=content://settings/system/screen_brightness
11-30 20:39:12.485  1947  1998 D DisplayManagerService: Ignore redundant display event 0/4 to 10342/3927
11-30 20:39:12.485  1947  1998 D DisplayManagerService: Ignore redundant display event 0/4 to 10148/21894
11-30 20:39:12.485  1947  1998 D DisplayManagerService: Ignore redundant display event 0/4 to 10318/22353
11-30 20:39:12.485  1947  1998 D DisplayManagerService: Ignore redundant display event 0/4 to 10247/24848
11-30 20:39:12.485  1947  1998 D DisplayManagerService: Ignore redundant display event 0/4 to 10350/29404
11-30 20:39:12.485  1947  1998 D DisplayManagerService: Ignore redundant display event 0/4 to 10274/30311
11-30 20:39:12.486  1947  1998 D DisplayManagerService: Ignore redundant display event 0/4 to 10153/30908
11-30 20:39:12.486  1947  1998 D DisplayManagerService: Ignore redundant display event 0/4 to 10419/31762
11-30 20:39:12.505  1947  2036 D DpcExtImpl[0]: onchange selfChange=false state=ON uri=content://settings/system/screen_brightness
11-30 20:39:12.508  1947  1998 D DisplayManagerService: Ignore redundant display event 0/4 to 10342/3927
11-30 20:39:12.509  1947  1998 D DisplayManagerService: Ignore redundant display event 0/4 to 10148/21894
11-30 20:39:12.509  1947  1998 D DisplayManagerService: Ignore redundant display event 0/4 to 10318/22353
11-30 20:39:12.509  1947  1998 D DisplayManagerService: Ignore redundant display event 0/4 to 10247/24848
11-30 20:39:12.509  1947  1998 D DisplayManagerService: Ignore redundant display event 0/4 to 10350/29404
11-30 20:39:12.509  1947  1998 D DisplayManagerService: Ignore redundant display event 0/4 to 10274/30311
11-30 20:39:12.509  1947  1998 D DisplayManagerService: Ignore redundant display event 0/4 to 10153/30908
11-30 20:39:12.509  1947  1998 D DisplayManagerService: Ignore redundant display event 0/4 to 10419/31762
11-30 20:39:12.527  1947  2036 D DpcExtImpl[0]: onchange selfChange=false state=ON uri=content://settings/system/screen_brightness
11-30 20:39:12.530  1947  1998 D DisplayManagerService: Ignore redundant display event 0/4 to 10342/3927
11-30 20:39:12.531  1947  1998 D DisplayManagerService: Ignore redundant display event 0/4 to 10148/21894
11-30 20:39:12.531  1947  1998 D DisplayManagerService: Ignore redundant display event 0/4 to 10318/22353
11-30 20:39:12.531  1947  1998 D DisplayManagerService: Ignore redundant display event 0/4 to 10247/24848
11-30 20:39:12.531  1947  1998 D DisplayManagerService: Ignore redundant display event 0/4 to 10350/29404
11-30 20:39:12.531  1947  1998 D DisplayManagerService: Ignore redundant display event 0/4 to 10274/30311
11-30 20:39:12.531  1947  1998 D DisplayManagerService: Ignore redundant display event 0/4 to 10153/30908
11-30 20:39:12.531  1947  1998 D DisplayManagerService: Ignore redundant display event 0/4 to 10419/31762
11-30 20:39:12.548  1947  2036 D DpcExtImpl[0]: onchange selfChange=false state=ON uri=content://settings/system/screen_brightness
11-30 20:39:12.550  1947  1998 D DisplayManagerService: Ignore redundant display event 0/4 to 10342/3927
11-30 20:39:12.550  1947  1998 D DisplayManagerService: Ignore redundant display event 0/4 to 10148/21894
11-30 20:39:12.550  1947  1998 D DisplayManagerService: Ignore redundant display event 0/4 to 10318/22353
11-30 20:39:12.550  1947  1998 D DisplayManagerService: Ignore redundant display event 0/4 to 10247/24848
11-30 20:39:12.550  1947  1998 D DisplayManagerService: Ignore redundant display event 0/4 to 10350/29404
11-30 20:39:12.550  1947  1998 D DisplayManagerService: Ignore redundant display event 0/4 to 10274/30311
11-30 20:39:12.550  1947  1998 D DisplayManagerService: Ignore redundant display event 0/4 to 10153/30908
11-30 20:39:12.550  1947  1998 D DisplayManagerService: Ignore redundant display event 0/4 to 10419/31762
11-30 20:39:12.570  1947  2036 D DpcExtImpl[0]: onchange selfChange=false state=ON uri=content://settings/system/screen_brightness
11-30 20:39:12.572  1947  1998 D DisplayManagerService: Ignore redundant display event 0/4 to 10342/3927
11-30 20:39:12.573  1947  1998 D DisplayManagerService: Ignore redundant display event 0/4 to 10148/21894
11-30 20:39:12.573  1947  1998 D DisplayManagerService: Ignore redundant display event 0/4 to 10318/22353
11-30 20:39:12.573  1947  1998 D DisplayManagerService: Ignore redundant display event 0/4 to 10247/24848
11-30 20:39:12.573  1947  1998 D DisplayManagerService: Ignore redundant display event 0/4 to 10350/29404
11-30 20:39:12.573  1947  1998 D DisplayManagerService: Ignore redundant display event 0/4 to 10274/30311
11-30 20:39:12.573  1947  1998 D DisplayManagerService: Ignore redundant display event 0/4 to 10153/30908
11-30 20:39:12.573  1947  1998 D DisplayManagerService: Ignore redundant display event 0/4 to 10419/31762
11-30 20:39:12.591  1947  2036 D DpcExtImpl[0]: onchange selfChange=false state=ON uri=content://settings/system/screen_brightness
11-30 20:39:12.593  1947  1998 D DisplayManagerService: Ignore redundant display event 0/4 to 10342/3927
11-30 20:39:12.593  1947  1998 D DisplayManagerService: Ignore redundant display event 0/4 to 10148/21894
11-30 20:39:12.593  1947  1998 D DisplayManagerService: Ignore redundant display event 0/4 to 10318/22353
11-30 20:39:12.594  1947  1998 D DisplayManagerService: Ignore redundant display event 0/4 to 10247/24848
11-30 20:39:12.594  1947  1998 D DisplayManagerService: Ignore redundant display event 0/4 to 10350/29404
11-30 20:39:12.594  1947  1998 D DisplayManagerService: Ignore redundant display event 0/4 to 10274/30311
11-30 20:39:12.594  1947  1998 D DisplayManagerService: Ignore redundant display event 0/4 to 10153/30908
11-30 20:39:12.594  1947  1998 D DisplayManagerService: Ignore redundant display event 0/4 to 10419/31762
11-30 20:39:12.609  1947  2036 D DpcExtImpl[0]: onchange selfChange=false state=ON uri=content://settings/system/screen_brightness
11-30 20:39:12.611  1947  1998 D DisplayManagerService: Ignore redundant display event 0/4 to 10342/3927
11-30 20:39:12.611  1947  1998 D DisplayManagerService: Ignore redundant display event 0/4 to 10148/21894
11-30 20:39:12.611  1947  1998 D DisplayManagerService: Ignore redundant display event 0/4 to 10318/22353
11-30 20:39:12.612  1947  1998 D DisplayManagerService: Ignore redundant display event 0/4 to 10247/24848
11-30 20:39:12.612  1947  1998 D DisplayManagerService: Ignore redundant display event 0/4 to 10350/29404
11-30 20:39:12.612  1947  1998 D DisplayManagerService: Ignore redundant display event 0/4 to 10274/30311
11-30 20:39:12.612  1947  1998 D DisplayManagerService: Ignore redundant display event 0/4 to 10153/30908
11-30 20:39:12.612  1947  1998 D DisplayManagerService: Ignore redundant display event 0/4 to 10419/31762
11-30 20:39:12.635  1947  2036 D DpcExtImpl[0]: onchange selfChange=false state=ON uri=content://settings/system/screen_brightness
11-30 20:39:12.638  1947  1998 D DisplayManagerService: Ignore redundant display event 0/4 to 10342/3927
11-30 20:39:12.639  1947  1998 D DisplayManagerService: Ignore redundant display event 0/4 to 10148/21894
11-30 20:39:12.639  1947  1998 D DisplayManagerService: Ignore redundant display event 0/4 to 10318/22353
11-30 20:39:12.639  1947  1998 D DisplayManagerService: Ignore redundant display event 0/4 to 10247/24848
11-30 20:39:12.639  1947  1998 D DisplayManagerService: Ignore redundant display event 0/4 to 10350/29404
11-30 20:39:12.639  1947  1998 D DisplayManagerService: Ignore redundant display event 0/4 to 10274/30311
11-30 20:39:12.639  1947  1998 D DisplayManagerService: Ignore redundant display event 0/4 to 10153/30908
11-30 20:39:12.639  1947  1998 D DisplayManagerService: Ignore redundant display event 0/4 to 10419/31762
11-30 20:39:12.659  1947  2036 D DpcExtImpl[0]: onchange selfChange=false state=ON uri=content://settings/system/screen_brightness
11-30 20:39:12.661  1947  1998 D DisplayManagerService: Ignore redundant display event 0/4 to 10342/3927
11-30 20:39:12.662  1947  1998 D DisplayManagerService: Ignore redundant display event 0/4 to 10148/21894
11-30 20:39:12.662  1947  1998 D DisplayManagerService: Ignore redundant display event 0/4 to 10318/22353
11-30 20:39:12.662  1947  1998 D DisplayManagerService: Ignore redundant display event 0/4 to 10247/24848
11-30 20:39:12.662  1947  1998 D DisplayManagerService: Ignore redundant display event 0/4 to 10350/29404
11-30 20:39:12.662  1947  1998 D DisplayManagerService: Ignore redundant display event 0/4 to 10274/30311
11-30 20:39:12.662  1947  1998 D DisplayManagerService: Ignore redundant display event 0/4 to 10153/30908
11-30 20:39:12.662  1947  1998 D DisplayManagerService: Ignore redundant display event 0/4 to 10419/31762
11-30 20:39:12.680  1947  2036 D DpcExtImpl[0]: onchange selfChange=false state=ON uri=content://settings/system/screen_brightness
11-30 20:39:12.683  1947  1998 D DisplayManagerService: Ignore redundant display event 0/4 to 10342/3927
11-30 20:39:12.684  1947  1998 D DisplayManagerService: Ignore redundant display event 0/4 to 10148/21894
11-30 20:39:12.684  1947  1998 D DisplayManagerService: Ignore redundant display event 0/4 to 10318/22353
11-30 20:39:12.684  1947  1998 D DisplayManagerService: Ignore redundant display event 0/4 to 10247/24848
11-30 20:39:12.684  1947  1998 D DisplayManagerService: Ignore redundant display event 0/4 to 10350/29404
11-30 20:39:12.684  1947  1998 D DisplayManagerService: Ignore redundant display event 0/4 to 10274/30311
11-30 20:39:12.684  1947  1998 D DisplayManagerService: Ignore redundant display event 0/4 to 10153/30908
11-30 20:39:12.684  1947  1998 D DisplayManagerService: Ignore redundant display event 0/4 to 10419/31762
11-30 20:39:12.703  1947  2036 D DpcExtImpl[0]: onchange selfChange=false state=ON uri=content://settings/system/screen_brightness
11-30 20:39:12.705  1947  1998 D DisplayManagerService: Ignore redundant display event 0/4 to 10342/3927
11-30 20:39:12.705  1947  1998 D DisplayManagerService: Ignore redundant display event 0/4 to 10148/21894
11-30 20:39:12.705  1947  1998 D DisplayManagerService: Ignore redundant display event 0/4 to 10318/22353
11-30 20:39:12.705  1947  1998 D DisplayManagerService: Ignore redundant display event 0/4 to 10247/24848
11-30 20:39:12.706  1947  1998 D DisplayManagerService: Ignore redundant display event 0/4 to 10350/29404
11-30 20:39:12.706  1947  1998 D DisplayManagerService: Ignore redundant display event 0/4 to 10274/30311
11-30 20:39:12.706  1947  1998 D DisplayManagerService: Ignore redundant display event 0/4 to 10153/30908
11-30 20:39:12.706  1947  1998 D DisplayManagerService: Ignore redundant display event 0/4 to 10419/31762
11-30 20:39:12.724  1947  2036 D DpcExtImpl[0]: onchange selfChange=false state=ON uri=content://settings/system/screen_brightness
11-30 20:39:12.726  1947  1998 D DisplayManagerService: Ignore redundant display event 0/4 to 10342/3927
11-30 20:39:12.727  1947  1998 D DisplayManagerService: Ignore redundant display event 0/4 to 10148/21894
11-30 20:39:12.727  1947  1998 D DisplayManagerService: Ignore redundant display event 0/4 to 10318/22353
11-30 20:39:12.727  1947  1998 D DisplayManagerService: Ignore redundant display event 0/4 to 10247/24848
11-30 20:39:12.727  1947  1998 D DisplayManagerService: Ignore redundant display event 0/4 to 10350/29404
11-30 20:39:12.727  1947  1998 D DisplayManagerService: Ignore redundant display event 0/4 to 10274/30311
11-30 20:39:12.727  1947  1998 D DisplayManagerService: Ignore redundant display event 0/4 to 10153/30908
11-30 20:39:12.727  1947  1998 D DisplayManagerService: Ignore redundant display event 0/4 to 10419/31762
11-30 20:39:12.745  1947  2036 D DpcExtImpl[0]: onchange selfChange=false state=ON uri=content://settings/system/screen_brightness
11-30 20:39:12.748  1947  1998 D DisplayManagerService: Ignore redundant display event 0/4 to 10342/3927
11-30 20:39:12.748  1947  1998 D DisplayManagerService: Ignore redundant display event 0/4 to 10148/21894
11-30 20:39:12.748  1947  1998 D DisplayManagerService: Ignore redundant display event 0/4 to 10318/22353
11-30 20:39:12.748  1947  1998 D DisplayManagerService: Ignore redundant display event 0/4 to 10247/24848
11-30 20:39:12.748  1947  1998 D DisplayManagerService: Ignore redundant display event 0/4 to 10350/29404
11-30 20:39:12.748  1947  1998 D DisplayManagerService: Ignore redundant display event 0/4 to 10274/30311
11-30 20:39:12.748  1947  1998 D DisplayManagerService: Ignore redundant display event 0/4 to 10153/30908
11-30 20:39:12.748  1947  1998 D DisplayManagerService: Ignore redundant display event 0/4 to 10419/31762
11-30 20:39:12.767  1947  2036 D DpcExtImpl[0]: onchange selfChange=false state=ON uri=content://settings/system/screen_brightness
11-30 20:39:12.770  1947  1998 D DisplayManagerService: Ignore redundant display event 0/4 to 10342/3927
11-30 20:39:12.770  1947  1998 D DisplayManagerService: Ignore redundant display event 0/4 to 10148/21894
11-30 20:39:12.770  1947  1998 D DisplayManagerService: Ignore redundant display event 0/4 to 10318/22353
11-30 20:39:12.770  1947  1998 D DisplayManagerService: Ignore redundant display event 0/4 to 10247/24848
11-30 20:39:12.770  1947  1998 D DisplayManagerService: Ignore redundant display event 0/4 to 10350/29404
11-30 20:39:12.770  1947  1998 D DisplayManagerService: Ignore redundant display event 0/4 to 10274/30311
11-30 20:39:12.770  1947  1998 D DisplayManagerService: Ignore redundant display event 0/4 to 10153/30908
11-30 20:39:12.770  1947  1998 D DisplayManagerService: Ignore redundant display event 0/4 to 10419/31762
11-30 20:39:12.789  1947  2036 D DpcExtImpl[0]: onchange selfChange=false state=ON uri=content://settings/system/screen_brightness
11-30 20:39:12.793  1947  1998 D DisplayManagerService: Ignore redundant display event 0/4 to 10342/3927
11-30 20:39:12.793  1947  1998 D DisplayManagerService: Ignore redundant display event 0/4 to 10148/21894
11-30 20:39:12.793  1947  1998 D DisplayManagerService: Ignore redundant display event 0/4 to 10318/22353
11-30 20:39:12.793  1947  1998 D DisplayManagerService: Ignore redundant display event 0/4 to 10247/24848
11-30 20:39:12.793  1947  1998 D DisplayManagerService: Ignore redundant display event 0/4 to 10350/29404
11-30 20:39:12.793  1947  1998 D DisplayManagerService: Ignore redundant display event 0/4 to 10274/30311
11-30 20:39:12.793  1947  1998 D DisplayManagerService: Ignore redundant display event 0/4 to 10153/30908
11-30 20:39:12.793  1947  1998 D DisplayManagerService: Ignore redundant display event 0/4 to 10419/31762
11-30 20:39:12.809  1947  2036 D DpcExtImpl[0]: onchange selfChange=false state=ON uri=content://settings/system/screen_brightness
11-30 20:39:12.811  1947  1998 D DisplayManagerService: Ignore redundant display event 0/4 to 10342/3927
11-30 20:39:12.811  1947  1998 D DisplayManagerService: Ignore redundant display event 0/4 to 10148/21894
11-30 20:39:12.811  1947  1998 D DisplayManagerService: Ignore redundant display event 0/4 to 10318/22353
11-30 20:39:12.811  1947  1998 D DisplayManagerService: Ignore redundant display event 0/4 to 10247/24848
11-30 20:39:12.811  1947  1998 D DisplayManagerService: Ignore redundant display event 0/4 to 10350/29404
11-30 20:39:12.812  1947  1998 D DisplayManagerService: Ignore redundant display event 0/4 to 10274/30311
11-30 20:39:12.812  1947  1998 D DisplayManagerService: Ignore redundant display event 0/4 to 10153/30908
11-30 20:39:12.812  1947  1998 D DisplayManagerService: Ignore redundant display event 0/4 to 10419/31762
11-30 20:39:12.831  1947  2036 D DpcExtImpl[0]: onchange selfChange=false state=ON uri=content://settings/system/screen_brightness
11-30 20:39:12.834  1947  1998 D DisplayManagerService: Ignore redundant display event 0/4 to 10342/3927
11-30 20:39:12.834  1947  1998 D DisplayManagerService: Ignore redundant display event 0/4 to 10148/21894
11-30 20:39:12.835  1947  1998 D DisplayManagerService: Ignore redundant display event 0/4 to 10318/22353
11-30 20:39:12.835  1947  1998 D DisplayManagerService: Ignore redundant display event 0/4 to 10247/24848
11-30 20:39:12.835  1947  1998 D DisplayManagerService: Ignore redundant display event 0/4 to 10350/29404
11-30 20:39:12.835  1947  1998 D DisplayManagerService: Ignore redundant display event 0/4 to 10274/30311
11-30 20:39:12.835  1947  1998 D DisplayManagerService: Ignore redundant display event 0/4 to 10153/30908
11-30 20:39:12.835  1947  1998 D DisplayManagerService: Ignore redundant display event 0/4 to 10419/31762
