11-30 20:43:51.019  1947  4489 I WindowManager: Window{8d4ae3d u0 NotificationShade} state from HAS_DRAWN to NO_SURFACE; reason: destroySurface
11-30 20:43:51.019  2503  3657 V OplusCustomizeCacheManager: queryCache name: sys.cache.common_customize_cache18014 param: null
11-30 20:43:51.020  2503  3657 V OplusCustomizeCacheManager: queryCache name: sys.cache.common_customize_cache18017 param: Bundle[{SETTING=BLOCK, BUSINESS=NCT-DATA}]
11-30 20:43:51.020  2503  3657 V OplusCustomizeCacheManager: start recompute
11-30 20:43:51.021  2503  3657 V OplusCustomizeCacheManager: queryCache name: sys.cache.common_customize_cache18013 param: null
11-30 20:43:51.031  1947  4489 D WindowManager: NFW_findFocusedWindowIfNeeded:Window{899f638 u0 com.android.launcher/com.android.launcher.Launcher} mCurrentFocus:Window{899f638 u0 com.android.launcher/com.android.launcher.Launcher}
11-30 20:43:51.045  2503  3657 V OplusCustomizeCacheManager: queryCache name: sys.cache.common_customize_cache18014 param: null
11-30 20:43:51.046  2503  3657 V OplusCustomizeCacheManager: queryCache name: sys.cache.common_customize_cache18017 param: Bundle[{SETTING=BLOCK, BUSINESS=NCT-DATA}]
11-30 20:43:51.046  2503  3657 V OplusCustomizeCacheManager: start recompute
11-30 20:43:51.047  2503  3657 V OplusCustomizeCacheManager: queryCache name: sys.cache.common_customize_cache18013 param: null
11-30 20:43:51.050  2503  3657 V OplusCustomizeCacheManager: queryCache name: sys.cache.common_customize_cache18014 param: null
11-30 20:43:51.050  2503  3657 V OplusCustomizeCacheManager: queryCache name: sys.cache.common_customize_cache18017 param: Bundle[{SETTING=BLOCK, BUSINESS=NCT-DATA}]
11-30 20:43:51.050  2503  3657 V OplusCustomizeCacheManager: start recompute
11-30 20:43:51.051  2503  3657 V OplusCustomizeCacheManager: queryCache name: sys.cache.common_customize_cache18013 param: null
11-30 20:43:51.056  2503  3657 V OplusCustomizeCacheManager: queryCache name: sys.cache.common_customize_cache18014 param: null
11-30 20:43:51.056  2503  3657 V OplusCustomizeCacheManager: queryCache name: sys.cache.common_customize_cache18017 param: Bundle[{SETTING=BLOCK, BUSINESS=NCT-DATA}]
11-30 20:43:51.056  2503  3657 V OplusCustomizeCacheManager: start recompute
11-30 20:43:51.056  1947  2038 D Arc[OplusBrightnessPhoneStateManager]: LuxEvent{event:AUX_LUX lux:18.0} -> LuxEvent{event:AUX_LUX lux:18.0}
11-30 20:43:51.056  1947  2038 W Arc[OplusBrightnessAmbientAdapter[LuxQueueProcess]]: screen on past time is too short, not to get trend list! checkTime = 800
11-30 20:43:51.057  2503  3657 V OplusCustomizeCacheManager: queryCache name: sys.cache.common_customize_cache18013 param: null
11-30 20:43:51.085  1947  2796 I OplusAppSwitchManagerService: appswitch registerAppSwitchObserver pName = com@@heytap@@accessory observer = com.oplus.app.IOplusAppSwitchObserver$Stub$Proxy@366679c config = OplusAppSwitchConfig = {  mConfigs = {1=[TOM@@NM@@wirelesssettings@@bluetooth@@DevicePickerActivity, TOM@@android@@internal@@app@@ChooserActivity, TOM@@NM@@melody@@TOMponent@@discovery@@DiscoveryDialogActivity, TOM@@heytap@@smarthome@@webview@@PolicyWebviewActivityHalfScreen, TOM@@heytap@@smarthome@@ipc@@halfcreen@@HalfScreenDeviceFindActivity], 2=[]} observerFingerPrint = 174103233}
11-30 20:43:51.085  1947  2796 I OplusAppSwitchStateDispatcher: registerAppSwitchObserver addDynamicListener OK, info = OplusAppSwitchRuleInfo = {  observer = com.oplus.app.IOplusAppSwitchObserver$Stub$Proxy@366679c observerFingerPrint = 174103233} rule size =0
11-30 20:43:51.131  1947  2038 D Arc[OplusBrightnessPhoneStateManager]: LuxEvent{event:MAIN_LUX lux:16.0} -> LuxEvent{event:AUX_LUX lux:18.0}
11-30 20:43:51.132  1947  2038 W Arc[OplusBrightnessAmbientAdapter[LuxQueueProcess]]: screen on past time is too short, not to get trend list! checkTime = 800
11-30 20:43:51.145  1947  2038 D Arc[OplusBrightnessPhoneStateManager]: LuxEvent{event:AUX_LUX lux:18.0} -> LuxEvent{event:AUX_LUX lux:18.0}
11-30 20:43:51.154  1947  2038 W Arc[OplusBrightnessAmbientAdapter[LuxQueueProcess]]: screen on past time is too short, not to get trend list! checkTime = 800
11-30 20:43:51.155  1947  2313 D OplusBatteryManager: getPsyBatteryRm: 1549
11-30 20:43:51.157  7867  7867 D ResourcesManagerExtImpl: applyConfigurationToAppResourcesLocked app.getDisplayId() return callback.displayId:-1
11-30 20:43:51.199  1947  2182 W OplusStorageManagerFeature: mScreenReceiver action:android.intent.action.SCREEN_ON
11-30 20:43:51.201  1947  2182 W OplusStorageManagerFeature: turn screenOn, maintPrepared:false
11-30 20:43:51.202   600  7903 D vold    : idle maintenance stopped
11-30 20:43:51.203  1947  2182 W OplusStorageManagerFeature: sendToTarget over,paramStr:0
11-30 20:43:51.212  1947  1947 D MBrainLocalService: isVendorFreezeConditionPass is false
11-30 20:43:51.212  1947  1947 E ScreenIntentReceiver: notifyChange failed
11-30 20:43:51.214  1947  2250 D OplusFeatureColorMode: +updateUserPresent
11-30 20:43:51.215  1947  2182 W OplusStorageManagerFeature: Ready to deal actionParam:0
11-30 20:43:51.244  1947  2038 D Arc[OplusBrightnessPhoneStateManager]: LuxEvent{event:AUX_LUX lux:17.0} -> LuxEvent{event:AUX_LUX lux:17.0}
11-30 20:43:51.245  1947  2038 W Arc[OplusBrightnessAmbientAdapter[LuxQueueProcess]]: screen on past time is too short, not to get trend list! checkTime = 800
11-30 20:43:51.246  1947  2789 E OplusCustomizeRestrictionManagerService: isBiometricDisabled start
11-30 20:43:51.251  1947  4500 W PackageManager: package com.coloros.alarmclock uid 10159 pid 7867 call SetEnabledSetting(com.coloros.alarmclock component = com.oplus.alarmclock.provider.ClockProviderOPlus, 1, 0)
11-30 20:43:51.263  1947  4054 D CompatibilityChangeReporter: Compat change id reported: 135634846; UID 10238; state: DISABLED
11-30 20:43:51.264  1947  4054 D CompatibilityChangeReporter: Compat change id reported: 177438394; UID 10238; state: DISABLED
11-30 20:43:51.264  1947  4054 D CompatibilityChangeReporter: Compat change id reported: 135772972; UID 10238; state: DISABLED
11-30 20:43:51.264  1947  4054 D CompatibilityChangeReporter: Compat change id reported: 135754954; UID 10238; state: ENABLED
11-30 20:43:51.265  1947  2015 D CompatibilityChangeReporter: Compat change id reported: 143937733; UID 10238; state: ENABLED
11-30 20:43:51.279  1947  2796 I ActivityManager: Flag disabled. Ignoring finishAttachApplication from uid: 10159. pid: 7867
11-30 20:43:51.294  1947  2231 D CompatibilityChangeReporter: Compat change id reported: 319212206; UID 1000; state: DISABLED
11-30 20:43:51.294  1947  2231 D CompatibilityChangeReporter: Compat change id reported: 319212206; UID 1000; state: ENABLED
11-30 20:43:51.305  1947  1996 D MBrainLocalService: isVendorFreezeConditionPass is false
11-30 20:43:51.305  1947  1996 E MBrainLocalService: notifyAppSwitch failed
11-30 20:43:51.309  1947  2015 I ActivityManager: Start proc 7908:com.google.android.apps.messaging/u0a238 for content provider {com.google.android.apps.messaging/com.google.android.apps.messaging.shared.datamodel.provider.sharedstorage.SharedStorageProvider}
11-30 20:43:51.333  1947  2038 D Arc[OplusBrightnessPhoneStateManager]: LuxEvent{event:MAIN_LUX lux:16.0} -> LuxEvent{event:AUX_LUX lux:17.0}
11-30 20:43:51.345  1947  2038 D Arc[OplusBrightnessPhoneStateManager]: LuxEvent{event:AUX_LUX lux:18.0} -> LuxEvent{event:AUX_LUX lux:18.0}
11-30 20:43:51.363  1947  2796 D OplusBatteryServiceFeature: setSmartCoolDown: coolDown = 0, normalCoolDown = 0, pkgName = com.android.launcher
11-30 20:43:51.389  1947  2014 I OplusStatusBarManagerServiceEnhance:  getTopIsFullscreen mTopIsFullscreen: false
11-30 20:43:51.390  1947  1947 D NotificationService: This application enqueue notifications  is not in McsNotInterceptPkgList, mcsAssistantDelayTime: 200
11-30 20:43:51.433  1947  4054 D CompatibilityChangeReporter: Compat change id reported: 168419799; UID 10238; state: DISABLED
11-30 20:43:51.433  1947  4054 D CompatibilityChangeReporter: Compat change id reported: 273564678; UID 10238; state: DISABLED
11-30 20:43:51.434  1947  4054 D ActivityTaskManagerServiceExtImpl: preBindApplication record is null
11-30 20:43:51.438  1947  2796 D CompatibilityChangeReporter: Compat change id reported: 161145287; UID 10159; state: ENABLED
11-30 20:43:51.445  1947  1998 D OplusInterceptLockScreenWindow: starting IOplusLockScreenCallbacks service...
11-30 20:43:51.448  1947  2038 D Arc[OplusBrightnessPhoneStateManager]: LuxEvent{event:AUX_LUX lux:18.0} -> LuxEvent{event:AUX_LUX lux:18.0}
11-30 20:43:51.462  1947  2352 D CompatibilityChangeReporter: Compat change id reported: 170503758; UID 10238; state: ENABLED
11-30 20:43:51.479  1947  2352 D BiometricService: canAuthenticate: User=0, Caller=0, Authenticators=255, opPackageName=com.google.android.gms
11-30 20:43:51.479  1947  2352 E OplusCustomizeRestrictionManagerService: isBiometricDisabled start
11-30 20:43:51.486  1947  2352 E OplusCustomizeRestrictionManagerService: isBiometricDisabled start
11-30 20:43:51.486  1947  2352 E OplusCustomizeRestrictionManagerService: isBiometricDisabled start
11-30 20:43:51.487  1947  2352 D BiometricService/PreAuthInfo: Package: com.google.android.gms Sensor ID: 4 Modality: 8 Status: 7
11-30 20:43:51.490  1947  2352 E OplusCustomizeRestrictionManagerService: isBiometricDisabled start
11-30 20:43:51.491  1947  2352 D BiometricService/PreAuthInfo: Package: com.google.android.gms Sensor ID: 1 Modality: 2 Status: 1
11-30 20:43:51.491  1947  2352 D BiometricService/PreAuthInfo: getCanAuthenticateInternal Modality: 2 AuthenticatorStatus: 1
11-30 20:43:51.491  1947  2352 D AuthService: canAuthenticate, userId: 0, callingUserId: 0, authenticators: 255, result: 0
11-30 20:43:51.529  1947  2038 D Arc[OplusBrightnessPhoneStateManager]: LuxEvent{event:MAIN_LUX lux:16.0} -> LuxEvent{event:AUX_LUX lux:18.0}
11-30 20:43:51.543  1947  2038 D Arc[OplusBrightnessPhoneStateManager]: LuxEvent{event:AUX_LUX lux:18.0} -> LuxEvent{event:AUX_LUX lux:18.0}
11-30 20:43:51.604  7867  7867 I AppWidgetManager: updateAppWidgetIds, mPackageName: com.coloros.alarmclock, appWidgetIds: [27], views:android.widget.RemoteViews@8c6ae01
11-30 20:43:51.612  1947  2258 I AppWidgetServiceImpl: handleNotifyUpdateAppWidget,appWidgetId: 27,packageName:com.coloros.alarmclock
11-30 20:43:51.614  3031  3031 D AppWidgetHostView: inflateAsync(rvToApply), appWidgetId: 27
11-30 20:43:51.648  1947  2038 D Arc[OplusBrightnessPhoneStateManager]: LuxEvent{event:AUX_LUX lux:18.0} -> LuxEvent{event:AUX_LUX lux:18.0}
11-30 20:43:51.690  1947  4284 D CompatibilityChangeReporter: Compat change id reported: 135634846; UID 10174; state: DISABLED
11-30 20:43:51.691  1947  4284 D CompatibilityChangeReporter: Compat change id reported: 177438394; UID 10174; state: DISABLED
11-30 20:43:51.691  1947  4284 D CompatibilityChangeReporter: Compat change id reported: 135772972; UID 10174; state: DISABLED
11-30 20:43:51.691  1947  4284 D CompatibilityChangeReporter: Compat change id reported: 135754954; UID 10174; state: ENABLED
11-30 20:43:51.692  1947  2015 D CompatibilityChangeReporter: Compat change id reported: 143937733; UID 10174; state: ENABLED
11-30 20:43:51.739  1947  2015 I ActivityManager: Start proc 7955:com.coloros.weather.service/u0a174 for service {com.coloros.weather.service/com.oplus.weather.external.WeatherCommonService}
11-30 20:43:51.739  1947  2015 W ActivityManager: Slow operation: 51ms so far, now at startProcess: done updating pids map
11-30 20:43:51.745  1947  2038 D Arc[OplusBrightnessPhoneStateManager]: LuxEvent{event:MAIN_LUX lux:16.0} -> LuxEvent{event:AUX_LUX lux:18.0}
11-30 20:43:51.763  1947  2038 D Arc[OplusBrightnessPhoneStateManager]: LuxEvent{event:AUX_LUX lux:18.0} -> LuxEvent{event:AUX_LUX lux:18.0}
11-30 20:43:51.832  1947  2789 D CompatibilityChangeReporter: Compat change id reported: 168419799; UID 10174; state: DISABLED
11-30 20:43:51.832  1947  2789 D CompatibilityChangeReporter: Compat change id reported: 273564678; UID 10174; state: DISABLED
11-30 20:43:51.835  1947  2789 D ActivityTaskManagerServiceExtImpl: preBindApplication record is null
11-30 20:43:51.845  1947  2038 D Arc[OplusBrightnessPhoneStateManager]: LuxEvent{event:AUX_LUX lux:18.0} -> LuxEvent{event:AUX_LUX lux:18.0}
11-30 20:43:51.863  1947  2124 D CompatibilityChangeReporter: Compat change id reported: 265195908; UID 10174; state: ENABLED
11-30 20:43:51.865  1947  2789 D CompatibilityChangeReporter: Compat change id reported: 261072174; UID 10159; state: ENABLED
11-30 20:43:51.881  1947  2789 D CompatibilityChangeReporter: Compat change id reported: 170503758; UID 10174; state: ENABLED
11-30 20:43:51.926  1947  2038 D Arc[OplusBrightnessPhoneStateManager]: LuxEvent{event:MAIN_LUX lux:16.0} -> LuxEvent{event:AUX_LUX lux:18.0}
11-30 20:43:51.943  1947  2038 D Arc[OplusBrightnessPhoneStateManager]: LuxEvent{event:AUX_LUX lux:18.0} -> LuxEvent{event:AUX_LUX lux:18.0}
11-30 20:43:52.007  7955  7955 D ResourcesManagerExtImpl: applyConfigurationToAppResourcesLocked app.getDisplayId() return callback.displayId:-1
11-30 20:43:52.043  1947  2038 D Arc[OplusBrightnessPhoneStateManager]: LuxEvent{event:AUX_LUX lux:18.0} -> LuxEvent{event:AUX_LUX lux:18.0}
11-30 20:43:52.083  1947  1996 D MBrainLocalService: isVendorFreezeConditionPass is false
11-30 20:43:52.084  1947  1996 E MBrainLocalService: notifyAppSwitch failed
11-30 20:43:52.089  7908  7908 I Quality : ActivityThread: makeApplication delay 342 com.google.android.apps.messaging 7908
11-30 20:43:52.090  7908  7908 D ResourcesManagerExtImpl: applyConfigurationToAppResourcesLocked app.getDisplayId() return callback.displayId:-1
11-30 20:43:52.118  1947  4054 D CompatibilityChangeReporter: Compat change id reported: 319212206; UID 10174; state: ENABLED
11-30 20:43:52.122  1947  3817 D CompatibilityChangeReporter: Compat change id reported: 161145287; UID 10174; state: ENABLED
11-30 20:43:52.125  1947  2038 D Arc[OplusBrightnessPhoneStateManager]: LuxEvent{event:MAIN_LUX lux:15.0} -> LuxEvent{event:AUX_LUX lux:18.0}
11-30 20:43:52.127  1947  3817 D CompatibilityChangeReporter: Compat change id reported: 161145287; UID 10238; state: ENABLED
11-30 20:43:52.141  1947  3817 I ActivityManager: Flag disabled. Ignoring finishAttachApplication from uid: 10174. pid: 7955
11-30 20:43:52.143  1947  2038 D Arc[OplusBrightnessPhoneStateManager]: LuxEvent{event:AUX_LUX lux:18.0} -> LuxEvent{event:AUX_LUX lux:18.0}
11-30 20:43:52.179  1947  3817 I ActivityManager: Flag disabled. Ignoring finishAttachApplication from uid: 10238. pid: 7908
11-30 20:43:52.243  1947  2038 D Arc[OplusBrightnessPhoneStateManager]: LuxEvent{event:AUX_LUX lux:18.0} -> LuxEvent{event:AUX_LUX lux:18.0}
11-30 20:43:52.326  1947  2038 D Arc[OplusBrightnessPhoneStateManager]: LuxEvent{event:MAIN_LUX lux:15.0} -> LuxEvent{event:AUX_LUX lux:18.0}
11-30 20:43:52.344  1947  2038 D Arc[OplusBrightnessPhoneStateManager]: LuxEvent{event:AUX_LUX lux:18.0} -> LuxEvent{event:AUX_LUX lux:18.0}
11-30 20:43:52.443  1947  2038 D Arc[OplusBrightnessPhoneStateManager]: LuxEvent{event:AUX_LUX lux:18.0} -> LuxEvent{event:AUX_LUX lux:18.0}
11-30 20:43:52.445  1947  3817 W PackageManager: package com.google.android.apps.messaging uid 10238 pid 7908 call SetEnabledSetting(com.google.android.apps.messaging component = com.google.android.ims.binding.SystemBindingService, 1, 0)
11-30 20:43:52.457  1947  3817 W PackageManager: package com.google.android.apps.messaging uid 10238 pid 7908 call SetEnabledSetting(com.google.android.apps.messaging component = com.google.android.apps.messaging.auto.MessagingTemplateScreenServiceModule, 1, 0)
11-30 20:43:52.526  1947  2038 D Arc[OplusBrightnessPhoneStateManager]: LuxEvent{event:MAIN_LUX lux:13.0} -> LuxEvent{event:AUX_LUX lux:18.0}
11-30 20:43:52.530  1947  2796 D CompatibilityChangeReporter: Compat change id reported: 253665015; UID 10238; state: ENABLED
11-30 20:43:52.531  1947  2796 D CompatibilityChangeReporter: Compat change id reported: 194532703; UID 10238; state: ENABLED
11-30 20:43:52.539  1947  2796 D CompatibilityChangeReporter: Compat change id reported: 271850009; UID 10238; state: ENABLED
11-30 20:43:52.543  1947  2038 D Arc[OplusBrightnessPhoneStateManager]: LuxEvent{event:AUX_LUX lux:18.0} -> LuxEvent{event:AUX_LUX lux:18.0}
11-30 20:43:52.643  1947  2038 D Arc[OplusBrightnessPhoneStateManager]: LuxEvent{event:AUX_LUX lux:18.0} -> LuxEvent{event:AUX_LUX lux:18.0}
11-30 20:43:52.699  1947  2038 I OplusSmartBrightnessController: Boost finished
11-30 20:43:52.699  1947  2038 D OplusSmartBrightnessController: updateBoostMode displayId[0]=0
11-30 20:43:52.726  1947  2038 D Arc[OplusBrightnessPhoneStateManager]: LuxEvent{event:MAIN_LUX lux:10.0} -> LuxEvent{event:AUX_LUX lux:18.0}
11-30 20:43:52.744  1947  2038 D Arc[OplusBrightnessPhoneStateManager]: LuxEvent{event:AUX_LUX lux:19.0} -> LuxEvent{event:AUX_LUX lux:19.0}
11-30 20:43:53.232  1947  2171 D PowerManagerService: userActivityNoUpdateLocked: groupId=0, eventTime=232242709, event=touch, flags=0x0, uid=1000
11-30 20:43:53.301  2503  3657 V OplusCustomizeCacheManager: queryCache name: sys.cache.common_customize_cache18014 param: null
11-30 20:43:53.301  2503  3657 V OplusCustomizeCacheManager: queryCache name: sys.cache.common_customize_cache18017 param: Bundle[{SETTING=BLOCK, BUSINESS=NCT-DATA}]
11-30 20:43:53.301  2503  3657 V OplusCustomizeCacheManager: start recompute
11-30 20:43:53.302  2503  3657 V OplusCustomizeCacheManager: queryCache name: sys.cache.common_customize_cache18013 param: null
11-30 20:43:53.306  1947  4054 I VibratorManagerServiceExtImpl: cancelVibrate uid=1000, pid=1947, usageFilter=-15, token=86409605
11-30 20:43:53.310  1947  4054 D WindowManagerServiceExtImpl: extractConfigInfoAndRealFlags rotation=0, screenDp=720, win=Window{8d4ae3d u0 NotificationShade}
11-30 20:43:53.311  1947  4054 V WindowManager: Relayout Window{8d4ae3d u0 NotificationShade}: viewVisibility=0, oldvis=4, req=1080x2400, vsysui=, x=0, y=0
11-30 20:43:53.311  1947  4054 I WindowManager: Window{8d4ae3d u0 NotificationShade} state from NO_SURFACE to DRAW_PENDING; reason: resetDrawState
11-30 20:43:53.323  1947  4054 D WindowManager: NFW_findFocusedWindowIfNeeded:Window{8d4ae3d u0 NotificationShade} mCurrentFocus:Window{899f638 u0 com.android.launcher/com.android.launcher.Launcher}
11-30 20:43:53.324  1947  4054 V WindowManager: Changing focus from Window{899f638 u0 com.android.launcher/com.android.launcher.Launcher} to Window{8d4ae3d u0 NotificationShade},diplayid=0
11-30 20:43:53.325  1947  2171 D PowerManagerService: userActivityNoUpdateLocked: groupId=0, eventTime=232242809, event=touch, flags=0x0, uid=1000
11-30 20:43:53.331  2503  2503 W VRI[NotificationShade]: updateBlastSurfaceIfNeeded, surfaceSize:Point(1080, 2400), lastSurfaceSize:Point(1080, 2400), format:-3, blastBufferQueue:null
11-30 20:43:53.354  1947  4054 I WindowManager: Window{8d4ae3d u0 NotificationShade} state from DRAW_PENDING to COMMIT_DRAW_PENDING; reason: finishDrawingLocked
11-30 20:43:53.356  1947  1999 I WindowManager: Window{8d4ae3d u0 NotificationShade} state from COMMIT_DRAW_PENDING to READY_TO_SHOW; reason: commitFinishDrawingLocked
11-30 20:43:53.356  1947  1999 I WindowManager: Window{8d4ae3d u0 NotificationShade} state from READY_TO_SHOW to HAS_DRAWN; reason: performShowLocked
11-30 20:43:53.377  2503  3657 V OplusCustomizeCacheManager: queryCache name: sys.cache.common_customize_cache18014 param: null
11-30 20:43:53.377  2503  3657 V OplusCustomizeCacheManager: queryCache name: sys.cache.common_customize_cache18017 param: Bundle[{SETTING=BLOCK, BUSINESS=NCT-DATA}]
11-30 20:43:53.377  2503  3657 V OplusCustomizeCacheManager: start recompute
11-30 20:43:53.378  2503  3657 V OplusCustomizeCacheManager: queryCache name: sys.cache.common_customize_cache18013 param: null
11-30 20:43:53.389  2503  3657 V OplusCustomizeCacheManager: queryCache name: sys.cache.common_customize_cache18014 param: null
11-30 20:43:53.389  2503  3657 V OplusCustomizeCacheManager: queryCache name: sys.cache.common_customize_cache18017 param: Bundle[{SETTING=BLOCK, BUSINESS=NCT-DATA}]
11-30 20:43:53.389  2503  3657 V OplusCustomizeCacheManager: start recompute
11-30 20:43:53.391  2503  3657 V OplusCustomizeCacheManager: queryCache name: sys.cache.common_customize_cache18013 param: null
11-30 20:43:53.394  2503  3657 V OplusCustomizeCacheManager: queryCache name: sys.cache.common_customize_cache18014 param: null
11-30 20:43:53.394  2503  3657 V OplusCustomizeCacheManager: queryCache name: sys.cache.common_customize_cache18017 param: Bundle[{SETTING=BLOCK, BUSINESS=NCT-DATA}]
11-30 20:43:53.394  2503  3657 V OplusCustomizeCacheManager: start recompute
11-30 20:43:53.395  2503  3657 V OplusCustomizeCacheManager: queryCache name: sys.cache.common_customize_cache18013 param: null
11-30 20:43:53.397  2503  3657 V OplusCustomizeCacheManager: queryCache name: sys.cache.common_customize_cache18014 param: null
11-30 20:43:53.397  2503  3657 V OplusCustomizeCacheManager: queryCache name: sys.cache.common_customize_cache18017 param: Bundle[{SETTING=BLOCK, BUSINESS=NCT-DATA}]
11-30 20:43:53.397  2503  3657 V OplusCustomizeCacheManager: start recompute
11-30 20:43:53.398  2503  3657 V OplusCustomizeCacheManager: queryCache name: sys.cache.common_customize_cache18013 param: null
11-30 20:43:53.772  1947  2038 D OplusFeatureHDREnhanceBrightness: checkIsPlayingHDR isPlayingHDR=0 rotation=0 whiteApp=false battery=30
11-30 20:43:55.337  2503  3657 V OplusCustomizeCacheManager: queryCache name: sys.cache.common_customize_cache18014 param: null
11-30 20:43:55.337  2503  3657 V OplusCustomizeCacheManager: queryCache name: sys.cache.common_customize_cache18017 param: Bundle[{SETTING=BLOCK, BUSINESS=NCT-DATA}]
11-30 20:43:55.337  2503  3657 V OplusCustomizeCacheManager: start recompute
11-30 20:43:55.338  2503  3657 V OplusCustomizeCacheManager: queryCache name: sys.cache.common_customize_cache18013 param: null
11-30 20:43:55.446  1947  2171 D PowerManagerService: userActivityNoUpdateLocked: groupId=0, eventTime=232244929, event=touch, flags=0x0, uid=1000
11-30 20:43:56.288  1947  1996 D MBrainLocalService: isVendorFreezeConditionPass is false
11-30 20:43:56.289  1947  1996 E MBrainLocalService: notifyAppSwitch failed
11-30 20:43:56.291  1947  2124 D CompatibilityChangeReporter: Compat change id reported: 265195908; UID 10247; state: ENABLED
11-30 20:43:56.293  1947  1996 D MBrainLocalService: isVendorFreezeConditionPass is false
11-30 20:43:56.293  1947  1996 E MBrainLocalService: notifyAppSwitch failed
11-30 20:43:56.354  1947  1998 I DisplayDeviceRepository: Display device changed: DisplayDeviceInfo{"Built-in Screen": uniqueId="local:4627039422300187648", 1080 x 2400, modeId 5, renderFrameRate 45.0, defaultModeId 1, supportedModes [{id=1, width=1080, height=2400, fps=90.0, alternativeRefreshRates=[45.0, 48.000004, 50.0, 60.0], supportedHdrTypes=[]}, {id=2, width=1080, height=2400, fps=60.0, alternativeRefreshRates=[45.0, 48.000004, 50.0, 90.0], supportedHdrTypes=[]}, {id=3, width=1080, height=2400, fps=50.0, alternativeRefreshRates=[45.0, 48.000004, 60.0, 90.0], supportedHdrTypes=[]}, {id=4, width=1080, height=2400, fps=48.000004, alternativeRefreshRates=[45.0, 50.0, 60.0, 90.0], supportedHdrTypes=[]}, {id=5, width=1080, height=2400, fps=45.0, alternativeRefreshRates=[48.000004, 50.0, 60.0, 90.0], supportedHdrTypes=[]}], colorMode 0, supportedColorModes [0], hdrCapabilities HdrCapabilities{mSupportedHdrTypes=[], mMaxLuminance=500.0, mMaxAverageLuminance=500.0, mMinLuminance=0.0}, allmSupported false, gameContentTypeSupported false, density 480, 391.885 x 390.769 dpi, appVsyncOff 19066666, presDeadline 28600000, cutout DisplayCutout{insets=Rect(0, 110 - 0, 0) waterfall=Insets{left=0, top=0, right=0, bottom=0} boundingRect={Bounds=[Rect(0, 0 - 0, 0), Rect(498, 0 - 582, 110), Rect(0, 0 - 0, 0), Rect(0, 0 - 0, 0)]} cutoutPathParserInfo={CutoutPathParserInfo{displayWidth=1080 displayHeight=2400 physicalDisplayWidth=1080 physicalDisplayHeight=2400 density={3.0} cutoutSpec={M -42,0 L -42,110 L 42,110 L 42,0 Z} rotation={0} scale={1.0} physicalPixelDisplaySizeRatio={1.0}}}}, touch INTERNAL, rotation 0, type INTERNAL, address {port=0, model=0x40368bd6e7ee6c}, deviceProductInfo DeviceProductInfo{name=MTKDEV, manufacturerPnpId=MTK, productId=35638, modelYear=null, manufactureDate=ManufactureDate{week=42, year=2021}, connectionToSinkType=0}, state ON, committedState ON, frameRateOverride , brightnessMinimum 0.0, brightnessMaximum 1.0, brightnessDefault 1630.4689, hdrSdrRatio 1.0, backlightType 0, FLAG_ALLOWED_TO_BE_DEFAULT_DISPLAY, FLAG_ROTATES_WITH_CONTENT, FLAG_SECURE, FLAG_SUPPORTS_PROTECTED_BUFFERS, FLAG_TRUSTED, installOrientation 0, displayShape DisplayShape{ spec=1406003047 displayWidth=1080 displayHeight=2400 physicalPixelDisplaySizeRatio=1.0 rotation=0 offsetX=0 offsetY=0 scale=1.0}}
11-30 20:43:56.355  1947  1998 D LogicalDisplayExt: set displayInfo flag FLAG_ROTATES_WITH_CONTENT
11-30 20:43:56.357  1947  1998 D DisplayManagerServiceExtImpl: scheduleTraversalLocked intraversal=false
11-30 20:43:56.357  1947  1998 I DisplayManagerServiceExtImpl: handle logical display changed logicalDisplay=id=0,stack=0,content=true,displayInfo{stack=0,type=1,id=0,uId=local:4627039422300187648,state=ON,pkg=null}
11-30 20:43:56.357  1947  1998 D DisplayManagerService: Delivering display event: displayId=0, event=2
11-30 20:43:56.358  1947  1947 I WallpaperManagerServiceExt: removeDisplayData. displayId = 0
11-30 20:43:56.361  2386  2386 D CastManagerService: onDisplayChanged.
11-30 20:43:56.362  1947  1996 D OplusVFXScreenEffectFeature: notifySFCompatWindowStateChange entered false
11-30 20:43:56.362  1947  1996 D FlexibleWindowManager: physicalDisplayChangedForFlexibleWindow displayId 0, current display info 1080 x 2400, new display info 1080 x 2400
11-30 20:43:56.362  1947  1996 D FlexibleWindowManager: physicalDisplayChangedForFlexibleWindow return for unsupported devices
11-30 20:43:56.365  1947  1998 D DisplayManagerService: MSG_REQUEST_TRAVERSAL pendingCompleted=false
11-30 20:43:56.367  1947  1996 D FSS_FoldScreenBlackCoverController: displayChangeToOn, dc:Display{#0 state=ON size=1080x2400 ROTATION_0}
11-30 20:43:56.371  1947  1999 D DisplayManagerService: performTraversalInternal pendingTraversal
11-30 20:43:56.371  1947  1999 D DisplayDevice: setLayerStackLocked id=local:4627039422300187648 token=android.os.BinderProxy@8a9ed20 stack=0->0
11-30 20:43:56.403  1947  2041 D VRR [OPlusRefreshRateService]: handleConfigIdChange physicalDisplayId: 4627039422300187648 configId: 4 renderPeriod: 22222222
11-30 20:43:56.857  1947  2171 D PowerManagerService: userActivityNoUpdateLocked: groupId=0, eventTime=232246339, event=touch, flags=0x0, uid=1000
11-30 20:43:56.908  1947  1998 I DisplayDeviceRepository: Display device changed: DisplayDeviceInfo{"Built-in Screen": uniqueId="local:4627039422300187648", 1080 x 2400, modeId 1, renderFrameRate 90.0, defaultModeId 1, supportedModes [{id=1, width=1080, height=2400, fps=90.0, alternativeRefreshRates=[45.0, 48.000004, 50.0, 60.0], supportedHdrTypes=[]}, {id=2, width=1080, height=2400, fps=60.0, alternativeRefreshRates=[45.0, 48.000004, 50.0, 90.0], supportedHdrTypes=[]}, {id=3, width=1080, height=2400, fps=50.0, alternativeRefreshRates=[45.0, 48.000004, 60.0, 90.0], supportedHdrTypes=[]}, {id=4, width=1080, height=2400, fps=48.000004, alternativeRefreshRates=[45.0, 50.0, 60.0, 90.0], supportedHdrTypes=[]}, {id=5, width=1080, height=2400, fps=45.0, alternativeRefreshRates=[48.000004, 50.0, 60.0, 90.0], supportedHdrTypes=[]}], colorMode 0, supportedColorModes [0], hdrCapabilities HdrCapabilities{mSupportedHdrTypes=[], mMaxLuminance=500.0, mMaxAverageLuminance=500.0, mMinLuminance=0.0}, allmSupported false, gameContentTypeSupported false, density 480, 391.885 x 390.769 dpi, appVsyncOff 7955555, presDeadline 17488889, cutout DisplayCutout{insets=Rect(0, 110 - 0, 0) waterfall=Insets{left=0, top=0, right=0, bottom=0} boundingRect={Bounds=[Rect(0, 0 - 0, 0), Rect(498, 0 - 582, 110), Rect(0, 0 - 0, 0), Rect(0, 0 - 0, 0)]} cutoutPathParserInfo={CutoutPathParserInfo{displayWidth=1080 displayHeight=2400 physicalDisplayWidth=1080 physicalDisplayHeight=2400 density={3.0} cutoutSpec={M -42,0 L -42,110 L 42,110 L 42,0 Z} rotation={0} scale={1.0} physicalPixelDisplaySizeRatio={1.0}}}}, touch INTERNAL, rotation 0, type INTERNAL, address {port=0, model=0x40368bd6e7ee6c}, deviceProductInfo DeviceProductInfo{name=MTKDEV, manufacturerPnpId=MTK, productId=35638, modelYear=null, manufactureDate=ManufactureDate{week=42, year=2021}, connectionToSinkType=0}, state ON, committedState ON, frameRateOverride , brightnessMinimum 0.0, brightnessMaximum 1.0, brightnessDefault 1630.4689, hdrSdrRatio 1.0, backlightType 0, FLAG_ALLOWED_TO_BE_DEFAULT_DISPLAY, FLAG_ROTATES_WITH_CONTENT, FLAG_SECURE, FLAG_SUPPORTS_PROTECTED_BUFFERS, FLAG_TRUSTED, installOrientation 0, displayShape DisplayShape{ spec=1406003047 displayWidth=1080 displayHeight=2400 physicalPixelDisplaySizeRatio=1.0 rotation=0 offsetX=0 offsetY=0 scale=1.0}}
11-30 20:43:56.908  1947  1998 D LogicalDisplayExt: set displayInfo flag FLAG_ROTATES_WITH_CONTENT
11-30 20:43:56.910  1947  1998 D DisplayManagerServiceExtImpl: scheduleTraversalLocked intraversal=false
11-30 20:43:56.910  1947  1998 I DisplayManagerServiceExtImpl: handle logical display changed logicalDisplay=id=0,stack=0,content=true,displayInfo{stack=0,type=1,id=0,uId=local:4627039422300187648,state=ON,pkg=null}
11-30 20:43:56.910  1947  1998 D DisplayManagerService: Delivering display event: displayId=0, event=2
11-30 20:43:56.911  1947  1947 I WallpaperManagerServiceExt: removeDisplayData. displayId = 0
11-30 20:43:56.913  1947  1998 D DisplayManagerService: Ignore redundant display event 0/2 to 10342/3927
11-30 20:43:56.913  1947  1998 D DisplayManagerService: Ignore redundant display event 0/2 to 10295/6091
11-30 20:43:56.913  1947  1998 D DisplayManagerService: Ignore redundant display event 0/2 to 10320/6305
11-30 20:43:56.913  1947  1998 D DisplayManagerService: Ignore redundant display event 0/2 to 10247/7720
11-30 20:43:56.913  1947  1998 D DisplayManagerService: Ignore redundant display event 0/2 to 10148/21894
11-30 20:43:56.913  1947  1998 D DisplayManagerService: Ignore redundant display event 0/2 to 10318/22353
11-30 20:43:56.914  1947  1998 D DisplayManagerService: Ignore redundant display event 0/2 to 10350/29404
11-30 20:43:56.914  1947  1998 D DisplayManagerService: Ignore redundant display event 0/2 to 10274/30311
11-30 20:43:56.914  1947  1998 D DisplayManagerService: Ignore redundant display event 0/2 to 10153/30908
11-30 20:43:56.914  1947  1998 D DisplayManagerService: Ignore redundant display event 0/2 to 10419/31762
11-30 20:43:56.915  1947  1998 D DisplayManagerService: Ignore redundant display event 0/2 to 10422/32598
11-30 20:43:56.915  1947  1998 D DisplayManagerService: MSG_REQUEST_TRAVERSAL pendingCompleted=false
11-30 20:43:56.919  1947  1996 D OplusVFXScreenEffectFeature: notifySFCompatWindowStateChange entered false
11-30 20:43:56.919  1947  1996 D FlexibleWindowManager: physicalDisplayChangedForFlexibleWindow displayId 0, current display info 1080 x 2400, new display info 1080 x 2400
11-30 20:43:56.919  1947  1996 D FlexibleWindowManager: physicalDisplayChangedForFlexibleWindow return for unsupported devices
11-30 20:43:56.919  1947  1996 D FSS_FoldScreenBlackCoverController: displayChangeToOn, dc:Display{#0 state=ON size=1080x2400 ROTATION_0}
11-30 20:43:56.921  2386  2386 D CastManagerService: onDisplayChanged.
11-30 20:43:56.922  1947  1999 D DisplayManagerService: performTraversalInternal pendingTraversal
11-30 20:43:56.922  1947  1999 D DisplayDevice: setLayerStackLocked id=local:4627039422300187648 token=android.os.BinderProxy@8a9ed20 stack=0->0
11-30 20:43:56.958  1947  2041 D VRR [OPlusRefreshRateService]: handleConfigIdChange physicalDisplayId: 4627039422300187648 configId: 0 renderPeriod: 11111111
11-30 20:43:57.557  1947  2008 W ProcessStats: Tracking association SourceState{c41b562 com.google.android.gms.persistent/10108 BFgs #1154353} whose proc state 4 is better than process ProcessState{556a3b0 com.google.android.gms/10108 pkg=com.google.android.gms} proc state 14 (122 skipped)
11-30 20:43:57.891  2503  3657 V OplusCustomizeCacheManager: queryCache name: sys.cache.common_customize_cache18014 param: null
11-30 20:43:57.891  2503  3657 V OplusCustomizeCacheManager: queryCache name: sys.cache.common_customize_cache18017 param: Bundle[{SETTING=BLOCK, BUSINESS=NCT-DATA}]
11-30 20:43:57.891  2503  3657 V OplusCustomizeCacheManager: start recompute
11-30 20:43:57.891  2503  3657 V OplusCustomizeCacheManager: queryCache name: sys.cache.common_customize_cache18013 param: null
11-30 20:43:58.132  1947  2171 D PowerManagerService: userActivityNoUpdateLocked: groupId=0, eventTime=232247615, event=touch, flags=0x0, uid=1000
11-30 20:43:58.224  2386  5052 I OplusEngineerConfig: [isEngineerItemInBlackList] mActivitySwitch=false
11-30 20:43:58.228  2386 32355 I OplusEngineerService: [isEngineerItemInBlackList]type=1,item=com.android.settings/com.android.settings.Settings$DeviceAdminSettingsActivity,dealtime=1,result=false
11-30 20:43:58.230  1947  4284 D CompatibilityChangeReporter: Compat change id reported: 265464455; UID 1000; state: DISABLED
11-30 20:43:58.230  1947  4284 D CompatibilityChangeReporter: Compat change id reported: 265452344; UID 1000; state: DISABLED
11-30 20:43:58.230  1947  4284 D CompatibilityChangeReporter: Compat change id reported: 266124927; UID 1000; state: DISABLED
11-30 20:43:58.230  1947  4284 D CompatibilityChangeReporter: Compat change id reported: 265451093; UID 1000; state: DISABLED
11-30 20:43:58.230  1947  4284 D CompatibilityChangeReporter: Compat change id reported: 265456536; UID 1000; state: DISABLED
11-30 20:43:58.231  1947  4284 D CompatibilityChangeReporter: Compat change id reported: 255940284; UID 1000; state: DISABLED
11-30 20:43:58.231  1947  4284 D CompatibilityChangeReporter: Compat change id reported: 236283604; UID 1000; state: DISABLED
11-30 20:43:58.231  1947  4284 D CompatibilityChangeReporter: Compat change id reported: 263959004; UID 1000; state: DISABLED
11-30 20:43:58.231  1947  4284 D CompatibilityChangeReporter: Compat change id reported: 264304459; UID 1000; state: DISABLED
11-30 20:43:58.231  1947  4284 D CompatibilityChangeReporter: Compat change id reported: 264301586; UID 1000; state: DISABLED
11-30 20:43:58.231  1947  4284 D CompatibilityChangeReporter: Compat change id reported: 254631730; UID 1000; state: DISABLED
11-30 20:43:58.231  1947  4284 D CompatibilityChangeReporter: Compat change id reported: 273509367; UID 1000; state: DISABLED
11-30 20:43:58.231  1947  4284 D CompatibilityChangeReporter: Compat change id reported: 263259275; UID 1000; state: DISABLED
11-30 20:43:58.231  1947  4284 D CompatibilityChangeReporter: Compat change id reported: 174042980; UID 1000; state: DISABLED
11-30 20:43:58.231  1947  4284 D CompatibilityChangeReporter: Compat change id reported: 174042936; UID 1000; state: DISABLED
11-30 20:43:58.231  1947  4284 D CompatibilityChangeReporter: Compat change id reported: 181136395; UID 1000; state: DISABLED
11-30 20:43:58.232  1947  4284 D WindowManager: NFW_setClientVisible:ActivityRecord{4191593 u0 com.android.settings/.Settings$DeviceAdminSettingsActivity clientVisible:true
11-30 20:43:58.232  1947  4284 D CompatibilityChangeReporter: Compat change id reported: 194480991; UID 1000; state: ENABLED
11-30 20:43:58.234  1947  4284 D OplusZoomWindowRUSConfigManager: isSupportZoomModeWithPolicyLocked: target = com.android.settings/.Settings$DeviceAdminSettingsActivity
11-30 20:43:58.234  1947  4284 D OplusZoomWindowRUSConfigManager: targetPkg = com.android.settings
11-30 20:43:58.234  1947  4284 I OplusZoomWindowRUSConfigManager: target pkg is unsupport zoom window mode
11-30 20:43:58.234  1947  4284 D FlexibleWindowManager: isIgnoreAppearedAcrossTask:false
11-30 20:43:58.235  1947  4284 D FlexibleTaskController: adjustOptionsForFlexibleTask skip adjust options reason:2
11-30 20:43:58.235  1947  4284 D FlexibleWindowManager: no reused task found for ActivityRecord{4191593 u0 com.android.settings/.Settings$DeviceAdminSettingsActivity t-1}
11-30 20:43:58.238  1947  4284 I OplusScreenSecurityMask: onStackAdded task = Task{6265dc9 #10529 type=standard} record = null displayId = 0
11-30 20:43:58.239  1947  4284 I OplusScreenSecurityMask: onStackAdded task = Task{6265dc9 #10529 type=standard A=1000:com.android.settings} record = null displayId = 0
11-30 20:43:58.241  1947  4284 D CompatibilityChangeReporter: Compat change id reported: 197654537; UID 1000; state: ENABLED
11-30 20:43:58.241  1947  4284 D OplusSplitScreenManagerService: com.android.settings unSupportsSplitScreen by blockList or ForbidActivityList
11-30 20:43:58.241  1947  4284 D OplusSplitScreenManagerService: com.android.settings unSupportsSplitScreen by blockList or ForbidActivityList
11-30 20:43:58.241  1947  4284 D OplusSplitScreenManagerService: com.android.settings unSupportsSplitScreen by blockList or ForbidActivityList
11-30 20:43:58.242  1947  4284 D OplusSplitScreenManagerService: com.android.settings unSupportsSplitScreen by blockList or ForbidActivityList
11-30 20:43:58.243  1947  4284 D OplusStartingWindowManager: reviseWindowFlagsForStarting ar =:ActivityRecord{4191593 u0 com.android.settings/.Settings$DeviceAdminSettingsActivity t10529}, activityCreated =:false, RUS version:20250313
11-30 20:43:58.243  1947  4284 D OplusStartingWindowManager: reviseWindowFlagsForStarting: newTask=true, taskSwitch=true, processRunning=true, preloadAppInfo=PreloadAppInfo{,token =: com.android.settings/.Settings$DeviceAdminSettingsActivity,splashKey =: 0-com.android.settings/.Settings$DeviceAdminSettingsActivity,forceWindowPreviewForCallApp =: true,startFrom =: 0,supportWindowPreviewForApp =: true,processRunningState =: 0,splashDrawableSource =: 2,isSplitScreenWindowMode =: false,mIsTransferred =: false}
11-30 20:43:58.243  1947  4284 D ActivityTaskManager: validateStartingWindowTheme: Pkg=com.android.settings, Translucent=false, Floating=false, ShowWallpaper=false, Disable=false, LaunchSource=3
11-30 20:43:58.244  1947  4284 D ActivityRecordExtImpl: handleStartingWindowForCompactWindow origin type:2, adjustType : 2
11-30 20:43:58.244  1947  4284 D CompatibilityChangeReporter: Compat change id reported: 205907456; UID 1000; state: ENABLED
11-30 20:43:58.244  1947  4284 E OplusAppQuickStart_AppQuickStartController: attachExStartingSurface not support issue ar:ActivityRecord{4191593 u0 com.android.settings/.Settings$DeviceAdminSettingsActivity t10529} type:2
11-30 20:43:58.244  1947  4284 D OplusSplitScreenManagerService: com.android.settings unSupportsSplitScreen by blockList or ForbidActivityList
11-30 20:43:58.244  1947  4284 D OplusSplitScreenManagerService: com.android.settings unSupportsSplitScreen by blockList or ForbidActivityList
11-30 20:43:58.282  1947  4284 D OplusZoomStarter: findSourceZoomTask: the caller is not a zoom window application and does not have a zoom windowMode startup parameter
11-30 20:43:58.282  1947  4284 D OplusZoomWindowRUSConfigManager: isSupportZoomModeWithPolicyLocked: target = com.android.settings/.Settings$DeviceAdminSettingsActivity
11-30 20:43:58.282  1947  4284 D OplusZoomWindowRUSConfigManager: targetPkg = com.android.settings
11-30 20:43:58.282  1947  4284 I OplusZoomWindowRUSConfigManager: target pkg is unsupport zoom window mode
11-30 20:43:58.282  2503  2935 D PhoneStartingWindowTypeAlgorithm: preferredStartingWindowType newTask=true, taskSwitch=true, processRunning=true, allowTaskSnapshot=true, activityCreated=false, isSolidColorSplashScreen=true, legacySplashScreen=false, activityDrawn=false, windowless=false, topIsHome=false
11-30 20:43:58.283  2503  2935 D OplusShellStartingWindowManager: getReviseStartingWindowType not support, windowInfo is null
11-30 20:43:58.285  1947  4284 D ActivityTaskManager: notifyTaskRemoved, task: Task{b3e578d #10528 type=standard A=1000:com.android.settings} trace:com.android.server.wm.RecentTasks.removeForAddTask:1701 com.android.server.wm.RecentTasks.add:1263 com.android.server.wm.ActivityStarter.startActivityInner:2440 com.android.server.wm.ActivityStarter.startActivityUnchecked:1798 com.android.server.wm.ActivityStarter.executeRequest:1555 
11-30 20:43:58.286  1947  4284 D ActivityTaskManager: notifyTaskAdded, task: Task{6265dc9 #10529 type=standard A=1000:com.android.settings} trace:com.android.server.wm.RecentTasks.add:1278 com.android.server.wm.ActivityStarter.startActivityInner:2440 com.android.server.wm.ActivityStarter.startActivityUnchecked:1798 com.android.server.wm.ActivityStarter.executeRequest:1555 com.android.server.wm.ActivityStarter.execute:845 
11-30 20:43:58.287  1947  4284 D OplusSplitScreenManagerService: com.android.settings unSupportsSplitScreen by blockList or ForbidActivityList
11-30 20:43:58.287  1947  4284 D OplusSplitScreenManagerService: com.android.settings unSupportsSplitScreen by blockList or ForbidActivityList
11-30 20:43:58.288  1947  4284 D OplusSplitScreenManagerService: com.android.settings unSupportsSplitScreen by blockList or ForbidActivityList
11-30 20:43:58.288  1947  4284 D OplusSplitScreenManagerService: com.android.settings unSupportsSplitScreen by blockList or ForbidActivityList
11-30 20:43:58.288  1947  4284 I ActivityTaskManager: START u0 {flg=0x50000000 cmp=com.android.settings/.Settings$DeviceAdminSettingsActivity mCallingUid=1000} with LAUNCH_MULTIPLE from uid 10223 (realCallingUid=10198) (BAL_ALLOW_PENDING_INTENT) result code=0
11-30 20:43:58.289  2503  2868 V WindowManagerShell: Transition requested: android.os.BinderProxy@f4b3e53 TransitionRequestInfo { type = OPEN, triggerTask = TaskInfo{userId=0 taskId=10529 displayId=0 isRunning=true baseIntent=Intent { flg=0x50000000 cmp=com.android.settings/.Settings$DeviceAdminSettingsActivity mCallingUid=1000 } baseActivity=ComponentInfo{com.android.settings/com.android.settings.Settings$DeviceAdminSettingsActivity} topActivity=ComponentInfo{com.android.settings/com.android.settings.Settings$DeviceAdminSettingsActivity} origActivity=null realActivity=ComponentInfo{com.android.settings/com.android.settings.Settings$DeviceAdminSettingsActivity} numActivities=1 lastActiveTime=577473910 supportsSplitScreenMultiWindow=false supportsMultiWindow=true supportsPocketStudioMultiWindow=true isInFlexibleEmbedded = false uid = 1000 pid = 0 resizeMode=1 isResizeable=true minWidth=-1 minHeight=-1 defaultMinSize=220 token=WCT{android.window.IWindowContainerToken$Stub$Proxy@3bc9489} topActivityType=1 pictureInPictureParams=null shouldDockBigOverlays=false launchIntoPipHostTaskId=-1 lastParentTaskIdBeforePip=-1 displayCutoutSafeInsets=Rect(0, 110 - 0, 0) topActivityInfo=ActivityInfo{7832c8e com.android.settings.Settings$DeviceAdminSettingsActivity} launchCookies=[] positionInParent=Point(0, 0) parentTaskId=-1 isFocused=false isVisible=false isVisibleRequested=false isSleeping=false topActivityInSizeCompat=false topActivityInOplusCompatMode=false topActivityEligibleForLetterboxEducation= false topActivityLetterboxed= false isFromDoubleTap= false topActivityLetterboxVerticalPosition= -1 topActivityLetterboxHorizontalPosition= -1 topActivityLetterboxWidth=-1 topActivityLetterboxHeight=-1 locusId=null displayAreaFeatureId=1 cameraCompatControlState=hidden locusId= null topActivityLetterboxInsets=Rect(0, 0 - 0, 0) mOplusExtraBundle = Bundle[mParcelledData.dataSize=288]}, remoteTransition = null, displayChange = null }
11-30 20:43:58.291  2503  2935 D ShellStartingWindow: getWindowAttrs window attributes color: 0, replace icon: false
11-30 20:43:58.294  2503  2936 D OplusShellStartingWindowManager: isSupportSplashScreenPreview support, windowInfo=StartingWindowInfo{taskId=10529 targetActivityInfo=null displayId=0 topActivityType=1 preferredStartingWindowType=af insetsState=null topWindowLayoutParams=null mainWindowLayoutParams=null splashScreenThemeResId 7f14004f
11-30 20:43:58.294  2503  2936 D OplusShellStartingWindowManager: isSystemApp support, windowInfo=StartingWindowInfo{taskId=10529 targetActivityInfo=null displayId=0 topActivityType=1 preferredStartingWindowType=af insetsState=null topWindowLayoutParams=null mainWindowLayoutParams=null splashScreenThemeResId 7f14004f
11-30 20:43:58.294  2503  2936 D OplusShellStartingWindowManager: isSupportSplashScreenPreview support, windowInfo=StartingWindowInfo{taskId=10529 targetActivityInfo=null displayId=0 topActivityType=1 preferredStartingWindowType=af insetsState=null topWindowLayoutParams=null mainWindowLayoutParams=null splashScreenThemeResId 7f14004f
11-30 20:43:58.294  1947  3817 D RefreshRate: don't do app switch boost,mPickRefreshRateData is:com.android.server.wm.OplusRefreshRatePolicyImpl$PickRefreshRateData@397c2c mLastPickedWin is:null
11-30 20:43:58.294  2503  2936 D ShellStartingWindow: inconsize = 0
11-30 20:43:58.295  1947  3817 D ActivityTaskManager: setAppVisibility(Token{15f5cce ActivityRecord{4191593 u0 com.android.settings/.Settings$DeviceAdminSettingsActivity t10529}}, visible=true): mNextAppTransitionRequests=[], mNextAppTransitionFlags=,mAppTransitionState=APP_STATE_IDLE visible=false mVisibleRequested=false
11-30 20:43:58.295  1947  3817 D ActivityTaskManager: setVisibility(Token{15f5cce ActivityRecord{4191593 u0 com.android.settings/.Settings$DeviceAdminSettingsActivity t10529}}, visible=true) defer commitVisibility for transition collecting
11-30 20:43:58.295  1947  3817 D ActivityTaskManager: setAppVisibility(Token{ea7ceba ActivityRecord{60860fe u0 com.android.launcher/.Launcher t5}}, visible=false): mNextAppTransitionRequests=[], mNextAppTransitionFlags=,mAppTransitionState=APP_STATE_IDLE visible=true mVisibleRequested=true
11-30 20:43:58.296  1947  3817 D ActivityTaskManager: setVisibility(Token{ea7ceba ActivityRecord{60860fe u0 com.android.launcher/.Launcher t5}}, visible=false) defer commitVisibility for transition collecting
11-30 20:43:58.296  1947  3817 D WindowManager: updateOrientation: mLastOrientation = SCREEN_ORIENTATION_NOSENSOR(5) newOrientation = SCREEN_ORIENTATION_UNSPECIFIED(-1) forceUpdate = true LastOrientationSource = ActivityRecord{4191593 u0 com.android.settings/.Settings$DeviceAdminSettingsActivity t10529}
11-30 20:43:58.296  1947  3817 D WindowManager: rotation(ROTATION_0) no changed.
11-30 20:43:58.297  1947  3817 D ActivityTaskManager: setAppVisibility(Token{15f5cce ActivityRecord{4191593 u0 com.android.settings/.Settings$DeviceAdminSettingsActivity t10529}}, visible=true): mNextAppTransitionRequests=[], mNextAppTransitionFlags=,mAppTransitionState=APP_STATE_IDLE visible=false mVisibleRequested=true
11-30 20:43:58.297  1947  3817 D ActivityTaskManager: setVisibility(Token{15f5cce ActivityRecord{4191593 u0 com.android.settings/.Settings$DeviceAdminSettingsActivity t10529}}, visible=true) defer commitVisibility for transition collecting
11-30 20:43:58.297  1947  3817 D OplusDexOptimizeManager: Do not in AppLaunchOptList, and is systemApp, don't need start-app or repair-dex com.android.settings
11-30 20:43:58.297  1947  3817 D OplusCameraStartupOptimization: cameraPreopenIfNeed, r = ActivityRecord{4191593 u0 com.android.settings/.Settings$DeviceAdminSettingsActivity t10529}
11-30 20:43:58.297  1947  3817 D OplusCameraStartupOptimization: needOptimizeForCamera bNeedOptimize:false clsName: com.android.settings/.Settings$DeviceAdminSettingsActivity
11-30 20:43:58.298  1947  3817 D ActivityTaskManager: onWindowFocusChanged Task{6265dc9 #10529 type=standard A=1000:com.android.settings} would transfer to compact
11-30 20:43:58.298  1947  3817 D ActivityTaskManager: NFW_setLastResumedActivityUncheckLocked:true r:ActivityRecord{4191593 u0 com.android.settings/.Settings$DeviceAdminSettingsActivity t10529} currentFocus:Window{8d4ae3d u0 NotificationShade}
11-30 20:43:58.299  1947  3817 D WindowManager: NFW_findFocusedWindowIfNeeded:Window{8d4ae3d u0 NotificationShade} mCurrentFocus:Window{8d4ae3d u0 NotificationShade}
11-30 20:43:58.299  1947  3817 D FlexibleTaskController: onTaskFocusChanged prevTask:Task{fdaf3e5 #5 type=home I=com.android.launcher/.Launcher} ,currentTask:Task{6265dc9 #10529 type=standard A=1000:com.android.settings}, reason: minimalResumeActivityLocked - onActivityStateChanged
11-30 20:43:58.299  1947  3817 I OplusJoystickManager: handleApplicationSwitch deprecated!
11-30 20:43:58.301  1947  3817 D ActivityTaskManager: setAppVisibility(Token{15f5cce ActivityRecord{4191593 u0 com.android.settings/.Settings$DeviceAdminSettingsActivity t10529}}, visible=true): mNextAppTransitionRequests=[], mNextAppTransitionFlags=,mAppTransitionState=APP_STATE_IDLE visible=false mVisibleRequested=true
11-30 20:43:58.301  1947  3817 D ActivityTaskManager: setVisibility(Token{15f5cce ActivityRecord{4191593 u0 com.android.settings/.Settings$DeviceAdminSettingsActivity t10529}}, visible=true) defer commitVisibility for transition collecting
11-30 20:43:58.304  1947  1998 D OplusInterceptLockScreenWindow: starting IOplusLockScreenCallbacks service...
11-30 20:43:58.304  1947  3817 I TaskOrganizerController: onTaskInfoChanged taskid 1 config { mBounds=Rect(0, 0 - 1080, 2400) mAppBounds=Rect(0, 110 - 1080, 2400) mMaxBounds=Rect(0, 0 - 1080, 2400) mDisplayRotation=ROTATION_0 mWindowingMode=fullscreen mDisplayWindowingMode=fullscreen mActivityType=home mAlwaysOnTop=undefined mRotation=ROTATION_0}
11-30 20:43:58.304  1947  3817 D FlexibleWindowManager: onFlexibleWindowTaskInfoChanged: mTaskId = 1 oldIsTaskEmbedded = false   curIsTaskEmbedded = false  topActivity = ComponentInfo{com.android.launcher/com.android.launcher.Launcher}
11-30 20:43:58.304  1947  3817 D FlexibleWindowManager: onFlexibleWindowTaskInfoChanged, return for cur task not embedded
11-30 20:43:58.306  1947  4284 D CompatibilityChangeReporter: Compat change id reported: 168419799; UID 1000; state: DISABLED
