11-30 20:39:12.855  1947  2036 D DpcExtImpl[0]: onchange selfChange=false state=ON uri=content://settings/system/screen_brightness
11-30 20:39:12.857  1947  1998 D DisplayManagerService: Ignore redundant display event 0/4 to 10342/3927
11-30 20:39:12.857  1947  1998 D DisplayManagerService: Ignore redundant display event 0/4 to 10148/21894
11-30 20:39:12.857  1947  1998 D DisplayManagerService: Ignore redundant display event 0/4 to 10318/22353
11-30 20:39:12.857  1947  1998 D DisplayManagerService: Ignore redundant display event 0/4 to 10247/24848
11-30 20:39:12.858  1947  1998 D DisplayManagerService: Ignore redundant display event 0/4 to 10350/29404
11-30 20:39:12.858  1947  1998 D DisplayManagerService: Ignore redundant display event 0/4 to 10274/30311
11-30 20:39:12.858  1947  1998 D DisplayManagerService: Ignore redundant display event 0/4 to 10153/30908
11-30 20:39:12.858  1947  1998 D DisplayManagerService: Ignore redundant display event 0/4 to 10419/31762
11-30 20:39:12.877  1947  2036 D DpcExtImpl[0]: onchange selfChange=false state=ON uri=content://settings/system/screen_brightness
11-30 20:39:12.880  1947  1998 D DisplayManagerService: Ignore redundant display event 0/4 to 10342/3927
11-30 20:39:12.880  1947  1998 D DisplayManagerService: Ignore redundant display event 0/4 to 10148/21894
11-30 20:39:12.880  1947  1998 D DisplayManagerService: Ignore redundant display event 0/4 to 10318/22353
11-30 20:39:12.880  1947  1998 D DisplayManagerService: Ignore redundant display event 0/4 to 10247/24848
11-30 20:39:12.880  1947  1998 D DisplayManagerService: Ignore redundant display event 0/4 to 10350/29404
11-30 20:39:12.880  1947  1998 D DisplayManagerService: Ignore redundant display event 0/4 to 10274/30311
11-30 20:39:12.881  1947  1998 D DisplayManagerService: Ignore redundant display event 0/4 to 10153/30908
11-30 20:39:12.881  1947  1998 D DisplayManagerService: Ignore redundant display event 0/4 to 10419/31762
11-30 20:39:12.898  1947  2036 D DpcExtImpl[0]: onchange selfChange=false state=ON uri=content://settings/system/screen_brightness
11-30 20:39:12.901  1947  1998 D DisplayManagerService: Ignore redundant display event 0/4 to 10342/3927
11-30 20:39:12.901  1947  1998 D DisplayManagerService: Ignore redundant display event 0/4 to 10148/21894
11-30 20:39:12.901  1947  1998 D DisplayManagerService: Ignore redundant display event 0/4 to 10318/22353
11-30 20:39:12.901  1947  1998 D DisplayManagerService: Ignore redundant display event 0/4 to 10247/24848
11-30 20:39:12.901  1947  1998 D DisplayManagerService: Ignore redundant display event 0/4 to 10350/29404
11-30 20:39:12.901  1947  1998 D DisplayManagerService: Ignore redundant display event 0/4 to 10274/30311
11-30 20:39:12.901  1947  1998 D DisplayManagerService: Ignore redundant display event 0/4 to 10153/30908
11-30 20:39:12.901  1947  1998 D DisplayManagerService: Ignore redundant display event 0/4 to 10419/31762
11-30 20:39:12.920  1947  2036 D DpcExtImpl[0]: onchange selfChange=false state=ON uri=content://settings/system/screen_brightness
11-30 20:39:12.923  1947  1998 D DisplayManagerService: Ignore redundant display event 0/4 to 10342/3927
11-30 20:39:12.923  1947  1998 D DisplayManagerService: Ignore redundant display event 0/4 to 10148/21894
11-30 20:39:12.923  1947  1998 D DisplayManagerService: Ignore redundant display event 0/4 to 10318/22353
11-30 20:39:12.923  1947  1998 D DisplayManagerService: Ignore redundant display event 0/4 to 10247/24848
11-30 20:39:12.923  1947  1998 D DisplayManagerService: Ignore redundant display event 0/4 to 10350/29404
11-30 20:39:12.923  1947  1998 D DisplayManagerService: Ignore redundant display event 0/4 to 10274/30311
11-30 20:39:12.924  1947  1998 D DisplayManagerService: Ignore redundant display event 0/4 to 10153/30908
11-30 20:39:12.924  1947  1998 D DisplayManagerService: Ignore redundant display event 0/4 to 10419/31762
11-30 20:39:12.943  1947  2036 D DpcExtImpl[0]: onchange selfChange=false state=ON uri=content://settings/system/screen_brightness
11-30 20:39:12.946  1947  1998 D DisplayManagerService: Ignore redundant display event 0/4 to 10342/3927
11-30 20:39:12.946  1947  1998 D DisplayManagerService: Ignore redundant display event 0/4 to 10148/21894
11-30 20:39:12.947  1947  1998 D DisplayManagerService: Ignore redundant display event 0/4 to 10318/22353
11-30 20:39:12.947  1947  1998 D DisplayManagerService: Ignore redundant display event 0/4 to 10247/24848
11-30 20:39:12.947  1947  1998 D DisplayManagerService: Ignore redundant display event 0/4 to 10350/29404
11-30 20:39:12.947  1947  1998 D DisplayManagerService: Ignore redundant display event 0/4 to 10274/30311
11-30 20:39:12.947  1947  1998 D DisplayManagerService: Ignore redundant display event 0/4 to 10153/30908
11-30 20:39:12.947  1947  1998 D DisplayManagerService: Ignore redundant display event 0/4 to 10419/31762
11-30 20:39:12.964  1947  2036 D DpcExtImpl[0]: onchange selfChange=false state=ON uri=content://settings/system/screen_brightness
11-30 20:39:12.966  1947  1998 D DisplayManagerService: Ignore redundant display event 0/4 to 10342/3927
11-30 20:39:12.966  1947  1998 D DisplayManagerService: Ignore redundant display event 0/4 to 10148/21894
11-30 20:39:12.967  1947  1998 D DisplayManagerService: Ignore redundant display event 0/4 to 10318/22353
11-30 20:39:12.967  1947  1998 D DisplayManagerService: Ignore redundant display event 0/4 to 10247/24848
11-30 20:39:12.967  1947  1998 D DisplayManagerService: Ignore redundant display event 0/4 to 10350/29404
11-30 20:39:12.967  1947  1998 D DisplayManagerService: Ignore redundant display event 0/4 to 10274/30311
11-30 20:39:12.967  1947  1998 D DisplayManagerService: Ignore redundant display event 0/4 to 10153/30908
11-30 20:39:12.967  1947  1998 D DisplayManagerService: Ignore redundant display event 0/4 to 10419/31762
11-30 20:39:12.986  1947  2036 D DpcExtImpl[0]: onchange selfChange=false state=ON uri=content://settings/system/screen_brightness
11-30 20:39:12.989  1947  1998 D DisplayManagerService: Ignore redundant display event 0/4 to 10342/3927
11-30 20:39:12.989  1947  1998 D DisplayManagerService: Ignore redundant display event 0/4 to 10148/21894
11-30 20:39:12.989  1947  1998 D DisplayManagerService: Ignore redundant display event 0/4 to 10318/22353
11-30 20:39:12.989  1947  1998 D DisplayManagerService: Ignore redundant display event 0/4 to 10247/24848
11-30 20:39:12.989  1947  1998 D DisplayManagerService: Ignore redundant display event 0/4 to 10350/29404
11-30 20:39:12.989  1947  1998 D DisplayManagerService: Ignore redundant display event 0/4 to 10274/30311
11-30 20:39:12.990  1947  1998 D DisplayManagerService: Ignore redundant display event 0/4 to 10153/30908
11-30 20:39:12.990  1947  1998 D DisplayManagerService: Ignore redundant display event 0/4 to 10419/31762
11-30 20:39:13.008  1947  2036 D DpcExtImpl[0]: onchange selfChange=false state=ON uri=content://settings/system/screen_brightness
11-30 20:39:13.011  1947  1998 D DisplayManagerService: Ignore redundant display event 0/4 to 10342/3927
11-30 20:39:13.011  1947  1998 D DisplayManagerService: Ignore redundant display event 0/4 to 10148/21894
11-30 20:39:13.011  1947  1998 D DisplayManagerService: Ignore redundant display event 0/4 to 10318/22353
11-30 20:39:13.011  1947  1998 D DisplayManagerService: Ignore redundant display event 0/4 to 10247/24848
11-30 20:39:13.011  1947  1998 D DisplayManagerService: Ignore redundant display event 0/4 to 10350/29404
11-30 20:39:13.011  1947  1998 D DisplayManagerService: Ignore redundant display event 0/4 to 10274/30311
11-30 20:39:13.011  1947  1998 D DisplayManagerService: Ignore redundant display event 0/4 to 10153/30908
11-30 20:39:13.011  1947  1998 D DisplayManagerService: Ignore redundant display event 0/4 to 10419/31762
11-30 20:39:13.029  1947  2036 D DpcExtImpl[0]: onchange selfChange=false state=ON uri=content://settings/system/screen_brightness
11-30 20:39:13.031  1947  1998 D DisplayManagerService: Ignore redundant display event 0/4 to 10342/3927
11-30 20:39:13.031  1947  1998 D DisplayManagerService: Ignore redundant display event 0/4 to 10148/21894
11-30 20:39:13.031  1947  1998 D DisplayManagerService: Ignore redundant display event 0/4 to 10318/22353
11-30 20:39:13.031  1947  1998 D DisplayManagerService: Ignore redundant display event 0/4 to 10247/24848
11-30 20:39:13.032  1947  1998 D DisplayManagerService: Ignore redundant display event 0/4 to 10350/29404
11-30 20:39:13.032  1947  1998 D DisplayManagerService: Ignore redundant display event 0/4 to 10274/30311
11-30 20:39:13.032  1947  1998 D DisplayManagerService: Ignore redundant display event 0/4 to 10153/30908
11-30 20:39:13.032  1947  1998 D DisplayManagerService: Ignore redundant display event 0/4 to 10419/31762
11-30 20:39:13.044  1947  2036 D OplusFeatureHDREnhanceBrightness: setAnimating : displayId[0]=false
11-30 20:39:13.044  1947  2036 D OplusFeatureReduceBrightness: setAnimating : animating = false
11-30 20:39:13.044  1947  2036 D OplusFeatureEdrEnhanceBrightness: setAnimating: false
11-30 20:39:13.045  1947  2036 D OplusFeaturePwEdrEnhanceBrightness: setAnimating: false
11-30 20:39:13.045  1947  2038 I OplusSmartBrightnessController: handleMessage MSG_SET_SETTINGS_MIN_BRI_PREVIEW false
11-30 20:39:13.045  1947  2036 D RampAnimatorExtImpl: onAnimationEnd 2237.0->17.0:940
11-30 20:39:13.053  1947  2036 D DpcExtImpl[0]: onchange selfChange=false state=ON uri=content://settings/system/screen_brightness
11-30 20:39:13.056  1947  1998 D DisplayManagerService: Ignore redundant display event 0/4 to 10342/3927
11-30 20:39:13.056  1947  1998 D DisplayManagerService: Ignore redundant display event 0/4 to 10148/21894
11-30 20:39:13.056  1947  1998 D DisplayManagerService: Ignore redundant display event 0/4 to 10318/22353
11-30 20:39:13.056  1947  1998 D DisplayManagerService: Ignore redundant display event 0/4 to 10247/24848
11-30 20:39:13.056  1947  1998 D DisplayManagerService: Ignore redundant display event 0/4 to 10350/29404
11-30 20:39:13.056  1947  1998 D DisplayManagerService: Ignore redundant display event 0/4 to 10274/30311
11-30 20:39:13.056  1947  1998 D DisplayManagerService: Ignore redundant display event 0/4 to 10153/30908
11-30 20:39:13.056  1947  1998 D DisplayManagerService: Ignore redundant display event 0/4 to 10419/31762
11-30 20:39:14.365  1947  1974 D VRR [OPlusExternalRefreshRateManager]: isPkgTfcEnable: pkgName = com.google.android.apps.messaging, enable = false
11-30 20:39:14.365  1947  1974 D VRR [OPlusExternalRefreshRateManager]: getTfcMinFramerate: pkgName = com.google.android.apps.messaging, min framerate = 0
11-30 20:39:14.573  1947  1974 W ProcessStats: Tracking association SourceState{489150f com.android.vending/10110 Fgs #1151913} whose proc state 3 is better than process ProcessState{556a3b0 com.google.android.gms/10108 pkg=com.google.android.gms} proc state 14 (24 skipped)
11-30 20:39:18.101  1947  2036 D OplusPowerManagerHelper: [notifyPowerKeyPressed] reason = other
11-30 20:39:18.101  1947  2036 D OplusPowerManagerHelper: goToSleepNoUpdateLocked  needIntercepet: false
11-30 20:39:18.132  1947  2036 I PowerGroup: Powering off display group due to timeout (groupId= 0, uid= 1000, millisSinceLastUserActivity=30002, lastUserActivityEvent=touch)...
11-30 20:39:18.132  1947  2036 I PowerManagerService: Going to sleep due to timeout (uid 1000, screenOffTimeout=30000, activityTimeoutWM=-1, maxDimRatio=0.20000005, maxDimDur=7000)...
11-30 20:39:18.139  1947  1974 V AutofillInlineSuggestionsRequestSession: onInputMethodFinishInput() received
11-30 20:39:18.142  1947  2036 D DisplayPowerController[0]: requestPowerState: policy=OFF, useProximitySensor=false, screenBrightnessOverride=-1.0, useAutoBrightness=false, screenAutoBrightnessAdjustmentOverride=NaN, screenLowPowerBrightnessFactor=1.0, blockScreenOn=false, lowPowerMode=false, boostScreenBrightness=false, dozeScreenBrightness=NaN, dozeScreenState=UNKNOWN, waitForNegativeProximity=false displayReady=false pendingRequest=true
11-30 20:39:18.143  1947  2036 D DisplayManagerServiceExtImpl: request size(1,1),dpc=com.android.server.display.DisplayPowerController@458dd8 size(0,1),flags=0X200F,id(0,0,local:4627039422300187648),enable=true,ready=false,waitForNegativeProximity=false policy=OFF,useProximitySensor=false,dozeState=UNKNOWN,screenBrightnessOverride=-1.000000,useAuto=false,lowPower=false,lowPowerFactor=1.000000
11-30 20:39:18.147  1947  2037 I ActivityManager: Killing 30640:com.google.android.projection.gearhead:shared/u0a95 (adj 985): empty #25
11-30 20:39:18.170  1947  2352 E OplusCustomizeRestrictionManagerService: isBiometricDisabled start
11-30 20:39:18.172  1947  2352 E OplusCustomizeRestrictionManagerService: isBiometricDisabled start
11-30 20:39:18.173  1947  2352 D LockSettingsService: [getStrongAuthForUser]  userId = 0
11-30 20:39:18.173  1947  2352 D BiometricUtils: isEncrypted: false isLockdown: false
11-30 20:39:18.178  1947  2265 D UaBiometricScheduler/FingerprintProvider/default/1: [Added] {[4520] com.android.server.biometrics.sensors.fingerprint.aidl.FingerprintAuthenticationClient, proto=3, owner=com.android.systemui, cookie=0, requestId=3603, userId=0}, new queue size: 1, interruptable: true
11-30 20:39:18.178  1947  2265 D UaBiometricScheduler/FingerprintProvider/default/1: [Polled] {[4520] com.android.server.biometrics.sensors.fingerprint.aidl.FingerprintAuthenticationClient, proto=3, owner=com.android.systemui, cookie=0, requestId=3603, userId=0}, State: 0
11-30 20:39:18.178  1947  2265 D GestureAvailabilityTracker: Notifying gesture availability, active=false
11-30 20:39:18.178  1947  2265 D UaBiometricScheduler/FingerprintProvider/default/1: [Started] {[4520] com.android.server.biometrics.sensors.fingerprint.aidl.FingerprintAuthenticationClient, proto=3, owner=com.android.systemui, cookie=0, requestId=3603, userId=0}
11-30 20:39:18.179  1947  2265 D BiometricStateCallback: State updated from 0 to 2, client {[4520] com.android.server.biometrics.sensors.fingerprint.aidl.FingerprintAuthenticationClient, proto=3, owner=com.android.systemui, cookie=0, requestId=3603, userId=0}
11-30 20:39:18.179  1947  2265 D Biometrics/AuthenticationClient: Requesting auth for com.android.systemui
11-30 20:39:18.180  1947  2265 D Biometrics/FingerprintProvider/FingerprintAuthenticationClientAidlExtImpl: getAuthType e:oplus_fingerprint_quick_launch_switch
11-30 20:39:18.183  1947  2265 D OplusUserManagerServiceEnhance: getMultiSystemUserId  res = -10000
11-30 20:39:18.184  1947  2036 I OplusSmartBrightnessController: handleBrightnessTotalRateType displayId[0]=dim->automatic
11-30 20:39:18.184  1947  2036 D DisplayPowerController[0]: updatePowerStateInternal policy:DIM->OFF,state:ON->OFF policy=OFF, useProximitySensor=false, screenBrightnessOverride=-1.0, useAutoBrightness=false, screenAutoBrightnessAdjustmentOverride=NaN, screenLowPowerBrightnessFactor=1.0, blockScreenOn=false, lowPowerMode=false, boostScreenBrightness=false, dozeScreenBrightness=NaN, dozeScreenState=UNKNOWN
11-30 20:39:18.188  1947  3388 I ActivityManager: Death received, pid = 30640, processName = com.google.android.projection.gearhead:shared for thread android.os.BinderProxy@ba635ed
11-30 20:39:18.193  1947  2764 W FlexibleWindowManager: handleAppDiedLocked return, current context is not support PocketStudio
11-30 20:39:18.197  1947  1996 D DisplayManagerService: Drop pending events for gone uid 10095
11-30 20:39:18.197  1947  2265 V BiometricSchedulerOperation: started: {[4520] com.android.server.biometrics.sensors.fingerprint.aidl.FingerprintAuthenticationClient, proto=3, owner=com.android.systemui, cookie=0, requestId=3603, userId=0}, State: 2
11-30 20:39:18.209  2503  2868 D OneHandedController: setLockedDisabled locked = true, enabled = false ,FeatureEnabled = false
11-30 20:39:18.212  1947  2036 D DisplayPowerState[0]: setColorFadeLevel: level=0.967722
11-30 20:39:18.235  1947  2036 D DisplayPowerState[0]: setColorFadeLevel: level=0.88020295
11-30 20:39:18.269  1947  2036 D DisplayPowerState[0]: setColorFadeLevel: level=0.669369
11-30 20:39:18.290  1947  2036 D DisplayPowerState[0]: setColorFadeLevel: level=0.5
11-30 20:39:18.312  1947  2036 D DisplayPowerState[0]: setColorFadeLevel: level=0.33063102
11-30 20:39:18.330  1947  2124 D CompatibilityChangeReporter: Compat change id reported: 218533173; UID 10137; state: ENABLED
11-30 20:39:18.334  1947  2036 D DisplayPowerState[0]: setColorFadeLevel: level=0.181288
11-30 20:39:18.357  1947  2036 D DisplayPowerState[0]: setColorFadeLevel: level=0.0656842
11-30 20:39:18.380  1947  2036 D DisplayPowerState[0]: setColorFadeLevel: level=0.0074453354
11-30 20:39:18.401  1947  2036 D DisplayPowerState[0]: setColorFadeLevel: level=0.0
11-30 20:39:18.401  1947  2036 D DpcExtImpl[0]: RECORD: Animation finished when screen is off isInteractive: false
11-30 20:39:18.401  1947  2036 D Biometrics_DEBUG: [onGoToSleepFinish]
11-30 20:39:18.401  1947  2036 E OplusCustomizeRestrictionManagerService: isBiometricDisabled start
11-30 20:39:18.419  1947  2036 D DisplayPowerState[0]: updateRunnable run fadeLevle=0.0 state=ON brightness changed:17.0->-1.0
11-30 20:39:18.420  1947  2036 I DisplayPowerController[0]: Blocking screen off
11-30 20:39:18.421  1947  1998 D TaskSnapshotControllerExtImpl: createTaskSnapshot isCompatMode:false, isCompactWindow:false
11-30 20:39:18.422  1947  1998 W AbsAppSnapshotControllerExtImpl: updateExcludeLayers, addExcludeLayerList is null or empty, return excludeLayers
11-30 20:39:18.422  1947  2036 I DisplayPowerController[0]: Unblocked screen off after 2 ms
11-30 20:39:18.423  1947  2036 D OplusSmartBrightnessController: onScreenEvent isScreenOn displayId[0]=false isFolding=false policy=OFF
11-30 20:39:18.423  1947  2036 D Arc[OplusBrightnessAmbientAdapter]: onScreenEvent displayId:0 isScreenOn:false isFolding:false
11-30 20:39:18.424  1947  2036 D OplusFeatureBrightnessBarController: screen state:false
11-30 20:39:18.424  1947  2038 D Arc[LuxEvent]: main light sensor enable:false
11-30 20:39:18.424  1947  2038 D Arc[LuxEvent]: unregister MAIN_LIGHT result:true
11-30 20:39:18.424  1947  2038 D Arc[LuxEvent]: aux light sensor enable:false
11-30 20:39:18.424  1947  2041 D VRR [OPlusRefreshRateService]: handleScreenStateChange state: 1
11-30 20:39:18.424  1947  2038 D Arc[LuxEvent]: unregister AUX_LIGHT result:true
11-30 20:39:18.424  1947  2038 D Arc[ProximityEvent]: proximity sensor enable:false
11-30 20:39:18.424  1947  2038 D Arc[ProximityEvent]: unregister PROXIMITY result:true
11-30 20:39:18.424  1947  2038 D OplusFeatureHDREnhanceBrightness: MSG_RUS_APPLY false
11-30 20:39:18.426  1947  2036 D DisplayPowerState[0]: setScreenState changed:ON->OFF
11-30 20:39:18.427  1947  2038 D Arc[SensorDelegate]: MAIN_LIGHT unregisterListener success
11-30 20:39:18.427  1947  2036 D BackLightStat: setScreenState: state changed:ON->OFF
11-30 20:39:18.433  1947  2038 D Arc[SensorDelegate]: AUX_LIGHT unregisterListener success
11-30 20:39:18.436  1947  2038 D Arc[SensorDelegate]: PROXIMITY unregisterListener success
11-30 20:39:18.439  1947  1998 D TaskSnapshotCache: putSnapshot mRunningCache top= ActivityRecord{60860fe u0 com.android.launcher/.Launcher t5}, mTaskId=5, snapshot=TaskSnapshot{ mId=1764531558421 mCaptureTime=577194063083125 mTopActivityComponent=com.android.launcher/.Launcher mSnapshot=android.hardware.HardwareBuffer@c7d186e (1080x2400) mColorSpace=sRGB IEC61966-2.1 (id=0, model=RGB) mOrientation=1 mRotation=0 mTaskSize=Point(1080, 2400) mContentInsets=[0,110][0,0] mLetterboxInsets=[0,0][0,0] mIsLowResolution=false mIsRealSnapshot=true mWindowingMode=1 mAppearance=0 mIsTranslucent=true mHasImeSurface=false, mAppIdMap size= 4
11-30 20:39:18.439  1947  1998 D TaskSnapshotControllerExtImpl: createTaskSnapshot isCompatMode:false, isCompactWindow:false
11-30 20:39:18.439  1947  1998 W AbsAppSnapshotControllerExtImpl: updateExcludeLayers, addExcludeLayerList is null or empty, return excludeLayers
11-30 20:39:18.452  1947  1998 D TaskSnapshotCache: putSnapshot mRunningCache top= ActivityRecord{60860fe u0 com.android.launcher/.Launcher t5}, mTaskId=1, snapshot=TaskSnapshot{ mId=1764531558439 mCaptureTime=577194076685894 mTopActivityComponent=com.android.launcher/.Launcher mSnapshot=android.hardware.HardwareBuffer@1c91b0f (1080x2400) mColorSpace=sRGB IEC61966-2.1 (id=0, model=RGB) mOrientation=1 mRotation=0 mTaskSize=Point(1080, 2400) mContentInsets=[0,110][0,0] mLetterboxInsets=[0,0][0,0] mIsLowResolution=false mIsRealSnapshot=true mWindowingMode=1 mAppearance=0 mIsTranslucent=true mHasImeSurface=false, mAppIdMap size= 4
11-30 20:39:18.453  1947  2036 D ActivityTaskManager: Top Process State changed to PROCESS_STATE_TOP_SLEEPING
11-30 20:39:18.457  1947  2036 D WindowManager:  setIsSleeping from  false to true this=Display{#0 state=ON size=1080x2400 ROTATION_0}
11-30 20:39:18.461  2503  2868 V WindowManagerShell: Transition requested: android.os.BinderProxy@fcf01f TransitionRequestInfo { type = SLEEP, triggerTask = null, remoteTransition = null, displayChange = null }
11-30 20:39:18.461  1947  2036 D OplusFlexibleActivityTransitionManager: fixTransitType type result:12, targets: []
11-30 20:39:18.462  1947  2036 D OplusTransitionController: onTransactionReady, transition: 4996, 
11-30 20:39:18.462  1947  2036 D OplusTransitionController:  info: {id=4996 t=SLEEP f=0x0 trk=0 r=[] c=[] extendInfo=[OplusTransitionExtendedInfo{mTmpFinishT=null, mInOplusCompatMode=false, mIsProcessRunning=false, mHasMismatchBoundsTarget=false, mRecentsController=null, mIsTranslucentActivityToHome=false, mAvoidInterceptKeyEventToHome=false, mIsFromHome=false, mParentLeash=null, mIsOplusAnimRes=false, mIsBalAllow=false}]}, 
11-30 20:39:18.462  1947  2036 D OplusTransitionController:  targets : [], 
11-30 20:39:18.462  1947  2036 D OplusTransitionController:  participants: {}, 
11-30 20:39:18.462  1947  2036 D OplusTransitionController:  playings:[TransitionRecord{3a14188 id=4996 track=0 type=SLEEP flags=0x0}]
11-30 20:39:18.465  1947  1995 V WindowManager: Sent Transition #4996 createdAt=11-30 20:39:18.457 via request=TransitionRequestInfo { type = SLEEP, triggerTask = null, remoteTransition = null, displayChange = null }
11-30 20:39:18.465  1947  1995 V WindowManager:     startWCT=null
11-30 20:39:18.465  1947  1995 V WindowManager:     info={id=4996 t=SLEEP f=0x0 trk=0 r=[] c=[] extendInfo=[OplusTransitionExtendedInfo{mTmpFinishT=null, mInOplusCompatMode=false, mIsProcessRunning=false, mHasMismatchBoundsTarget=false, mRecentsController=null, mIsTranslucentActivityToHome=false, mAvoidInterceptKeyEventToHome=false, mIsFromHome=false, mParentLeash=null, mIsOplusAnimRes=false, mIsBalAllow=false}]}
11-30 20:39:18.470  1947  2036 D WindowManager: screenTurnedOff  Display{#0 state=ON size=1080x2400 ROTATION_0}
11-30 20:39:18.470  1947  2777 W Transition: Transition already started id=4996 state=2
11-30 20:39:18.470  2503  2868 V WindowManagerShell: onTransitionReady android.os.BinderProxy@fcf01f: {id=4996 t=SLEEP f=0x0 trk=0 r=[] c=[] extendInfo=[OplusTransitionExtendedInfo{mTmpFinishT=null, mInOplusCompatMode=false, mIsProcessRunning=false, mHasMismatchBoundsTarget=false, mRecentsController=null, mIsTranslucentActivityToHome=false, mAvoidInterceptKeyEventToHome=false, mIsFromHome=false, mParentLeash=null, mIsOplusAnimRes=false, mIsBalAllow=false}]}
11-30 20:39:18.471  2503  2868 V WindowManagerShell: No transition roots in (#4996)android.os.BinderProxy@fcf01f@0 so abort
11-30 20:39:18.472  2503  2868 V WindowManagerShell: Transition animation finished (aborted=true), notifying core (#4996)android.os.BinderProxy@fcf01f@0
11-30 20:39:18.474  1947  1998 D OplusInterceptLockScreenWindow: starting IOplusLockScreenCallbacks service...
11-30 20:39:18.476  1947  2823 D ActivityTaskManager: setAppVisibility(Token{ea7ceba ActivityRecord{60860fe u0 com.android.launcher/.Launcher t5}}, visible=false): mNextAppTransitionRequests=[], mNextAppTransitionFlags=,mAppTransitionState=APP_STATE_IDLE visible=true mVisibleRequested=true
11-30 20:39:18.477  1947  2823 D ActivityTaskManager: commitVisibility: ActivityRecord{60860fe u0 com.android.launcher/.Launcher t5}: visible=false visibleRequested=false, isInTransition=false, runningAnimation=false 
11-30 20:39:18.477  1947  2823 D WindowManager: NFW_findFocusedWindowIfNeeded:null mCurrentFocus:Window{899f638 u0 com.android.launcher/com.android.launcher.Launcher}
11-30 20:39:18.477  1947  2823 D DisplayContentExtImpl: target is same with the last, remove the ime snapshot immediately.
11-30 20:39:18.477  1947  2823 V WindowManager: Changing focus from Window{899f638 u0 com.android.launcher/com.android.launcher.Launcher} to null,diplayid=0
11-30 20:39:18.478  1947  2823 D WindowManager: NFW_setClientVisible:ActivityRecord{60860fe u0 com.android.launcher/.Launcher t5} clientVisible:false
11-30 20:39:18.480  1947  2823 D WindowManager: handleTaskClose no need to snapshot task=Task{fdaf3e5 #5 type=home I=com.android.launcher/.Launcher}
11-30 20:39:18.484  1947  2823 I TaskOrganizerController: onTaskInfoChanged taskid 1 config { mBounds=Rect(0, 0 - 1080, 2400) mAppBounds=Rect(0, 110 - 1080, 2400) mMaxBounds=Rect(0, 0 - 1080, 2400) mDisplayRotation=ROTATION_0 mWindowingMode=fullscreen mDisplayWindowingMode=fullscreen mActivityType=home mAlwaysOnTop=undefined mRotation=ROTATION_0}
11-30 20:39:18.485  1947  2823 D FlexibleWindowManager: onFlexibleWindowTaskInfoChanged: mTaskId = 1 oldIsTaskEmbedded = false   curIsTaskEmbedded = false  topActivity = ComponentInfo{com.android.launcher/com.android.launcher.Launcher}
11-30 20:39:18.485  1947  2823 D FlexibleWindowManager: onFlexibleWindowTaskInfoChanged, return for cur task not embedded
11-30 20:39:18.487  1947  2777 D OplusTransitionController: finishTransition, transition: TransitionRecord{3a14188 id=4996 track=0 type=SLEEP flags=0x0}
11-30 20:39:18.488  1947  2777 D RefreshRate: ***** request traversal for refresh rate change, reason is highTempRefreshRateChanged: false, windowRefreshRateChanged: true, flexibleWindowStateChanged: false, has float/zoom window *****
11-30 20:39:18.488  1947  2777 D TransitionController: NFW_send RECOMPUTE_FOCUS in finishTransition
11-30 20:39:18.489  2503  2868 D ShellTaskOrganizer: onTransitionFinish, isRecent:false
11-30 20:39:18.489  2503  2868 V WindowManagerShell: Track 0 became idle
11-30 20:39:18.489  2503  2868 V WindowManagerShell: All active transition animations finished
11-30 20:39:18.489  1947  1999 D WindowManager: NFW_setClientVisible:WallpaperWindowToken{a45aa2a token=android.os.Binder@1825715} clientVisible:false
11-30 20:39:18.491  1947  2777 I BLASTSyncEngine: onCommitted syncId: 4996, timeout: falseran: false
11-30 20:39:18.493  1947  1995 V WindowManager: Finish Transition #4996: created at 11-30 20:39:18.457 collect-started=0.053ms request-sent=2.218ms started=3.475ms ready=3.47ms sent=5.656ms finished=28.812ms
11-30 20:39:18.501  1947  1998 D WindowManager: NFW_findFocusedWindowIfNeeded:null mCurrentFocus:null
11-30 20:39:18.503  1947  2036 D ColorAutomaticBrightnessController: setLightSensorEnabled: enable=false, mLightSensorEnabled=true
11-30 20:39:18.503  1947  2036 I ColorAutomaticBrightnessController: updateAutoBrightness: Auto, sendUpdate = false adjustment=6396.078613,changed:2237->2237,modified:2237->2237->2237,changed=false,cameraMode=0,ProximityNear=false
11-30 20:39:18.503  1947  2036 D DpcExtImpl[0]: handleMessage:6791
11-30 20:39:18.504  1947  2036 D DisplayPowerState[0]: updateRunnable run fadeLevle=0.0 state=OFF brightness changed:17.0->-1.0
11-30 20:39:18.504  1947  2320 D DisplayPowerState[0]: Updating screen state: id=0, state=OFF, backlight=-1.0, sdrBacklight=-1.0
11-30 20:39:18.504  1947  2320 D OplusSmartBrightnessController: requestDisplayState isFirstDisplay=true state=1 globalDisplayState=0x0
11-30 20:39:18.504  1947  2320 D DisplayDeviceExt: setDisplayState([4627039422300187648,true],ON->OFF),t-Name=PhotonicModulator
11-30 20:39:18.509  1947  1998 I DisplayDeviceRepository: Display device changed state: "Built-in Screen", OFF
11-30 20:39:18.509  1947  1998 D LogicalDisplayExt: set displayInfo flag FLAG_ROTATES_WITH_CONTENT
11-30 20:39:18.512  1947  1998 D DisplayManagerServiceExtImpl: scheduleTraversalLocked intraversal=false
11-30 20:39:18.512  1947  1998 I DisplayManagerServiceExtImpl: handle logical display changed logicalDisplay=id=0,stack=0,content=true,displayInfo{stack=0,type=1,id=0,uId=local:4627039422300187648,state=OFF,pkg=null}
11-30 20:39:18.514  1947  1998 D DisplayManagerService: Delivering display event: displayId=0, event=2
11-30 20:39:18.514  1947  1947 I WallpaperManagerServiceExt: removeDisplayData. displayId = 0
11-30 20:39:18.517  1947  1998 D DisplayManagerService: MSG_REQUEST_TRAVERSAL pendingCompleted=false
11-30 20:39:18.517  1947  1996 D OplusVFXScreenEffectFeature: notifySFCompatWindowStateChange entered false
11-30 20:39:18.518  1947  1996 D FlexibleWindowManager: physicalDisplayChangedForFlexibleWindow displayId 0, current display info 1080 x 2400, new display info 1080 x 2400
11-30 20:39:18.518  1947  1996 D FlexibleWindowManager: physicalDisplayChangedForFlexibleWindow return for unsupported devices
11-30 20:39:18.518  2386  2386 D CastManagerService: onDisplayChanged.
11-30 20:39:18.519  1947  1999 D DisplayManagerService: performTraversalInternal pendingTraversal
11-30 20:39:18.519  1947  1999 D DisplayDevice: setLayerStackLocked id=local:4627039422300187648 token=android.os.BinderProxy@8a9ed20 stack=0->-1
11-30 20:39:18.519  1947  1999 I DisplayDevice: [0] Layerstack set to -1 for local:4627039422300187648
11-30 20:39:18.526  1947  4490 D OplusStartingWindowManager: updateRecordSurfaceViewState windowToken=android.os.BinderProxy@4b3329b, hasSurfaceView=false, win=Window{899f638 u0 com.android.launcher/com.android.launcher.Launcher}
11-30 20:39:18.529  1947  2095 D WindowManagerServiceExtImpl: extractConfigInfoAndRealFlags rotation=0, screenDp=360, win=Window{899f638 u0 com.android.launcher/com.android.launcher.Launcher}
11-30 20:39:18.530  1947  2095 V WindowManager: Relayout Window{899f638 u0 com.android.launcher/com.android.launcher.Launcher}: viewVisibility=8, oldvis=0, req=1080x2400, vsysui=LAYOUT_STABLE LAYOUT_HIDE_NAVIGATION LAYOUT_FULLSCREEN
11-30 20:39:18.534  1947  2095 D WindowManager: NFW_findFocusedWindowIfNeeded:null mCurrentFocus:null
11-30 20:39:18.536  3031  3031 D VRI[Launcher]: relayoutWindow result, sizeChanged:false, surfaceControlChanged:true, transformHintChanged:false, mSurfaceSize:Point(1080, 2400), mLastSurfaceSize:Point(1080, 2400), mWidth:1080, mHeight:2400, requestedWidth:1080, requestedHeight:2400, transformHint:0, lastTransformHint:0, installOrientation:0, displayRotation:0, isSurfaceValid:false, attr.flag:-2121203456, useBlast:true, tmpFrames:ClientWindowFrames{frame=[0,0][1080,2400] display=[0,0][1080,2400] parentFrame=[0,0][0,0]}, relayoutAsync:false, mSyncSeqId:0
11-30 20:39:18.557  1947  4502 I WindowManager: Window{899f638 u0 com.android.launcher/com.android.launcher.Launcher} state from HAS_DRAWN to NO_SURFACE; reason: destroySurface
11-30 20:39:18.558  1947  4502 D ActivityTaskManager: Clearing startingData for activity=ActivityRecord{60860fe u0 com.android.launcher/.Launcher t5} mStartingData=null mStartingSurface=null
11-30 20:39:18.723  1947  2320 D HidlDisplayPanelFeature: getDisplayPanelFeatureValue +++, featureID:20
11-30 20:39:18.723  1947  1998 I DisplayDeviceRepository: Display device changed state: "Built-in Screen", OFF
11-30 20:39:18.724  1947  1998 D LogicalDisplayExt: set displayInfo flag FLAG_ROTATES_WITH_CONTENT
11-30 20:39:18.725  1947  2320 D HidlDisplayPanelFeature: getDisplayPanelFeatureValue, ret = 0
11-30 20:39:18.725  1947  2320 I HidlDisplayPanelFeature: [0]
11-30 20:39:18.725  1947  1998 D DisplayManagerServiceExtImpl: scheduleTraversalLocked intraversal=false
11-30 20:39:18.725  1947  2320 D HidlDisplayPanelFeature: getDisplayPanelFeatureValue ---, result = [0]
11-30 20:39:18.725  1947  2320 D OplusSilentRebootManager: silence flags file value is :0
11-30 20:39:18.725  1947  1998 I DisplayManagerServiceExtImpl: handle logical display changed logicalDisplay=id=0,stack=0,content=true,displayInfo{stack=0,type=1,id=0,uId=local:4627039422300187648,state=OFF,pkg=null}
11-30 20:39:18.726  1947  1998 D DisplayManagerService: Delivering display event: displayId=0, event=2
11-30 20:39:18.726  1947  2036 D DisplayPowerState[0]: updateRunnable run fadeLevle=0.0 state=OFF brightness changed:17.0->-1.0
11-30 20:39:18.726  1947  1947 I WallpaperManagerServiceExt: removeDisplayData. displayId = 0
11-30 20:39:18.727  1947  2036 D PowerManagerServiceExtImpl: aodEnable: false
11-30 20:39:18.727  1947  2036 I PowerGroup: Sleeping power group (groupId=0, uid=1000, reason=timeout)...
11-30 20:39:18.727  1947  2036 I PowerManagerService: Sleeping (uid 1000)...
11-30 20:39:18.728  2386  2386 D CastManagerService: onDisplayChanged.
11-30 20:39:18.729  1947  1998 D DisplayManagerService: Ignore redundant display event 0/2 to 10342/3927
11-30 20:39:18.730  1947  1996 D OplusVFXScreenEffectFeature: notifySFCompatWindowStateChange entered false
11-30 20:39:18.730  1947  2036 D OplusPowerManagerHelper: [onGoToSleep]
11-30 20:39:18.731  1947  1996 D FlexibleWindowManager: physicalDisplayChangedForFlexibleWindow displayId 0, current display info 1080 x 2400, new display info 1080 x 2400
11-30 20:39:18.731  1947  1996 D FlexibleWindowManager: physicalDisplayChangedForFlexibleWindow return for unsupported devices
11-30 20:39:18.731  1947  2036 E OplusCustomizeRestrictionManagerService: isBiometricDisabled start
11-30 20:39:18.731  1947  1998 D DisplayManagerService: Ignore redundant display event 0/2 to 10148/21894
11-30 20:39:18.731  1947  2036 D OplusFeatureAOD: notifySfUnBlockScreenOn
11-30 20:39:18.731  1947  1998 D DisplayManagerService: Ignore redundant display event 0/2 to 10318/22353
11-30 20:39:18.732  1947  1998 D DisplayManagerService: Ignore redundant display event 0/2 to 10350/29404
11-30 20:39:18.732  1947  1998 D DisplayManagerService: Ignore redundant display event 0/2 to 10274/30311
11-30 20:39:18.732  1947  1998 D DisplayManagerService: Ignore redundant display event 0/2 to 10153/30908
11-30 20:39:18.733  1947  1998 D DisplayManagerService: Ignore redundant display event 0/2 to 10419/31762
11-30 20:39:18.733  1947  1999 D DisplayManagerService: performTraversalInternal pendingTraversal
11-30 20:39:18.733  1947  1999 D DisplayDevice: setLayerStackLocked id=local:4627039422300187648 token=android.os.BinderProxy@8a9ed20 stack=-1->-1
11-30 20:39:18.736  1947  1998 D DisplayManagerService: MSG_REQUEST_TRAVERSAL pendingCompleted=false
11-30 20:39:18.746  1947  2037 D NotifierExtImpl: notifyScreenOnOff: on = false
11-30 20:39:18.746  1947  2037 D OplusPowerManagerServiceEnhance: notifyScreenOnOff on=false
11-30 20:39:18.754  1947  2777 D OplusGuardElfFeature: ICharger service = vendor.oplus.hardware.charger.ICharger$Stub$Proxy@bb19a93
11-30 20:39:18.756  1947  2777 D OplusGuardElfFeature: ICharger set value = 0
11-30 20:39:18.756  1947  2777 D OplusGuardElfFeature: calling class name = ThermalControlUtils
11-30 20:39:18.757  2450  3070 D OplusBatteryManager: set charge value = 0
11-30 20:39:18.764  3094  4950 D NAS-CallIssueController[1]: ActionsExecuteStateMachine recv msg:5
11-30 20:39:18.765  3094  4940 D NAS-CallIssueController[0]: ActionsExecuteStateMachine recv msg:5
11-30 20:39:18.782  1947  1947 D MBrainLocalService: isVendorFreezeConditionPass is false
11-30 20:39:18.782  1947  1947 E ScreenIntentReceiver: notifyChange failed
11-30 20:39:18.787  1947  2008 I PowerManagerService: onFlip(): Face up.
11-30 20:39:18.787  1947  2008 D PowerManagerService: onFlip: isFaceDown=false
11-30 20:39:18.788  1947  2008 D PowerManagerService: userActivityNoUpdateLocked: groupId=0, eventTime=231968273, event=other, flags=0x0, uid=1000
11-30 20:39:18.794  1947  4502 I OplusAppSwitchManagerService: appswitch registerAppSwitchObserver pName = com@@android@@systemui observer = com.oplus.app.IOplusAppSwitchObserver$Stub$Proxy@28fc90b config = OplusAppSwitchConfig = {  mConfigs = {} observerFingerPrint = 82946290}
11-30 20:39:18.795  1947  4502 I OplusAppSwitchStateDispatcher: registerAppSwitchObserver addDynamicListener OK, info = OplusAppSwitchRuleInfo = {  observer = com.oplus.app.IOplusAppSwitchObserver$Stub$Proxy@28fc90b observerFingerPrint = 82946290} rule size =3
11-30 20:39:18.800  1947  2788 W AlarmManager: Alarms must either supply a PendingIntent or an AlarmReceiver
11-30 20:39:18.805  1947  2037 D OplusAlarmAdjustment: MSG_SCREEN_OFF, mAlignInterval=300000 ms, mScreenOffElapsed=577194429 ms
11-30 20:39:18.810  2503  4751 E ActivityThread: Failed to find provider info for com.oplus.pantanal.ums.IntentProvider
11-30 20:39:18.820  2503  4854 E ActivityThread: Failed to find provider info for com.oplus.pantanal.ums.IntentProvider
11-30 20:39:18.833  1947  2250 D OplusFeatureColorMode: +updateUserDreaming
11-30 20:39:18.842  2503  4854 E ActivityThread: Failed to find provider info for com.oplus.pantanal.ums.IntentProvider
11-30 20:39:18.843  1947  4501 I OplusAppSwitchManagerService: appswitch unregisterAppSwitchObserver pkgName = com.heytap.accessory config = OplusAppSwitchConfig = {  mConfigs = {} observerFingerPrint = 174103233}
11-30 20:39:18.843  1947  4501 I OplusAppSwitchStateDispatcher: unregisterAppSwitchObserver ok, pkgName = com.heytap.accessory info = OplusAppSwitchRuleInfo = {  observer = null observerFingerPrint = 174103233}
11-30 20:39:18.848  1947  2823 I OplusAppSwitchManagerService: appswitch unregisterAppSwitchObserver pkgName = com.android.systemui config = OplusAppSwitchConfig = {  mConfigs = {} observerFingerPrint = 82946290}
11-30 20:39:18.849  1947  2823 I OplusAppSwitchStateDispatcher: unregisterAppSwitchObserver ok, pkgName = com.android.systemui info = OplusAppSwitchRuleInfo = {  observer = null observerFingerPrint = 82946290}
11-30 20:39:18.909  1947  2823 W AppOps  : Noting op not finished: uid 10108 pkg com.google.android.gms code 113 startTime of in progress event=1764531361565
11-30 20:39:18.916  1947  1996 D MBrainLocalService: isVendorFreezeConditionPass is false
11-30 20:39:18.917  1947  1996 E MBrainLocalService: notifyAppSwitch failed
11-30 20:39:18.923  1947  4502 W AppOps  : Noting op not finished: uid 10108 pkg com.google.android.gms code 113 startTime of in progress event=1764531361565
11-30 20:39:18.938  1947  2313 D OplusBatteryManager: getPsyBatteryRm: 1542
11-30 20:39:18.946  1947  2351 W AppOps  : Noting op not finished: uid 10108 pkg com.google.android.gms code 79 startTime of in progress event=1764531361565
11-30 20:39:18.955  1947  2789 W AppOps  : Noting op not finished: uid 10108 pkg com.google.android.gms code 113 startTime of in progress event=1764531361565
11-30 20:39:18.974  1947  2313 D OplusBatteryManager: getPsyBatteryRm: 1542
11-30 20:39:18.985  1947  2182 W OplusStorageManagerFeature: mScreenReceiver action:android.intent.action.SCREEN_OFF
11-30 20:39:18.988  1947  2182 W OplusStorageManagerFeature: turn screenOff, maintPrepared:false
11-30 20:39:18.989  1947  2182 W OplusStorageManagerFeature: sendToTarget over,paramStr:5
11-30 20:39:18.991   600  1579 D vold    : ufshid started
11-30 20:39:18.991  1947  2182 W OplusStorageManagerFeature: Ready to deal actionParam:5
11-30 20:39:18.995   600  1579 I vold    : [libfs_mgr] mgs test solvit start
11-30 20:39:18.996   600  1579 I vold    : [libfs_mgr] stream not support 
11-30 20:39:18.998   600  1579 D vold    : ufshid end
11-30 20:39:23.142  1947  2148 V AlarmManager: sending alarm Alarm{41a65bf type 2 origWhen 577198761 whenElapsed 577198765 com.android.systemui} uid 10198 whenElapsed 577198765 windowLength 0 maxWhenElapsed 577198765 repeatInterval 0 action com.android.internal.policy.impl.PhoneWindowManager.DELAYED_KEYGUARD component null flags 0x9 procName com.android.systemui
11-30 20:39:23.155  1947  1998 D WindowManager: NFW_findFocusedWindowIfNeeded:null mCurrentFocus:null
11-30 20:39:23.157  1947  4501 D DeviceStateProviderImpl: keyguard show or sleep: true mLastReportedState 0
11-30 20:39:23.158  1947  2254 E OplusCustomizeRestrictionManagerService: isBiometricDisabled start
11-30 20:39:23.159  1947  2254 D BiometricService: Sensor ID(4), oemStrength: 255, updatedStrength: 255, modality 8, state: 0, cookie: 0, sensorId 4, hasEnrollments: false cannot participate in Keystore operations
11-30 20:39:23.162  1947  1998 D OplusInterceptLockScreenWindow: starting IOplusLockScreenCallbacks service...
11-30 20:39:23.163  1947  1998 V UsbDeviceManager: onKeyguardStateChanged: isShowing:true secure:true user:0
11-30 20:39:23.163   660 15272 I keystore2: system/security/keystore2/src/authorization.rs:143 - on_lock_screen_event(r#LOCK, user_id=0, password.is_some()=false, unlocking_sids=Some([-3945583167794559804]))
11-30 20:39:23.164   600   867 D vold    : Cannot find key for 0
11-30 20:39:23.164   600   867 D vold    : Cannot find key for 0
11-30 20:39:23.164   600   867 I vold    : evict_sensitive_key: 1,sensitiveType=0
11-30 20:39:23.164   600   867 I vold    : evict_sensitive_key: 1
11-30 20:39:23.164   660 15272 I keystore2: system/security/keystore2/src/super_key.rs:930 - Locking screen bound for user 0 sids [-3945583167794559804]
11-30 20:39:23.165   600   867 D vold    : Cannot find key for 0
11-30 20:39:23.165   600   867 D vold    : Cannot find key for 0
11-30 20:39:23.165   600   867 I vold    : evict_sensitive_key: 1,sensitiveType=1
11-30 20:39:23.165   600   867 I vold    : evict_sensitive_key: 1
11-30 20:39:23.166  1947  1998 E OplusStorageManagerFeature: clear Ae Be key
11-30 20:39:23.177  2503  2503 V KeyguardStatusViewController: refresh statusview visible:true
11-30 20:39:23.191  1947  1998 D OplusAccessControlManagerService: onKeyguardStateChanged : true
11-30 20:39:23.229  1947  2823 I StatusBarManagerService: disableLocked, what:1000000, pkg:com.android.systemui userId: 0 token:android.os.BinderProxy@8ad4541 net1:1000000 net2:0
11-30 20:39:23.230  1947  2351 D PowerManagerService: userActivityNoUpdateLocked: groupId=0, eventTime=231972715, event=other, flags=0x0, uid=10198
11-30 20:39:23.235  1947  2351 E OplusCustomizeRestrictionManagerService: isBiometricDisabled start
11-30 20:39:23.236  1947  2351 D LockSettingsService: [scheduleNonStrongBiometricIdleTimeout]  userId = 0
11-30 20:39:23.241   660  1584 I keystore2: system/security/keystore2/src/database.rs:1178 - First database operation finished
11-30 20:39:23.261  1947  2789 D WindowManagerServiceExtImpl: extractConfigInfoAndRealFlags rotation=0, screenDp=720, win=Window{8d4ae3d u0 NotificationShade}
11-30 20:39:23.262  1947  2789 V WindowManager: Relayout Window{8d4ae3d u0 NotificationShade}: viewVisibility=0, oldvis=4, req=1080x2400, vsysui=, x=0, y=0
11-30 20:39:23.262  1947  2789 I WindowManager: Window{8d4ae3d u0 NotificationShade} state from NO_SURFACE to DRAW_PENDING; reason: resetDrawState
11-30 20:39:23.268   660  1584 E keystore2: system/security/keystore2/src/gc.rs:151 - Error trying to delete blob entry. system/security/keystore2/src/gc.rs:130: Trying to invalidate key.
11-30 20:39:23.268   660  1584 E keystore2: 
11-30 20:39:23.268   660  1584 E keystore2: Caused by:
11-30 20:39:23.268   660  1584 E keystore2:     0: system/security/keystore2/src/globals.rs:171: Trying to invalidate key blob.
11-30 20:39:23.268   660  1584 E keystore2:     1: Error::Km(r#UNIMPLEMENTED)
11-30 20:39:23.268   660  1584 I keystore2: system/security/keystore2/src/database.rs:1178 - First database operation finished
11-30 20:39:23.271  1947  2789 D WindowManager: NFW_findFocusedWindowIfNeeded:Window{8d4ae3d u0 NotificationShade} mCurrentFocus:null
11-30 20:39:23.271  1947  2789 V WindowManager: Changing focus from null to Window{8d4ae3d u0 NotificationShade},diplayid=0
11-30 20:39:23.278  1947  2789 D WindowManager: BarWindow--setVisible: id=2, oldState=0, state=2 call: com.android.server.wm.InsetsPolicy$BarWindow.updateVisibility:835 com.android.server.wm.InsetsPolicy$BarWindow.-$$Nest$mupdateVisibility:0 com.android.server.wm.InsetsPolicy.updateBarControlTarget:179 com.android.server.wm.DisplayPolicy.updateSystemBarsLw:3055 com.android.server.wm.DisplayPolicy.updateSystemBarAttributes:2914 com.android.server.wm.DisplayPolicy.focusChangedLw:2698 com.android.server.wm.DisplayContent.updateFocusedWindowLocked:4613 com.android.server.wm.RootWindowContainer.updateFocusedWindowLocked:535 
11-30 20:39:23.282  2503  2503 W VRI[NotificationShade]: updateBlastSurfaceIfNeeded, surfaceSize:Point(1080, 2400), lastSurfaceSize:Point(1080, 2400), format:-3, blastBufferQueue:null
11-30 20:39:23.303   660  1584 I keystore2: system/security/keystore2/src/database.rs:1231 - No superseded key blob
11-30 20:39:23.372  1947  2351 I WindowManager: Window{8d4ae3d u0 NotificationShade} state from DRAW_PENDING to COMMIT_DRAW_PENDING; reason: finishDrawingLocked
11-30 20:39:23.374  1947  1999 I WindowManager: Window{8d4ae3d u0 NotificationShade} state from COMMIT_DRAW_PENDING to READY_TO_SHOW; reason: commitFinishDrawingLocked
11-30 20:39:23.374  1947  1999 I WindowManager: Window{8d4ae3d u0 NotificationShade} state from READY_TO_SHOW to HAS_DRAWN; reason: performShowLocked
11-30 20:39:23.414  1947  2351 D SystemServerTiming: getUserSwitchability-0
11-30 20:39:23.414  1947  2351 D SystemServerTiming: TM.isInCall
11-30 20:39:23.415  1947  2351 D SystemServerTiming: hasUserRestriction-DISALLOW_USER_SWITCH
11-30 20:39:23.415  1947  2351 D SystemServerTiming: getInt-ALLOW_USER_SWITCHING_WHEN_SYSTEM_USER_LOCKED
11-30 20:39:23.415  1947  2351 D SystemServerTiming: isUserUnlocked-USER_SYSTEM
11-30 20:39:23.450  2503  2503 W VRI[NotificationShade]: updateBlastSurfaceIfNeeded, surfaceSize:Point(1080, 2400), lastSurfaceSize:Point(1080, 2400), format:-3, blastBufferQueue:android.graphics.BLASTBufferQueue@5463578
11-30 20:39:23.450  1947  2351 D WindowManagerServiceExtImpl: extractConfigInfoAndRealFlags rotation=0, screenDp=720, win=Window{8d4ae3d u0 NotificationShade}
11-30 20:39:23.451  1947  2351 V WindowManager: Relayout Window{8d4ae3d u0 NotificationShade}: viewVisibility=0, oldvis=0, req=1080x2400, vsysui=, x=0, y=0
11-30 20:39:23.479  1947  2351 V WindowManager: Relayout Window{a51b2ae u0 NavigationBar_displayId_0}: viewVisibility=0, oldvis=0, req=1080x132, vsysui=, x=0, y=0
11-30 20:39:23.482  1947  2351 D WindowManager: NFW_findFocusedWindowIfNeeded:Window{8d4ae3d u0 NotificationShade} mCurrentFocus:Window{8d4ae3d u0 NotificationShade}
11-30 20:39:23.488  2503  2503 W VRI[StatusBar]: handleResized abandoned!
11-30 20:39:23.488  2503  2503 W VRI[NotificationShade]: handleResized, msg:5, frameChanged:false, configChanged:false, displayChanged:false, attachedFrameChanged:false, compatScaleChanged:false, pendingDragResizing=false
11-30 20:39:23.669  1947  2014 W ActivityManager: Stopping service due to app idle: u0a422 -1m36s587ms com.facebook.orca/com.facebook.mqtt.service.MqttServiceV2
11-30 20:39:25.097  1947  1996 D MBrainLocalService: isVendorFreezeConditionPass is false
11-30 20:39:25.097  1947  1996 E MBrainLocalService: notifyAppSwitch failed
11-30 20:39:25.977  1947  2351 W ProcessStats: Tracking association SourceState{489150f com.android.vending/10110 Fgs #1151983} whose proc state 3 is better than process ProcessState{556a3b0 com.google.android.gms/10108 pkg=com.google.android.gms} proc state 14 (48 skipped)
11-30 20:39:32.725  1947  4502 D CompatibilityChangeReporter: Compat change id reported: 161145287; UID 10126; state: ENABLED
11-30 20:39:33.768   660  1583 I keystore2: system/security/keystore2/src/watchdog.rs:319 - Watchdog thread idle -> terminating. Have a great day.
11-30 20:39:42.937  2386  2641 D PowerMonitorNotifier: handleMessage: 22/0
11-30 20:39:53.806  1947  4502 W ProcessStats: Tracking association SourceState{489150f com.android.vending/10110 Fgs #1151991} whose proc state 3 is better than process ProcessState{556a3b0 com.google.android.gms/10108 pkg=com.google.android.gms} proc state 14 (9 skipped)
11-30 20:39:56.108  1947  2265 D Biometrics/FingerprintProvider/FingerprintServiceProviderExtImpl: dispatchTouchDown
11-30 20:39:56.109  1947  2265 D Biometrics/FingerprintProvider/FingerprintServiceProviderExtImpl: [handleOnPointerDown] dispatch to Auth
11-30 20:39:56.109  1947  2264 D OplusPowerManagerHelper: wakeUpAndBlockScreenOn reason= android.service.fingerprint:WAKEUP
11-30 20:39:56.110  1947  2264 E Orms_ManagerInner: cannot connect to orms core service!
11-30 20:39:56.112  1947  2264 E DpcExtImpl[0]: execuce mBlockReasonList.add reason: android.service.fingerprint:WAKEUP
11-30 20:39:56.112  1947  2264 I DisplayManagerService: blockScreenOnByBiometrics displayId = 0
11-30 20:39:56.112  1947  2264 D OplusPowerManagerHelper: [onWakeUp]
11-30 20:39:56.113  1947  2264 E OplusCustomizeRestrictionManagerService: isBiometricDisabled start
11-30 20:39:56.113  1947  2264 D OplusPowerManagerHelper: [requestKeyguard]
11-30 20:39:56.113  1947  2264 I PowerGroup: Waking up power group from Asleep (groupId=0, uid=1000, reason=android.service.fingerprint:WAKEUP, details=android.service.fingerprint:WAKEUP)...
11-30 20:39:56.114  1947  2264 D PowerManagerService: userActivityNoUpdateLocked: groupId=0, eventTime=232005595, event=other, flags=0x0, uid=1000
11-30 20:39:56.114  1947  2264 I PowerManagerService: Waking up from Asleep (uid=1000, reason=android.service.fingerprint:WAKEUP, details=android.service.fingerprint:WAKEUP)...
11-30 20:39:56.118  1947  2037 E ActivityManager: Cancel pending or running compactions as system is awake
11-30 20:39:56.118  1947  2264 D OplusScreenOffTorchHelper: onWakeUp
11-30 20:39:56.120  1947  2038 I OplusSmartBrightnessController: handleMessage MSG_UPDATE_BRIGHTNESS_NO_ANIMATION changed:true
